  **** HLS Build v2025.1 6135595
INFO: [HLS 200-2005] Using work_dir /home/lenovo/Simulation_Linux/HLS/Comb_Lock_Vitis/Comb_Lock_Vitis 
INFO: [HLS 200-2176] Writing Vitis IDE component file /home/lenovo/Simulation_Linux/HLS/Comb_Lock_Vitis/Comb_Lock_Vitis/vitis-comp.json
INFO: [HLS 200-10] Creating and opening component '/home/lenovo/Simulation_Linux/HLS/Comb_Lock_Vitis/Comb_Lock_Vitis'.
INFO: [HLS 200-1505] Using default flow_target 'vivado'
Resolution: For help on HLS 200-1505 see docs.xilinx.com/access/sources/dita/topic?Doc_Version=2025.1%20English&url=ug1448-hls-guidance&resourceid=200-1505.html
INFO: [HLS 200-2174] Applying component config ini file /home/lenovo/Simulation_Linux/HLS/Comb_Lock_Vitis/hls_config.cfg
INFO: [HLS 200-1465] Applying config ini 'syn.file=./top_comb_lock.cpp' from /home/lenovo/Simulation_Linux/HLS/Comb_Lock_Vitis/hls_config.cfg(7)
INFO: [HLS 200-10] Adding design file '/home/lenovo/Simulation_Linux/HLS/Comb_Lock_Vitis/top_comb_lock.cpp' to the project
INFO: [HLS 200-1465] Applying config ini 'syn.file=./comb_lock.hpp' from /home/lenovo/Simulation_Linux/HLS/Comb_Lock_Vitis/hls_config.cfg(8)
INFO: [HLS 200-10] Adding design file '/home/lenovo/Simulation_Linux/HLS/Comb_Lock_Vitis/comb_lock.hpp' to the project
INFO: [HLS 200-1465] Applying config ini 'tb.file=./comb_lock-tb.hpp' from /home/lenovo/Simulation_Linux/HLS/Comb_Lock_Vitis/hls_config.cfg(9)
INFO: [HLS 200-10] Adding test bench file '/home/lenovo/Simulation_Linux/HLS/Comb_Lock_Vitis/comb_lock-tb.hpp' to the project
INFO: [HLS 200-1465] Applying config ini 'tb.file=./comb_lock-tb.cpp' from /home/lenovo/Simulation_Linux/HLS/Comb_Lock_Vitis/hls_config.cfg(10)
INFO: [HLS 200-10] Adding test bench file '/home/lenovo/Simulation_Linux/HLS/Comb_Lock_Vitis/comb_lock-tb.cpp' to the project
INFO: [HLS 200-1465] Applying config ini 'syn.top=combination_lock' from /home/lenovo/Simulation_Linux/HLS/Comb_Lock_Vitis/hls_config.cfg(11)
INFO: [HLS 200-1465] Applying config ini 'flow_target=vivado' from /home/lenovo/Simulation_Linux/HLS/Comb_Lock_Vitis/hls_config.cfg(4)
INFO: [HLS 200-1505] Using flow_target 'vivado'
Resolution: For help on HLS 200-1505 see docs.xilinx.com/access/sources/dita/topic?Doc_Version=2025.1%20English&url=ug1448-hls-guidance&resourceid=200-1505.html
INFO: [HLS 200-1465] Applying config ini 'part=xc7a35tcpg236-1' from /home/lenovo/Simulation_Linux/HLS/Comb_Lock_Vitis/hls_config.cfg(1)
INFO: [HLS 200-1611] Setting target device to 'xc7a35t-cpg236-1'
INFO: [HLS 200-1465] Applying config ini 'package.output.format=ip_catalog' from /home/lenovo/Simulation_Linux/HLS/Comb_Lock_Vitis/hls_config.cfg(5)
INFO: [HLS 200-2176] Writing Vitis IDE component file /home/lenovo/Simulation_Linux/HLS/Comb_Lock_Vitis/Comb_Lock_Vitis/vitis-comp.json
INFO: [HLS 200-111] Finished File checks and directory preparation: CPU user time: 1.7 seconds. CPU system time: 0.43 seconds. Elapsed time: 2.4 seconds; current allocated memory: 234.965 MB.
INFO: [HLS 200-10] Analyzing design file 'top_comb_lock.cpp' ... 
INFO: [HLS 200-111] Finished Source Code Analysis and Preprocessing: CPU user time: 2.23 seconds. CPU system time: 0.54 seconds. Elapsed time: 2.9 seconds; current allocated memory: 236.930 MB.
INFO: [HLS 200-777] Using interface defaults for 'Vivado' flow target.
INFO: [HLS 200-1995] There were 237 instructions in the design after the 'Compile/Link' phase of compilation. See the Design Size Report for more details (/home/lenovo/Simulation_Linux/HLS/Comb_Lock_Vitis/Comb_Lock_Vitis/hls/syn/report/csynth_design_size.rpt:2)
INFO: [HLS 200-1995] There were 75 instructions in the design after the 'Unroll/Inline (step 1)' phase of compilation. See the Design Size Report for more details (/home/lenovo/Simulation_Linux/HLS/Comb_Lock_Vitis/Comb_Lock_Vitis/hls/syn/report/csynth_design_size.rpt:2)
INFO: [HLS 200-1995] There were 45 instructions in the design after the 'Unroll/Inline (step 2)' phase of compilation. See the Design Size Report for more details (/home/lenovo/Simulation_Linux/HLS/Comb_Lock_Vitis/Comb_Lock_Vitis/hls/syn/report/csynth_design_size.rpt:2)
INFO: [HLS 200-1995] There were 44 instructions in the design after the 'Unroll/Inline (step 3)' phase of compilation. See the Design Size Report for more details (/home/lenovo/Simulation_Linux/HLS/Comb_Lock_Vitis/Comb_Lock_Vitis/hls/syn/report/csynth_design_size.rpt:2)
INFO: [HLS 200-1995] There were 44 instructions in the design after the 'Unroll/Inline (step 4)' phase of compilation. See the Design Size Report for more details (/home/lenovo/Simulation_Linux/HLS/Comb_Lock_Vitis/Comb_Lock_Vitis/hls/syn/report/csynth_design_size.rpt:2)
INFO: [HLS 200-1995] There were 44 instructions in the design after the 'Array/Struct (step 1)' phase of compilation. See the Design Size Report for more details (/home/lenovo/Simulation_Linux/HLS/Comb_Lock_Vitis/Comb_Lock_Vitis/hls/syn/report/csynth_design_size.rpt:2)
INFO: [HLS 200-1995] There were 44 instructions in the design after the 'Array/Struct (step 2)' phase of compilation. See the Design Size Report for more details (/home/lenovo/Simulation_Linux/HLS/Comb_Lock_Vitis/Comb_Lock_Vitis/hls/syn/report/csynth_design_size.rpt:2)
INFO: [HLS 200-1995] There were 44 instructions in the design after the 'Array/Struct (step 3)' phase of compilation. See the Design Size Report for more details (/home/lenovo/Simulation_Linux/HLS/Comb_Lock_Vitis/Comb_Lock_Vitis/hls/syn/report/csynth_design_size.rpt:2)
INFO: [HLS 200-1995] There were 44 instructions in the design after the 'Array/Struct (step 4)' phase of compilation. See the Design Size Report for more details (/home/lenovo/Simulation_Linux/HLS/Comb_Lock_Vitis/Comb_Lock_Vitis/hls/syn/report/csynth_design_size.rpt:2)
INFO: [HLS 200-1995] There were 44 instructions in the design after the 'Array/Struct (step 5)' phase of compilation. See the Design Size Report for more details (/home/lenovo/Simulation_Linux/HLS/Comb_Lock_Vitis/Comb_Lock_Vitis/hls/syn/report/csynth_design_size.rpt:2)
INFO: [HLS 200-1995] There were 44 instructions in the design after the 'Performance (step 1)' phase of compilation. See the Design Size Report for more details (/home/lenovo/Simulation_Linux/HLS/Comb_Lock_Vitis/Comb_Lock_Vitis/hls/syn/report/csynth_design_size.rpt:2)
INFO: [HLS 200-1995] There were 44 instructions in the design after the 'Performance (step 2)' phase of compilation. See the Design Size Report for more details (/home/lenovo/Simulation_Linux/HLS/Comb_Lock_Vitis/Comb_Lock_Vitis/hls/syn/report/csynth_design_size.rpt:2)
INFO: [HLS 200-1995] There were 44 instructions in the design after the 'Performance (step 3)' phase of compilation. See the Design Size Report for more details (/home/lenovo/Simulation_Linux/HLS/Comb_Lock_Vitis/Comb_Lock_Vitis/hls/syn/report/csynth_design_size.rpt:2)
INFO: [HLS 200-1995] There were 44 instructions in the design after the 'Performance (step 4)' phase of compilation. See the Design Size Report for more details (/home/lenovo/Simulation_Linux/HLS/Comb_Lock_Vitis/Comb_Lock_Vitis/hls/syn/report/csynth_design_size.rpt:2)
INFO: [HLS 200-1995] There were 49 instructions in the design after the 'HW Transforms (step 1)' phase of compilation. See the Design Size Report for more details (/home/lenovo/Simulation_Linux/HLS/Comb_Lock_Vitis/Comb_Lock_Vitis/hls/syn/report/csynth_design_size.rpt:2)
INFO: [HLS 200-1995] There were 51 instructions in the design after the 'HW Transforms (step 2)' phase of compilation. See the Design Size Report for more details (/home/lenovo/Simulation_Linux/HLS/Comb_Lock_Vitis/Comb_Lock_Vitis/hls/syn/report/csynth_design_size.rpt:2)
INFO: [HLS 214-131] Inlining function 'get_seven_segment_code(state_type)' into 'combination_lock(ap_uint<4>, bool, bool, bool&, ap_uint<8>&, ap_uint<4>&)' (top_comb_lock.cpp:228:23)
INFO: [HLS 200-111] Finished Compiling Optimization and Transform: CPU user time: 1.88 seconds. CPU system time: 0.55 seconds. Elapsed time: 7.12 seconds; current allocated memory: 238.625 MB.
INFO: [HLS 200-111] Finished Checking Pragmas: CPU user time: 0 seconds. CPU system time: 0 seconds. Elapsed time: 0 seconds; current allocated memory: 238.625 MB.
INFO: [HLS 200-10] Starting code transformations ...
INFO: [HLS 200-111] Finished Standard Transforms: CPU user time: 0.01 seconds. CPU system time: 0 seconds. Elapsed time: 0.04 seconds; current allocated memory: 238.688 MB.
INFO: [HLS 200-10] Checking synthesizability ...
INFO: [HLS 200-111] Finished Checking Synthesizability: CPU user time: 0 seconds. CPU system time: 0.01 seconds. Elapsed time: 0.01 seconds; current allocated memory: 238.688 MB.
INFO: [XFORM 203-401] Performing if-conversion on hyperblock from (top_comb_lock.cpp:68:9) to (top_comb_lock.cpp:233:1) in function 'combination_lock'... converting 11 basic blocks.
INFO: [HLS 200-111] Finished Loop, function and other optimizations: CPU user time: 0.02 seconds. CPU system time: 0.01 seconds. Elapsed time: 0.03 seconds; current allocated memory: 259.473 MB.
INFO: [HLS 200-111] Finished Architecture Synthesis: CPU user time: 0.02 seconds. CPU system time: 0 seconds. Elapsed time: 0.02 seconds; current allocated memory: 251.469 MB.
INFO: [HLS 200-10] Starting hardware synthesis ...
INFO: [HLS 200-10] Synthesizing 'combination_lock' ...
INFO: [SYN 201-201] Setting up clock 'default' with a period of 10ns.
INFO: [HLS 200-10] ----------------------------------------------------------------
INFO: [HLS 200-42] -- Implementing module 'combination_lock' 
INFO: [HLS 200-10] ----------------------------------------------------------------
INFO: [SCHED 204-11] Starting scheduling ...
INFO: [SCHED 204-61] Pipelining function 'combination_lock'.
INFO: [HLS 200-1470] Pipelining result : Target II = NA, Final II = 1, Depth = 1, function 'combination_lock'
INFO: [SCHED 204-11] Finished scheduling.
INFO: [HLS 200-111] Finished Scheduling: CPU user time: 0.02 seconds. CPU system time: 0.01 seconds. Elapsed time: 0.05 seconds; current allocated memory: 251.469 MB.
INFO: [BIND 205-100] Starting micro-architecture generation ...
INFO: [BIND 205-101] Performing variable lifetime analysis.
INFO: [BIND 205-101] Exploring resource sharing.
INFO: [BIND 205-101] Binding ...
INFO: [BIND 205-100] Finished micro-architecture generation.
INFO: [HLS 200-111] Finished Binding: CPU user time: 0.01 seconds. CPU system time: 0 seconds. Elapsed time: 0.01 seconds; current allocated memory: 251.469 MB.
INFO: [HLS 200-10] ----------------------------------------------------------------
INFO: [HLS 200-10] -- Generating RTL for module 'combination_lock' 
INFO: [HLS 200-10] ----------------------------------------------------------------
INFO: [RTGEN 206-500] Setting interface mode on port 'combination_lock/x' to 'ap_none'.
INFO: [RTGEN 206-500] Setting interface mode on port 'combination_lock/enter' to 'ap_none'.
INFO: [RTGEN 206-500] Setting interface mode on port 'combination_lock/lock' to 'ap_none'.
INFO: [RTGEN 206-500] Setting interface mode on port 'combination_lock/door_open' to 'ap_none'.
WARNING: [RTGEN 206-101] Port 'door_open' with mode 'ap_none' may require an associated data valid signal to correctly communicate with other blocks or a test bench; automatic C/RTL co-simulation may not be able to verify such a port.
INFO: [RTGEN 206-500] Setting interface mode on port 'combination_lock/seven_segment_data' to 'ap_none'.
WARNING: [RTGEN 206-101] Port 'seven_segment_data' with mode 'ap_none' may require an associated data valid signal to correctly communicate with other blocks or a test bench; automatic C/RTL co-simulation may not be able to verify such a port.
INFO: [RTGEN 206-500] Setting interface mode on port 'combination_lock/seven_segment_enable' to 'ap_none'.
WARNING: [RTGEN 206-101] Port 'seven_segment_enable' with mode 'ap_none' may require an associated data valid signal to correctly communicate with other blocks or a test bench; automatic C/RTL co-simulation may not be able to verify such a port.
INFO: [RTGEN 206-500] Setting interface mode on function 'combination_lock' to 'ap_ctrl_none'.
WARNING: [RTGEN 206-101] Register 'state' is power-on initialization.
INFO: [RTGEN 206-100] Generating core module 'sparsemux_11_32_8_1_1': 1 instance(s).
INFO: [RTGEN 206-100] Generating core module 'sparsemux_19_9_3_1_1': 1 instance(s).
INFO: [RTGEN 206-100] Generating core module 'sparsemux_7_2_1_1_1': 1 instance(s).
INFO: [RTGEN 206-100] Finished creating RTL model for 'combination_lock'.
INFO: [HLS 200-111] Finished Creating RTL model: CPU user time: 0.02 seconds. CPU system time: 0.01 seconds. Elapsed time: 0.03 seconds; current allocated memory: 251.469 MB.
INFO: [HLS 200-111] Finished Generating all RTL models: CPU user time: 0.13 seconds. CPU system time: 0.02 seconds. Elapsed time: 0.15 seconds; current allocated memory: 253.137 MB.
INFO: [HLS 200-111] Finished Updating report files: CPU user time: 0.28 seconds. CPU system time: 0.05 seconds. Elapsed time: 0.33 seconds; current allocated memory: 254.605 MB.
INFO: [VHDL 208-304] Generating VHDL RTL for combination_lock.
INFO: [VLOG 209-307] Generating Verilog RTL for combination_lock.
INFO: [HLS 200-789] **** Estimated Fmax: 158.70 MHz
INFO: [HLS 200-112] Total CPU user time: 6.33 seconds. Total CPU system time: 1.63 seconds. Total elapsed time: 13.1 seconds; peak allocated memory: 259.473 MB.
INFO: [v++ 60-791] Total elapsed time: 0h 0m 17s
