  **** HLS Build v2025.1 6135595
INFO: [HLS 200-2005] Using work_dir /home/lenovo/Simulation_Linux/HLS/Comb_Lock_Vitis/Comb_Lock_Vitis 
INFO: [HLS 200-2176] Writing Vitis IDE component file /home/lenovo/Simulation_Linux/HLS/Comb_Lock_Vitis/Comb_Lock_Vitis/vitis-comp.json
INFO: [HLS 200-10] Creating and opening component '/home/lenovo/Simulation_Linux/HLS/Comb_Lock_Vitis/Comb_Lock_Vitis'.
INFO: [HLS 200-1505] Using default flow_target 'vivado'
Resolution: For help on HLS 200-1505 see docs.xilinx.com/access/sources/dita/topic?Doc_Version=2025.1%20English&url=ug1448-hls-guidance&resourceid=200-1505.html
INFO: [HLS 200-2174] Applying component config ini file /home/lenovo/Simulation_Linux/HLS/Comb_Lock_Vitis/hls_config.cfg
INFO: [HLS 200-1465] Applying config ini 'syn.file=./top_comb_lock.cpp' from /home/lenovo/Simulation_Linux/HLS/Comb_Lock_Vitis/hls_config.cfg(7)
INFO: [HLS 200-10] Adding design file '/home/lenovo/Simulation_Linux/HLS/Comb_Lock_Vitis/top_comb_lock.cpp' to the project
INFO: [HLS 200-1465] Applying config ini 'syn.file=./comb_lock.hpp' from /home/lenovo/Simulation_Linux/HLS/Comb_Lock_Vitis/hls_config.cfg(8)
INFO: [HLS 200-10] Adding design file '/home/lenovo/Simulation_Linux/HLS/Comb_Lock_Vitis/comb_lock.hpp' to the project
INFO: [HLS 200-1465] Applying config ini 'tb.file=./comb_lock-tb.hpp' from /home/lenovo/Simulation_Linux/HLS/Comb_Lock_Vitis/hls_config.cfg(9)
INFO: [HLS 200-10] Adding test bench file '/home/lenovo/Simulation_Linux/HLS/Comb_Lock_Vitis/comb_lock-tb.hpp' to the project
INFO: [HLS 200-1465] Applying config ini 'tb.file=./comb_lock-tb.cpp' from /home/lenovo/Simulation_Linux/HLS/Comb_Lock_Vitis/hls_config.cfg(10)
INFO: [HLS 200-10] Adding test bench file '/home/lenovo/Simulation_Linux/HLS/Comb_Lock_Vitis/comb_lock-tb.cpp' to the project
INFO: [HLS 200-1465] Applying config ini 'flow_target=vivado' from /home/lenovo/Simulation_Linux/HLS/Comb_Lock_Vitis/hls_config.cfg(4)
INFO: [HLS 200-1505] Using flow_target 'vivado'
Resolution: For help on HLS 200-1505 see docs.xilinx.com/access/sources/dita/topic?Doc_Version=2025.1%20English&url=ug1448-hls-guidance&resourceid=200-1505.html
INFO: [HLS 200-1465] Applying config ini 'part=xc7a35tcpg236-1' from /home/lenovo/Simulation_Linux/HLS/Comb_Lock_Vitis/hls_config.cfg(1)
INFO: [HLS 200-1611] Setting target device to 'xc7a35t-cpg236-1'
INFO: [HLS 200-1465] Applying config ini 'package.output.format=ip_catalog' from /home/lenovo/Simulation_Linux/HLS/Comb_Lock_Vitis/hls_config.cfg(5)
INFO: [HLS 200-2176] Writing Vitis IDE component file /home/lenovo/Simulation_Linux/HLS/Comb_Lock_Vitis/Comb_Lock_Vitis/vitis-comp.json
INFO: [SIM 211-2] *************** CSIM start ***************
INFO: [SIM 211-4] CSIM will launch CLANG as the compiler.
INFO: [HLS 200-2036] Building debug C Simulation binaries
   Compiling ../../../../comb_lock-tb.cpp in debug mode
   Compiling ../../../../top_comb_lock.cpp in debug mode
   Generating csim.exe
 x = 1 enter = 1 lock = 0 door_open = 0 seven_segment_data = 0b11000000
 x = 2 enter = 1 lock = 0 door_open = 0 seven_segment_data = 0b11111001
 x = 3 enter = 1 lock = 0 door_open = 0 seven_segment_data = 0b10100100
 x = 1 enter = 1 lock = 0 door_open = 0 seven_segment_data = 0b11000000
 x = 2 enter = 1 lock = 0 door_open = 0 seven_segment_data = 0b11111001
 x = 3 enter = 1 lock = 0 door_open = 0 seven_segment_data = 0b10100100
 x = 4 enter = 1 lock = 0 door_open = 0 seven_segment_data = 0b10110000
 x = 6 enter = 0 lock = 0 door_open = 0 seven_segment_data = 0b10110000
 x = 6 enter = 0 lock = 0 door_open = 0 seven_segment_data = 0b10110000
 x = 6 enter = 0 lock = 0 door_open = 0 seven_segment_data = 0b10110000
 x = 6 enter = 1 lock = 0 door_open = 1 seven_segment_data = 0b10011001
 x = 1 enter = 1 lock = 0 door_open = 1 seven_segment_data = 0b10011001
 x = 2 enter = 1 lock = 0 door_open = 1 seven_segment_data = 0b10011001
 x = 2 enter = 1 lock = 0 door_open = 1 seven_segment_data = 0b10011001
 x = 2 enter = 1 lock = 0 door_open = 1 seven_segment_data = 0b10011001
 x = 2 enter = 1 lock = 1 door_open = 0 seven_segment_data = 0b11000000
 x = 2 enter = 1 lock = 0 door_open = 0 seven_segment_data = 0b11111001
INFO: [SIM 211-1] CSim done with 0 errors.
INFO: [SIM 211-3] *************** CSIM finish ***************
INFO: [HLS 200-112] Total CPU user time: 4.22 seconds. Total CPU system time: 0.68 seconds. Total elapsed time: 4.94 seconds; peak allocated memory: 235.039 MB.
INFO: [vitis-run 60-791] Total elapsed time: 0h 0m 9s
