Copyright 1986-2022 Xilinx, Inc. All Rights Reserved. Copyright 2022-2025 Advanced Micro Devices, Inc. All Rights Reserved.
---------------------------------------------------------------------------------------------------------------------------------------------
| Tool Version : Vivado v.2025.1 (lin64) Build 6140274 Wed May 21 22:58:25 MDT 2025
| Date         : Mon Mar  2 08:43:34 2026
| Host         : lenovo-Legion-5-17ACH6H running 64-bit Ubuntu 24.04.2 LTS
| Command      : report_control_sets -verbose -file paralle_serial_sys_wrapper_control_sets_placed.rpt
| Design       : paralle_serial_sys_wrapper
| Device       : xc7a35t
---------------------------------------------------------------------------------------------------------------------------------------------

Control Set Information

Table of Contents
-----------------
1. Summary
2. Histogram
3. Flip-Flop Distribution
4. Detailed Control Set Information

1. Summary
----------

+----------------------------------------------------------+-------+
|                          Status                          | Count |
+----------------------------------------------------------+-------+
| Total control sets                                       |     4 |
|    Minimum number of control sets                        |     4 |
|    Addition due to synthesis replication                 |     0 |
|    Addition due to physical synthesis replication        |     0 |
| Unused register locations in slices containing registers |     9 |
+----------------------------------------------------------+-------+
* Control sets can be merged at opt_design using control_set_merge or merge_equivalent_drivers
** Run report_qor_suggestions for automated merging and remapping suggestions


2. Histogram
------------

+--------------------+-------+
|       Fanout       | Count |
+--------------------+-------+
| Total control sets |     4 |
| >= 0 to < 4        |     0 |
| >= 4 to < 6        |     0 |
| >= 6 to < 8        |     1 |
| >= 8 to < 10       |     1 |
| >= 10 to < 12      |     0 |
| >= 12 to < 14      |     0 |
| >= 14 to < 16      |     0 |
| >= 16              |     2 |
+--------------------+-------+
* Control sets can be remapped at either synth_design or opt_design


3. Flip-Flop Distribution
-------------------------

+--------------+-----------------------+------------------------+-----------------+--------------+
| Clock Enable | Synchronous Set/Reset | Asynchronous Set/Reset | Total Registers | Total Slices |
+--------------+-----------------------+------------------------+-----------------+--------------+
| No           | No                    | No                     |              34 |           11 |
| No           | No                    | Yes                    |               0 |            0 |
| No           | Yes                   | No                     |              30 |            8 |
| Yes          | No                    | No                     |              15 |            5 |
| Yes          | No                    | Yes                    |               0 |            0 |
| Yes          | Yes                   | No                     |               0 |            0 |
+--------------+-----------------------+------------------------+-----------------+--------------+


4. Detailed Control Set Information
-----------------------------------

+-------------------+---------------------------------------------------------------+-----------------------------------------------------------+------------------+----------------+--------------+
|    Clock Signal   |                         Enable Signal                         |                      Set/Reset Signal                     | Slice Load Count | Bel Load Count | Bels / Slice |
+-------------------+---------------------------------------------------------------+-----------------------------------------------------------+------------------+----------------+--------------+
|  ap_clk_IBUF_BUFG | paralle_serial_sys_i/serial2parallel_0/inst/state_reg         |                                                           |                3 |              7 |         2.33 |
|  ap_clk_IBUF_BUFG | paralle_serial_sys_i/serial2parallel_0/inst/end_conversion[0] |                                                           |                2 |              8 |         4.00 |
|  ap_clk_IBUF_BUFG |                                                               | paralle_serial_sys_i/parallel2serial_0/inst/count0_in[31] |                8 |             30 |         3.75 |
|  ap_clk_IBUF_BUFG |                                                               |                                                           |               11 |             34 |         3.09 |
+-------------------+---------------------------------------------------------------+-----------------------------------------------------------+------------------+----------------+--------------+


