
*** Running vivado
    with args -log paralle_serial_sys_wrapper.vdi -applog -m64 -product Vivado -messageDb vivado.pb -mode batch -source paralle_serial_sys_wrapper.tcl -notrace


****** Vivado v2025.1 (64-bit)
  **** SW Build 6140274 on Wed May 21 22:58:25 MDT 2025
  **** IP Build 6138677 on Thu May 22 03:10:11 MDT 2025
  **** SharedData Build 6139179 on Tue May 20 17:58:58 MDT 2025
  **** Start of session at: Mon Mar  2 08:43:19 2026
    ** Copyright 1986-2022 Xilinx, Inc. All Rights Reserved.
    ** Copyright 2022-2025 Advanced Micro Devices, Inc. All Rights Reserved.

source paralle_serial_sys_wrapper.tcl -notrace
INFO: [IP_Flow 19-234] Refreshing IP repositories
INFO: [IP_Flow 19-1700] Loaded user IP repository '/home/lenovo/Simulation_Linux/HLS'.
WARNING: [IP_Flow 19-3656] If you move the project, the path for repository '/home/lenovo/Simulation_Linux/HLS' may become invalid. A better location for the repository would be in a path adjacent to the project. (Current project location is '/home/lenovo/Simulation_Linux/HLS/Parallel_Serial_Sys_Vivado/Parallel_Serial_Sys_Vivado.runs/impl_1'.)
INFO: [IP_Flow 19-2313] Loaded Vivado IP repository '/opt/Xilinx/2025.1/Vivado/data/ip'.
Command: link_design -top paralle_serial_sys_wrapper -part xc7a35tcpg236-1
Design is defaulting to srcset: sources_1
Design is defaulting to constrset: constrs_1
INFO: [Device 21-403] Loading part xc7a35tcpg236-1
INFO: [Project 1-5699] Read binary netlist with skipMacroContent - 1
INFO: [Project 1-454] Reading design checkpoint '/home/lenovo/Simulation_Linux/HLS/Parallel_Serial_Sys_Vivado/Parallel_Serial_Sys_Vivado.gen/sources_1/bd/paralle_serial_sys/ip/paralle_serial_sys_parallel2serial_0_0/paralle_serial_sys_parallel2serial_0_0.dcp' for cell 'paralle_serial_sys_i/parallel2serial_0'
INFO: [Project 1-454] Reading design checkpoint '/home/lenovo/Simulation_Linux/HLS/Parallel_Serial_Sys_Vivado/Parallel_Serial_Sys_Vivado.gen/sources_1/bd/paralle_serial_sys/ip/paralle_serial_sys_serial2parallel_0_0/paralle_serial_sys_serial2parallel_0_0.dcp' for cell 'paralle_serial_sys_i/serial2parallel_0'
Netlist sorting complete. Time (s): cpu = 00:00:00 ; elapsed = 00:00:00 . Memory (MB): peak = 1669.340 ; gain = 0.000 ; free physical = 2600 ; free virtual = 10064
INFO: [Netlist 29-17] Analyzing 21 Unisim elements for replacement
INFO: [Netlist 29-28] Unisim Transformation completed in 0 CPU seconds
INFO: [Project 1-479] Netlist was created with Vivado 2025.1
INFO: [Project 1-570] Preparing netlist for logic optimization
Parsing XDC File [/home/lenovo/Simulation_Linux/HLS/Parallel_Serial_Sys_Vivado/Parallel_Serial_Sys_Vivado.srcs/constrs_1/new/parallel_sys.xdc]
Finished Parsing XDC File [/home/lenovo/Simulation_Linux/HLS/Parallel_Serial_Sys_Vivado/Parallel_Serial_Sys_Vivado.srcs/constrs_1/new/parallel_sys.xdc]
INFO: [Opt 31-138] Pushed 0 inverter(s) to 0 load pin(s).
Netlist sorting complete. Time (s): cpu = 00:00:00 ; elapsed = 00:00:00 . Memory (MB): peak = 1857.914 ; gain = 0.000 ; free physical = 2493 ; free virtual = 9956
INFO: [Project 1-111] Unisim Transformation Summary:
No Unisim elements were transformed.

13 Infos, 1 Warnings, 0 Critical Warnings and 0 Errors encountered.
link_design completed successfully
Command: opt_design
Attempting to get a license for feature 'Implementation' and/or device 'xc7a35t'
INFO: [Common 17-349] Got license for feature 'Implementation' and/or device 'xc7a35t'
Running DRC as a precondition to command opt_design

Starting DRC Task
INFO: [DRC 23-27] Running DRC with 8 threads
INFO: [Project 1-461] DRC finished with 0 Errors
INFO: [Project 1-462] Please refer to the DRC report (report_drc) for more information.

Time (s): cpu = 00:00:01 ; elapsed = 00:00:00.36 . Memory (MB): peak = 1969.805 ; gain = 111.855 ; free physical = 2407 ; free virtual = 9872

Starting Cache Timing Information Task
INFO: [Timing 38-35] Done setting XDC timing constraints.
Ending Cache Timing Information Task | Checksum: 1d0847bb8

Time (s): cpu = 00:00:04 ; elapsed = 00:00:04 . Memory (MB): peak = 2397.758 ; gain = 427.953 ; free physical = 1995 ; free virtual = 9476

Starting Logic Optimization Task

Phase 1 Initialization

Phase 1.1 Core Generation And Design Setup
Phase 1.1 Core Generation And Design Setup | Checksum: 1d0847bb8

Time (s): cpu = 00:00:00 ; elapsed = 00:00:00 . Memory (MB): peak = 2764.562 ; gain = 0.000 ; free physical = 1634 ; free virtual = 9115

Phase 1.2 Setup Constraints And Sort Netlist
Phase 1.2 Setup Constraints And Sort Netlist | Checksum: 1d0847bb8

Time (s): cpu = 00:00:00 ; elapsed = 00:00:00 . Memory (MB): peak = 2764.562 ; gain = 0.000 ; free physical = 1634 ; free virtual = 9115
Phase 1 Initialization | Checksum: 1d0847bb8

Time (s): cpu = 00:00:00.01 ; elapsed = 00:00:00 . Memory (MB): peak = 2764.562 ; gain = 0.000 ; free physical = 1634 ; free virtual = 9115

Phase 2 Timer Update And Timing Data Collection

Phase 2.1 Timer Update
Phase 2.1 Timer Update | Checksum: 1d0847bb8

Time (s): cpu = 00:00:00.02 ; elapsed = 00:00:00.01 . Memory (MB): peak = 2764.562 ; gain = 0.000 ; free physical = 1634 ; free virtual = 9115

Phase 2.2 Timing Data Collection
Phase 2.2 Timing Data Collection | Checksum: 1d0847bb8

Time (s): cpu = 00:00:00.02 ; elapsed = 00:00:00.01 . Memory (MB): peak = 2764.562 ; gain = 0.000 ; free physical = 1634 ; free virtual = 9115
Phase 2 Timer Update And Timing Data Collection | Checksum: 1d0847bb8

Time (s): cpu = 00:00:00.02 ; elapsed = 00:00:00.01 . Memory (MB): peak = 2764.562 ; gain = 0.000 ; free physical = 1634 ; free virtual = 9115

Phase 3 Retarget
INFO: [Opt 31-1851] Number of loadless carry chains removed were: 0
INFO: [Opt 31-1834] Total Chains To Be Transformed Were: 0 AND Number of Transformed insts Created are: 0
INFO: [Opt 31-138] Pushed 0 inverter(s) to 0 load pin(s).
INFO: [Opt 31-49] Retargeted 0 cell(s).
Phase 3 Retarget | Checksum: 1d0847bb8

Time (s): cpu = 00:00:00.03 ; elapsed = 00:00:00.02 . Memory (MB): peak = 2764.562 ; gain = 0.000 ; free physical = 1634 ; free virtual = 9115
Retarget | Checksum: 1d0847bb8
INFO: [Opt 31-389] Phase Retarget created 0 cells and removed 0 cells

Phase 4 Constant propagation
INFO: [Opt 31-138] Pushed 0 inverter(s) to 0 load pin(s).
Phase 4 Constant propagation | Checksum: 1d0847bb8

Time (s): cpu = 00:00:00.03 ; elapsed = 00:00:00.02 . Memory (MB): peak = 2764.562 ; gain = 0.000 ; free physical = 1634 ; free virtual = 9115
Constant propagation | Checksum: 1d0847bb8
INFO: [Opt 31-389] Phase Constant propagation created 0 cells and removed 0 cells

Phase 5 Sweep
INFO: [Constraints 18-11670] Building netlist checker database with flags, 0x8
Done building netlist checker database: Time (s): cpu = 00:00:00 ; elapsed = 00:00:00 . Memory (MB): peak = 2764.562 ; gain = 0.000 ; free physical = 1634 ; free virtual = 9115
INFO: [Constraints 18-11670] Building netlist checker database with flags, 0x8
Done building netlist checker database: Time (s): cpu = 00:00:00 ; elapsed = 00:00:00 . Memory (MB): peak = 2764.562 ; gain = 0.000 ; free physical = 1634 ; free virtual = 9115
Phase 5 Sweep | Checksum: 2d0da9d76

Time (s): cpu = 00:00:00.03 ; elapsed = 00:00:00.03 . Memory (MB): peak = 2764.562 ; gain = 0.000 ; free physical = 1634 ; free virtual = 9115
Sweep | Checksum: 2d0da9d76
INFO: [Opt 31-389] Phase Sweep created 0 cells and removed 1 cells

Phase 6 BUFG optimization
INFO: [Opt 31-194] Inserted BUFG ap_clk_IBUF_BUFG_inst to drive 79 load(s) on clock net ap_clk_IBUF_BUFG
INFO: [Opt 31-193] Inserted 1 BUFG(s) on clock nets
Phase 6 BUFG optimization | Checksum: 23d3a2445

Time (s): cpu = 00:00:00.04 ; elapsed = 00:00:00.03 . Memory (MB): peak = 2796.578 ; gain = 32.016 ; free physical = 1634 ; free virtual = 9115
BUFG optimization | Checksum: 23d3a2445
INFO: [Opt 31-662] Phase BUFG optimization created 1 cells of which 1 are BUFGs and removed 0 cells.

Phase 7 Shift Register Optimization
INFO: [Opt 31-1064] SRL Remap converted 0 SRLs to 0 registers and converted 0 registers of register chains to 0 SRLs
Phase 7 Shift Register Optimization | Checksum: 23d3a2445

Time (s): cpu = 00:00:00.04 ; elapsed = 00:00:00.03 . Memory (MB): peak = 2796.578 ; gain = 32.016 ; free physical = 1634 ; free virtual = 9115
Shift Register Optimization | Checksum: 23d3a2445
INFO: [Opt 31-389] Phase Shift Register Optimization created 0 cells and removed 0 cells

Phase 8 Post Processing Netlist
Phase 8 Post Processing Netlist | Checksum: 23d3a2445

Time (s): cpu = 00:00:00.04 ; elapsed = 00:00:00.03 . Memory (MB): peak = 2796.578 ; gain = 32.016 ; free physical = 1634 ; free virtual = 9115
Post Processing Netlist | Checksum: 23d3a2445
INFO: [Opt 31-389] Phase Post Processing Netlist created 0 cells and removed 0 cells

Phase 9 Finalization

Phase 9.1 Finalizing Design Cores and Updating Shapes
Phase 9.1 Finalizing Design Cores and Updating Shapes | Checksum: 26852844d

Time (s): cpu = 00:00:00.05 ; elapsed = 00:00:00.04 . Memory (MB): peak = 2796.578 ; gain = 32.016 ; free physical = 1634 ; free virtual = 9115

Phase 9.2 Verifying Netlist Connectivity

Starting Connectivity Check Task

Time (s): cpu = 00:00:00 ; elapsed = 00:00:00 . Memory (MB): peak = 2796.578 ; gain = 0.000 ; free physical = 1634 ; free virtual = 9115
Phase 9.2 Verifying Netlist Connectivity | Checksum: 26852844d

Time (s): cpu = 00:00:00.05 ; elapsed = 00:00:00.04 . Memory (MB): peak = 2796.578 ; gain = 32.016 ; free physical = 1634 ; free virtual = 9115
Phase 9 Finalization | Checksum: 26852844d

Time (s): cpu = 00:00:00.05 ; elapsed = 00:00:00.04 . Memory (MB): peak = 2796.578 ; gain = 32.016 ; free physical = 1634 ; free virtual = 9115
Opt_design Change Summary
=========================


-------------------------------------------------------------------------------------------------------------------------
|  Phase                        |  #Cells created  |  #Cells Removed  |  #Constrained objects preventing optimizations  |
-------------------------------------------------------------------------------------------------------------------------
|  Retarget                     |               0  |               0  |                                              0  |
|  Constant propagation         |               0  |               0  |                                              0  |
|  Sweep                        |               0  |               1  |                                              0  |
|  BUFG optimization            |               1  |               0  |                                              0  |
|  Shift Register Optimization  |               0  |               0  |                                              0  |
|  Post Processing Netlist      |               0  |               0  |                                              0  |
-------------------------------------------------------------------------------------------------------------------------


Ending Logic Optimization Task | Checksum: 26852844d

Time (s): cpu = 00:00:00.05 ; elapsed = 00:00:00.05 . Memory (MB): peak = 2796.578 ; gain = 32.016 ; free physical = 1634 ; free virtual = 9115

Starting Power Optimization Task
INFO: [Pwropt 34-132] Skipping clock gating for clocks with a period < 2.00 ns.
Ending Power Optimization Task | Checksum: 26852844d

Time (s): cpu = 00:00:00 ; elapsed = 00:00:00 . Memory (MB): peak = 2796.578 ; gain = 0.000 ; free physical = 1634 ; free virtual = 9115

Starting Final Cleanup Task
Ending Final Cleanup Task | Checksum: 26852844d

Time (s): cpu = 00:00:00 ; elapsed = 00:00:00 . Memory (MB): peak = 2796.578 ; gain = 0.000 ; free physical = 1634 ; free virtual = 9115

Starting Netlist Obfuscation Task
Netlist sorting complete. Time (s): cpu = 00:00:00 ; elapsed = 00:00:00 . Memory (MB): peak = 2796.578 ; gain = 0.000 ; free physical = 1634 ; free virtual = 9115
Ending Netlist Obfuscation Task | Checksum: 26852844d

Time (s): cpu = 00:00:00 ; elapsed = 00:00:00 . Memory (MB): peak = 2796.578 ; gain = 0.000 ; free physical = 1634 ; free virtual = 9115
INFO: [Common 17-83] Releasing license: Implementation
36 Infos, 1 Warnings, 0 Critical Warnings and 0 Errors encountered.
opt_design completed successfully
opt_design: Time (s): cpu = 00:00:06 ; elapsed = 00:00:06 . Memory (MB): peak = 2796.578 ; gain = 938.629 ; free physical = 1634 ; free virtual = 9115
INFO: [Vivado 12-24828] Executing command : report_drc -file paralle_serial_sys_wrapper_drc_opted.rpt -pb paralle_serial_sys_wrapper_drc_opted.pb -rpx paralle_serial_sys_wrapper_drc_opted.rpx
Command: report_drc -file paralle_serial_sys_wrapper_drc_opted.rpt -pb paralle_serial_sys_wrapper_drc_opted.pb -rpx paralle_serial_sys_wrapper_drc_opted.rpx
INFO: [IP_Flow 19-1839] IP Catalog is up to date.
INFO: [DRC 23-27] Running DRC with 8 threads
INFO: [Vivado_Tcl 2-168] The results of DRC are in file /home/lenovo/Simulation_Linux/HLS/Parallel_Serial_Sys_Vivado/Parallel_Serial_Sys_Vivado.runs/impl_1/paralle_serial_sys_wrapper_drc_opted.rpt.
report_drc completed successfully
INFO: [Timing 38-480] Writing timing data to binary archive.
Write ShapeDB Complete: Time (s): cpu = 00:00:00.01 ; elapsed = 00:00:00.01 . Memory (MB): peak = 2796.578 ; gain = 0.000 ; free physical = 1592 ; free virtual = 9074
Wrote PlaceDB: Time (s): cpu = 00:00:00.01 ; elapsed = 00:00:00.01 . Memory (MB): peak = 2796.578 ; gain = 0.000 ; free physical = 1592 ; free virtual = 9074
Wrote PulsedLatchDB: Time (s): cpu = 00:00:00 ; elapsed = 00:00:00 . Memory (MB): peak = 2796.578 ; gain = 0.000 ; free physical = 1592 ; free virtual = 9074
Writing XDEF routing.
Writing XDEF routing logical nets.
Writing XDEF routing special nets.
Wrote RouteStorage: Time (s): cpu = 00:00:00.02 ; elapsed = 00:00:00 . Memory (MB): peak = 2796.578 ; gain = 0.000 ; free physical = 1592 ; free virtual = 9074
Wrote Netlist Cache: Time (s): cpu = 00:00:00 ; elapsed = 00:00:00 . Memory (MB): peak = 2796.578 ; gain = 0.000 ; free physical = 1592 ; free virtual = 9074
Wrote Device Cache: Time (s): cpu = 00:00:00.01 ; elapsed = 00:00:00.01 . Memory (MB): peak = 2796.578 ; gain = 0.000 ; free physical = 1592 ; free virtual = 9074
Write Physdb Complete: Time (s): cpu = 00:00:00.04 ; elapsed = 00:00:00.02 . Memory (MB): peak = 2796.578 ; gain = 0.000 ; free physical = 1592 ; free virtual = 9074
INFO: [Common 17-1381] The checkpoint '/home/lenovo/Simulation_Linux/HLS/Parallel_Serial_Sys_Vivado/Parallel_Serial_Sys_Vivado.runs/impl_1/paralle_serial_sys_wrapper_opt.dcp' has been generated.
Command: place_design
Attempting to get a license for feature 'Implementation' and/or device 'xc7a35t'
INFO: [Common 17-349] Got license for feature 'Implementation' and/or device 'xc7a35t'
INFO: [Common 17-83] Releasing license: Implementation
INFO: [DRC 23-27] Running DRC with 8 threads
INFO: [Vivado_Tcl 4-198] DRC finished with 0 Errors
INFO: [Vivado_Tcl 4-199] Please refer to the DRC report (report_drc) for more information.
Running DRC as a precondition to command place_design
INFO: [DRC 23-27] Running DRC with 8 threads
INFO: [Vivado_Tcl 4-198] DRC finished with 0 Errors
INFO: [Vivado_Tcl 4-199] Please refer to the DRC report (report_drc) for more information.
INFO: [Place 30-611] Multithreading enabled for place_design using a maximum of 8 CPUs

Starting Placer Task

Phase 1 Placer Initialization

Phase 1.1 Placer Initialization Netlist Sorting
Netlist sorting complete. Time (s): cpu = 00:00:00 ; elapsed = 00:00:00 . Memory (MB): peak = 2826.336 ; gain = 0.000 ; free physical = 1587 ; free virtual = 9069
Phase 1.1 Placer Initialization Netlist Sorting | Checksum: 1eb5b73c3

Time (s): cpu = 00:00:00 ; elapsed = 00:00:00.01 . Memory (MB): peak = 2826.336 ; gain = 0.000 ; free physical = 1587 ; free virtual = 9069
Netlist sorting complete. Time (s): cpu = 00:00:00 ; elapsed = 00:00:00 . Memory (MB): peak = 2826.336 ; gain = 0.000 ; free physical = 1587 ; free virtual = 9069

Phase 1.2 IO Placement/ Clock Placement/ Build Placer Device
INFO: [Timing 38-35] Done setting XDC timing constraints.
Phase 1.2 IO Placement/ Clock Placement/ Build Placer Device | Checksum: 1cf8469ee

Time (s): cpu = 00:00:00.25 ; elapsed = 00:00:00.11 . Memory (MB): peak = 2826.336 ; gain = 0.000 ; free physical = 1581 ; free virtual = 9066

Phase 1.3 Build Placer Netlist Model
Phase 1.3 Build Placer Netlist Model | Checksum: 22243b919

Time (s): cpu = 00:00:00.4 ; elapsed = 00:00:00.18 . Memory (MB): peak = 2858.352 ; gain = 32.016 ; free physical = 1576 ; free virtual = 9062

Phase 1.4 Constrain Clocks/Macros
Phase 1.4 Constrain Clocks/Macros | Checksum: 22243b919

Time (s): cpu = 00:00:00.4 ; elapsed = 00:00:00.18 . Memory (MB): peak = 2858.352 ; gain = 32.016 ; free physical = 1576 ; free virtual = 9062
Phase 1 Placer Initialization | Checksum: 22243b919

Time (s): cpu = 00:00:00.41 ; elapsed = 00:00:00.18 . Memory (MB): peak = 2858.352 ; gain = 32.016 ; free physical = 1576 ; free virtual = 9062

Phase 2 Global Placement

Phase 2.1 Floorplanning
Phase 2.1 Floorplanning | Checksum: 27e32d176

Time (s): cpu = 00:00:00.52 ; elapsed = 00:00:00.21 . Memory (MB): peak = 2858.352 ; gain = 32.016 ; free physical = 1581 ; free virtual = 9067

Phase 2.2 Update Timing before SLR Path Opt
Phase 2.2 Update Timing before SLR Path Opt | Checksum: 28489ceeb

Time (s): cpu = 00:00:00.55 ; elapsed = 00:00:00.23 . Memory (MB): peak = 2858.352 ; gain = 32.016 ; free physical = 1593 ; free virtual = 9079

Phase 2.3 Post-Processing in Floorplanning
Phase 2.3 Post-Processing in Floorplanning | Checksum: 28489ceeb

Time (s): cpu = 00:00:00.56 ; elapsed = 00:00:00.23 . Memory (MB): peak = 2858.352 ; gain = 32.016 ; free physical = 1593 ; free virtual = 9079

Phase 2.4 Global Place Phase1
Phase 2.4 Global Place Phase1 | Checksum: 1e0c139eb

Time (s): cpu = 00:00:01 ; elapsed = 00:00:00.44 . Memory (MB): peak = 2858.352 ; gain = 32.016 ; free physical = 1592 ; free virtual = 9079

Phase 2.5 Global Place Phase2

Phase 2.5.1 UpdateTiming Before Physical Synthesis
Phase 2.5.1 UpdateTiming Before Physical Synthesis | Checksum: 1e0c139eb

Time (s): cpu = 00:00:01 ; elapsed = 00:00:00.45 . Memory (MB): peak = 2858.352 ; gain = 32.016 ; free physical = 1592 ; free virtual = 9078

Phase 2.5.2 Physical Synthesis In Placer
INFO: [Physopt 32-1035] Found 0 LUTNM shape to break, 5 LUT instances to create LUTNM shape
INFO: [Physopt 32-1044] Break lutnm for timing: one critical 0, two critical 0, total 0, new lutff created 0
INFO: [Physopt 32-1138] End 1 Pass. Optimized 2 nets or LUTs. Breaked 0 LUT, combined 2 existing LUTs and moved 0 existing LUT
INFO: [Physopt 32-65] No nets found for high-fanout optimization.
INFO: [Physopt 32-232] Optimized 0 net. Created 0 new instance.
INFO: [Physopt 32-775] End 1 Pass. Optimized 0 net or cell. Created 0 new cell, deleted 0 existing cell and moved 0 existing cell
INFO: [Physopt 32-670] No setup violation found.  DSP Register Optimization was not performed.
INFO: [Physopt 32-670] No setup violation found.  Shift Register to Pipeline Optimization was not performed.
INFO: [Physopt 32-670] No setup violation found.  Shift Register Optimization was not performed.
INFO: [Physopt 32-670] No setup violation found.  BRAM Register Optimization was not performed.
INFO: [Physopt 32-670] No setup violation found.  URAM Register Optimization was not performed.
INFO: [Physopt 32-949] No candidate nets found for dynamic/static region interface net replication
INFO: [Physopt 32-775] End 1 Pass. Optimized 0 net or cell. Created 0 new cell, deleted 0 existing cell and moved 0 existing cell
Netlist sorting complete. Time (s): cpu = 00:00:00 ; elapsed = 00:00:00 . Memory (MB): peak = 2858.352 ; gain = 0.000 ; free physical = 1589 ; free virtual = 9078

Summary of Physical Synthesis Optimizations
============================================


-----------------------------------------------------------------------------------------------------------------------------------------------------------
|  Optimization                                     |  Added Cells  |  Removed Cells  |  Optimized Cells/Nets  |  Dont Touch  |  Iterations  |  Elapsed   |
-----------------------------------------------------------------------------------------------------------------------------------------------------------
|  LUT Combining                                    |            0  |              2  |                     2  |           0  |           1  |  00:00:00  |
|  Retime                                           |            0  |              0  |                     0  |           0  |           1  |  00:00:00  |
|  Very High Fanout                                 |            0  |              0  |                     0  |           0  |           1  |  00:00:00  |
|  DSP Register                                     |            0  |              0  |                     0  |           0  |           0  |  00:00:00  |
|  Shift Register to Pipeline                       |            0  |              0  |                     0  |           0  |           0  |  00:00:00  |
|  Shift Register                                   |            0  |              0  |                     0  |           0  |           0  |  00:00:00  |
|  BRAM Register                                    |            0  |              0  |                     0  |           0  |           0  |  00:00:00  |
|  URAM Register                                    |            0  |              0  |                     0  |           0  |           0  |  00:00:00  |
|  Dynamic/Static Region Interface Net Replication  |            0  |              0  |                     0  |           0  |           1  |  00:00:00  |
|  Total                                            |            0  |              2  |                     2  |           0  |           4  |  00:00:00  |
-----------------------------------------------------------------------------------------------------------------------------------------------------------


Phase 2.5.2 Physical Synthesis In Placer | Checksum: 29708ea67

Time (s): cpu = 00:00:01 ; elapsed = 00:00:00.64 . Memory (MB): peak = 2858.352 ; gain = 32.016 ; free physical = 1589 ; free virtual = 9078
Phase 2.5 Global Place Phase2 | Checksum: 277071e0a

Time (s): cpu = 00:00:02 ; elapsed = 00:00:00.69 . Memory (MB): peak = 2858.352 ; gain = 32.016 ; free physical = 1588 ; free virtual = 9078
Phase 2 Global Placement | Checksum: 277071e0a

Time (s): cpu = 00:00:02 ; elapsed = 00:00:00.69 . Memory (MB): peak = 2858.352 ; gain = 32.016 ; free physical = 1588 ; free virtual = 9078

Phase 3 Detail Placement

Phase 3.1 Commit Multi Column Macros
Phase 3.1 Commit Multi Column Macros | Checksum: 29c51dafb

Time (s): cpu = 00:00:02 ; elapsed = 00:00:00.71 . Memory (MB): peak = 2858.352 ; gain = 32.016 ; free physical = 1588 ; free virtual = 9077

Phase 3.2 Commit Most Macros & LUTRAMs
Phase 3.2 Commit Most Macros & LUTRAMs | Checksum: 251f6e670

Time (s): cpu = 00:00:02 ; elapsed = 00:00:00.75 . Memory (MB): peak = 2858.352 ; gain = 32.016 ; free physical = 1587 ; free virtual = 9077

Phase 3.3 Area Swap Optimization
Phase 3.3 Area Swap Optimization | Checksum: 20fe9f127

Time (s): cpu = 00:00:02 ; elapsed = 00:00:00.75 . Memory (MB): peak = 2858.352 ; gain = 32.016 ; free physical = 1587 ; free virtual = 9077

Phase 3.4 Pipeline Register Optimization
Phase 3.4 Pipeline Register Optimization | Checksum: 1e1ca9276

Time (s): cpu = 00:00:02 ; elapsed = 00:00:00.76 . Memory (MB): peak = 2858.352 ; gain = 32.016 ; free physical = 1587 ; free virtual = 9077

Phase 3.5 Small Shape Detail Placement
Phase 3.5 Small Shape Detail Placement | Checksum: 2be907ea5

Time (s): cpu = 00:00:02 ; elapsed = 00:00:00.83 . Memory (MB): peak = 2858.352 ; gain = 32.016 ; free physical = 1582 ; free virtual = 9072

Phase 3.6 Re-assign LUT pins
Phase 3.6 Re-assign LUT pins | Checksum: 2612cbc15

Time (s): cpu = 00:00:02 ; elapsed = 00:00:00.84 . Memory (MB): peak = 2858.352 ; gain = 32.016 ; free physical = 1582 ; free virtual = 9072

Phase 3.7 Pipeline Register Optimization
Phase 3.7 Pipeline Register Optimization | Checksum: 28f0bdce6

Time (s): cpu = 00:00:02 ; elapsed = 00:00:00.84 . Memory (MB): peak = 2858.352 ; gain = 32.016 ; free physical = 1582 ; free virtual = 9072
Phase 3 Detail Placement | Checksum: 28f0bdce6

Time (s): cpu = 00:00:02 ; elapsed = 00:00:00.84 . Memory (MB): peak = 2858.352 ; gain = 32.016 ; free physical = 1582 ; free virtual = 9072

Phase 4 Post Placement Optimization and Clean-Up

Phase 4.1 Post Commit Optimization
INFO: [Timing 38-35] Done setting XDC timing constraints.

Phase 4.1.1 Post Placement Optimization
Post Placement Optimization Initialization | Checksum: 11f911289

Phase 4.1.1.1 BUFG Insertion

Starting Physical Synthesis Task

Phase 1 Physical Synthesis Initialization
INFO: [Physopt 32-721] Multithreading enabled for phys_opt_design using a maximum of 8 CPUs
INFO: [Physopt 32-619] Estimated Timing Summary | WNS=3.198 | TNS=0.000 |
Phase 1 Physical Synthesis Initialization | Checksum: b47161ac

Time (s): cpu = 00:00:00.01 ; elapsed = 00:00:00 . Memory (MB): peak = 2858.352 ; gain = 0.000 ; free physical = 1582 ; free virtual = 9071
INFO: [Place 46-56] BUFG insertion identified 0 candidate nets. Inserted BUFG: 0, Replicated BUFG Driver: 0, Skipped due to Placement/Routing Conflicts: 0, Skipped due to Timing Degradation: 0, Skipped due to netlist editing failed: 0.
Ending Physical Synthesis Task | Checksum: 193f91beb

Time (s): cpu = 00:00:00.01 ; elapsed = 00:00:00 . Memory (MB): peak = 2858.352 ; gain = 0.000 ; free physical = 1582 ; free virtual = 9071
Phase 4.1.1.1 BUFG Insertion | Checksum: 11f911289

Time (s): cpu = 00:00:02 ; elapsed = 00:00:00.9 . Memory (MB): peak = 2858.352 ; gain = 32.016 ; free physical = 1582 ; free virtual = 9071

Phase 4.1.1.2 Post Placement Timing Optimization
INFO: [Place 30-746] Post Placement Timing Summary WNS=3.198. For the most accurate timing information please run report_timing.
Phase 4.1.1.2 Post Placement Timing Optimization | Checksum: 15af06617

Time (s): cpu = 00:00:02 ; elapsed = 00:00:00.91 . Memory (MB): peak = 2858.352 ; gain = 32.016 ; free physical = 1582 ; free virtual = 9071

Time (s): cpu = 00:00:02 ; elapsed = 00:00:00.91 . Memory (MB): peak = 2858.352 ; gain = 32.016 ; free physical = 1582 ; free virtual = 9071
Phase 4.1 Post Commit Optimization | Checksum: 15af06617

Time (s): cpu = 00:00:02 ; elapsed = 00:00:00.91 . Memory (MB): peak = 2858.352 ; gain = 32.016 ; free physical = 1582 ; free virtual = 9071

Phase 4.2 Post Placement Cleanup
Phase 4.2 Post Placement Cleanup | Checksum: 15af06617

Time (s): cpu = 00:00:02 ; elapsed = 00:00:00.91 . Memory (MB): peak = 2858.352 ; gain = 32.016 ; free physical = 1582 ; free virtual = 9071

Phase 4.3 Placer Reporting

Phase 4.3.1 Print Estimated Congestion
INFO: [Place 30-612] Post-Placement Estimated Congestion 
 ____________________________________________________
|           | Global Congestion | Short Congestion  |
| Direction | Region Size       | Region Size       |
|___________|___________________|___________________|
|      North|                1x1|                1x1|
|___________|___________________|___________________|
|      South|                1x1|                1x1|
|___________|___________________|___________________|
|       East|                1x1|                1x1|
|___________|___________________|___________________|
|       West|                1x1|                1x1|
|___________|___________________|___________________|

Phase 4.3.1 Print Estimated Congestion | Checksum: 15af06617

Time (s): cpu = 00:00:02 ; elapsed = 00:00:00.92 . Memory (MB): peak = 2858.352 ; gain = 32.016 ; free physical = 1582 ; free virtual = 9071
Phase 4.3 Placer Reporting | Checksum: 15af06617

Time (s): cpu = 00:00:02 ; elapsed = 00:00:00.92 . Memory (MB): peak = 2858.352 ; gain = 32.016 ; free physical = 1582 ; free virtual = 9071

Phase 4.4 Final Placement Cleanup
Netlist sorting complete. Time (s): cpu = 00:00:00 ; elapsed = 00:00:00 . Memory (MB): peak = 2858.352 ; gain = 0.000 ; free physical = 1582 ; free virtual = 9071

Time (s): cpu = 00:00:02 ; elapsed = 00:00:00.92 . Memory (MB): peak = 2858.352 ; gain = 32.016 ; free physical = 1582 ; free virtual = 9071
Phase 4 Post Placement Optimization and Clean-Up | Checksum: 1522e36e8

Time (s): cpu = 00:00:02 ; elapsed = 00:00:00.92 . Memory (MB): peak = 2858.352 ; gain = 32.016 ; free physical = 1582 ; free virtual = 9071
Ending Placer Task | Checksum: 10e3fdc32

Time (s): cpu = 00:00:02 ; elapsed = 00:00:00.92 . Memory (MB): peak = 2858.352 ; gain = 32.016 ; free physical = 1582 ; free virtual = 9071
71 Infos, 1 Warnings, 0 Critical Warnings and 0 Errors encountered.
place_design completed successfully
INFO: [Vivado 12-24838] Running report commands "report_control_sets, report_io, report_utilization" in parallel.
Running report generation with 3 threads.
INFO: [Vivado 12-24828] Executing command : report_control_sets -verbose -file paralle_serial_sys_wrapper_control_sets_placed.rpt
report_control_sets: Time (s): cpu = 00:00:00.02 ; elapsed = 00:00:00.06 . Memory (MB): peak = 2858.352 ; gain = 0.000 ; free physical = 1564 ; free virtual = 9054
INFO: [Vivado 12-24828] Executing command : report_utilization -file paralle_serial_sys_wrapper_utilization_placed.rpt -pb paralle_serial_sys_wrapper_utilization_placed.pb
INFO: [Vivado 12-24828] Executing command : report_io -file paralle_serial_sys_wrapper_io_placed.rpt
report_io: Time (s): cpu = 00:00:00.08 ; elapsed = 00:00:00.13 . Memory (MB): peak = 2858.352 ; gain = 0.000 ; free physical = 1555 ; free virtual = 9045
INFO: [Timing 38-480] Writing timing data to binary archive.
Write ShapeDB Complete: Time (s): cpu = 00:00:00 ; elapsed = 00:00:00 . Memory (MB): peak = 2858.352 ; gain = 0.000 ; free physical = 1555 ; free virtual = 9045
Wrote PlaceDB: Time (s): cpu = 00:00:00.02 ; elapsed = 00:00:00.01 . Memory (MB): peak = 2858.352 ; gain = 0.000 ; free physical = 1554 ; free virtual = 9044
Wrote PulsedLatchDB: Time (s): cpu = 00:00:00 ; elapsed = 00:00:00 . Memory (MB): peak = 2858.352 ; gain = 0.000 ; free physical = 1554 ; free virtual = 9044
Writing XDEF routing.
Writing XDEF routing logical nets.
Writing XDEF routing special nets.
Wrote RouteStorage: Time (s): cpu = 00:00:00.01 ; elapsed = 00:00:00.01 . Memory (MB): peak = 2858.352 ; gain = 0.000 ; free physical = 1554 ; free virtual = 9044
Wrote Netlist Cache: Time (s): cpu = 00:00:00 ; elapsed = 00:00:00 . Memory (MB): peak = 2858.352 ; gain = 0.000 ; free physical = 1554 ; free virtual = 9044
Wrote Device Cache: Time (s): cpu = 00:00:00.01 ; elapsed = 00:00:00 . Memory (MB): peak = 2858.352 ; gain = 0.000 ; free physical = 1554 ; free virtual = 9045
Write Physdb Complete: Time (s): cpu = 00:00:00.05 ; elapsed = 00:00:00.02 . Memory (MB): peak = 2858.352 ; gain = 0.000 ; free physical = 1554 ; free virtual = 9045
INFO: [Common 17-1381] The checkpoint '/home/lenovo/Simulation_Linux/HLS/Parallel_Serial_Sys_Vivado/Parallel_Serial_Sys_Vivado.runs/impl_1/paralle_serial_sys_wrapper_placed.dcp' has been generated.
Command: phys_opt_design
Attempting to get a license for feature 'Implementation' and/or device 'xc7a35t'
INFO: [Common 17-349] Got license for feature 'Implementation' and/or device 'xc7a35t'

Starting Initial Update Timing Task

Time (s): cpu = 00:00:00.03 ; elapsed = 00:00:00.03 . Memory (MB): peak = 2858.352 ; gain = 0.000 ; free physical = 1540 ; free virtual = 9030
INFO: [Vivado_Tcl 4-2279] Estimated Timing Summary | WNS= 3.198 | TNS= 0.000 | 
INFO: [Vivado_Tcl 4-383] Design worst setup slack (WNS) is greater than or equal to 0.000 ns. All physical synthesis setup optimizations will be skipped.
INFO: [Vivado_Tcl 4-232] No setup violation found. The netlist was not modified.
INFO: [Common 17-83] Releasing license: Implementation
82 Infos, 1 Warnings, 0 Critical Warnings and 0 Errors encountered.
phys_opt_design completed successfully
INFO: [Timing 38-480] Writing timing data to binary archive.
Write ShapeDB Complete: Time (s): cpu = 00:00:00.01 ; elapsed = 00:00:00 . Memory (MB): peak = 2858.352 ; gain = 0.000 ; free physical = 1540 ; free virtual = 9030
Wrote PlaceDB: Time (s): cpu = 00:00:00.03 ; elapsed = 00:00:00 . Memory (MB): peak = 2858.352 ; gain = 0.000 ; free physical = 1538 ; free virtual = 9028
Wrote PulsedLatchDB: Time (s): cpu = 00:00:00 ; elapsed = 00:00:00 . Memory (MB): peak = 2858.352 ; gain = 0.000 ; free physical = 1538 ; free virtual = 9028
Writing XDEF routing.
Writing XDEF routing logical nets.
Writing XDEF routing special nets.
Wrote RouteStorage: Time (s): cpu = 00:00:00.01 ; elapsed = 00:00:00.01 . Memory (MB): peak = 2858.352 ; gain = 0.000 ; free physical = 1538 ; free virtual = 9028
Wrote Netlist Cache: Time (s): cpu = 00:00:00 ; elapsed = 00:00:00 . Memory (MB): peak = 2858.352 ; gain = 0.000 ; free physical = 1538 ; free virtual = 9028
Wrote Device Cache: Time (s): cpu = 00:00:00.01 ; elapsed = 00:00:00.01 . Memory (MB): peak = 2858.352 ; gain = 0.000 ; free physical = 1538 ; free virtual = 9029
Write Physdb Complete: Time (s): cpu = 00:00:00.05 ; elapsed = 00:00:00.02 . Memory (MB): peak = 2858.352 ; gain = 0.000 ; free physical = 1538 ; free virtual = 9029
INFO: [Common 17-1381] The checkpoint '/home/lenovo/Simulation_Linux/HLS/Parallel_Serial_Sys_Vivado/Parallel_Serial_Sys_Vivado.runs/impl_1/paralle_serial_sys_wrapper_physopt.dcp' has been generated.
Command: route_design
Attempting to get a license for feature 'Implementation' and/or device 'xc7a35t'
INFO: [Common 17-349] Got license for feature 'Implementation' and/or device 'xc7a35t'


Starting Routing Task
INFO: [Route 35-254] Multithreading enabled for route_design using a maximum of 8 CPUs

Phase 1 Build RT Design
Checksum: PlaceDB: 47956510 ConstDB: 0 ShapeSum: 26291acb RouteDB: a0815c57
Post Restoration Checksum: NetGraph: 74d15ff | NumContArr: 32f62c12 | Constraints: c2a8fa9d | Timing: c2a8fa9d
Phase 1 Build RT Design | Checksum: 1bf95374b

Time (s): cpu = 00:00:11 ; elapsed = 00:00:09 . Memory (MB): peak = 2937.762 ; gain = 79.410 ; free physical = 1399 ; free virtual = 8888

Phase 2 Router Initialization

Phase 2.1 Fix Topology Constraints
Phase 2.1 Fix Topology Constraints | Checksum: 1bf95374b

Time (s): cpu = 00:00:11 ; elapsed = 00:00:09 . Memory (MB): peak = 2937.762 ; gain = 79.410 ; free physical = 1399 ; free virtual = 8888

Phase 2.2 Pre Route Cleanup
Phase 2.2 Pre Route Cleanup | Checksum: 1bf95374b

Time (s): cpu = 00:00:11 ; elapsed = 00:00:09 . Memory (MB): peak = 2937.762 ; gain = 79.410 ; free physical = 1399 ; free virtual = 8888
 Number of Nodes with overlaps = 0

Phase 2.3 Update Timing
Phase 2.3 Update Timing | Checksum: 1e31c029b

Time (s): cpu = 00:00:11 ; elapsed = 00:00:10 . Memory (MB): peak = 2962.762 ; gain = 104.410 ; free physical = 1384 ; free virtual = 8873
INFO: [Route 35-416] Intermediate Timing Summary | WNS=3.253  | TNS=0.000  | WHS=-0.074 | THS=-2.089 |


Phase 2.4 Soft Constraint Pins - Fast Budgeting
Phase 2.4 Soft Constraint Pins - Fast Budgeting | Checksum: 1cfd4ef96

Time (s): cpu = 00:00:11 ; elapsed = 00:00:10 . Memory (MB): peak = 2978.762 ; gain = 120.410 ; free physical = 1384 ; free virtual = 8873

Router Utilization Summary
  Global Vertical Routing Utilization    = 0 %
  Global Horizontal Routing Utilization  = 0 %
  Routable Net Status*
  *Does not include unroutable nets such as driverless and loadless.
  Run report_route_status for detailed report.
  Number of Failed Nets               = 205
    (Failed Nets is the sum of unrouted and partially routed nets)
  Number of Unrouted Nets             = 205
  Number of Partially Routed Nets     = 0
  Number of Node Overlaps             = 0

Phase 2 Router Initialization | Checksum: 1cfd4ef96

Time (s): cpu = 00:00:12 ; elapsed = 00:00:10 . Memory (MB): peak = 2978.762 ; gain = 120.410 ; free physical = 1384 ; free virtual = 8873

Phase 3 Global Routing
Phase 3 Global Routing | Checksum: 1cfd4ef96

Time (s): cpu = 00:00:12 ; elapsed = 00:00:10 . Memory (MB): peak = 2978.762 ; gain = 120.410 ; free physical = 1384 ; free virtual = 8873

Phase 4 Initial Routing

Phase 4.1 Initial Net Routing Pass
Phase 4.1 Initial Net Routing Pass | Checksum: 27049648b

Time (s): cpu = 00:00:12 ; elapsed = 00:00:10 . Memory (MB): peak = 2978.762 ; gain = 120.410 ; free physical = 1384 ; free virtual = 8873
Phase 4 Initial Routing | Checksum: 27049648b

Time (s): cpu = 00:00:12 ; elapsed = 00:00:10 . Memory (MB): peak = 2978.762 ; gain = 120.410 ; free physical = 1384 ; free virtual = 8873

Phase 5 Rip-up And Reroute

Phase 5.1 Global Iteration 0
 Number of Nodes with overlaps = 36
 Number of Nodes with overlaps = 3
 Number of Nodes with overlaps = 0
INFO: [Route 35-416] Intermediate Timing Summary | WNS=2.712  | TNS=0.000  | WHS=N/A    | THS=N/A    |

Phase 5.1 Global Iteration 0 | Checksum: 2dee9e69a

Time (s): cpu = 00:00:12 ; elapsed = 00:00:10 . Memory (MB): peak = 2978.762 ; gain = 120.410 ; free physical = 1384 ; free virtual = 8873
Phase 5 Rip-up And Reroute | Checksum: 2dee9e69a

Time (s): cpu = 00:00:12 ; elapsed = 00:00:10 . Memory (MB): peak = 2978.762 ; gain = 120.410 ; free physical = 1384 ; free virtual = 8873

Phase 6 Delay and Skew Optimization

Phase 6.1 Delay CleanUp
Phase 6.1 Delay CleanUp | Checksum: 2dee9e69a

Time (s): cpu = 00:00:12 ; elapsed = 00:00:10 . Memory (MB): peak = 2978.762 ; gain = 120.410 ; free physical = 1384 ; free virtual = 8873

Phase 6.2 Clock Skew Optimization
Phase 6.2 Clock Skew Optimization | Checksum: 2dee9e69a

Time (s): cpu = 00:00:12 ; elapsed = 00:00:10 . Memory (MB): peak = 2978.762 ; gain = 120.410 ; free physical = 1384 ; free virtual = 8873
Phase 6 Delay and Skew Optimization | Checksum: 2dee9e69a

Time (s): cpu = 00:00:12 ; elapsed = 00:00:10 . Memory (MB): peak = 2978.762 ; gain = 120.410 ; free physical = 1384 ; free virtual = 8873

Phase 7 Post Hold Fix

Phase 7.1 Hold Fix Iter
INFO: [Route 35-416] Intermediate Timing Summary | WNS=2.791  | TNS=0.000  | WHS=0.175  | THS=0.000  |

Phase 7.1 Hold Fix Iter | Checksum: 28ddd8157

Time (s): cpu = 00:00:12 ; elapsed = 00:00:10 . Memory (MB): peak = 2978.762 ; gain = 120.410 ; free physical = 1384 ; free virtual = 8873
Phase 7 Post Hold Fix | Checksum: 28ddd8157

Time (s): cpu = 00:00:12 ; elapsed = 00:00:10 . Memory (MB): peak = 2978.762 ; gain = 120.410 ; free physical = 1384 ; free virtual = 8873

Phase 8 Route finalize

Router Utilization Summary
  Global Vertical Routing Utilization    = 0.036913 %
  Global Horizontal Routing Utilization  = 0.0340968 %
  Routable Net Status*
  *Does not include unroutable nets such as driverless and loadless.
  Run report_route_status for detailed report.
  Number of Failed Nets               = 0
    (Failed Nets is the sum of unrouted and partially routed nets)
  Number of Unrouted Nets             = 0
  Number of Partially Routed Nets     = 0
  Number of Node Overlaps             = 0

Phase 8 Route finalize | Checksum: 28ddd8157

Time (s): cpu = 00:00:12 ; elapsed = 00:00:10 . Memory (MB): peak = 2978.762 ; gain = 120.410 ; free physical = 1384 ; free virtual = 8873

Phase 9 Verifying routed nets

 Verification completed successfully
Phase 9 Verifying routed nets | Checksum: 28ddd8157

Time (s): cpu = 00:00:12 ; elapsed = 00:00:10 . Memory (MB): peak = 2978.762 ; gain = 120.410 ; free physical = 1383 ; free virtual = 8872

Phase 10 Depositing Routes
Phase 10 Depositing Routes | Checksum: 234961a7a

Time (s): cpu = 00:00:12 ; elapsed = 00:00:10 . Memory (MB): peak = 2978.762 ; gain = 120.410 ; free physical = 1383 ; free virtual = 8872

Phase 11 Post Process Routing
Phase 11 Post Process Routing | Checksum: 234961a7a

Time (s): cpu = 00:00:12 ; elapsed = 00:00:10 . Memory (MB): peak = 2978.762 ; gain = 120.410 ; free physical = 1383 ; free virtual = 8872

Phase 12 Post Router Timing
INFO: [Route 35-57] Estimated Timing Summary | WNS=2.791  | TNS=0.000  | WHS=0.175  | THS=0.000  |

INFO: [Route 35-327] The final timing numbers are based on the router estimated timing analysis. For a complete and accurate timing signoff, please run report_timing_summary.
Phase 12 Post Router Timing | Checksum: 234961a7a

Time (s): cpu = 00:00:12 ; elapsed = 00:00:10 . Memory (MB): peak = 2978.762 ; gain = 120.410 ; free physical = 1383 ; free virtual = 8872
Total Elapsed time in route_design: 9.84 secs

Phase 13 Post-Route Event Processing
Phase 13 Post-Route Event Processing | Checksum: 6ecb471a

Time (s): cpu = 00:00:12 ; elapsed = 00:00:10 . Memory (MB): peak = 2978.762 ; gain = 120.410 ; free physical = 1383 ; free virtual = 8872
INFO: [Route 35-16] Router Completed Successfully
Ending Routing Task | Checksum: 6ecb471a

Time (s): cpu = 00:00:12 ; elapsed = 00:00:10 . Memory (MB): peak = 2978.762 ; gain = 120.410 ; free physical = 1383 ; free virtual = 8872

Routing Is Done.
INFO: [Common 17-83] Releasing license: Implementation
93 Infos, 1 Warnings, 0 Critical Warnings and 0 Errors encountered.
route_design completed successfully
route_design: Time (s): cpu = 00:00:12 ; elapsed = 00:00:10 . Memory (MB): peak = 2978.762 ; gain = 120.410 ; free physical = 1383 ; free virtual = 8872
INFO: [Vivado 12-24828] Executing command : report_drc -file paralle_serial_sys_wrapper_drc_routed.rpt -pb paralle_serial_sys_wrapper_drc_routed.pb -rpx paralle_serial_sys_wrapper_drc_routed.rpx
Command: report_drc -file paralle_serial_sys_wrapper_drc_routed.rpt -pb paralle_serial_sys_wrapper_drc_routed.pb -rpx paralle_serial_sys_wrapper_drc_routed.rpx
INFO: [IP_Flow 19-1839] IP Catalog is up to date.
INFO: [DRC 23-27] Running DRC with 8 threads
INFO: [Vivado_Tcl 2-168] The results of DRC are in file /home/lenovo/Simulation_Linux/HLS/Parallel_Serial_Sys_Vivado/Parallel_Serial_Sys_Vivado.runs/impl_1/paralle_serial_sys_wrapper_drc_routed.rpt.
report_drc completed successfully
INFO: [Vivado 12-24828] Executing command : report_methodology -file paralle_serial_sys_wrapper_methodology_drc_routed.rpt -pb paralle_serial_sys_wrapper_methodology_drc_routed.pb -rpx paralle_serial_sys_wrapper_methodology_drc_routed.rpx
Command: report_methodology -file paralle_serial_sys_wrapper_methodology_drc_routed.rpt -pb paralle_serial_sys_wrapper_methodology_drc_routed.pb -rpx paralle_serial_sys_wrapper_methodology_drc_routed.rpx
INFO: [Timing 38-35] Done setting XDC timing constraints.
INFO: [DRC 23-133] Running Methodology with 8 threads
INFO: [Vivado_Tcl 2-1520] The results of Report Methodology are in file /home/lenovo/Simulation_Linux/HLS/Parallel_Serial_Sys_Vivado/Parallel_Serial_Sys_Vivado.runs/impl_1/paralle_serial_sys_wrapper_methodology_drc_routed.rpt.
report_methodology completed successfully
INFO: [Vivado 12-24828] Executing command : report_timing_summary -max_paths 10 -routable_nets -report_unconstrained -file paralle_serial_sys_wrapper_timing_summary_routed.rpt -pb paralle_serial_sys_wrapper_timing_summary_routed.pb -rpx paralle_serial_sys_wrapper_timing_summary_routed.rpx -warn_on_violation 
INFO: [Timing 38-35] Done setting XDC timing constraints.
INFO: [Timing 38-91] UpdateTimingParams: Speed grade: -1, Delay Type: min_max.
INFO: [Timing 38-191] Multithreading enabled for timing update using a maximum of 8 CPUs
INFO: [Vivado 12-24838] Running report commands "report_bus_skew, report_incremental_reuse, report_route_status" in parallel.
Running report generation with 3 threads.
INFO: [Vivado 12-24828] Executing command : report_route_status -file paralle_serial_sys_wrapper_route_status.rpt -pb paralle_serial_sys_wrapper_route_status.pb
INFO: [Vivado 12-24828] Executing command : report_incremental_reuse -file paralle_serial_sys_wrapper_incremental_reuse_routed.rpt
INFO: [Vivado_Tcl 4-1062] Incremental flow is disabled. No incremental reuse Info to report.
INFO: [Vivado 12-24828] Executing command : report_bus_skew -warn_on_violation -file paralle_serial_sys_wrapper_bus_skew_routed.rpt -pb paralle_serial_sys_wrapper_bus_skew_routed.pb -rpx paralle_serial_sys_wrapper_bus_skew_routed.rpx
INFO: [Timing 38-91] UpdateTimingParams: Speed grade: -1, Delay Type: min_max.
INFO: [Timing 38-191] Multithreading enabled for timing update using a maximum of 8 CPUs
INFO: [Vivado 12-24828] Executing command : report_power -file paralle_serial_sys_wrapper_power_routed.rpt -pb paralle_serial_sys_wrapper_power_summary_routed.pb -rpx paralle_serial_sys_wrapper_power_routed.rpx
Command: report_power -file paralle_serial_sys_wrapper_power_routed.rpt -pb paralle_serial_sys_wrapper_power_summary_routed.pb -rpx paralle_serial_sys_wrapper_power_routed.rpx
Running Vector-less Activity Propagation...

Finished Running Vector-less Activity Propagation
113 Infos, 1 Warnings, 0 Critical Warnings and 0 Errors encountered.
report_power completed successfully
INFO: [Vivado 12-24828] Executing command : report_clock_utilization -file paralle_serial_sys_wrapper_clock_utilization_routed.rpt
INFO: [Timing 38-480] Writing timing data to binary archive.
Write ShapeDB Complete: Time (s): cpu = 00:00:00 ; elapsed = 00:00:00 . Memory (MB): peak = 3110.246 ; gain = 0.000 ; free physical = 1280 ; free virtual = 8770
Wrote PlaceDB: Time (s): cpu = 00:00:00.02 ; elapsed = 00:00:00.01 . Memory (MB): peak = 3110.246 ; gain = 0.000 ; free physical = 1280 ; free virtual = 8770
Wrote PulsedLatchDB: Time (s): cpu = 00:00:00 ; elapsed = 00:00:00 . Memory (MB): peak = 3110.246 ; gain = 0.000 ; free physical = 1280 ; free virtual = 8770
Writing XDEF routing.
Writing XDEF routing logical nets.
Writing XDEF routing special nets.
Wrote RouteStorage: Time (s): cpu = 00:00:00.03 ; elapsed = 00:00:00.01 . Memory (MB): peak = 3110.246 ; gain = 0.000 ; free physical = 1280 ; free virtual = 8770
Wrote Netlist Cache: Time (s): cpu = 00:00:00 ; elapsed = 00:00:00 . Memory (MB): peak = 3110.246 ; gain = 0.000 ; free physical = 1280 ; free virtual = 8770
Wrote Device Cache: Time (s): cpu = 00:00:00.01 ; elapsed = 00:00:00 . Memory (MB): peak = 3110.246 ; gain = 0.000 ; free physical = 1279 ; free virtual = 8770
Write Physdb Complete: Time (s): cpu = 00:00:00.06 ; elapsed = 00:00:00.02 . Memory (MB): peak = 3110.246 ; gain = 0.000 ; free physical = 1279 ; free virtual = 8770
INFO: [Common 17-1381] The checkpoint '/home/lenovo/Simulation_Linux/HLS/Parallel_Serial_Sys_Vivado/Parallel_Serial_Sys_Vivado.runs/impl_1/paralle_serial_sys_wrapper_routed.dcp' has been generated.
Command: write_bitstream -force paralle_serial_sys_wrapper.bit
Attempting to get a license for feature 'Implementation' and/or device 'xc7a35t'
INFO: [Common 17-349] Got license for feature 'Implementation' and/or device 'xc7a35t'
Running DRC as a precondition to command write_bitstream
INFO: [IP_Flow 19-1839] IP Catalog is up to date.
INFO: [DRC 23-27] Running DRC with 8 threads
INFO: [Vivado 12-3199] DRC finished with 0 Errors
INFO: [Vivado 12-3200] Please refer to the DRC report (report_drc) for more information.
INFO: [Designutils 20-2272] Running write_bitstream with 8 threads.
Loading data files...
Loading site data...
Loading route data...
Processing options...
Creating bitmap...
Creating bitstream...
Writing bitstream ./paralle_serial_sys_wrapper.bit...
INFO: [Vivado 12-1842] Bitgen Completed Successfully.
INFO: [Project 1-1876] WebTalk data collection is mandatory when using a ULT device. To see the specific WebTalk data collected for your design, open the usage_statistics_webtalk.html or usage_statistics_webtalk.xml file in the implementation directory.
INFO: [Common 17-83] Releasing license: Implementation
125 Infos, 1 Warnings, 0 Critical Warnings and 0 Errors encountered.
write_bitstream completed successfully
write_bitstream: Time (s): cpu = 00:00:08 ; elapsed = 00:00:10 . Memory (MB): peak = 3362.230 ; gain = 237.930 ; free physical = 1009 ; free virtual = 8505
INFO: [Common 17-206] Exiting Vivado at Mon Mar  2 08:43:58 2026...
