#-----------------------------------------------------------
# Vivado v2025.1 (64-bit)
# SW Build 6140274 on Wed May 21 22:58:25 MDT 2025
# IP Build 6138677 on Thu May 22 03:10:11 MDT 2025
# SharedData Build 6139179 on Tue May 20 17:58:58 MDT 2025
# Start of session at: Mon Mar  2 08:43:19 2026
# Process ID         : 18405
# Current directory  : /home/lenovo/Simulation_Linux/HLS/Parallel_Serial_Sys_Vivado/Parallel_Serial_Sys_Vivado.runs/impl_1
# Command line       : vivado -log paralle_serial_sys_wrapper.vdi -applog -product Vivado -messageDb vivado.pb -mode batch -source paralle_serial_sys_wrapper.tcl -notrace
# Log file           : /home/lenovo/Simulation_Linux/HLS/Parallel_Serial_Sys_Vivado/Parallel_Serial_Sys_Vivado.runs/impl_1/paralle_serial_sys_wrapper.vdi
# Journal file       : /home/lenovo/Simulation_Linux/HLS/Parallel_Serial_Sys_Vivado/Parallel_Serial_Sys_Vivado.runs/impl_1/vivado.jou
# Running On         : lenovo-Legion-5-17ACH6H
# Platform           : Ubuntu
# Operating System   : Ubuntu 24.04.2 LTS
# Processor Detail   : AMD Ryzen 5 5600H with Radeon Graphics
# CPU Frequency      : 3476.950 MHz
# CPU Physical cores : 6
# CPU Logical cores  : 12
# Host memory        : 14496 MB
# Swap memory        : 2147 MB
# Total Virtual      : 16644 MB
# Available Virtual  : 11131 MB
#-----------------------------------------------------------
source paralle_serial_sys_wrapper.tcl -notrace
