

================================================================
== Synthesis Summary Report of 'led_via_switche'
================================================================
+ General Information: 
    * Date:           Tue Oct  7 12:29:05 2025
    * Version:        2025.1 (Build 6135595 on May 21 2025)
    * Project:        SwitcheLED_Vitis
    * Solution:       hls (Vivado IP Flow Target)
    * Product family: artix7
    * Target device:  xc7a35t-cpg236-1
    

+ Performance & Resource Estimates: 
    
    PS: '+' for module; 'o' for loop; '*' for dataflow
    +-------------------+------+------+---------+-------+----------+---------+------+----------+------+----+---+----+-----+
    |      Modules      | Issue|      |     Latency     | Iteration|         | Trip |          |      |    |   |    |     |
    |      & Loops      | Type | Slack| (cycles)|  (ns) |  Latency | Interval| Count| Pipelined| BRAM | DSP| FF| LUT| URAM|
    +-------------------+------+------+---------+-------+----------+---------+------+----------+------+----+---+----+-----+
    |+ led_via_switche  |     -|  7.30|        0|  0.000|         -|        1|     -|        no|     -|   -|  -|   -|    -|
    +-------------------+------+------+---------+-------+----------+---------+------+----------+------+----+---+----+-----+


================================================================
== HW Interfaces
================================================================
* Other Ports
+---------------+---------+-----------+----------+
| Port          | Mode    | Direction | Bitwidth |
+---------------+---------+-----------+----------+
| led           | ap_none | out       | 8        |
| switche_state | ap_none | in        | 8        |
+---------------+---------+-----------+----------+

* TOP LEVEL CONTROL
+-----------+--------------+--------+
| Interface | Type         | Ports  |
+-----------+--------------+--------+
| ap_rst    | reset        | ap_rst |
| ap_ctrl   | ap_ctrl_none |        |
+-----------+--------------+--------+


================================================================
== SW I/O Information
================================================================
* Top Function Arguments
+---------------+-----------+----------------+
| Argument      | Direction | Datatype       |
+---------------+-----------+----------------+
| switche_state | in        | unsigned char  |
| led           | out       | unsigned char* |
+---------------+-----------+----------------+

* SW-to-HW Mapping
+---------------+---------------+---------+
| Argument      | HW Interface  | HW Type |
+---------------+---------------+---------+
| switche_state | switche_state | port    |
| led           | led           | port    |
+---------------+---------------+---------+


================================================================
== Bind Op Report
================================================================
  No bind op info in design

================================================================
== Storage Report
================================================================
  No bind storage info in design

================================================================
== Pragma Report
================================================================
* Valid Pragma Syntax
+-----------+---------------------------------+--------------------------------------------------------+
| Type      | Options                         | Location                                               |
+-----------+---------------------------------+--------------------------------------------------------+
| INTERFACE | mode=ap_none port=switche_state | main_switche_led.c:9 in led_via_switche, switche_state |
| INTERFACE | mode=ap_none port=led           | main_switche_led.c:11 in led_via_switche, led          |
| INTERFACE | mode=ap_ctrl_none port=return   | main_switche_led.c:13 in led_via_switche, return       |
+-----------+---------------------------------+--------------------------------------------------------+


