
*** Running vivado
    with args -log switche_LED_wrapper.vdi -applog -m64 -product Vivado -messageDb vivado.pb -mode batch -source switche_LED_wrapper.tcl -notrace


****** Vivado v2025.1 (64-bit)
  **** SW Build 6140274 on Wed May 21 22:58:25 MDT 2025
  **** IP Build 6138677 on Thu May 22 03:10:11 MDT 2025
  **** SharedData Build 6139179 on Tue May 20 17:58:58 MDT 2025
  **** Start of session at: Tue Oct  7 13:28:07 2025
    ** Copyright 1986-2022 Xilinx, Inc. All Rights Reserved.
    ** Copyright 2022-2025 Advanced Micro Devices, Inc. All Rights Reserved.

source switche_LED_wrapper.tcl -notrace
INFO: [IP_Flow 19-234] Refreshing IP repositories
INFO: [IP_Flow 19-1700] Loaded user IP repository '/home/lenovo/Simulation_Linux/HLS'.
WARNING: [IP_Flow 19-3656] If you move the project, the path for repository '/home/lenovo/Simulation_Linux/HLS' may become invalid. A better location for the repository would be in a path adjacent to the project. (Current project location is '/home/lenovo/Simulation_Linux/HLS/SwitcheLed_Vivado/SwitcheLed_Vivado.runs/impl_1'.)
INFO: [IP_Flow 19-2313] Loaded Vivado IP repository '/opt/Xilinx/2025.1/Vivado/data/ip'.
Command: link_design -top switche_LED_wrapper -part xc7a35tcpg236-1
Design is defaulting to srcset: sources_1
Design is defaulting to constrset: constrs_1
INFO: [Device 21-403] Loading part xc7a35tcpg236-1
INFO: [Project 1-5699] Read binary netlist with skipMacroContent - 1
INFO: [Project 1-454] Reading design checkpoint '/home/lenovo/Simulation_Linux/HLS/SwitcheLed_Vivado/SwitcheLed_Vivado.gen/sources_1/bd/switche_LED/ip/switche_LED_led_via_switche_0_0/switche_LED_led_via_switche_0_0.dcp' for cell 'switche_LED_i/led_via_switche_0'
Netlist sorting complete. Time (s): cpu = 00:00:00 ; elapsed = 00:00:00 . Memory (MB): peak = 1673.250 ; gain = 0.000 ; free physical = 1302 ; free virtual = 9427
INFO: [Project 1-479] Netlist was created with Vivado 2025.1
INFO: [Project 1-570] Preparing netlist for logic optimization
Parsing XDC File [/home/lenovo/Simulation_Linux/HLS/SwitcheLed_Vivado/SwitcheLed_Vivado.srcs/constrs_1/new/switcheLed.xdc]
Finished Parsing XDC File [/home/lenovo/Simulation_Linux/HLS/SwitcheLed_Vivado/SwitcheLed_Vivado.srcs/constrs_1/new/switcheLed.xdc]
INFO: [Opt 31-138] Pushed 0 inverter(s) to 0 load pin(s).
Netlist sorting complete. Time (s): cpu = 00:00:00 ; elapsed = 00:00:00 . Memory (MB): peak = 1774.109 ; gain = 0.000 ; free physical = 1200 ; free virtual = 9324
INFO: [Project 1-111] Unisim Transformation Summary:
No Unisim elements were transformed.

10 Infos, 1 Warnings, 0 Critical Warnings and 0 Errors encountered.
link_design completed successfully
Command: opt_design
Attempting to get a license for feature 'Implementation' and/or device 'xc7a35t'
INFO: [Common 17-349] Got license for feature 'Implementation' and/or device 'xc7a35t'
Running DRC as a precondition to command opt_design

Starting DRC Task
INFO: [DRC 23-27] Running DRC with 8 threads
INFO: [Project 1-461] DRC finished with 0 Errors
INFO: [Project 1-462] Please refer to the DRC report (report_drc) for more information.

Time (s): cpu = 00:00:04 ; elapsed = 00:00:00.98 . Memory (MB): peak = 1959.500 ; gain = 185.355 ; free physical = 1089 ; free virtual = 9215

Starting Cache Timing Information Task
INFO: [Timing 38-35] Done setting XDC timing constraints.
Ending Cache Timing Information Task | Checksum: 2773f507e

Time (s): cpu = 00:00:04 ; elapsed = 00:00:04 . Memory (MB): peak = 2307.453 ; gain = 347.953 ; free physical = 700 ; free virtual = 8842

Starting Logic Optimization Task

Phase 1 Initialization

Phase 1.1 Core Generation And Design Setup
Phase 1.1 Core Generation And Design Setup | Checksum: 2773f507e

Time (s): cpu = 00:00:00 ; elapsed = 00:00:00 . Memory (MB): peak = 2671.172 ; gain = 0.000 ; free physical = 337 ; free virtual = 8480

Phase 1.2 Setup Constraints And Sort Netlist
Phase 1.2 Setup Constraints And Sort Netlist | Checksum: 2773f507e

Time (s): cpu = 00:00:00 ; elapsed = 00:00:00.01 . Memory (MB): peak = 2671.172 ; gain = 0.000 ; free physical = 337 ; free virtual = 8480
Phase 1 Initialization | Checksum: 2773f507e

Time (s): cpu = 00:00:00 ; elapsed = 00:00:00.01 . Memory (MB): peak = 2671.172 ; gain = 0.000 ; free physical = 337 ; free virtual = 8480

Phase 2 Timer Update And Timing Data Collection

Phase 2.1 Timer Update
Phase 2.1 Timer Update | Checksum: 2773f507e

Time (s): cpu = 00:00:00.01 ; elapsed = 00:00:00.01 . Memory (MB): peak = 2671.172 ; gain = 0.000 ; free physical = 337 ; free virtual = 8480

Phase 2.2 Timing Data Collection
Phase 2.2 Timing Data Collection | Checksum: 2773f507e

Time (s): cpu = 00:00:00.01 ; elapsed = 00:00:00.01 . Memory (MB): peak = 2671.172 ; gain = 0.000 ; free physical = 337 ; free virtual = 8480
Phase 2 Timer Update And Timing Data Collection | Checksum: 2773f507e

Time (s): cpu = 00:00:00.01 ; elapsed = 00:00:00.01 . Memory (MB): peak = 2671.172 ; gain = 0.000 ; free physical = 337 ; free virtual = 8480

Phase 3 Retarget
INFO: [Opt 31-1851] Number of loadless carry chains removed were: 0
INFO: [Opt 31-1834] Total Chains To Be Transformed Were: 0 AND Number of Transformed insts Created are: 0
INFO: [Opt 31-138] Pushed 0 inverter(s) to 0 load pin(s).
INFO: [Opt 31-49] Retargeted 0 cell(s).
Phase 3 Retarget | Checksum: 2773f507e

Time (s): cpu = 00:00:00.01 ; elapsed = 00:00:00.02 . Memory (MB): peak = 2671.172 ; gain = 0.000 ; free physical = 337 ; free virtual = 8480
Retarget | Checksum: 2773f507e
INFO: [Opt 31-389] Phase Retarget created 0 cells and removed 0 cells

Phase 4 Constant propagation
INFO: [Opt 31-138] Pushed 0 inverter(s) to 0 load pin(s).
Phase 4 Constant propagation | Checksum: 2773f507e

Time (s): cpu = 00:00:00.01 ; elapsed = 00:00:00.02 . Memory (MB): peak = 2671.172 ; gain = 0.000 ; free physical = 337 ; free virtual = 8480
Constant propagation | Checksum: 2773f507e
INFO: [Opt 31-389] Phase Constant propagation created 0 cells and removed 0 cells

Phase 5 Sweep
INFO: [Constraints 18-11670] Building netlist checker database with flags, 0x8
Done building netlist checker database: Time (s): cpu = 00:00:00 ; elapsed = 00:00:00 . Memory (MB): peak = 2671.172 ; gain = 0.000 ; free physical = 337 ; free virtual = 8480
INFO: [Constraints 18-11670] Building netlist checker database with flags, 0x8
Done building netlist checker database: Time (s): cpu = 00:00:00 ; elapsed = 00:00:00 . Memory (MB): peak = 2671.172 ; gain = 0.000 ; free physical = 337 ; free virtual = 8480
Phase 5 Sweep | Checksum: 2b165fa9b

Time (s): cpu = 00:00:00.02 ; elapsed = 00:00:00.02 . Memory (MB): peak = 2671.172 ; gain = 0.000 ; free physical = 337 ; free virtual = 8480
Sweep | Checksum: 2b165fa9b
INFO: [Opt 31-389] Phase Sweep created 0 cells and removed 0 cells

Phase 6 BUFG optimization
Phase 6 BUFG optimization | Checksum: 2b165fa9b

Time (s): cpu = 00:00:00.02 ; elapsed = 00:00:00.03 . Memory (MB): peak = 2703.188 ; gain = 32.016 ; free physical = 337 ; free virtual = 8480
BUFG optimization | Checksum: 2b165fa9b
INFO: [Opt 31-662] Phase BUFG optimization created 0 cells of which 0 are BUFGs and removed 0 cells.

Phase 7 Shift Register Optimization
INFO: [Opt 31-1064] SRL Remap converted 0 SRLs to 0 registers and converted 0 registers of register chains to 0 SRLs
Phase 7 Shift Register Optimization | Checksum: 2b165fa9b

Time (s): cpu = 00:00:00.02 ; elapsed = 00:00:00.03 . Memory (MB): peak = 2703.188 ; gain = 32.016 ; free physical = 337 ; free virtual = 8480
Shift Register Optimization | Checksum: 2b165fa9b
INFO: [Opt 31-389] Phase Shift Register Optimization created 0 cells and removed 0 cells

Phase 8 Post Processing Netlist
Phase 8 Post Processing Netlist | Checksum: 2b165fa9b

Time (s): cpu = 00:00:00.02 ; elapsed = 00:00:00.03 . Memory (MB): peak = 2703.188 ; gain = 32.016 ; free physical = 337 ; free virtual = 8480
Post Processing Netlist | Checksum: 2b165fa9b
INFO: [Opt 31-389] Phase Post Processing Netlist created 0 cells and removed 0 cells

Phase 9 Finalization

Phase 9.1 Finalizing Design Cores and Updating Shapes
Phase 9.1 Finalizing Design Cores and Updating Shapes | Checksum: 2bffc46ab

Time (s): cpu = 00:00:00.02 ; elapsed = 00:00:00.03 . Memory (MB): peak = 2703.188 ; gain = 32.016 ; free physical = 337 ; free virtual = 8480

Phase 9.2 Verifying Netlist Connectivity

Starting Connectivity Check Task

Time (s): cpu = 00:00:00 ; elapsed = 00:00:00 . Memory (MB): peak = 2703.188 ; gain = 0.000 ; free physical = 337 ; free virtual = 8480
Phase 9.2 Verifying Netlist Connectivity | Checksum: 2bffc46ab

Time (s): cpu = 00:00:00.02 ; elapsed = 00:00:00.03 . Memory (MB): peak = 2703.188 ; gain = 32.016 ; free physical = 337 ; free virtual = 8480
Phase 9 Finalization | Checksum: 2bffc46ab

Time (s): cpu = 00:00:00.02 ; elapsed = 00:00:00.03 . Memory (MB): peak = 2703.188 ; gain = 32.016 ; free physical = 337 ; free virtual = 8480
Opt_design Change Summary
=========================


-------------------------------------------------------------------------------------------------------------------------
|  Phase                        |  #Cells created  |  #Cells Removed  |  #Constrained objects preventing optimizations  |
-------------------------------------------------------------------------------------------------------------------------
|  Retarget                     |               0  |               0  |                                              0  |
|  Constant propagation         |               0  |               0  |                                              0  |
|  Sweep                        |               0  |               0  |                                              0  |
|  BUFG optimization            |               0  |               0  |                                              0  |
|  Shift Register Optimization  |               0  |               0  |                                              0  |
|  Post Processing Netlist      |               0  |               0  |                                              0  |
-------------------------------------------------------------------------------------------------------------------------


Ending Logic Optimization Task | Checksum: 2bffc46ab

Time (s): cpu = 00:00:00.02 ; elapsed = 00:00:00.03 . Memory (MB): peak = 2703.188 ; gain = 32.016 ; free physical = 337 ; free virtual = 8480

Starting Power Optimization Task
INFO: [Pwropt 34-132] Skipping clock gating for clocks with a period < 2.00 ns.
Ending Power Optimization Task | Checksum: 2bffc46ab

Time (s): cpu = 00:00:00.01 ; elapsed = 00:00:00.01 . Memory (MB): peak = 2703.188 ; gain = 0.000 ; free physical = 337 ; free virtual = 8480

Starting Final Cleanup Task
Ending Final Cleanup Task | Checksum: 2bffc46ab

Time (s): cpu = 00:00:00 ; elapsed = 00:00:00 . Memory (MB): peak = 2703.188 ; gain = 0.000 ; free physical = 337 ; free virtual = 8480

Starting Netlist Obfuscation Task
Netlist sorting complete. Time (s): cpu = 00:00:00 ; elapsed = 00:00:00 . Memory (MB): peak = 2703.188 ; gain = 0.000 ; free physical = 337 ; free virtual = 8480
Ending Netlist Obfuscation Task | Checksum: 2bffc46ab

Time (s): cpu = 00:00:00 ; elapsed = 00:00:00 . Memory (MB): peak = 2703.188 ; gain = 0.000 ; free physical = 337 ; free virtual = 8480
INFO: [Common 17-83] Releasing license: Implementation
31 Infos, 1 Warnings, 0 Critical Warnings and 0 Errors encountered.
opt_design completed successfully
opt_design: Time (s): cpu = 00:00:09 ; elapsed = 00:00:07 . Memory (MB): peak = 2703.188 ; gain = 929.043 ; free physical = 337 ; free virtual = 8480
INFO: [Vivado 12-24828] Executing command : report_drc -file switche_LED_wrapper_drc_opted.rpt -pb switche_LED_wrapper_drc_opted.pb -rpx switche_LED_wrapper_drc_opted.rpx
Command: report_drc -file switche_LED_wrapper_drc_opted.rpt -pb switche_LED_wrapper_drc_opted.pb -rpx switche_LED_wrapper_drc_opted.rpx
INFO: [IP_Flow 19-1839] IP Catalog is up to date.
INFO: [DRC 23-27] Running DRC with 8 threads
INFO: [Vivado_Tcl 2-168] The results of DRC are in file /home/lenovo/Simulation_Linux/HLS/SwitcheLed_Vivado/SwitcheLed_Vivado.runs/impl_1/switche_LED_wrapper_drc_opted.rpt.
report_drc completed successfully
INFO: [Timing 38-480] Writing timing data to binary archive.
Write ShapeDB Complete: Time (s): cpu = 00:00:00 ; elapsed = 00:00:00 . Memory (MB): peak = 2758.719 ; gain = 0.000 ; free physical = 302 ; free virtual = 8445
Wrote PlaceDB: Time (s): cpu = 00:00:00 ; elapsed = 00:00:00 . Memory (MB): peak = 2758.719 ; gain = 0.000 ; free physical = 302 ; free virtual = 8445
Wrote PulsedLatchDB: Time (s): cpu = 00:00:00 ; elapsed = 00:00:00 . Memory (MB): peak = 2758.719 ; gain = 0.000 ; free physical = 302 ; free virtual = 8445
Writing XDEF routing.
Writing XDEF routing logical nets.
Writing XDEF routing special nets.
Wrote RouteStorage: Time (s): cpu = 00:00:00.02 ; elapsed = 00:00:00.01 . Memory (MB): peak = 2758.719 ; gain = 0.000 ; free physical = 302 ; free virtual = 8445
Wrote Netlist Cache: Time (s): cpu = 00:00:00 ; elapsed = 00:00:00 . Memory (MB): peak = 2758.719 ; gain = 0.000 ; free physical = 302 ; free virtual = 8445
Wrote Device Cache: Time (s): cpu = 00:00:00 ; elapsed = 00:00:00 . Memory (MB): peak = 2758.719 ; gain = 0.000 ; free physical = 302 ; free virtual = 8446
Write Physdb Complete: Time (s): cpu = 00:00:00.02 ; elapsed = 00:00:00.01 . Memory (MB): peak = 2758.719 ; gain = 0.000 ; free physical = 302 ; free virtual = 8446
INFO: [Common 17-1381] The checkpoint '/home/lenovo/Simulation_Linux/HLS/SwitcheLed_Vivado/SwitcheLed_Vivado.runs/impl_1/switche_LED_wrapper_opt.dcp' has been generated.
Command: place_design
Attempting to get a license for feature 'Implementation' and/or device 'xc7a35t'
INFO: [Common 17-349] Got license for feature 'Implementation' and/or device 'xc7a35t'
INFO: [Common 17-83] Releasing license: Implementation
INFO: [DRC 23-27] Running DRC with 8 threads
INFO: [Vivado_Tcl 4-198] DRC finished with 0 Errors
INFO: [Vivado_Tcl 4-199] Please refer to the DRC report (report_drc) for more information.
Running DRC as a precondition to command place_design
INFO: [DRC 23-27] Running DRC with 8 threads
INFO: [Vivado_Tcl 4-198] DRC finished with 0 Errors
INFO: [Vivado_Tcl 4-199] Please refer to the DRC report (report_drc) for more information.
INFO: [Place 30-611] Multithreading enabled for place_design using a maximum of 8 CPUs

Starting Placer Task

Phase 1 Placer Initialization

Phase 1.1 Placer Initialization Netlist Sorting
Netlist sorting complete. Time (s): cpu = 00:00:00 ; elapsed = 00:00:00 . Memory (MB): peak = 2802.172 ; gain = 0.000 ; free physical = 264 ; free virtual = 8408
Phase 1.1 Placer Initialization Netlist Sorting | Checksum: 1d5016e8f

Time (s): cpu = 00:00:00 ; elapsed = 00:00:00 . Memory (MB): peak = 2802.172 ; gain = 0.000 ; free physical = 264 ; free virtual = 8408
Netlist sorting complete. Time (s): cpu = 00:00:00 ; elapsed = 00:00:00 . Memory (MB): peak = 2802.172 ; gain = 0.000 ; free physical = 264 ; free virtual = 8408

Phase 1.2 IO Placement/ Clock Placement/ Build Placer Device
INFO: [Timing 38-35] Done setting XDC timing constraints.
Phase 1.2 IO Placement/ Clock Placement/ Build Placer Device | Checksum: 1d5016e8f

Time (s): cpu = 00:00:00.16 ; elapsed = 00:00:00.05 . Memory (MB): peak = 2858.199 ; gain = 56.027 ; free physical = 264 ; free virtual = 8408

Phase 1.3 Build Placer Netlist Model
Phase 1.3 Build Placer Netlist Model | Checksum: 27528facd

Time (s): cpu = 00:00:00.21 ; elapsed = 00:00:00.06 . Memory (MB): peak = 2858.199 ; gain = 56.027 ; free physical = 264 ; free virtual = 8408

Phase 1.4 Constrain Clocks/Macros
Phase 1.4 Constrain Clocks/Macros | Checksum: 27528facd

Time (s): cpu = 00:00:00.21 ; elapsed = 00:00:00.07 . Memory (MB): peak = 2858.199 ; gain = 56.027 ; free physical = 262 ; free virtual = 8408
Phase 1 Placer Initialization | Checksum: 27528facd

Time (s): cpu = 00:00:00.21 ; elapsed = 00:00:00.07 . Memory (MB): peak = 2858.199 ; gain = 56.027 ; free physical = 261 ; free virtual = 8407

Phase 2 Final Placement Cleanup
Netlist sorting complete. Time (s): cpu = 00:00:00 ; elapsed = 00:00:00 . Memory (MB): peak = 2858.199 ; gain = 0.000 ; free physical = 261 ; free virtual = 8407

Time (s): cpu = 00:00:00.21 ; elapsed = 00:00:00.07 . Memory (MB): peak = 2858.199 ; gain = 56.027 ; free physical = 261 ; free virtual = 8407
INFO: [Place 30-281] No place-able instance is found; design doesn't contain any instance or all instances are placed
Ending Placer Task | Checksum: 1d5016e8f

Time (s): cpu = 00:00:00.22 ; elapsed = 00:00:00.07 . Memory (MB): peak = 2858.199 ; gain = 56.027 ; free physical = 261 ; free virtual = 8407
48 Infos, 1 Warnings, 0 Critical Warnings and 0 Errors encountered.
place_design completed successfully
INFO: [Vivado 12-24838] Running report commands "report_control_sets, report_io, report_utilization" in parallel.
Running report generation with 3 threads.
INFO: [Vivado 12-24828] Executing command : report_control_sets -verbose -file switche_LED_wrapper_control_sets_placed.rpt
report_control_sets: Time (s): cpu = 00:00:00.02 ; elapsed = 00:00:00.05 . Memory (MB): peak = 2858.199 ; gain = 0.000 ; free physical = 255 ; free virtual = 8401
INFO: [Vivado 12-24828] Executing command : report_utilization -file switche_LED_wrapper_utilization_placed.rpt -pb switche_LED_wrapper_utilization_placed.pb
INFO: [Vivado 12-24828] Executing command : report_io -file switche_LED_wrapper_io_placed.rpt
report_io: Time (s): cpu = 00:00:00.06 ; elapsed = 00:00:00.12 . Memory (MB): peak = 2858.199 ; gain = 0.000 ; free physical = 240 ; free virtual = 8386
INFO: [Timing 38-480] Writing timing data to binary archive.
Write ShapeDB Complete: Time (s): cpu = 00:00:00 ; elapsed = 00:00:00 . Memory (MB): peak = 2858.199 ; gain = 0.000 ; free physical = 232 ; free virtual = 8378
Wrote PlaceDB: Time (s): cpu = 00:00:00 ; elapsed = 00:00:00 . Memory (MB): peak = 2858.199 ; gain = 0.000 ; free physical = 232 ; free virtual = 8378
Wrote PulsedLatchDB: Time (s): cpu = 00:00:00 ; elapsed = 00:00:00 . Memory (MB): peak = 2858.199 ; gain = 0.000 ; free physical = 232 ; free virtual = 8378
Writing XDEF routing.
Writing XDEF routing logical nets.
Writing XDEF routing special nets.
Wrote RouteStorage: Time (s): cpu = 00:00:00.02 ; elapsed = 00:00:00.01 . Memory (MB): peak = 2858.199 ; gain = 0.000 ; free physical = 232 ; free virtual = 8378
Wrote Netlist Cache: Time (s): cpu = 00:00:00 ; elapsed = 00:00:00 . Memory (MB): peak = 2858.199 ; gain = 0.000 ; free physical = 232 ; free virtual = 8378
Wrote Device Cache: Time (s): cpu = 00:00:00.01 ; elapsed = 00:00:00 . Memory (MB): peak = 2858.199 ; gain = 0.000 ; free physical = 232 ; free virtual = 8379
Write Physdb Complete: Time (s): cpu = 00:00:00.03 ; elapsed = 00:00:00.01 . Memory (MB): peak = 2858.199 ; gain = 0.000 ; free physical = 232 ; free virtual = 8379
INFO: [Common 17-1381] The checkpoint '/home/lenovo/Simulation_Linux/HLS/SwitcheLed_Vivado/SwitcheLed_Vivado.runs/impl_1/switche_LED_wrapper_placed.dcp' has been generated.
Command: phys_opt_design
Attempting to get a license for feature 'Implementation' and/or device 'xc7a35t'
INFO: [Common 17-349] Got license for feature 'Implementation' and/or device 'xc7a35t'

Starting Initial Update Timing Task

Time (s): cpu = 00:00:00 ; elapsed = 00:00:00.01 . Memory (MB): peak = 2858.199 ; gain = 0.000 ; free physical = 224 ; free virtual = 8371
INFO: [Vivado_Tcl 4-235] No timing constraint found. The netlist was not modified.
INFO: [Common 17-83] Releasing license: Implementation
57 Infos, 1 Warnings, 0 Critical Warnings and 0 Errors encountered.
phys_opt_design completed successfully
INFO: [Timing 38-480] Writing timing data to binary archive.
Write ShapeDB Complete: Time (s): cpu = 00:00:00 ; elapsed = 00:00:00 . Memory (MB): peak = 2858.199 ; gain = 0.000 ; free physical = 224 ; free virtual = 8371
Wrote PlaceDB: Time (s): cpu = 00:00:00 ; elapsed = 00:00:00 . Memory (MB): peak = 2858.199 ; gain = 0.000 ; free physical = 224 ; free virtual = 8371
Wrote PulsedLatchDB: Time (s): cpu = 00:00:00 ; elapsed = 00:00:00 . Memory (MB): peak = 2858.199 ; gain = 0.000 ; free physical = 224 ; free virtual = 8371
Writing XDEF routing.
Writing XDEF routing logical nets.
Writing XDEF routing special nets.
Wrote RouteStorage: Time (s): cpu = 00:00:00.02 ; elapsed = 00:00:00 . Memory (MB): peak = 2858.199 ; gain = 0.000 ; free physical = 224 ; free virtual = 8371
Wrote Netlist Cache: Time (s): cpu = 00:00:00 ; elapsed = 00:00:00 . Memory (MB): peak = 2858.199 ; gain = 0.000 ; free physical = 224 ; free virtual = 8371
Wrote Device Cache: Time (s): cpu = 00:00:00 ; elapsed = 00:00:00.01 . Memory (MB): peak = 2858.199 ; gain = 0.000 ; free physical = 224 ; free virtual = 8371
Write Physdb Complete: Time (s): cpu = 00:00:00.02 ; elapsed = 00:00:00.02 . Memory (MB): peak = 2858.199 ; gain = 0.000 ; free physical = 224 ; free virtual = 8371
INFO: [Common 17-1381] The checkpoint '/home/lenovo/Simulation_Linux/HLS/SwitcheLed_Vivado/SwitcheLed_Vivado.runs/impl_1/switche_LED_wrapper_physopt.dcp' has been generated.
Command: route_design
Attempting to get a license for feature 'Implementation' and/or device 'xc7a35t'
INFO: [Common 17-349] Got license for feature 'Implementation' and/or device 'xc7a35t'


Starting Routing Task
INFO: [Route 35-254] Multithreading enabled for route_design using a maximum of 8 CPUs

Phase 1 Build RT Design
Checksum: PlaceDB: c5451f06 ConstDB: 0 ShapeSum: 6f3af332 RouteDB: a0815c57
Post Restoration Checksum: NetGraph: d36bd95c | NumContArr: a5e3247e | Constraints: c2a8fa9d | Timing: c2a8fa9d
Phase 1 Build RT Design | Checksum: 2fea0f314

Time (s): cpu = 00:00:11 ; elapsed = 00:00:09 . Memory (MB): peak = 2863.137 ; gain = 4.938 ; free physical = 172 ; free virtual = 8316

Phase 2 Router Initialization
INFO: [Route 35-64] No timing constraints were detected. The router will operate in resource-optimization mode.

Phase 2.1 Fix Topology Constraints
Phase 2.1 Fix Topology Constraints | Checksum: 2fea0f314

Time (s): cpu = 00:00:11 ; elapsed = 00:00:09 . Memory (MB): peak = 2893.137 ; gain = 34.938 ; free physical = 149 ; free virtual = 8293

Phase 2.2 Pre Route Cleanup
Phase 2.2 Pre Route Cleanup | Checksum: 2fea0f314

Time (s): cpu = 00:00:11 ; elapsed = 00:00:09 . Memory (MB): peak = 2893.137 ; gain = 34.938 ; free physical = 149 ; free virtual = 8293

Router Utilization Summary
  Global Vertical Routing Utilization    = 0 %
  Global Horizontal Routing Utilization  = 0 %
  Routable Net Status*
  *Does not include unroutable nets such as driverless and loadless.
  Run report_route_status for detailed report.
  Number of Failed Nets               = 8
    (Failed Nets is the sum of unrouted and partially routed nets)
  Number of Unrouted Nets             = 8
  Number of Partially Routed Nets     = 0
  Number of Node Overlaps             = 0

Phase 2 Router Initialization | Checksum: 2fea0f314

Time (s): cpu = 00:00:11 ; elapsed = 00:00:09 . Memory (MB): peak = 2910.137 ; gain = 51.938 ; free physical = 129 ; free virtual = 8271

Phase 3 Global Routing
Phase 3 Global Routing | Checksum: 2fea0f314

Time (s): cpu = 00:00:11 ; elapsed = 00:00:09 . Memory (MB): peak = 2910.137 ; gain = 51.938 ; free physical = 129 ; free virtual = 8271

Phase 4 Initial Routing

Phase 4.1 Initial Net Routing Pass
 Number of Nodes with overlaps = 0
Phase 4.1 Initial Net Routing Pass | Checksum: 2a0c2c94d

Time (s): cpu = 00:00:11 ; elapsed = 00:00:10 . Memory (MB): peak = 2910.137 ; gain = 51.938 ; free physical = 161 ; free virtual = 8276
Phase 4 Initial Routing | Checksum: 2a0c2c94d

Time (s): cpu = 00:00:11 ; elapsed = 00:00:10 . Memory (MB): peak = 2910.137 ; gain = 51.938 ; free physical = 162 ; free virtual = 8277

Phase 5 Rip-up And Reroute

Phase 5.1 Global Iteration 0
Phase 5.1 Global Iteration 0 | Checksum: 2a0c2c94d

Time (s): cpu = 00:00:11 ; elapsed = 00:00:10 . Memory (MB): peak = 2910.137 ; gain = 51.938 ; free physical = 167 ; free virtual = 8277
Phase 5 Rip-up And Reroute | Checksum: 2a0c2c94d

Time (s): cpu = 00:00:11 ; elapsed = 00:00:10 . Memory (MB): peak = 2910.137 ; gain = 51.938 ; free physical = 168 ; free virtual = 8277

Phase 6 Delay and Skew Optimization
Phase 6 Delay and Skew Optimization | Checksum: 2a0c2c94d

Time (s): cpu = 00:00:11 ; elapsed = 00:00:10 . Memory (MB): peak = 2910.137 ; gain = 51.938 ; free physical = 169 ; free virtual = 8277

Phase 7 Post Hold Fix

Phase 7.1 Hold Fix Iter
Phase 7.1 Hold Fix Iter | Checksum: 2a0c2c94d

Time (s): cpu = 00:00:11 ; elapsed = 00:00:10 . Memory (MB): peak = 2910.137 ; gain = 51.938 ; free physical = 169 ; free virtual = 8277
Phase 7 Post Hold Fix | Checksum: 2a0c2c94d

Time (s): cpu = 00:00:11 ; elapsed = 00:00:10 . Memory (MB): peak = 2910.137 ; gain = 51.938 ; free physical = 169 ; free virtual = 8277

Phase 8 Route finalize

Router Utilization Summary
  Global Vertical Routing Utilization    = 0.00709559 %
  Global Horizontal Routing Utilization  = 0.00117126 %
  Routable Net Status*
  *Does not include unroutable nets such as driverless and loadless.
  Run report_route_status for detailed report.
  Number of Failed Nets               = 0
    (Failed Nets is the sum of unrouted and partially routed nets)
  Number of Unrouted Nets             = 0
  Number of Partially Routed Nets     = 0
  Number of Node Overlaps             = 0


--GLOBAL Congestion:
Utilization threshold used for congestion level computation: 0.85
Congestion Report
North Dir 1x1 Area, Max Cong = 7.20721%, No Congested Regions.
South Dir 1x1 Area, Max Cong = 5.40541%, No Congested Regions.
East Dir 1x1 Area, Max Cong = 0%, No Congested Regions.
West Dir 1x1 Area, Max Cong = 2.94118%, No Congested Regions.

------------------------------
Reporting congestion hotspots
------------------------------
Direction: North
----------------
Congested clusters found at Level 0
Effective congestion level: 0 Aspect Ratio: 1 Sparse Ratio: 0
Direction: South
----------------
Congested clusters found at Level 0
Effective congestion level: 0 Aspect Ratio: 1 Sparse Ratio: 0
Direction: East
----------------
Congested clusters found at Level 0
Effective congestion level: 0 Aspect Ratio: 1 Sparse Ratio: 0
Direction: West
----------------
Congested clusters found at Level 0
Effective congestion level: 0 Aspect Ratio: 1 Sparse Ratio: 0

Phase 8 Route finalize | Checksum: 2a0c2c94d

Time (s): cpu = 00:00:12 ; elapsed = 00:00:10 . Memory (MB): peak = 2910.137 ; gain = 51.938 ; free physical = 169 ; free virtual = 8278

Phase 9 Verifying routed nets

 Verification completed successfully
Phase 9 Verifying routed nets | Checksum: 2a0c2c94d

Time (s): cpu = 00:00:12 ; elapsed = 00:00:10 . Memory (MB): peak = 2910.137 ; gain = 51.938 ; free physical = 169 ; free virtual = 8277

Phase 10 Depositing Routes
Phase 10 Depositing Routes | Checksum: 2a0c2c94d

Time (s): cpu = 00:00:12 ; elapsed = 00:00:10 . Memory (MB): peak = 2910.137 ; gain = 51.938 ; free physical = 169 ; free virtual = 8277

Phase 11 Post Process Routing
Phase 11 Post Process Routing | Checksum: 2a0c2c94d

Time (s): cpu = 00:00:12 ; elapsed = 00:00:10 . Memory (MB): peak = 2910.137 ; gain = 51.938 ; free physical = 169 ; free virtual = 8277
Total Elapsed time in route_design: 9.53 secs

Phase 12 Post-Route Event Processing
Phase 12 Post-Route Event Processing | Checksum: 21eef4d32

Time (s): cpu = 00:00:12 ; elapsed = 00:00:10 . Memory (MB): peak = 2910.137 ; gain = 51.938 ; free physical = 169 ; free virtual = 8277
INFO: [Route 35-16] Router Completed Successfully
Ending Routing Task | Checksum: 21eef4d32

Time (s): cpu = 00:00:12 ; elapsed = 00:00:10 . Memory (MB): peak = 2910.137 ; gain = 51.938 ; free physical = 169 ; free virtual = 8277

Routing Is Done.
INFO: [Common 17-83] Releasing license: Implementation
64 Infos, 1 Warnings, 0 Critical Warnings and 0 Errors encountered.
route_design completed successfully
route_design: Time (s): cpu = 00:00:12 ; elapsed = 00:00:10 . Memory (MB): peak = 2910.137 ; gain = 51.938 ; free physical = 169 ; free virtual = 8277
INFO: [Vivado 12-24828] Executing command : report_drc -file switche_LED_wrapper_drc_routed.rpt -pb switche_LED_wrapper_drc_routed.pb -rpx switche_LED_wrapper_drc_routed.rpx
Command: report_drc -file switche_LED_wrapper_drc_routed.rpt -pb switche_LED_wrapper_drc_routed.pb -rpx switche_LED_wrapper_drc_routed.rpx
INFO: [IP_Flow 19-1839] IP Catalog is up to date.
INFO: [DRC 23-27] Running DRC with 8 threads
INFO: [Vivado_Tcl 2-168] The results of DRC are in file /home/lenovo/Simulation_Linux/HLS/SwitcheLed_Vivado/SwitcheLed_Vivado.runs/impl_1/switche_LED_wrapper_drc_routed.rpt.
report_drc completed successfully
INFO: [Vivado 12-24828] Executing command : report_methodology -file switche_LED_wrapper_methodology_drc_routed.rpt -pb switche_LED_wrapper_methodology_drc_routed.pb -rpx switche_LED_wrapper_methodology_drc_routed.rpx
Command: report_methodology -file switche_LED_wrapper_methodology_drc_routed.rpt -pb switche_LED_wrapper_methodology_drc_routed.pb -rpx switche_LED_wrapper_methodology_drc_routed.rpx
INFO: [Timing 38-35] Done setting XDC timing constraints.
INFO: [DRC 23-133] Running Methodology with 8 threads
INFO: [Vivado_Tcl 2-1520] The results of Report Methodology are in file /home/lenovo/Simulation_Linux/HLS/SwitcheLed_Vivado/SwitcheLed_Vivado.runs/impl_1/switche_LED_wrapper_methodology_drc_routed.rpt.
report_methodology completed successfully
INFO: [Vivado 12-24828] Executing command : report_timing_summary -max_paths 10 -routable_nets -report_unconstrained -file switche_LED_wrapper_timing_summary_routed.rpt -pb switche_LED_wrapper_timing_summary_routed.pb -rpx switche_LED_wrapper_timing_summary_routed.rpx -warn_on_violation 
INFO: [Timing 38-35] Done setting XDC timing constraints.
INFO: [Timing 38-91] UpdateTimingParams: Speed grade: -1, Delay Type: min_max.
INFO: [Timing 38-191] Multithreading enabled for timing update using a maximum of 8 CPUs
WARNING: [Timing 38-313] There are no user specified timing constraints. Timing constraints are needed for proper timing analysis.
INFO: [Vivado 12-24838] Running report commands "report_bus_skew, report_incremental_reuse, report_route_status" in parallel.
Running report generation with 3 threads.
INFO: [Vivado 12-24828] Executing command : report_incremental_reuse -file switche_LED_wrapper_incremental_reuse_routed.rpt
INFO: [Vivado_Tcl 4-1062] Incremental flow is disabled. No incremental reuse Info to report.
INFO: [Vivado 12-24828] Executing command : report_route_status -file switche_LED_wrapper_route_status.rpt -pb switche_LED_wrapper_route_status.pb
INFO: [Vivado 12-24828] Executing command : report_bus_skew -warn_on_violation -file switche_LED_wrapper_bus_skew_routed.rpt -pb switche_LED_wrapper_bus_skew_routed.pb -rpx switche_LED_wrapper_bus_skew_routed.rpx
INFO: [Timing 38-91] UpdateTimingParams: Speed grade: -1, Delay Type: min_max.
INFO: [Timing 38-191] Multithreading enabled for timing update using a maximum of 8 CPUs
INFO: [Vivado 12-24828] Executing command : report_power -file switche_LED_wrapper_power_routed.rpt -pb switche_LED_wrapper_power_summary_routed.pb -rpx switche_LED_wrapper_power_routed.rpx
Command: report_power -file switche_LED_wrapper_power_routed.rpt -pb switche_LED_wrapper_power_summary_routed.pb -rpx switche_LED_wrapper_power_routed.rpx
WARNING: [Power 33-232] No user defined clocks were found in the design! Power estimation will be inaccurate until this is corrected.
Resolution: Please specify clocks using create_clock/create_generated_clock for sequential elements. For pure combinatorial circuits, please specify a virtual clock, otherwise the vectorless estimation might be inaccurate
Running Vector-less Activity Propagation...

Finished Running Vector-less Activity Propagation
84 Infos, 3 Warnings, 0 Critical Warnings and 0 Errors encountered.
report_power completed successfully
INFO: [Vivado 12-24828] Executing command : report_clock_utilization -file switche_LED_wrapper_clock_utilization_routed.rpt
INFO: [Timing 38-480] Writing timing data to binary archive.
Write ShapeDB Complete: Time (s): cpu = 00:00:00 ; elapsed = 00:00:00 . Memory (MB): peak = 3117.012 ; gain = 0.000 ; free physical = 164 ; free virtual = 8230
Wrote PlaceDB: Time (s): cpu = 00:00:00 ; elapsed = 00:00:00 . Memory (MB): peak = 3117.012 ; gain = 0.000 ; free physical = 164 ; free virtual = 8230
Wrote PulsedLatchDB: Time (s): cpu = 00:00:00 ; elapsed = 00:00:00 . Memory (MB): peak = 3117.012 ; gain = 0.000 ; free physical = 164 ; free virtual = 8230
Writing XDEF routing.
Writing XDEF routing logical nets.
Writing XDEF routing special nets.
Wrote RouteStorage: Time (s): cpu = 00:00:00.02 ; elapsed = 00:00:00.02 . Memory (MB): peak = 3117.012 ; gain = 0.000 ; free physical = 164 ; free virtual = 8231
Wrote Netlist Cache: Time (s): cpu = 00:00:00 ; elapsed = 00:00:00 . Memory (MB): peak = 3117.012 ; gain = 0.000 ; free physical = 164 ; free virtual = 8231
Wrote Device Cache: Time (s): cpu = 00:00:00 ; elapsed = 00:00:00 . Memory (MB): peak = 3117.012 ; gain = 0.000 ; free physical = 164 ; free virtual = 8231
Write Physdb Complete: Time (s): cpu = 00:00:00.03 ; elapsed = 00:00:00.02 . Memory (MB): peak = 3117.012 ; gain = 0.000 ; free physical = 164 ; free virtual = 8231
INFO: [Common 17-1381] The checkpoint '/home/lenovo/Simulation_Linux/HLS/SwitcheLed_Vivado/SwitcheLed_Vivado.runs/impl_1/switche_LED_wrapper_routed.dcp' has been generated.
Command: write_bitstream -force switche_LED_wrapper.bit
Attempting to get a license for feature 'Implementation' and/or device 'xc7a35t'
INFO: [Common 17-349] Got license for feature 'Implementation' and/or device 'xc7a35t'
Running DRC as a precondition to command write_bitstream
INFO: [IP_Flow 19-1839] IP Catalog is up to date.
INFO: [DRC 23-27] Running DRC with 8 threads
INFO: [Vivado 12-3199] DRC finished with 0 Errors
INFO: [Vivado 12-3200] Please refer to the DRC report (report_drc) for more information.
INFO: [Designutils 20-2272] Running write_bitstream with 8 threads.
Loading data files...
Loading site data...
Loading route data...
Processing options...
Creating bitmap...
Creating bitstream...
Writing bitstream ./switche_LED_wrapper.bit...
INFO: [Vivado 12-1842] Bitgen Completed Successfully.
INFO: [Project 1-1876] WebTalk data collection is mandatory when using a ULT device. To see the specific WebTalk data collected for your design, open the usage_statistics_webtalk.html or usage_statistics_webtalk.xml file in the implementation directory.
INFO: [Common 17-83] Releasing license: Implementation
96 Infos, 3 Warnings, 0 Critical Warnings and 0 Errors encountered.
write_bitstream completed successfully
write_bitstream: Time (s): cpu = 00:00:08 ; elapsed = 00:00:11 . Memory (MB): peak = 3381.844 ; gain = 257.777 ; free physical = 152 ; free virtual = 7931
INFO: [Common 17-206] Exiting Vivado at Tue Oct  7 13:28:46 2025...
