
*** Running vivado
    with args -log Comb_circuit_wrapper.vdi -applog -m64 -product Vivado -messageDb vivado.pb -mode batch -source Comb_circuit_wrapper.tcl -notrace


****** Vivado v2025.1 (64-bit)
  **** SW Build 6140274 on Wed May 21 22:58:25 MDT 2025
  **** IP Build 6138677 on Thu May 22 03:10:11 MDT 2025
  **** SharedData Build 6139179 on Tue May 20 17:58:58 MDT 2025
  **** Start of session at: Thu Oct 16 10:19:51 2025
    ** Copyright 1986-2022 Xilinx, Inc. All Rights Reserved.
    ** Copyright 2022-2025 Advanced Micro Devices, Inc. All Rights Reserved.

source Comb_circuit_wrapper.tcl -notrace
INFO: [IP_Flow 19-234] Refreshing IP repositories
INFO: [IP_Flow 19-1700] Loaded user IP repository '/home/lenovo/Simulation_Linux/HLS'.
WARNING: [IP_Flow 19-3656] If you move the project, the path for repository '/home/lenovo/Simulation_Linux/HLS' may become invalid. A better location for the repository would be in a path adjacent to the project. (Current project location is '/home/lenovo/Simulation_Linux/HLS/Dummy_Comb_Circuit/Dummy_Comb_Circuit.runs/impl_1'.)
INFO: [IP_Flow 19-2313] Loaded Vivado IP repository '/opt/Xilinx/2025.1/Vivado/data/ip'.
Command: link_design -top Comb_circuit_wrapper -part xc7a35tcpg236-1
Design is defaulting to srcset: sources_1
Design is defaulting to constrset: constrs_1
INFO: [Device 21-403] Loading part xc7a35tcpg236-1
INFO: [Project 1-5699] Read binary netlist with skipMacroContent - 1
INFO: [Project 1-454] Reading design checkpoint '/home/lenovo/Simulation_Linux/HLS/Dummy_Comb_Circuit/Dummy_Comb_Circuit.gen/sources_1/bd/Comb_circuit/ip/Comb_circuit_dummy_comb_circuit_0_0/Comb_circuit_dummy_comb_circuit_0_0.dcp' for cell 'Comb_circuit_i/dummy_comb_circuit_0'
Netlist sorting complete. Time (s): cpu = 00:00:00 ; elapsed = 00:00:00 . Memory (MB): peak = 1671.215 ; gain = 0.000 ; free physical = 2021 ; free virtual = 9678
INFO: [Project 1-479] Netlist was created with Vivado 2025.1
INFO: [Project 1-570] Preparing netlist for logic optimization
Parsing XDC File [/home/lenovo/Simulation_Linux/HLS/Dummy_Comb_Circuit/Dummy_Comb_Circuit.srcs/constrs_1/new/dummy_comb_cicrcuit.xdc]
Finished Parsing XDC File [/home/lenovo/Simulation_Linux/HLS/Dummy_Comb_Circuit/Dummy_Comb_Circuit.srcs/constrs_1/new/dummy_comb_cicrcuit.xdc]
INFO: [Opt 31-138] Pushed 0 inverter(s) to 0 load pin(s).
Netlist sorting complete. Time (s): cpu = 00:00:00 ; elapsed = 00:00:00 . Memory (MB): peak = 1775.012 ; gain = 0.000 ; free physical = 1923 ; free virtual = 9580
INFO: [Project 1-111] Unisim Transformation Summary:
No Unisim elements were transformed.

10 Infos, 1 Warnings, 0 Critical Warnings and 0 Errors encountered.
link_design completed successfully
Command: opt_design
Attempting to get a license for feature 'Implementation' and/or device 'xc7a35t'
INFO: [Common 17-349] Got license for feature 'Implementation' and/or device 'xc7a35t'
Running DRC as a precondition to command opt_design

Starting DRC Task
INFO: [DRC 23-27] Running DRC with 8 threads
INFO: [Project 1-461] DRC finished with 0 Errors
INFO: [Project 1-462] Please refer to the DRC report (report_drc) for more information.

Time (s): cpu = 00:00:00.29 ; elapsed = 00:00:00.27 . Memory (MB): peak = 1819.637 ; gain = 44.590 ; free physical = 1911 ; free virtual = 9568

Starting Cache Timing Information Task
INFO: [Timing 38-35] Done setting XDC timing constraints.
Ending Cache Timing Information Task | Checksum: 1ba83e274

Time (s): cpu = 00:00:04 ; elapsed = 00:00:04 . Memory (MB): peak = 2260.402 ; gain = 440.766 ; free physical = 1481 ; free virtual = 9138

Starting Logic Optimization Task

Phase 1 Initialization

Phase 1.1 Core Generation And Design Setup
Phase 1.1 Core Generation And Design Setup | Checksum: 1ba83e274

Time (s): cpu = 00:00:00 ; elapsed = 00:00:00 . Memory (MB): peak = 2624.238 ; gain = 0.000 ; free physical = 1127 ; free virtual = 8784

Phase 1.2 Setup Constraints And Sort Netlist
Phase 1.2 Setup Constraints And Sort Netlist | Checksum: 1ba83e274

Time (s): cpu = 00:00:00 ; elapsed = 00:00:00 . Memory (MB): peak = 2624.238 ; gain = 0.000 ; free physical = 1127 ; free virtual = 8784
Phase 1 Initialization | Checksum: 1ba83e274

Time (s): cpu = 00:00:00 ; elapsed = 00:00:00 . Memory (MB): peak = 2624.238 ; gain = 0.000 ; free physical = 1127 ; free virtual = 8784

Phase 2 Timer Update And Timing Data Collection

Phase 2.1 Timer Update
Phase 2.1 Timer Update | Checksum: 1ba83e274

Time (s): cpu = 00:00:00.01 ; elapsed = 00:00:00.01 . Memory (MB): peak = 2624.238 ; gain = 0.000 ; free physical = 1127 ; free virtual = 8784

Phase 2.2 Timing Data Collection
Phase 2.2 Timing Data Collection | Checksum: 1ba83e274

Time (s): cpu = 00:00:00.01 ; elapsed = 00:00:00.01 . Memory (MB): peak = 2624.238 ; gain = 0.000 ; free physical = 1127 ; free virtual = 8784
Phase 2 Timer Update And Timing Data Collection | Checksum: 1ba83e274

Time (s): cpu = 00:00:00.01 ; elapsed = 00:00:00.01 . Memory (MB): peak = 2624.238 ; gain = 0.000 ; free physical = 1127 ; free virtual = 8784

Phase 3 Retarget
INFO: [Opt 31-1851] Number of loadless carry chains removed were: 0
INFO: [Opt 31-1834] Total Chains To Be Transformed Were: 0 AND Number of Transformed insts Created are: 0
INFO: [Opt 31-138] Pushed 0 inverter(s) to 0 load pin(s).
INFO: [Opt 31-49] Retargeted 0 cell(s).
Phase 3 Retarget | Checksum: 1ba83e274

Time (s): cpu = 00:00:00.01 ; elapsed = 00:00:00.02 . Memory (MB): peak = 2624.238 ; gain = 0.000 ; free physical = 1127 ; free virtual = 8784
Retarget | Checksum: 1ba83e274
INFO: [Opt 31-389] Phase Retarget created 0 cells and removed 0 cells

Phase 4 Constant propagation
INFO: [Opt 31-138] Pushed 0 inverter(s) to 0 load pin(s).
Phase 4 Constant propagation | Checksum: 1ba83e274

Time (s): cpu = 00:00:00.01 ; elapsed = 00:00:00.02 . Memory (MB): peak = 2624.238 ; gain = 0.000 ; free physical = 1127 ; free virtual = 8784
Constant propagation | Checksum: 1ba83e274
INFO: [Opt 31-389] Phase Constant propagation created 0 cells and removed 0 cells

Phase 5 Sweep
INFO: [Constraints 18-11670] Building netlist checker database with flags, 0x8
Done building netlist checker database: Time (s): cpu = 00:00:00 ; elapsed = 00:00:00 . Memory (MB): peak = 2624.238 ; gain = 0.000 ; free physical = 1127 ; free virtual = 8784
INFO: [Constraints 18-11670] Building netlist checker database with flags, 0x8
Done building netlist checker database: Time (s): cpu = 00:00:00 ; elapsed = 00:00:00 . Memory (MB): peak = 2624.238 ; gain = 0.000 ; free physical = 1127 ; free virtual = 8784
Phase 5 Sweep | Checksum: 1a8528993

Time (s): cpu = 00:00:00.02 ; elapsed = 00:00:00.02 . Memory (MB): peak = 2624.238 ; gain = 0.000 ; free physical = 1127 ; free virtual = 8784
Sweep | Checksum: 1a8528993
INFO: [Opt 31-389] Phase Sweep created 0 cells and removed 0 cells

Phase 6 BUFG optimization
Phase 6 BUFG optimization | Checksum: 1a8528993

Time (s): cpu = 00:00:00.02 ; elapsed = 00:00:00.02 . Memory (MB): peak = 2656.254 ; gain = 32.016 ; free physical = 1127 ; free virtual = 8784
BUFG optimization | Checksum: 1a8528993
INFO: [Opt 31-662] Phase BUFG optimization created 0 cells of which 0 are BUFGs and removed 0 cells.

Phase 7 Shift Register Optimization
INFO: [Opt 31-1064] SRL Remap converted 0 SRLs to 0 registers and converted 0 registers of register chains to 0 SRLs
Phase 7 Shift Register Optimization | Checksum: 1a8528993

Time (s): cpu = 00:00:00.02 ; elapsed = 00:00:00.02 . Memory (MB): peak = 2656.254 ; gain = 32.016 ; free physical = 1127 ; free virtual = 8784
Shift Register Optimization | Checksum: 1a8528993
INFO: [Opt 31-389] Phase Shift Register Optimization created 0 cells and removed 0 cells

Phase 8 Post Processing Netlist
Phase 8 Post Processing Netlist | Checksum: 1a8528993

Time (s): cpu = 00:00:00.02 ; elapsed = 00:00:00.02 . Memory (MB): peak = 2656.254 ; gain = 32.016 ; free physical = 1127 ; free virtual = 8784
Post Processing Netlist | Checksum: 1a8528993
INFO: [Opt 31-389] Phase Post Processing Netlist created 0 cells and removed 0 cells

Phase 9 Finalization

Phase 9.1 Finalizing Design Cores and Updating Shapes
Phase 9.1 Finalizing Design Cores and Updating Shapes | Checksum: 1f0014d42

Time (s): cpu = 00:00:00.02 ; elapsed = 00:00:00.03 . Memory (MB): peak = 2656.254 ; gain = 32.016 ; free physical = 1127 ; free virtual = 8784

Phase 9.2 Verifying Netlist Connectivity

Starting Connectivity Check Task

Time (s): cpu = 00:00:00 ; elapsed = 00:00:00 . Memory (MB): peak = 2656.254 ; gain = 0.000 ; free physical = 1127 ; free virtual = 8784
Phase 9.2 Verifying Netlist Connectivity | Checksum: 1f0014d42

Time (s): cpu = 00:00:00.02 ; elapsed = 00:00:00.03 . Memory (MB): peak = 2656.254 ; gain = 32.016 ; free physical = 1127 ; free virtual = 8784
Phase 9 Finalization | Checksum: 1f0014d42

Time (s): cpu = 00:00:00.02 ; elapsed = 00:00:00.03 . Memory (MB): peak = 2656.254 ; gain = 32.016 ; free physical = 1127 ; free virtual = 8784
Opt_design Change Summary
=========================


-------------------------------------------------------------------------------------------------------------------------
|  Phase                        |  #Cells created  |  #Cells Removed  |  #Constrained objects preventing optimizations  |
-------------------------------------------------------------------------------------------------------------------------
|  Retarget                     |               0  |               0  |                                              0  |
|  Constant propagation         |               0  |               0  |                                              0  |
|  Sweep                        |               0  |               0  |                                              0  |
|  BUFG optimization            |               0  |               0  |                                              0  |
|  Shift Register Optimization  |               0  |               0  |                                              0  |
|  Post Processing Netlist      |               0  |               0  |                                              0  |
-------------------------------------------------------------------------------------------------------------------------


Ending Logic Optimization Task | Checksum: 1f0014d42

Time (s): cpu = 00:00:00.02 ; elapsed = 00:00:00.03 . Memory (MB): peak = 2656.254 ; gain = 32.016 ; free physical = 1127 ; free virtual = 8784

Starting Power Optimization Task
INFO: [Pwropt 34-132] Skipping clock gating for clocks with a period < 2.00 ns.
Ending Power Optimization Task | Checksum: 1f0014d42

Time (s): cpu = 00:00:00.01 ; elapsed = 00:00:00 . Memory (MB): peak = 2656.254 ; gain = 0.000 ; free physical = 1127 ; free virtual = 8784

Starting Final Cleanup Task
Ending Final Cleanup Task | Checksum: 1f0014d42

Time (s): cpu = 00:00:00 ; elapsed = 00:00:00 . Memory (MB): peak = 2656.254 ; gain = 0.000 ; free physical = 1127 ; free virtual = 8784

Starting Netlist Obfuscation Task
Netlist sorting complete. Time (s): cpu = 00:00:00 ; elapsed = 00:00:00 . Memory (MB): peak = 2656.254 ; gain = 0.000 ; free physical = 1127 ; free virtual = 8784
Ending Netlist Obfuscation Task | Checksum: 1f0014d42

Time (s): cpu = 00:00:00 ; elapsed = 00:00:00 . Memory (MB): peak = 2656.254 ; gain = 0.000 ; free physical = 1127 ; free virtual = 8784
INFO: [Common 17-83] Releasing license: Implementation
31 Infos, 1 Warnings, 0 Critical Warnings and 0 Errors encountered.
opt_design completed successfully
opt_design: Time (s): cpu = 00:00:05 ; elapsed = 00:00:06 . Memory (MB): peak = 2656.254 ; gain = 881.207 ; free physical = 1127 ; free virtual = 8784
INFO: [Vivado 12-24828] Executing command : report_drc -file Comb_circuit_wrapper_drc_opted.rpt -pb Comb_circuit_wrapper_drc_opted.pb -rpx Comb_circuit_wrapper_drc_opted.rpx
Command: report_drc -file Comb_circuit_wrapper_drc_opted.rpt -pb Comb_circuit_wrapper_drc_opted.pb -rpx Comb_circuit_wrapper_drc_opted.rpx
INFO: [IP_Flow 19-1839] IP Catalog is up to date.
INFO: [DRC 23-27] Running DRC with 8 threads
INFO: [Vivado_Tcl 2-168] The results of DRC are in file /home/lenovo/Simulation_Linux/HLS/Dummy_Comb_Circuit/Dummy_Comb_Circuit.runs/impl_1/Comb_circuit_wrapper_drc_opted.rpt.
report_drc completed successfully
INFO: [Timing 38-480] Writing timing data to binary archive.
Write ShapeDB Complete: Time (s): cpu = 00:00:00 ; elapsed = 00:00:00 . Memory (MB): peak = 2664.191 ; gain = 0.000 ; free physical = 1111 ; free virtual = 8768
Wrote PlaceDB: Time (s): cpu = 00:00:00 ; elapsed = 00:00:00 . Memory (MB): peak = 2664.191 ; gain = 0.000 ; free physical = 1111 ; free virtual = 8768
Wrote PulsedLatchDB: Time (s): cpu = 00:00:00 ; elapsed = 00:00:00 . Memory (MB): peak = 2664.191 ; gain = 0.000 ; free physical = 1111 ; free virtual = 8768
Writing XDEF routing.
Writing XDEF routing logical nets.
Writing XDEF routing special nets.
Wrote RouteStorage: Time (s): cpu = 00:00:00.02 ; elapsed = 00:00:00.01 . Memory (MB): peak = 2664.191 ; gain = 0.000 ; free physical = 1111 ; free virtual = 8769
Wrote Netlist Cache: Time (s): cpu = 00:00:00 ; elapsed = 00:00:00 . Memory (MB): peak = 2664.191 ; gain = 0.000 ; free physical = 1111 ; free virtual = 8769
Wrote Device Cache: Time (s): cpu = 00:00:00 ; elapsed = 00:00:00 . Memory (MB): peak = 2664.191 ; gain = 0.000 ; free physical = 1111 ; free virtual = 8768
Write Physdb Complete: Time (s): cpu = 00:00:00.02 ; elapsed = 00:00:00.01 . Memory (MB): peak = 2664.191 ; gain = 0.000 ; free physical = 1110 ; free virtual = 8768
INFO: [Common 17-1381] The checkpoint '/home/lenovo/Simulation_Linux/HLS/Dummy_Comb_Circuit/Dummy_Comb_Circuit.runs/impl_1/Comb_circuit_wrapper_opt.dcp' has been generated.
Command: place_design
Attempting to get a license for feature 'Implementation' and/or device 'xc7a35t'
INFO: [Common 17-349] Got license for feature 'Implementation' and/or device 'xc7a35t'
INFO: [Common 17-83] Releasing license: Implementation
INFO: [DRC 23-27] Running DRC with 8 threads
INFO: [Vivado_Tcl 4-198] DRC finished with 0 Errors
INFO: [Vivado_Tcl 4-199] Please refer to the DRC report (report_drc) for more information.
Running DRC as a precondition to command place_design
INFO: [DRC 23-27] Running DRC with 8 threads
INFO: [Vivado_Tcl 4-198] DRC finished with 0 Errors
INFO: [Vivado_Tcl 4-199] Please refer to the DRC report (report_drc) for more information.
INFO: [Place 30-611] Multithreading enabled for place_design using a maximum of 8 CPUs

Starting Placer Task

Phase 1 Placer Initialization

Phase 1.1 Placer Initialization Netlist Sorting
Netlist sorting complete. Time (s): cpu = 00:00:00 ; elapsed = 00:00:00 . Memory (MB): peak = 2667.160 ; gain = 0.000 ; free physical = 1094 ; free virtual = 8751
Phase 1.1 Placer Initialization Netlist Sorting | Checksum: 15d73a3e5

Time (s): cpu = 00:00:00 ; elapsed = 00:00:00 . Memory (MB): peak = 2667.160 ; gain = 0.000 ; free physical = 1094 ; free virtual = 8751
Netlist sorting complete. Time (s): cpu = 00:00:00 ; elapsed = 00:00:00 . Memory (MB): peak = 2667.160 ; gain = 0.000 ; free physical = 1093 ; free virtual = 8750

Phase 1.2 IO Placement/ Clock Placement/ Build Placer Device
INFO: [Timing 38-35] Done setting XDC timing constraints.
Phase 1.2 IO Placement/ Clock Placement/ Build Placer Device | Checksum: 15d73a3e5

Time (s): cpu = 00:00:00.15 ; elapsed = 00:00:00.05 . Memory (MB): peak = 2723.188 ; gain = 56.027 ; free physical = 1089 ; free virtual = 8747

Phase 1.3 Build Placer Netlist Model
Phase 1.3 Build Placer Netlist Model | Checksum: 1bf6e4564

Time (s): cpu = 00:00:00.2 ; elapsed = 00:00:00.07 . Memory (MB): peak = 2723.188 ; gain = 56.027 ; free physical = 1089 ; free virtual = 8747

Phase 1.4 Constrain Clocks/Macros
Phase 1.4 Constrain Clocks/Macros | Checksum: 1bf6e4564

Time (s): cpu = 00:00:00.2 ; elapsed = 00:00:00.07 . Memory (MB): peak = 2723.188 ; gain = 56.027 ; free physical = 1089 ; free virtual = 8747
Phase 1 Placer Initialization | Checksum: 1bf6e4564

Time (s): cpu = 00:00:00.2 ; elapsed = 00:00:00.07 . Memory (MB): peak = 2723.188 ; gain = 56.027 ; free physical = 1089 ; free virtual = 8747

Phase 2 Global Placement

Phase 2.1 Floorplanning
Phase 2.1 Floorplanning | Checksum: 1bf6e4564

Time (s): cpu = 00:00:00.21 ; elapsed = 00:00:00.07 . Memory (MB): peak = 2723.188 ; gain = 56.027 ; free physical = 1089 ; free virtual = 8747

Phase 2.2 Update Timing before SLR Path Opt
Phase 2.2 Update Timing before SLR Path Opt | Checksum: 1bf6e4564

Time (s): cpu = 00:00:00.21 ; elapsed = 00:00:00.07 . Memory (MB): peak = 2723.188 ; gain = 56.027 ; free physical = 1089 ; free virtual = 8747

Phase 2.3 Post-Processing in Floorplanning
Phase 2.3 Post-Processing in Floorplanning | Checksum: 1bf6e4564

Time (s): cpu = 00:00:00.21 ; elapsed = 00:00:00.07 . Memory (MB): peak = 2723.188 ; gain = 56.027 ; free physical = 1089 ; free virtual = 8747

Phase 2.4 Global Place Phase1
Phase 2.4 Global Place Phase1 | Checksum: 20fa4e13a

Time (s): cpu = 00:00:00.44 ; elapsed = 00:00:00.15 . Memory (MB): peak = 2747.199 ; gain = 80.039 ; free physical = 1084 ; free virtual = 8741

Phase 2.5 Global Place Phase2
WARNING: [Place 46-29] Timing had been disabled during Placer and, therefore, physical synthesis in Placer will be skipped.
Phase 2.5 Global Place Phase2 | Checksum: 1d7def2bb

Time (s): cpu = 00:00:00.53 ; elapsed = 00:00:00.17 . Memory (MB): peak = 2747.199 ; gain = 80.039 ; free physical = 1086 ; free virtual = 8744
Phase 2 Global Placement | Checksum: 1d7def2bb

Time (s): cpu = 00:00:00.53 ; elapsed = 00:00:00.17 . Memory (MB): peak = 2747.199 ; gain = 80.039 ; free physical = 1086 ; free virtual = 8744

Phase 3 Detail Placement

Phase 3.1 Commit Multi Column Macros
Phase 3.1 Commit Multi Column Macros | Checksum: 1d7def2bb

Time (s): cpu = 00:00:00.54 ; elapsed = 00:00:00.17 . Memory (MB): peak = 2747.199 ; gain = 80.039 ; free physical = 1086 ; free virtual = 8744

Phase 3.2 Commit Most Macros & LUTRAMs
Phase 3.2 Commit Most Macros & LUTRAMs | Checksum: 199ebc77e

Time (s): cpu = 00:00:00.57 ; elapsed = 00:00:00.18 . Memory (MB): peak = 2747.199 ; gain = 80.039 ; free physical = 1086 ; free virtual = 8744

Phase 3.3 Area Swap Optimization
Phase 3.3 Area Swap Optimization | Checksum: 174af4c0b

Time (s): cpu = 00:00:00.59 ; elapsed = 00:00:00.18 . Memory (MB): peak = 2747.199 ; gain = 80.039 ; free physical = 1086 ; free virtual = 8744

Phase 3.4 Pipeline Register Optimization
Phase 3.4 Pipeline Register Optimization | Checksum: 174af4c0b

Time (s): cpu = 00:00:00.6 ; elapsed = 00:00:00.19 . Memory (MB): peak = 2747.199 ; gain = 80.039 ; free physical = 1086 ; free virtual = 8744

Phase 3.5 Small Shape Detail Placement
Phase 3.5 Small Shape Detail Placement | Checksum: 1847f6327

Time (s): cpu = 00:00:00.89 ; elapsed = 00:00:00.37 . Memory (MB): peak = 2747.199 ; gain = 80.039 ; free physical = 1098 ; free virtual = 8756

Phase 3.6 Re-assign LUT pins
Phase 3.6 Re-assign LUT pins | Checksum: 1847f6327

Time (s): cpu = 00:00:00.89 ; elapsed = 00:00:00.38 . Memory (MB): peak = 2747.199 ; gain = 80.039 ; free physical = 1098 ; free virtual = 8756

Phase 3.7 Pipeline Register Optimization
Phase 3.7 Pipeline Register Optimization | Checksum: 1847f6327

Time (s): cpu = 00:00:00.89 ; elapsed = 00:00:00.38 . Memory (MB): peak = 2747.199 ; gain = 80.039 ; free physical = 1098 ; free virtual = 8756
Phase 3 Detail Placement | Checksum: 1847f6327

Time (s): cpu = 00:00:00.89 ; elapsed = 00:00:00.38 . Memory (MB): peak = 2747.199 ; gain = 80.039 ; free physical = 1098 ; free virtual = 8756

Phase 4 Post Placement Optimization and Clean-Up

Phase 4.1 Post Commit Optimization
Phase 4.1 Post Commit Optimization | Checksum: 1847f6327

Time (s): cpu = 00:00:00.95 ; elapsed = 00:00:00.39 . Memory (MB): peak = 2747.199 ; gain = 80.039 ; free physical = 1098 ; free virtual = 8756

Phase 4.2 Post Placement Cleanup
Phase 4.2 Post Placement Cleanup | Checksum: 1847f6327

Time (s): cpu = 00:00:00.97 ; elapsed = 00:00:00.4 . Memory (MB): peak = 2747.199 ; gain = 80.039 ; free physical = 1098 ; free virtual = 8756

Phase 4.3 Placer Reporting

Phase 4.3.1 Print Estimated Congestion
INFO: [Place 30-612] Post-Placement Estimated Congestion 
 ____________________________________________________
|           | Global Congestion | Short Congestion  |
| Direction | Region Size       | Region Size       |
|___________|___________________|___________________|
|      North|                1x1|                1x1|
|___________|___________________|___________________|
|      South|                1x1|                1x1|
|___________|___________________|___________________|
|       East|                1x1|                1x1|
|___________|___________________|___________________|
|       West|                1x1|                1x1|
|___________|___________________|___________________|

Phase 4.3.1 Print Estimated Congestion | Checksum: 1847f6327

Time (s): cpu = 00:00:00.97 ; elapsed = 00:00:00.4 . Memory (MB): peak = 2747.199 ; gain = 80.039 ; free physical = 1098 ; free virtual = 8756
Phase 4.3 Placer Reporting | Checksum: 1847f6327

Time (s): cpu = 00:00:00.97 ; elapsed = 00:00:00.4 . Memory (MB): peak = 2747.199 ; gain = 80.039 ; free physical = 1098 ; free virtual = 8756

Phase 4.4 Final Placement Cleanup
Netlist sorting complete. Time (s): cpu = 00:00:00 ; elapsed = 00:00:00 . Memory (MB): peak = 2747.199 ; gain = 0.000 ; free physical = 1098 ; free virtual = 8756

Time (s): cpu = 00:00:00.98 ; elapsed = 00:00:00.4 . Memory (MB): peak = 2747.199 ; gain = 80.039 ; free physical = 1098 ; free virtual = 8756
Phase 4 Post Placement Optimization and Clean-Up | Checksum: 1847f6327

Time (s): cpu = 00:00:00.98 ; elapsed = 00:00:00.4 . Memory (MB): peak = 2747.199 ; gain = 80.039 ; free physical = 1098 ; free virtual = 8756
Ending Placer Task | Checksum: 12bc71e96

Time (s): cpu = 00:00:00.99 ; elapsed = 00:00:00.4 . Memory (MB): peak = 2747.199 ; gain = 80.039 ; free physical = 1098 ; free virtual = 8756
48 Infos, 2 Warnings, 0 Critical Warnings and 0 Errors encountered.
place_design completed successfully
INFO: [Vivado 12-24838] Running report commands "report_control_sets, report_io, report_utilization" in parallel.
Running report generation with 3 threads.
INFO: [Vivado 12-24828] Executing command : report_control_sets -verbose -file Comb_circuit_wrapper_control_sets_placed.rpt
report_control_sets: Time (s): cpu = 00:00:00.03 ; elapsed = 00:00:00.05 . Memory (MB): peak = 2747.199 ; gain = 0.000 ; free physical = 1079 ; free virtual = 8737
INFO: [Vivado 12-24828] Executing command : report_utilization -file Comb_circuit_wrapper_utilization_placed.rpt -pb Comb_circuit_wrapper_utilization_placed.pb
INFO: [Vivado 12-24828] Executing command : report_io -file Comb_circuit_wrapper_io_placed.rpt
report_io: Time (s): cpu = 00:00:00.06 ; elapsed = 00:00:00.12 . Memory (MB): peak = 2747.199 ; gain = 0.000 ; free physical = 1074 ; free virtual = 8732
INFO: [Timing 38-480] Writing timing data to binary archive.
Write ShapeDB Complete: Time (s): cpu = 00:00:00 ; elapsed = 00:00:00 . Memory (MB): peak = 2747.199 ; gain = 0.000 ; free physical = 1074 ; free virtual = 8732
Wrote PlaceDB: Time (s): cpu = 00:00:00 ; elapsed = 00:00:00 . Memory (MB): peak = 2747.199 ; gain = 0.000 ; free physical = 1074 ; free virtual = 8732
Wrote PulsedLatchDB: Time (s): cpu = 00:00:00 ; elapsed = 00:00:00 . Memory (MB): peak = 2747.199 ; gain = 0.000 ; free physical = 1074 ; free virtual = 8732
Writing XDEF routing.
Writing XDEF routing logical nets.
Writing XDEF routing special nets.
Wrote RouteStorage: Time (s): cpu = 00:00:00.02 ; elapsed = 00:00:00 . Memory (MB): peak = 2747.199 ; gain = 0.000 ; free physical = 1074 ; free virtual = 8732
Wrote Netlist Cache: Time (s): cpu = 00:00:00 ; elapsed = 00:00:00 . Memory (MB): peak = 2747.199 ; gain = 0.000 ; free physical = 1074 ; free virtual = 8732
Wrote Device Cache: Time (s): cpu = 00:00:00.01 ; elapsed = 00:00:00.01 . Memory (MB): peak = 2747.199 ; gain = 0.000 ; free physical = 1073 ; free virtual = 8731
Write Physdb Complete: Time (s): cpu = 00:00:00.03 ; elapsed = 00:00:00.02 . Memory (MB): peak = 2747.199 ; gain = 0.000 ; free physical = 1073 ; free virtual = 8731
INFO: [Common 17-1381] The checkpoint '/home/lenovo/Simulation_Linux/HLS/Dummy_Comb_Circuit/Dummy_Comb_Circuit.runs/impl_1/Comb_circuit_wrapper_placed.dcp' has been generated.
Command: phys_opt_design
Attempting to get a license for feature 'Implementation' and/or device 'xc7a35t'
INFO: [Common 17-349] Got license for feature 'Implementation' and/or device 'xc7a35t'

Starting Initial Update Timing Task

Time (s): cpu = 00:00:00.01 ; elapsed = 00:00:00.01 . Memory (MB): peak = 2747.199 ; gain = 0.000 ; free physical = 1072 ; free virtual = 8731
INFO: [Vivado_Tcl 4-235] No timing constraint found. The netlist was not modified.
INFO: [Common 17-83] Releasing license: Implementation
57 Infos, 2 Warnings, 0 Critical Warnings and 0 Errors encountered.
phys_opt_design completed successfully
INFO: [Timing 38-480] Writing timing data to binary archive.
Write ShapeDB Complete: Time (s): cpu = 00:00:00 ; elapsed = 00:00:00 . Memory (MB): peak = 2747.199 ; gain = 0.000 ; free physical = 1072 ; free virtual = 8730
Wrote PlaceDB: Time (s): cpu = 00:00:00 ; elapsed = 00:00:00 . Memory (MB): peak = 2747.199 ; gain = 0.000 ; free physical = 1072 ; free virtual = 8730
Wrote PulsedLatchDB: Time (s): cpu = 00:00:00 ; elapsed = 00:00:00 . Memory (MB): peak = 2747.199 ; gain = 0.000 ; free physical = 1072 ; free virtual = 8730
Writing XDEF routing.
Writing XDEF routing logical nets.
Writing XDEF routing special nets.
Wrote RouteStorage: Time (s): cpu = 00:00:00.02 ; elapsed = 00:00:00.01 . Memory (MB): peak = 2747.199 ; gain = 0.000 ; free physical = 1071 ; free virtual = 8730
Wrote Netlist Cache: Time (s): cpu = 00:00:00 ; elapsed = 00:00:00 . Memory (MB): peak = 2747.199 ; gain = 0.000 ; free physical = 1071 ; free virtual = 8730
Wrote Device Cache: Time (s): cpu = 00:00:00.01 ; elapsed = 00:00:00.01 . Memory (MB): peak = 2747.199 ; gain = 0.000 ; free physical = 1070 ; free virtual = 8729
Write Physdb Complete: Time (s): cpu = 00:00:00.03 ; elapsed = 00:00:00.02 . Memory (MB): peak = 2747.199 ; gain = 0.000 ; free physical = 1070 ; free virtual = 8729
INFO: [Common 17-1381] The checkpoint '/home/lenovo/Simulation_Linux/HLS/Dummy_Comb_Circuit/Dummy_Comb_Circuit.runs/impl_1/Comb_circuit_wrapper_physopt.dcp' has been generated.
Command: route_design
Attempting to get a license for feature 'Implementation' and/or device 'xc7a35t'
INFO: [Common 17-349] Got license for feature 'Implementation' and/or device 'xc7a35t'


Starting Routing Task
INFO: [Route 35-254] Multithreading enabled for route_design using a maximum of 8 CPUs

Phase 1 Build RT Design
Checksum: PlaceDB: 7f3f93f9 ConstDB: 0 ShapeSum: c062e46 RouteDB: a0815c57
Post Restoration Checksum: NetGraph: af476a69 | NumContArr: 8400e055 | Constraints: c2a8fa9d | Timing: c2a8fa9d
Phase 1 Build RT Design | Checksum: 2b89a3ff8

Time (s): cpu = 00:00:11 ; elapsed = 00:00:09 . Memory (MB): peak = 2815.059 ; gain = 67.859 ; free physical = 969 ; free virtual = 8631

Phase 2 Router Initialization
INFO: [Route 35-64] No timing constraints were detected. The router will operate in resource-optimization mode.

Phase 2.1 Fix Topology Constraints
Phase 2.1 Fix Topology Constraints | Checksum: 2b89a3ff8

Time (s): cpu = 00:00:11 ; elapsed = 00:00:09 . Memory (MB): peak = 2845.059 ; gain = 97.859 ; free physical = 938 ; free virtual = 8600

Phase 2.2 Pre Route Cleanup
Phase 2.2 Pre Route Cleanup | Checksum: 2b89a3ff8

Time (s): cpu = 00:00:11 ; elapsed = 00:00:09 . Memory (MB): peak = 2845.059 ; gain = 97.859 ; free physical = 938 ; free virtual = 8600

Router Utilization Summary
  Global Vertical Routing Utilization    = 0 %
  Global Horizontal Routing Utilization  = 0 %
  Routable Net Status*
  *Does not include unroutable nets such as driverless and loadless.
  Run report_route_status for detailed report.
  Number of Failed Nets               = 4
    (Failed Nets is the sum of unrouted and partially routed nets)
  Number of Unrouted Nets             = 4
  Number of Partially Routed Nets     = 0
  Number of Node Overlaps             = 0

Phase 2 Router Initialization | Checksum: 2b89a3ff8

Time (s): cpu = 00:00:11 ; elapsed = 00:00:10 . Memory (MB): peak = 2863.059 ; gain = 115.859 ; free physical = 922 ; free virtual = 8584

Phase 3 Global Routing
Phase 3 Global Routing | Checksum: 2b89a3ff8

Time (s): cpu = 00:00:11 ; elapsed = 00:00:10 . Memory (MB): peak = 2863.059 ; gain = 115.859 ; free physical = 922 ; free virtual = 8584

Phase 4 Initial Routing

Phase 4.1 Initial Net Routing Pass
 Number of Nodes with overlaps = 0
Phase 4.1 Initial Net Routing Pass | Checksum: 2a0594a72

Time (s): cpu = 00:00:12 ; elapsed = 00:00:10 . Memory (MB): peak = 2863.059 ; gain = 115.859 ; free physical = 922 ; free virtual = 8584
Phase 4 Initial Routing | Checksum: 2a0594a72

Time (s): cpu = 00:00:12 ; elapsed = 00:00:10 . Memory (MB): peak = 2863.059 ; gain = 115.859 ; free physical = 922 ; free virtual = 8584

Phase 5 Rip-up And Reroute

Phase 5.1 Global Iteration 0
Phase 5.1 Global Iteration 0 | Checksum: 2a0594a72

Time (s): cpu = 00:00:12 ; elapsed = 00:00:10 . Memory (MB): peak = 2863.059 ; gain = 115.859 ; free physical = 922 ; free virtual = 8584
Phase 5 Rip-up And Reroute | Checksum: 2a0594a72

Time (s): cpu = 00:00:12 ; elapsed = 00:00:10 . Memory (MB): peak = 2863.059 ; gain = 115.859 ; free physical = 922 ; free virtual = 8584

Phase 6 Delay and Skew Optimization
Phase 6 Delay and Skew Optimization | Checksum: 2a0594a72

Time (s): cpu = 00:00:12 ; elapsed = 00:00:10 . Memory (MB): peak = 2863.059 ; gain = 115.859 ; free physical = 922 ; free virtual = 8584

Phase 7 Post Hold Fix

Phase 7.1 Hold Fix Iter
Phase 7.1 Hold Fix Iter | Checksum: 2a0594a72

Time (s): cpu = 00:00:12 ; elapsed = 00:00:10 . Memory (MB): peak = 2863.059 ; gain = 115.859 ; free physical = 922 ; free virtual = 8584
Phase 7 Post Hold Fix | Checksum: 2a0594a72

Time (s): cpu = 00:00:12 ; elapsed = 00:00:10 . Memory (MB): peak = 2863.059 ; gain = 115.859 ; free physical = 922 ; free virtual = 8584

Phase 8 Route finalize

Router Utilization Summary
  Global Vertical Routing Utilization    = 0.000797257 %
  Global Horizontal Routing Utilization  = 0.00104112 %
  Routable Net Status*
  *Does not include unroutable nets such as driverless and loadless.
  Run report_route_status for detailed report.
  Number of Failed Nets               = 0
    (Failed Nets is the sum of unrouted and partially routed nets)
  Number of Unrouted Nets             = 0
  Number of Partially Routed Nets     = 0
  Number of Node Overlaps             = 0


--GLOBAL Congestion:
Utilization threshold used for congestion level computation: 0.85
Congestion Report
North Dir 1x1 Area, Max Cong = 5.40541%, No Congested Regions.
South Dir 1x1 Area, Max Cong = 0%, No Congested Regions.
East Dir 1x1 Area, Max Cong = 2.94118%, No Congested Regions.
West Dir 1x1 Area, Max Cong = 2.94118%, No Congested Regions.

------------------------------
Reporting congestion hotspots
------------------------------
Direction: North
----------------
Congested clusters found at Level 0
Effective congestion level: 0 Aspect Ratio: 1 Sparse Ratio: 0
Direction: South
----------------
Congested clusters found at Level 0
Effective congestion level: 0 Aspect Ratio: 1 Sparse Ratio: 0
Direction: East
----------------
Congested clusters found at Level 0
Effective congestion level: 0 Aspect Ratio: 1 Sparse Ratio: 0
Direction: West
----------------
Congested clusters found at Level 0
Effective congestion level: 0 Aspect Ratio: 1 Sparse Ratio: 0

Phase 8 Route finalize | Checksum: 2a0594a72

Time (s): cpu = 00:00:12 ; elapsed = 00:00:10 . Memory (MB): peak = 2863.059 ; gain = 115.859 ; free physical = 922 ; free virtual = 8584

Phase 9 Verifying routed nets

 Verification completed successfully
Phase 9 Verifying routed nets | Checksum: 2a0594a72

Time (s): cpu = 00:00:12 ; elapsed = 00:00:10 . Memory (MB): peak = 2863.059 ; gain = 115.859 ; free physical = 922 ; free virtual = 8584

Phase 10 Depositing Routes
Phase 10 Depositing Routes | Checksum: 1fedd26c1

Time (s): cpu = 00:00:12 ; elapsed = 00:00:10 . Memory (MB): peak = 2863.059 ; gain = 115.859 ; free physical = 922 ; free virtual = 8584

Phase 11 Post Process Routing
Phase 11 Post Process Routing | Checksum: 1fedd26c1

Time (s): cpu = 00:00:12 ; elapsed = 00:00:10 . Memory (MB): peak = 2863.059 ; gain = 115.859 ; free physical = 922 ; free virtual = 8584
Total Elapsed time in route_design: 9.54 secs

Phase 12 Post-Route Event Processing
Phase 12 Post-Route Event Processing | Checksum: 1b7306115

Time (s): cpu = 00:00:12 ; elapsed = 00:00:10 . Memory (MB): peak = 2863.059 ; gain = 115.859 ; free physical = 922 ; free virtual = 8584
INFO: [Route 35-16] Router Completed Successfully
Ending Routing Task | Checksum: 1b7306115

Time (s): cpu = 00:00:12 ; elapsed = 00:00:10 . Memory (MB): peak = 2863.059 ; gain = 115.859 ; free physical = 922 ; free virtual = 8584

Routing Is Done.
INFO: [Common 17-83] Releasing license: Implementation
64 Infos, 2 Warnings, 0 Critical Warnings and 0 Errors encountered.
route_design completed successfully
route_design: Time (s): cpu = 00:00:12 ; elapsed = 00:00:10 . Memory (MB): peak = 2863.059 ; gain = 115.859 ; free physical = 922 ; free virtual = 8584
INFO: [Vivado 12-24828] Executing command : report_drc -file Comb_circuit_wrapper_drc_routed.rpt -pb Comb_circuit_wrapper_drc_routed.pb -rpx Comb_circuit_wrapper_drc_routed.rpx
Command: report_drc -file Comb_circuit_wrapper_drc_routed.rpt -pb Comb_circuit_wrapper_drc_routed.pb -rpx Comb_circuit_wrapper_drc_routed.rpx
INFO: [IP_Flow 19-1839] IP Catalog is up to date.
INFO: [DRC 23-27] Running DRC with 8 threads
INFO: [Vivado_Tcl 2-168] The results of DRC are in file /home/lenovo/Simulation_Linux/HLS/Dummy_Comb_Circuit/Dummy_Comb_Circuit.runs/impl_1/Comb_circuit_wrapper_drc_routed.rpt.
report_drc completed successfully
INFO: [Vivado 12-24828] Executing command : report_methodology -file Comb_circuit_wrapper_methodology_drc_routed.rpt -pb Comb_circuit_wrapper_methodology_drc_routed.pb -rpx Comb_circuit_wrapper_methodology_drc_routed.rpx
Command: report_methodology -file Comb_circuit_wrapper_methodology_drc_routed.rpt -pb Comb_circuit_wrapper_methodology_drc_routed.pb -rpx Comb_circuit_wrapper_methodology_drc_routed.rpx
INFO: [Timing 38-35] Done setting XDC timing constraints.
INFO: [DRC 23-133] Running Methodology with 8 threads
INFO: [Vivado_Tcl 2-1520] The results of Report Methodology are in file /home/lenovo/Simulation_Linux/HLS/Dummy_Comb_Circuit/Dummy_Comb_Circuit.runs/impl_1/Comb_circuit_wrapper_methodology_drc_routed.rpt.
report_methodology completed successfully
INFO: [Vivado 12-24828] Executing command : report_timing_summary -max_paths 10 -routable_nets -report_unconstrained -file Comb_circuit_wrapper_timing_summary_routed.rpt -pb Comb_circuit_wrapper_timing_summary_routed.pb -rpx Comb_circuit_wrapper_timing_summary_routed.rpx -warn_on_violation 
INFO: [Timing 38-35] Done setting XDC timing constraints.
INFO: [Timing 38-91] UpdateTimingParams: Speed grade: -1, Delay Type: min_max.
INFO: [Timing 38-191] Multithreading enabled for timing update using a maximum of 8 CPUs
WARNING: [Timing 38-313] There are no user specified timing constraints. Timing constraints are needed for proper timing analysis.
INFO: [Vivado 12-24838] Running report commands "report_bus_skew, report_incremental_reuse, report_route_status" in parallel.
Running report generation with 3 threads.
INFO: [Vivado 12-24828] Executing command : report_incremental_reuse -file Comb_circuit_wrapper_incremental_reuse_routed.rpt
INFO: [Vivado_Tcl 4-1062] Incremental flow is disabled. No incremental reuse Info to report.
INFO: [Vivado 12-24828] Executing command : report_route_status -file Comb_circuit_wrapper_route_status.rpt -pb Comb_circuit_wrapper_route_status.pb
INFO: [Vivado 12-24828] Executing command : report_bus_skew -warn_on_violation -file Comb_circuit_wrapper_bus_skew_routed.rpt -pb Comb_circuit_wrapper_bus_skew_routed.pb -rpx Comb_circuit_wrapper_bus_skew_routed.rpx
INFO: [Timing 38-91] UpdateTimingParams: Speed grade: -1, Delay Type: min_max.
INFO: [Timing 38-191] Multithreading enabled for timing update using a maximum of 8 CPUs
INFO: [Vivado 12-24828] Executing command : report_power -file Comb_circuit_wrapper_power_routed.rpt -pb Comb_circuit_wrapper_power_summary_routed.pb -rpx Comb_circuit_wrapper_power_routed.rpx
Command: report_power -file Comb_circuit_wrapper_power_routed.rpt -pb Comb_circuit_wrapper_power_summary_routed.pb -rpx Comb_circuit_wrapper_power_routed.rpx
WARNING: [Power 33-232] No user defined clocks were found in the design! Power estimation will be inaccurate until this is corrected.
Resolution: Please specify clocks using create_clock/create_generated_clock for sequential elements. For pure combinatorial circuits, please specify a virtual clock, otherwise the vectorless estimation might be inaccurate
Running Vector-less Activity Propagation...

Finished Running Vector-less Activity Propagation
84 Infos, 4 Warnings, 0 Critical Warnings and 0 Errors encountered.
report_power completed successfully
INFO: [Vivado 12-24828] Executing command : report_clock_utilization -file Comb_circuit_wrapper_clock_utilization_routed.rpt
INFO: [Timing 38-480] Writing timing data to binary archive.
Write ShapeDB Complete: Time (s): cpu = 00:00:00 ; elapsed = 00:00:00.01 . Memory (MB): peak = 2937.832 ; gain = 0.000 ; free physical = 912 ; free virtual = 8573
Wrote PlaceDB: Time (s): cpu = 00:00:00 ; elapsed = 00:00:00 . Memory (MB): peak = 2937.832 ; gain = 0.000 ; free physical = 912 ; free virtual = 8573
Wrote PulsedLatchDB: Time (s): cpu = 00:00:00 ; elapsed = 00:00:00 . Memory (MB): peak = 2937.832 ; gain = 0.000 ; free physical = 912 ; free virtual = 8573
Writing XDEF routing.
Writing XDEF routing logical nets.
Writing XDEF routing special nets.
Wrote RouteStorage: Time (s): cpu = 00:00:00.02 ; elapsed = 00:00:00.01 . Memory (MB): peak = 2937.832 ; gain = 0.000 ; free physical = 912 ; free virtual = 8573
Wrote Netlist Cache: Time (s): cpu = 00:00:00 ; elapsed = 00:00:00 . Memory (MB): peak = 2937.832 ; gain = 0.000 ; free physical = 912 ; free virtual = 8573
Wrote Device Cache: Time (s): cpu = 00:00:00.01 ; elapsed = 00:00:00 . Memory (MB): peak = 2937.832 ; gain = 0.000 ; free physical = 912 ; free virtual = 8574
Write Physdb Complete: Time (s): cpu = 00:00:00.03 ; elapsed = 00:00:00.02 . Memory (MB): peak = 2937.832 ; gain = 0.000 ; free physical = 912 ; free virtual = 8574
INFO: [Common 17-1381] The checkpoint '/home/lenovo/Simulation_Linux/HLS/Dummy_Comb_Circuit/Dummy_Comb_Circuit.runs/impl_1/Comb_circuit_wrapper_routed.dcp' has been generated.
Command: write_bitstream -force Comb_circuit_wrapper.bit
Attempting to get a license for feature 'Implementation' and/or device 'xc7a35t'
INFO: [Common 17-349] Got license for feature 'Implementation' and/or device 'xc7a35t'
Running DRC as a precondition to command write_bitstream
INFO: [IP_Flow 19-1839] IP Catalog is up to date.
INFO: [DRC 23-27] Running DRC with 8 threads
INFO: [Vivado 12-3199] DRC finished with 0 Errors
INFO: [Vivado 12-3200] Please refer to the DRC report (report_drc) for more information.
INFO: [Designutils 20-2272] Running write_bitstream with 8 threads.
Loading data files...
Loading site data...
Loading route data...
Processing options...
Creating bitmap...
Creating bitstream...
Writing bitstream ./Comb_circuit_wrapper.bit...
INFO: [Vivado 12-1842] Bitgen Completed Successfully.
INFO: [Project 1-1876] WebTalk data collection is mandatory when using a ULT device. To see the specific WebTalk data collected for your design, open the usage_statistics_webtalk.html or usage_statistics_webtalk.xml file in the implementation directory.
INFO: [Common 17-83] Releasing license: Implementation
96 Infos, 4 Warnings, 0 Critical Warnings and 0 Errors encountered.
write_bitstream completed successfully
write_bitstream: Time (s): cpu = 00:00:04 ; elapsed = 00:00:10 . Memory (MB): peak = 3212.910 ; gain = 269.027 ; free physical = 592 ; free virtual = 8256
INFO: [Common 17-206] Exiting Vivado at Thu Oct 16 10:20:26 2025...
