

================================================================
== Vitis HLS Report for 'parallel2serial'
================================================================
* Date:           Mon Feb 16 10:27:05 2026

* Version:        2025.1 (Build 6135595 on May 21 2025)
* Project:        Parallel_to_Serial_Vitis
* Solution:       hls (Vivado IP Flow Target)
* Product family: artix7
* Target device:  xc7a35t-cpg236-1


================================================================
== Performance Estimates
================================================================
+ Timing: 
    * Summary: 
    +--------+----------+----------+------------+
    |  Clock |  Target  | Estimated| Uncertainty|
    +--------+----------+----------+------------+
    |ap_clk  |  10.00 ns|  5.140 ns|     2.70 ns|
    +--------+----------+----------+------------+

+ Latency: 
    * Summary: 
    +---------+---------+----------+----------+-----+-----+---------+
    |  Latency (cycles) |  Latency (absolute) |  Interval | Pipeline|
    |   min   |   max   |    min   |    max   | min | max |   Type  |
    +---------+---------+----------+----------+-----+-----+---------+
    |        0|        0|      0 ns|      0 ns|    1|    1|       no|
    +---------+---------+----------+----------+-----+-----+---------+

    + Detail: 
        * Instance: 
        N/A

        * Loop: 
        N/A



================================================================
== Utilization Estimates
================================================================
* Summary: 
+-----------------+---------+----+-------+-------+-----+
|       Name      | BRAM_18K| DSP|   FF  |  LUT  | URAM|
+-----------------+---------+----+-------+-------+-----+
|DSP              |        -|   -|      -|      -|    -|
|Expression       |        -|   -|      0|    112|    -|
|FIFO             |        -|   -|      -|      -|    -|
|Instance         |        -|   -|      0|      2|    -|
|Memory           |        -|   -|      -|      -|    -|
|Multiplexer      |        -|   -|      0|     60|    -|
|Register         |        -|   -|     33|      -|    -|
+-----------------+---------+----+-------+-------+-----+
|Total            |        0|   0|     33|    174|    0|
+-----------------+---------+----+-------+-------+-----+
|Available        |      100|  90|  41600|  20800|    0|
+-----------------+---------+----+-------+-------+-----+
|Utilization (%)  |        0|   0|     ~0|     ~0|    0|
+-----------------+---------+----+-------+-------+-----+

+ Detail: 
    * Instance: 
    +--------------------------------+-----------------------------+---------+----+---+----+-----+
    |            Instance            |            Module           | BRAM_18K| DSP| FF| LUT| URAM|
    +--------------------------------+-----------------------------+---------+----+---+----+-----+
    |bitselect_1ns_8ns_3ns_1_1_1_U1  |bitselect_1ns_8ns_3ns_1_1_1  |        0|   0|  0|   2|    0|
    +--------------------------------+-----------------------------+---------+----+---+----+-----+
    |Total                           |                             |        0|   0|  0|   2|    0|
    +--------------------------------+-----------------------------+---------+----+---+----+-----+

    * DSP: 
    N/A

    * Memory: 
    N/A

    * FIFO: 
    N/A

    * Expression: 
    +-----------------------+----------+----+---+----+------------+------------+
    |     Variable Name     | Operation| DSP| FF| LUT| Bitwidth P0| Bitwidth P1|
    +-----------------------+----------+----+---+----+------------+------------+
    |add_ln56_fu_147_p2     |         +|   0|  0|  39|          32|           1|
    |ap_condition_38        |       and|   0|  0|   2|           1|           1|
    |icmp_ln51_fu_141_p2    |      icmp|   0|  0|  39|          32|           3|
    |select_ln25_fu_107_p3  |    select|   0|  0|  32|           1|           1|
    +-----------------------+----------+----+---+----+------------+------------+
    |Total                  |          |   0|  0| 112|          66|           6|
    +-----------------------+----------+----+---+----+------------+------------+

    * Multiplexer: 
    +-------------------------------------+----+-----------+-----+-----------+
    |                 Name                | LUT| Input Size| Bits| Total Bits|
    +-------------------------------------+----+-----------+-----+-----------+
    |ap_phi_mux_count_new_2_phi_fu_90_p8  |  17|          4|   32|        128|
    |d                                    |  17|          4|    1|          4|
    |serial_end                           |  13|          3|    1|          3|
    |serial_start                         |  13|          3|    1|          3|
    +-------------------------------------+----+-----------+-----+-----------+
    |Total                                |  60|         14|   35|        138|
    +-------------------------------------+----+-----------+-----+-----------+

    * Register: 
    +-----------+----+----+-----+-----------+
    |    Name   | FF | LUT| Bits| Const Bits|
    +-----------+----+----+-----+-----------+
    |ap_CS_fsm  |   1|   0|    1|          0|
    |count      |  32|   0|   32|          0|
    +-----------+----+----+-----+-----------+
    |Total      |  33|   0|   33|          0|
    +-----------+----+----+-----+-----------+



================================================================
== Interface
================================================================
* Summary: 
+--------------+-----+-----+--------------+-----------------+--------------+
|   RTL Ports  | Dir | Bits|   Protocol   |  Source Object  |    C Type    |
+--------------+-----+-----+--------------+-----------------+--------------+
|ap_clk        |   in|    1|  ap_ctrl_none|  parallel2serial|  return value|
|ap_rst        |   in|    1|  ap_ctrl_none|  parallel2serial|  return value|
|a             |   in|    8|       ap_none|                a|        scalar|
|begin_r       |   in|    1|       ap_none|          begin_r|        scalar|
|d             |  out|    1|       ap_none|                d|       pointer|
|serial_start  |  out|    1|       ap_none|     serial_start|       pointer|
|serial_end    |  out|    1|       ap_none|       serial_end|       pointer|
+--------------+-----+-----+--------------+-----------------+--------------+

