
*** Running vivado
    with args -log LED_Controller_led_ON_0_0.vds -m64 -product Vivado -mode batch -messageDb vivado.pb -notrace -source LED_Controller_led_ON_0_0.tcl


****** Vivado v2025.1 (64-bit)
  **** SW Build 6140274 on Wed May 21 22:58:25 MDT 2025
  **** IP Build 6138677 on Thu May 22 03:10:11 MDT 2025
  **** SharedData Build 6139179 on Tue May 20 17:58:58 MDT 2025
  **** Start of session at: Fri Oct  3 12:27:42 2025
    ** Copyright 1986-2022 Xilinx, Inc. All Rights Reserved.
    ** Copyright 2022-2025 Advanced Micro Devices, Inc. All Rights Reserved.

source LED_Controller_led_ON_0_0.tcl -notrace
INFO: [IP_Flow 19-234] Refreshing IP repositories
INFO: [IP_Flow 19-1700] Loaded user IP repository '/home/lenovo/Simulation_Linux/HLS'.
WARNING: [IP_Flow 19-3656] If you move the project, the path for repository '/home/lenovo/Simulation_Linux/HLS' may become invalid. A better location for the repository would be in a path adjacent to the project. (Current project location is '/home/lenovo/Simulation_Linux/HLS/LED_Controller_Vivado/LED_Controller_Vivado.runs/LED_Controller_led_ON_0_0_synth_1'.)
INFO: [IP_Flow 19-2313] Loaded Vivado IP repository '/opt/Xilinx/2025.1/Vivado/data/ip'.
Command: synth_design -top LED_Controller_led_ON_0_0 -part xc7a35tcpg236-1 -incremental_mode off -mode out_of_context
Starting synth_design
Attempting to get a license for feature 'Synthesis' and/or device 'xc7a35t'
INFO: [Common 17-349] Got license for feature 'Synthesis' and/or device 'xc7a35t'
INFO: [Device 21-403] Loading part xc7a35tcpg236-1
INFO: [Synth 8-7079] Multithreading enabled for synth_design using a maximum of 7 processes.
INFO: [Synth 8-7078] Launching helper process for spawning children vivado processes
INFO: [Synth 8-7075] Helper process launched with PID 13757
---------------------------------------------------------------------------------
Starting RTL Elaboration : Time (s): cpu = 00:00:03 ; elapsed = 00:00:03 . Memory (MB): peak = 2096.031 ; gain = 439.656 ; free physical = 1866 ; free virtual = 9151
---------------------------------------------------------------------------------
INFO: [Synth 8-6157] synthesizing module 'LED_Controller_led_ON_0_0' [/home/lenovo/Simulation_Linux/HLS/LED_Controller_Vivado/LED_Controller_Vivado.gen/sources_1/bd/LED_Controller/ip/LED_Controller_led_ON_0_0/synth/LED_Controller_led_ON_0_0.v:53]
INFO: [Synth 8-6157] synthesizing module 'led_ON' [/home/lenovo/Simulation_Linux/HLS/LED_Controller_Vivado/LED_Controller_Vivado.gen/sources_1/bd/LED_Controller/ipshared/f4e3/hdl/verilog/led_ON.v:9]
INFO: [Synth 8-6155] done synthesizing module 'led_ON' (0#1) [/home/lenovo/Simulation_Linux/HLS/LED_Controller_Vivado/LED_Controller_Vivado.gen/sources_1/bd/LED_Controller/ipshared/f4e3/hdl/verilog/led_ON.v:9]
INFO: [Synth 8-6155] done synthesizing module 'LED_Controller_led_ON_0_0' (0#1) [/home/lenovo/Simulation_Linux/HLS/LED_Controller_Vivado/LED_Controller_Vivado.gen/sources_1/bd/LED_Controller/ip/LED_Controller_led_ON_0_0/synth/LED_Controller_led_ON_0_0.v:53]
WARNING: [Synth 8-7129] Port ap_rst in module led_ON is either unconnected or has no load
---------------------------------------------------------------------------------
Finished RTL Elaboration : Time (s): cpu = 00:00:04 ; elapsed = 00:00:04 . Memory (MB): peak = 2168.969 ; gain = 512.594 ; free physical = 1780 ; free virtual = 9068
---------------------------------------------------------------------------------
---------------------------------------------------------------------------------
Start Handling Custom Attributes
---------------------------------------------------------------------------------
---------------------------------------------------------------------------------
Finished Handling Custom Attributes : Time (s): cpu = 00:00:04 ; elapsed = 00:00:04 . Memory (MB): peak = 2194.781 ; gain = 538.406 ; free physical = 1776 ; free virtual = 9064
---------------------------------------------------------------------------------
---------------------------------------------------------------------------------
Finished RTL Optimization Phase 1 : Time (s): cpu = 00:00:04 ; elapsed = 00:00:04 . Memory (MB): peak = 2194.781 ; gain = 538.406 ; free physical = 1776 ; free virtual = 9064
---------------------------------------------------------------------------------
Netlist sorting complete. Time (s): cpu = 00:00:00 ; elapsed = 00:00:00 . Memory (MB): peak = 2194.781 ; gain = 0.000 ; free physical = 1776 ; free virtual = 9064
INFO: [Project 1-570] Preparing netlist for logic optimization

Processing XDC Constraints
Initializing timing engine
Parsing XDC File [/home/lenovo/Simulation_Linux/HLS/LED_Controller_Vivado/LED_Controller_Vivado.gen/sources_1/bd/LED_Controller/ip/LED_Controller_led_ON_0_0/constraints/led_ON_ooc.xdc] for cell 'inst'
Finished Parsing XDC File [/home/lenovo/Simulation_Linux/HLS/LED_Controller_Vivado/LED_Controller_Vivado.gen/sources_1/bd/LED_Controller/ip/LED_Controller_led_ON_0_0/constraints/led_ON_ooc.xdc] for cell 'inst'
Parsing XDC File [/home/lenovo/Simulation_Linux/HLS/LED_Controller_Vivado/LED_Controller_Vivado.runs/LED_Controller_led_ON_0_0_synth_1/dont_touch.xdc]
Finished Parsing XDC File [/home/lenovo/Simulation_Linux/HLS/LED_Controller_Vivado/LED_Controller_Vivado.runs/LED_Controller_led_ON_0_0_synth_1/dont_touch.xdc]
Completed Processing XDC Constraints

Netlist sorting complete. Time (s): cpu = 00:00:00 ; elapsed = 00:00:00 . Memory (MB): peak = 2243.707 ; gain = 0.000 ; free physical = 1752 ; free virtual = 9055
INFO: [Project 1-111] Unisim Transformation Summary:
No Unisim elements were transformed.

Constraint Validation Runtime : Time (s): cpu = 00:00:00 ; elapsed = 00:00:00 . Memory (MB): peak = 2243.742 ; gain = 0.000 ; free physical = 1751 ; free virtual = 9054
INFO: [Designutils 20-5008] Incremental synthesis strategy off
---------------------------------------------------------------------------------
Finished Constraint Validation : Time (s): cpu = 00:00:08 ; elapsed = 00:00:09 . Memory (MB): peak = 2243.742 ; gain = 587.367 ; free physical = 1772 ; free virtual = 9075
---------------------------------------------------------------------------------
---------------------------------------------------------------------------------
Start Loading Part and Timing Information
---------------------------------------------------------------------------------
Loading part: xc7a35tcpg236-1
---------------------------------------------------------------------------------
Finished Loading Part and Timing Information : Time (s): cpu = 00:00:08 ; elapsed = 00:00:09 . Memory (MB): peak = 2251.711 ; gain = 595.336 ; free physical = 1772 ; free virtual = 9075
---------------------------------------------------------------------------------
---------------------------------------------------------------------------------
Start Applying 'set_property' XDC Constraints
---------------------------------------------------------------------------------
---------------------------------------------------------------------------------
Finished applying 'set_property' XDC Constraints : Time (s): cpu = 00:00:08 ; elapsed = 00:00:09 . Memory (MB): peak = 2251.711 ; gain = 595.336 ; free physical = 1772 ; free virtual = 9075
---------------------------------------------------------------------------------
---------------------------------------------------------------------------------
Finished RTL Optimization Phase 2 : Time (s): cpu = 00:00:08 ; elapsed = 00:00:09 . Memory (MB): peak = 2251.711 ; gain = 595.336 ; free physical = 1774 ; free virtual = 9078
---------------------------------------------------------------------------------
---------------------------------------------------------------------------------
Start RTL Component Statistics 
---------------------------------------------------------------------------------
Detailed RTL Component Info : 
---------------------------------------------------------------------------------
Finished RTL Component Statistics 
---------------------------------------------------------------------------------
---------------------------------------------------------------------------------
Start Part Resource Summary
---------------------------------------------------------------------------------
Part Resources:
DSPs: 90 (col length:60)
BRAMs: 100 (col length: RAMB18 60 RAMB36 30)
---------------------------------------------------------------------------------
Finished Part Resource Summary
---------------------------------------------------------------------------------
---------------------------------------------------------------------------------
Start Cross Boundary and Area Optimization
---------------------------------------------------------------------------------
WARNING: [Synth 8-7080] Parallel synthesis criteria is not met
WARNING: [Synth 8-7129] Port ap_rst in module led_ON is either unconnected or has no load
---------------------------------------------------------------------------------
Finished Cross Boundary and Area Optimization : Time (s): cpu = 00:00:09 ; elapsed = 00:00:10 . Memory (MB): peak = 2251.711 ; gain = 595.336 ; free physical = 1777 ; free virtual = 9081
---------------------------------------------------------------------------------
---------------------------------------------------------------------------------
Start Applying XDC Timing Constraints
---------------------------------------------------------------------------------
---------------------------------------------------------------------------------
Finished Applying XDC Timing Constraints : Time (s): cpu = 00:00:13 ; elapsed = 00:00:13 . Memory (MB): peak = 2332.711 ; gain = 676.336 ; free physical = 1672 ; free virtual = 8986
---------------------------------------------------------------------------------
---------------------------------------------------------------------------------
Start Timing Optimization
---------------------------------------------------------------------------------
---------------------------------------------------------------------------------
Finished Timing Optimization : Time (s): cpu = 00:00:13 ; elapsed = 00:00:13 . Memory (MB): peak = 2332.711 ; gain = 676.336 ; free physical = 1672 ; free virtual = 8986
---------------------------------------------------------------------------------
---------------------------------------------------------------------------------
Start Technology Mapping
---------------------------------------------------------------------------------
---------------------------------------------------------------------------------
Finished Technology Mapping : Time (s): cpu = 00:00:13 ; elapsed = 00:00:13 . Memory (MB): peak = 2342.727 ; gain = 686.352 ; free physical = 1664 ; free virtual = 8979
---------------------------------------------------------------------------------
---------------------------------------------------------------------------------
Start IO Insertion
---------------------------------------------------------------------------------
---------------------------------------------------------------------------------
Start Flattening Before IO Insertion
---------------------------------------------------------------------------------
---------------------------------------------------------------------------------
Finished Flattening Before IO Insertion
---------------------------------------------------------------------------------
---------------------------------------------------------------------------------
Start Final Netlist Cleanup
---------------------------------------------------------------------------------
---------------------------------------------------------------------------------
Finished Final Netlist Cleanup
---------------------------------------------------------------------------------
---------------------------------------------------------------------------------
Finished IO Insertion : Time (s): cpu = 00:00:15 ; elapsed = 00:00:16 . Memory (MB): peak = 2517.539 ; gain = 861.164 ; free physical = 1416 ; free virtual = 8762
---------------------------------------------------------------------------------
---------------------------------------------------------------------------------
Start Renaming Generated Instances
---------------------------------------------------------------------------------
---------------------------------------------------------------------------------
Finished Renaming Generated Instances : Time (s): cpu = 00:00:15 ; elapsed = 00:00:16 . Memory (MB): peak = 2517.539 ; gain = 861.164 ; free physical = 1416 ; free virtual = 8762
---------------------------------------------------------------------------------
---------------------------------------------------------------------------------
Start Rebuilding User Hierarchy
---------------------------------------------------------------------------------
---------------------------------------------------------------------------------
Finished Rebuilding User Hierarchy : Time (s): cpu = 00:00:15 ; elapsed = 00:00:16 . Memory (MB): peak = 2517.539 ; gain = 861.164 ; free physical = 1416 ; free virtual = 8762
---------------------------------------------------------------------------------
---------------------------------------------------------------------------------
Start Renaming Generated Ports
---------------------------------------------------------------------------------
---------------------------------------------------------------------------------
Finished Renaming Generated Ports : Time (s): cpu = 00:00:15 ; elapsed = 00:00:16 . Memory (MB): peak = 2517.539 ; gain = 861.164 ; free physical = 1419 ; free virtual = 8763
---------------------------------------------------------------------------------
---------------------------------------------------------------------------------
Start Handling Custom Attributes
---------------------------------------------------------------------------------
---------------------------------------------------------------------------------
Finished Handling Custom Attributes : Time (s): cpu = 00:00:15 ; elapsed = 00:00:16 . Memory (MB): peak = 2517.539 ; gain = 861.164 ; free physical = 1422 ; free virtual = 8764
---------------------------------------------------------------------------------
---------------------------------------------------------------------------------
Start Renaming Generated Nets
---------------------------------------------------------------------------------
---------------------------------------------------------------------------------
Finished Renaming Generated Nets : Time (s): cpu = 00:00:15 ; elapsed = 00:00:16 . Memory (MB): peak = 2517.539 ; gain = 861.164 ; free physical = 1422 ; free virtual = 8764
---------------------------------------------------------------------------------
---------------------------------------------------------------------------------
Start Writing Synthesis Report
---------------------------------------------------------------------------------

Report BlackBoxes: 
+-+--------------+----------+
| |BlackBox name |Instances |
+-+--------------+----------+
+-+--------------+----------+

Report Cell Usage: 
+-+-----+------+
| |Cell |Count |
+-+-----+------+
+-+-----+------+
---------------------------------------------------------------------------------
Finished Writing Synthesis Report : Time (s): cpu = 00:00:15 ; elapsed = 00:00:16 . Memory (MB): peak = 2517.539 ; gain = 861.164 ; free physical = 1422 ; free virtual = 8766
---------------------------------------------------------------------------------
Synthesis finished with 0 errors, 0 critical warnings and 2 warnings.
Synthesis Optimization Runtime : Time (s): cpu = 00:00:14 ; elapsed = 00:00:15 . Memory (MB): peak = 2517.539 ; gain = 812.203 ; free physical = 1399 ; free virtual = 8767
Synthesis Optimization Complete : Time (s): cpu = 00:00:15 ; elapsed = 00:00:16 . Memory (MB): peak = 2517.547 ; gain = 861.164 ; free physical = 1399 ; free virtual = 8767
INFO: [Project 1-571] Translating synthesized netlist
Netlist sorting complete. Time (s): cpu = 00:00:00 ; elapsed = 00:00:00 . Memory (MB): peak = 2517.547 ; gain = 0.000 ; free physical = 1399 ; free virtual = 8767
INFO: [Project 1-570] Preparing netlist for logic optimization
INFO: [Opt 31-138] Pushed 0 inverter(s) to 0 load pin(s).
Netlist sorting complete. Time (s): cpu = 00:00:00 ; elapsed = 00:00:00 . Memory (MB): peak = 2517.547 ; gain = 0.000 ; free physical = 1532 ; free virtual = 8908
INFO: [Project 1-111] Unisim Transformation Summary:
No Unisim elements were transformed.

Synth Design complete | Checksum: 4bd721d9
INFO: [Common 17-83] Releasing license: Synthesis
20 Infos, 4 Warnings, 0 Critical Warnings and 0 Errors encountered.
synth_design completed successfully
synth_design: Time (s): cpu = 00:00:20 ; elapsed = 00:00:19 . Memory (MB): peak = 2517.574 ; gain = 1001.348 ; free physical = 1531 ; free virtual = 8907
INFO: [Common 17-2834] synth_design peak Physical Memory [PSS] (MB): overall = 1697.704; main = 1697.704; forked = 276.150
INFO: [Common 17-2834] synth_design peak Virtual Memory [VSS] (MB): overall = 3215.582; main = 2517.543; forked = 963.867
INFO: [Common 17-1381] The checkpoint '/home/lenovo/Simulation_Linux/HLS/LED_Controller_Vivado/LED_Controller_Vivado.runs/LED_Controller_led_ON_0_0_synth_1/LED_Controller_led_ON_0_0.dcp' has been generated.
INFO: [Coretcl 2-1648] Added synthesis output to IP cache for IP LED_Controller_led_ON_0_0, cache-ID = f5d3cd490477d4e5
INFO: [Common 17-1381] The checkpoint '/home/lenovo/Simulation_Linux/HLS/LED_Controller_Vivado/LED_Controller_Vivado.runs/LED_Controller_led_ON_0_0_synth_1/LED_Controller_led_ON_0_0.dcp' has been generated.
INFO: [Vivado 12-24828] Executing command : report_utilization -file LED_Controller_led_ON_0_0_utilization_synth.rpt -pb LED_Controller_led_ON_0_0_utilization_synth.pb
INFO: [Common 17-206] Exiting Vivado at Fri Oct  3 12:28:04 2025...
