

================================================================
== Vitis HLS Report for 'serial2parallel'
================================================================
* Date:           Sat Feb 28 08:52:53 2026

* Version:        2025.1 (Build 6135595 on May 21 2025)
* Project:        Serial_to_Parallel_Vitis
* Solution:       hls (Vivado IP Flow Target)
* Product family: artix7
* Target device:  xc7a35t-cpg236-1


================================================================
== Performance Estimates
================================================================
+ Timing: 
    * Summary: 
    +--------+----------+----------+------------+
    |  Clock |  Target  | Estimated| Uncertainty|
    +--------+----------+----------+------------+
    |ap_clk  |  10.00 ns|  5.140 ns|     2.70 ns|
    +--------+----------+----------+------------+

+ Latency: 
    * Summary: 
    +---------+---------+----------+----------+-----+-----+---------+
    |  Latency (cycles) |  Latency (absolute) |  Interval | Pipeline|
    |   min   |   max   |    min   |    max   | min | max |   Type  |
    +---------+---------+----------+----------+-----+-----+---------+
    |        0|        0|      0 ns|      0 ns|    1|    1|       no|
    +---------+---------+----------+----------+-----+-----+---------+

    + Detail: 
        * Instance: 
        N/A

        * Loop: 
        N/A



================================================================
== Utilization Estimates
================================================================
* Summary: 
+-----------------+---------+----+-------+-------+-----+
|       Name      | BRAM_18K| DSP|   FF  |  LUT  | URAM|
+-----------------+---------+----+-------+-------+-----+
|DSP              |        -|   -|      -|      -|    -|
|Expression       |        -|   -|      0|    149|    -|
|FIFO             |        -|   -|      -|      -|    -|
|Instance         |        -|   -|      -|      -|    -|
|Memory           |        -|   -|      -|      -|    -|
|Multiplexer      |        -|   -|      0|     56|    -|
|Register         |        -|   -|     49|      -|    -|
+-----------------+---------+----+-------+-------+-----+
|Total            |        0|   0|     49|    205|    0|
+-----------------+---------+----+-------+-------+-----+
|Available        |      100|  90|  41600|  20800|    0|
+-----------------+---------+----+-------+-------+-----+
|Utilization (%)  |        0|   0|     ~0|     ~0|    0|
+-----------------+---------+----+-------+-------+-----+

+ Detail: 
    * Instance: 
    N/A

    * DSP: 
    N/A

    * Memory: 
    N/A

    * FIFO: 
    N/A

    * Expression: 
    +--------------------------+----------+----+---+----+------------+------------+
    |       Variable Name      | Operation| DSP| FF| LUT| Bitwidth P0| Bitwidth P1|
    +--------------------------+----------+----+---+----+------------+------------+
    |next_counter_3_fu_180_p2  |         +|   0|  0|  39|          32|           1|
    |icmp_ln62_fu_144_p2       |      icmp|   0|  0|  39|          32|           3|
    |icmp_ln73_fu_150_p2       |      icmp|   0|  0|  39|          32|           3|
    |next_counter_1_fu_135_p3  |    select|   0|  0|  32|           1|           1|
    +--------------------------+----------+----+---+----+------------+------------+
    |Total                     |          |   0|  0| 149|          97|           8|
    +--------------------------+----------+----+---+----+------------+------------+

    * Multiplexer: 
    +-----------------------------------------+----+-----------+-----+-----------+
    |                   Name                  | LUT| Input Size| Bits| Total Bits|
    +-----------------------------------------+----+-----------+-----+-----------+
    |ap_phi_mux_next_counter_2_phi_fu_107_p6  |  17|          4|   32|        128|
    |ap_phi_mux_next_state_1_phi_fu_81_p6     |  17|          4|    8|         32|
    |ap_phi_mux_storemerge1_phi_fu_92_p6      |  13|          3|    1|          3|
    |ap_sig_allocacmp_a_reg_out_load          |   9|          2|    8|         16|
    +-----------------------------------------+----+-----------+-----+-----------+
    |Total                                    |  56|         13|   49|        179|
    +-----------------------------------------+----+-----------+-----+-----------+

    * Register: 
    +-----------+----+----+-----+-----------+
    |    Name   | FF | LUT| Bits| Const Bits|
    +-----------+----+----+-----+-----------+
    |a_reg_out  |   8|   0|    8|          0|
    |ap_CS_fsm  |   1|   0|    1|          0|
    |counter    |  32|   0|   32|          0|
    |state_reg  |   8|   0|    8|          0|
    +-----------+----+----+-----+-----------+
    |Total      |  49|   0|   49|          0|
    +-----------+----+----+-----+-----------+



================================================================
== Interface
================================================================
* Summary: 
+----------------+-----+-----+--------------+-----------------+--------------+
|    RTL Ports   | Dir | Bits|   Protocol   |  Source Object  |    C Type    |
+----------------+-----+-----+--------------+-----------------+--------------+
|ap_clk          |   in|    1|  ap_ctrl_none|  serial2parallel|  return value|
|ap_rst          |   in|    1|  ap_ctrl_none|  serial2parallel|  return value|
|d               |   in|    1|       ap_none|                d|        scalar|
|serial_start    |   in|    1|       ap_none|     serial_start|        scalar|
|a               |  out|    8|       ap_none|                a|       pointer|
|end_conversion  |  out|    1|       ap_none|   end_conversion|       pointer|
+----------------+-----+-----+--------------+-----------------+--------------+

