

================================================================
== Vitis HLS Report for 'combination_lock'
================================================================
* Date:           Fri May  8 19:19:34 2026

* Version:        2025.1 (Build 6135595 on May 21 2025)
* Project:        Comb_Lock_Vitis
* Solution:       hls (Vivado IP Flow Target)
* Product family: artix7
* Target device:  xc7a35t-cpg236-1


================================================================
== Performance Estimates
================================================================
+ Timing: 
    * Summary: 
    +--------+----------+----------+------------+
    |  Clock |  Target  | Estimated| Uncertainty|
    +--------+----------+----------+------------+
    |ap_clk  |  10.00 ns|  6.301 ns|     2.70 ns|
    +--------+----------+----------+------------+

+ Latency: 
    * Summary: 
    +---------+---------+----------+----------+-----+-----+---------+
    |  Latency (cycles) |  Latency (absolute) |  Interval | Pipeline|
    |   min   |   max   |    min   |    max   | min | max |   Type  |
    +---------+---------+----------+----------+-----+-----+---------+
    |        0|        0|      0 ns|      0 ns|    1|    1|      yes|
    +---------+---------+----------+----------+-----+-----+---------+

    + Detail: 
        * Instance: 
        N/A

        * Loop: 
        N/A



================================================================
== Utilization Estimates
================================================================
* Summary: 
+-----------------+---------+----+-------+-------+-----+
|       Name      | BRAM_18K| DSP|   FF  |  LUT  | URAM|
+-----------------+---------+----+-------+-------+-----+
|DSP              |        -|   -|      -|      -|    -|
|Expression       |        -|   -|      0|    141|    -|
|FIFO             |        -|   -|      -|      -|    -|
|Instance         |        -|   -|      0|     67|    -|
|Memory           |        -|   -|      -|      -|    -|
|Multiplexer      |        -|   -|      -|      -|    -|
|Register         |        -|   -|      4|      -|    -|
+-----------------+---------+----+-------+-------+-----+
|Total            |        0|   0|      4|    208|    0|
+-----------------+---------+----+-------+-------+-----+
|Available        |      100|  90|  41600|  20800|    0|
+-----------------+---------+----+-------+-------+-----+
|Utilization (%)  |        0|   0|     ~0|      1|    0|
+-----------------+---------+----+-------+-------+-----+

+ Detail: 
    * Instance: 
    +--------------------------+-----------------------+---------+----+---+----+-----+
    |         Instance         |         Module        | BRAM_18K| DSP| FF| LUT| URAM|
    +--------------------------+-----------------------+---------+----+---+----+-----+
    |sparsemux_11_32_8_1_1_U3  |sparsemux_11_32_8_1_1  |        0|   0|  0|  21|    0|
    |sparsemux_19_9_3_1_1_U1   |sparsemux_19_9_3_1_1   |        0|   0|  0|  37|    0|
    |sparsemux_7_2_1_1_1_U2    |sparsemux_7_2_1_1_1    |        0|   0|  0|   9|    0|
    +--------------------------+-----------------------+---------+----+---+----+-----+
    |Total                     |                       |        0|   0|  0|  67|    0|
    +--------------------------+-----------------------+---------+----+---+----+-----+

    * DSP: 
    N/A

    * Memory: 
    N/A

    * FIFO: 
    N/A

    * Expression: 
    +-----------------------------+----------+----+---+----+------------+------------+
    |        Variable Name        | Operation| DSP| FF| LUT| Bitwidth P0| Bitwidth P1|
    +-----------------------------+----------+----+---+----+------------+------------+
    |and_ln62_1_fu_258_p2         |       and|   0|  0|   2|           1|           1|
    |and_ln62_2_fu_270_p2         |       and|   0|  0|   2|           1|           1|
    |and_ln62_3_fu_282_p2         |       and|   0|  0|   2|           1|           1|
    |and_ln62_4_fu_294_p2         |       and|   0|  0|   2|           1|           1|
    |and_ln62_5_fu_300_p2         |       and|   0|  0|   2|           1|           1|
    |and_ln62_6_fu_306_p2         |       and|   0|  0|   2|           1|           1|
    |and_ln62_7_fu_312_p2         |       and|   0|  0|   2|           1|           1|
    |and_ln62_fu_246_p2           |       and|   0|  0|   2|           1|           1|
    |door_open_local_1_fu_220_p2  |      icmp|   0|  0|  13|           4|           3|
    |icmp_ln135_fu_192_p2         |      icmp|   0|  0|  13|           4|           2|
    |icmp_ln95_1_fu_240_p2        |      icmp|   0|  0|  11|           3|           2|
    |icmp_ln95_2_fu_252_p2        |      icmp|   0|  0|  11|           3|           2|
    |icmp_ln95_3_fu_264_p2        |      icmp|   0|  0|  11|           3|           1|
    |icmp_ln95_4_fu_276_p2        |      icmp|   0|  0|  11|           3|           1|
    |icmp_ln95_fu_234_p2          |      icmp|   0|  0|  13|           3|           4|
    |next_state_1_fu_182_p2       |      icmp|   0|  0|  13|           4|           2|
    |next_state_2_fu_206_p2       |      icmp|   0|  0|  13|           4|           3|
    |next_state_4_fu_340_p2       |    select|   0|  0|   4|           1|           1|
    |next_state_4_fu_340_p4       |    select|   0|  0|   4|           1|           4|
    |next_state_4_fu_340_p6       |    select|   0|  0|   2|           1|           2|
    |next_state_4_fu_340_p8       |    select|   0|  0|   2|           1|           2|
    |door_open_local_2_fu_396_p2  |       xor|   0|  0|   2|           1|           2|
    |xor_ln62_fu_288_p2           |       xor|   0|  0|   2|           1|           2|
    +-----------------------------+----------+----+---+----+------------+------------+
    |Total                        |          |   0|  0| 141|          45|          41|
    +-----------------------------+----------+----+---+----+------------+------------+

    * Multiplexer: 
    N/A

    * Register: 
    +-----------+---+----+-----+-----------+
    |    Name   | FF| LUT| Bits| Const Bits|
    +-----------+---+----+-----+-----------+
    |ap_CS_fsm  |  1|   0|    1|          0|
    |state      |  3|   0|    3|          0|
    +-----------+---+----+-----+-----------+
    |Total      |  4|   0|    4|          0|
    +-----------+---+----+-----+-----------+



================================================================
== Interface
================================================================
* Summary: 
+----------------------+-----+-----+--------------+----------------------+--------------+
|       RTL Ports      | Dir | Bits|   Protocol   |     Source Object    |    C Type    |
+----------------------+-----+-----+--------------+----------------------+--------------+
|ap_clk                |   in|    1|  ap_ctrl_none|      combination_lock|  return value|
|ap_rst                |   in|    1|  ap_ctrl_none|      combination_lock|  return value|
|x                     |   in|    4|       ap_none|                     x|        scalar|
|enter                 |   in|    1|       ap_none|                 enter|        scalar|
|lock                  |   in|    1|       ap_none|                  lock|        scalar|
|door_open             |  out|    1|       ap_none|             door_open|       pointer|
|seven_segment_data    |  out|    8|       ap_none|    seven_segment_data|       pointer|
|seven_segment_enable  |  out|    4|       ap_none|  seven_segment_enable|       pointer|
+----------------------+-----+-----+--------------+----------------------+--------------+

