

================================================================
== Vitis HLS Report for 'single_seven_segment'
================================================================
* Date:           Thu Nov 27 09:31:33 2025

* Version:        2025.1 (Build 6135595 on May 21 2025)
* Project:        Seven_Seg_Single_Digit_Vitis
* Solution:       hls (Vivado IP Flow Target)
* Product family: artix7
* Target device:  xc7a35t-cpg236-1


================================================================
== Performance Estimates
================================================================
+ Timing: 
    * Summary: 
    +--------+----------+----------+------------+
    |  Clock |  Target  | Estimated| Uncertainty|
    +--------+----------+----------+------------+
    |ap_clk  |  10.00 ns|  2.115 ns|     2.70 ns|
    +--------+----------+----------+------------+

+ Latency: 
    * Summary: 
    +---------+---------+----------+----------+-----+-----+---------+
    |  Latency (cycles) |  Latency (absolute) |  Interval | Pipeline|
    |   min   |   max   |    min   |    max   | min | max |   Type  |
    +---------+---------+----------+----------+-----+-----+---------+
    |        0|        0|      0 ns|      0 ns|    1|    1|       no|
    +---------+---------+----------+----------+-----+-----+---------+

    + Detail: 
        * Instance: 
        N/A

        * Loop: 
        N/A



================================================================
== Utilization Estimates
================================================================
* Summary: 
+-----------------+---------+----+-------+-------+-----+
|       Name      | BRAM_18K| DSP|   FF  |  LUT  | URAM|
+-----------------+---------+----+-------+-------+-----+
|DSP              |        -|   -|      -|      -|    -|
|Expression       |        -|   -|      -|      -|    -|
|FIFO             |        -|   -|      -|      -|    -|
|Instance         |        -|   -|      -|      -|    -|
|Memory           |        -|   -|      -|      -|    -|
|Multiplexer      |        -|   -|      0|     49|    -|
|Register         |        -|   -|      -|      -|    -|
+-----------------+---------+----+-------+-------+-----+
|Total            |        0|   0|      0|     49|    0|
+-----------------+---------+----+-------+-------+-----+
|Available        |      100|  90|  41600|  20800|    0|
+-----------------+---------+----+-------+-------+-----+
|Utilization (%)  |        0|   0|      0|     ~0|    0|
+-----------------+---------+----+-------+-------+-----+

+ Detail: 
    * Instance: 
    N/A

    * DSP: 
    N/A

    * Memory: 
    N/A

    * FIFO: 
    N/A

    * Expression: 
    N/A

    * Multiplexer: 
    +--------------+----+-----------+-----+-----------+
    |     Name     | LUT| Input Size| Bits| Total Bits|
    +--------------+----+-----------+-----+-----------+
    |code7segment  |  49|         12|    8|         96|
    +--------------+----+-----------+-----+-----------+
    |Total         |  49|         12|    8|         96|
    +--------------+----+-----------+-----+-----------+

    * Register: 
    N/A



================================================================
== Interface
================================================================
* Summary: 
+-----------------+-----+-----+--------------+----------------------+--------------+
|    RTL Ports    | Dir | Bits|   Protocol   |     Source Object    |    C Type    |
+-----------------+-----+-----+--------------+----------------------+--------------+
|digit            |   in|    8|       ap_none|                 digit|        scalar|
|code7segment     |  out|    8|       ap_none|          code7segment|       pointer|
|control_signals  |  out|    4|       ap_none|       control_signals|       pointer|
|ap_rst           |   in|    1|  ap_ctrl_none|  single_seven_segment|  return value|
+-----------------+-----+-----+--------------+----------------------+--------------+

============================================================
+ Verbose Summary: Synthesis Manager
============================================================
InlineROM: 1
ExposeGlobal: 0
============================================================
+ Verbose Summary: CDFG Model
============================================================
IsTopModel: 1
ResetActiveHigh: 1
IsCombinational: 1
IsDatapathOnly: 2
HasWiredReturn: 1
HasMFsm: 0
HasVarLatency: 0
IsPipeline: 0
IsRtlPipelined: 0
IsInstanceOverlapped: 0
IsDontTouch: 0
HasImplIP: 0
IsGatedGlobalClock: 0


============================================================
+ Verbose Summary: Schedule
============================================================
* Number of FSM states : 1
* Pipeline : 0
* Dataflow Pipeline: 0

* FSM state transitions: 
1 --> 

* FSM state operations: 

State 1 <SV = 0> <Delay = 2.11>
ST_1 : Operation 2 [1/1] (0.00ns)   --->   "%spectopmodule_ln6 = spectopmodule void @_ssdm_op_SpecTopModule, void @empty_1" [main_one_digit_7seg.cpp:6]   --->   Operation 2 'spectopmodule' 'spectopmodule_ln6' <Predicate = true> <Delay = 0.00>
ST_1 : Operation 3 [1/1] (0.00ns)   --->   "%specinterface_ln6 = specinterface void @_ssdm_op_SpecInterface, i32 0, void @empty_2, i32 0, i32 0, void @empty_0, i32 0, i32 0, void @empty_0, void @empty_0, void @empty_0, i32 0, i32 0, i32 0, i32 0, void @empty_0, void @empty_0, i32 4294967295, i32 0, i32 0" [main_one_digit_7seg.cpp:6]   --->   Operation 3 'specinterface' 'specinterface_ln6' <Predicate = true> <Delay = 0.00>
ST_1 : Operation 4 [1/1] (0.00ns)   --->   "%specbitsmap_ln0 = specbitsmap void @_ssdm_op_SpecBitsMap, i8 %digit"   --->   Operation 4 'specbitsmap' 'specbitsmap_ln0' <Predicate = true> <Delay = 0.00>
ST_1 : Operation 5 [1/1] (0.00ns)   --->   "%specinterface_ln0 = specinterface void @_ssdm_op_SpecInterface, i8 %digit, void @empty, i32 4294967295, i32 4294967295, void @empty_0, i32 0, i32 0, void @empty_0, void @empty_0, void @empty_0, i32 0, i32 0, i32 0, i32 0, void @empty_0, void @empty_0, i32 4294967295, i32 0, i32 0"   --->   Operation 5 'specinterface' 'specinterface_ln0' <Predicate = true> <Delay = 0.00>
ST_1 : Operation 6 [1/1] (0.00ns)   --->   "%specbitsmap_ln0 = specbitsmap void @_ssdm_op_SpecBitsMap, i8 %code7segment"   --->   Operation 6 'specbitsmap' 'specbitsmap_ln0' <Predicate = true> <Delay = 0.00>
ST_1 : Operation 7 [1/1] (0.00ns)   --->   "%specinterface_ln0 = specinterface void @_ssdm_op_SpecInterface, i8 %code7segment, void @empty, i32 4294967295, i32 4294967295, void @empty_0, i32 0, i32 0, void @empty_0, void @empty_0, void @empty_0, i32 0, i32 0, i32 0, i32 0, void @empty_0, void @empty_0, i32 4294967295, i32 0, i32 0"   --->   Operation 7 'specinterface' 'specinterface_ln0' <Predicate = true> <Delay = 0.00>
ST_1 : Operation 8 [1/1] (0.00ns)   --->   "%specbitsmap_ln0 = specbitsmap void @_ssdm_op_SpecBitsMap, i4 %control_signals"   --->   Operation 8 'specbitsmap' 'specbitsmap_ln0' <Predicate = true> <Delay = 0.00>
ST_1 : Operation 9 [1/1] (0.00ns)   --->   "%specinterface_ln0 = specinterface void @_ssdm_op_SpecInterface, i4 %control_signals, void @empty, i32 4294967295, i32 4294967295, void @empty_0, i32 0, i32 0, void @empty_0, void @empty_0, void @empty_0, i32 0, i32 0, i32 0, i32 0, void @empty_0, void @empty_0, i32 4294967295, i32 0, i32 0"   --->   Operation 9 'specinterface' 'specinterface_ln0' <Predicate = true> <Delay = 0.00>
ST_1 : Operation 10 [1/1] (0.00ns)   --->   "%digit_read = read i8 @_ssdm_op_Read.ap_none.i8, i8 %digit" [main_one_digit_7seg.cpp:6]   --->   Operation 10 'read' 'digit_read' <Predicate = true> <Delay = 0.00>
ST_1 : Operation 11 [1/1] (2.11ns)   --->   "%switch_ln14 = switch i8 %digit_read, void %sw.default, i8 0, void %sw.bb, i8 1, void %sw.bb2, i8 2, void %sw.bb4, i8 3, void %sw.bb6, i8 4, void %sw.bb8, i8 5, void %sw.bb10, i8 6, void %sw.bb12, i8 7, void %sw.bb14, i8 8, void %sw.bb16, i8 9, void %sw.bb18" [main_one_digit_7seg.cpp:14]   --->   Operation 11 'switch' 'switch_ln14' <Predicate = true> <Delay = 2.11>
ST_1 : Operation 12 [1/1] (0.00ns)   --->   "%write_ln44 = write void @_ssdm_op_Write.ap_none.i8P0A, i8 %code7segment, i8 144" [main_one_digit_7seg.cpp:44]   --->   Operation 12 'write' 'write_ln44' <Predicate = (digit_read == 9)> <Delay = 0.00>
ST_1 : Operation 13 [1/1] (0.00ns)   --->   "%br_ln45 = br void %sw.epilog" [main_one_digit_7seg.cpp:45]   --->   Operation 13 'br' 'br_ln45' <Predicate = (digit_read == 9)> <Delay = 0.00>
ST_1 : Operation 14 [1/1] (0.00ns)   --->   "%write_ln41 = write void @_ssdm_op_Write.ap_none.i8P0A, i8 %code7segment, i8 128" [main_one_digit_7seg.cpp:41]   --->   Operation 14 'write' 'write_ln41' <Predicate = (digit_read == 8)> <Delay = 0.00>
ST_1 : Operation 15 [1/1] (0.00ns)   --->   "%br_ln42 = br void %sw.epilog" [main_one_digit_7seg.cpp:42]   --->   Operation 15 'br' 'br_ln42' <Predicate = (digit_read == 8)> <Delay = 0.00>
ST_1 : Operation 16 [1/1] (0.00ns)   --->   "%write_ln38 = write void @_ssdm_op_Write.ap_none.i8P0A, i8 %code7segment, i8 248" [main_one_digit_7seg.cpp:38]   --->   Operation 16 'write' 'write_ln38' <Predicate = (digit_read == 7)> <Delay = 0.00>
ST_1 : Operation 17 [1/1] (0.00ns)   --->   "%br_ln39 = br void %sw.epilog" [main_one_digit_7seg.cpp:39]   --->   Operation 17 'br' 'br_ln39' <Predicate = (digit_read == 7)> <Delay = 0.00>
ST_1 : Operation 18 [1/1] (0.00ns)   --->   "%write_ln35 = write void @_ssdm_op_Write.ap_none.i8P0A, i8 %code7segment, i8 130" [main_one_digit_7seg.cpp:35]   --->   Operation 18 'write' 'write_ln35' <Predicate = (digit_read == 6)> <Delay = 0.00>
ST_1 : Operation 19 [1/1] (0.00ns)   --->   "%br_ln36 = br void %sw.epilog" [main_one_digit_7seg.cpp:36]   --->   Operation 19 'br' 'br_ln36' <Predicate = (digit_read == 6)> <Delay = 0.00>
ST_1 : Operation 20 [1/1] (0.00ns)   --->   "%write_ln32 = write void @_ssdm_op_Write.ap_none.i8P0A, i8 %code7segment, i8 146" [main_one_digit_7seg.cpp:32]   --->   Operation 20 'write' 'write_ln32' <Predicate = (digit_read == 5)> <Delay = 0.00>
ST_1 : Operation 21 [1/1] (0.00ns)   --->   "%br_ln33 = br void %sw.epilog" [main_one_digit_7seg.cpp:33]   --->   Operation 21 'br' 'br_ln33' <Predicate = (digit_read == 5)> <Delay = 0.00>
ST_1 : Operation 22 [1/1] (0.00ns)   --->   "%write_ln29 = write void @_ssdm_op_Write.ap_none.i8P0A, i8 %code7segment, i8 153" [main_one_digit_7seg.cpp:29]   --->   Operation 22 'write' 'write_ln29' <Predicate = (digit_read == 4)> <Delay = 0.00>
ST_1 : Operation 23 [1/1] (0.00ns)   --->   "%br_ln30 = br void %sw.epilog" [main_one_digit_7seg.cpp:30]   --->   Operation 23 'br' 'br_ln30' <Predicate = (digit_read == 4)> <Delay = 0.00>
ST_1 : Operation 24 [1/1] (0.00ns)   --->   "%write_ln26 = write void @_ssdm_op_Write.ap_none.i8P0A, i8 %code7segment, i8 176" [main_one_digit_7seg.cpp:26]   --->   Operation 24 'write' 'write_ln26' <Predicate = (digit_read == 3)> <Delay = 0.00>
ST_1 : Operation 25 [1/1] (0.00ns)   --->   "%br_ln27 = br void %sw.epilog" [main_one_digit_7seg.cpp:27]   --->   Operation 25 'br' 'br_ln27' <Predicate = (digit_read == 3)> <Delay = 0.00>
ST_1 : Operation 26 [1/1] (0.00ns)   --->   "%write_ln23 = write void @_ssdm_op_Write.ap_none.i8P0A, i8 %code7segment, i8 164" [main_one_digit_7seg.cpp:23]   --->   Operation 26 'write' 'write_ln23' <Predicate = (digit_read == 2)> <Delay = 0.00>
ST_1 : Operation 27 [1/1] (0.00ns)   --->   "%br_ln24 = br void %sw.epilog" [main_one_digit_7seg.cpp:24]   --->   Operation 27 'br' 'br_ln24' <Predicate = (digit_read == 2)> <Delay = 0.00>
ST_1 : Operation 28 [1/1] (0.00ns)   --->   "%write_ln20 = write void @_ssdm_op_Write.ap_none.i8P0A, i8 %code7segment, i8 249" [main_one_digit_7seg.cpp:20]   --->   Operation 28 'write' 'write_ln20' <Predicate = (digit_read == 1)> <Delay = 0.00>
ST_1 : Operation 29 [1/1] (0.00ns)   --->   "%br_ln21 = br void %sw.epilog" [main_one_digit_7seg.cpp:21]   --->   Operation 29 'br' 'br_ln21' <Predicate = (digit_read == 1)> <Delay = 0.00>
ST_1 : Operation 30 [1/1] (0.00ns)   --->   "%write_ln17 = write void @_ssdm_op_Write.ap_none.i8P0A, i8 %code7segment, i8 192" [main_one_digit_7seg.cpp:17]   --->   Operation 30 'write' 'write_ln17' <Predicate = (digit_read == 0)> <Delay = 0.00>
ST_1 : Operation 31 [1/1] (0.00ns)   --->   "%br_ln18 = br void %sw.epilog" [main_one_digit_7seg.cpp:18]   --->   Operation 31 'br' 'br_ln18' <Predicate = (digit_read == 0)> <Delay = 0.00>
ST_1 : Operation 32 [1/1] (0.00ns)   --->   "%write_ln47 = write void @_ssdm_op_Write.ap_none.i8P0A, i8 %code7segment, i8 255" [main_one_digit_7seg.cpp:47]   --->   Operation 32 'write' 'write_ln47' <Predicate = (digit_read != 0 & digit_read != 1 & digit_read != 2 & digit_read != 3 & digit_read != 4 & digit_read != 5 & digit_read != 6 & digit_read != 7 & digit_read != 8 & digit_read != 9)> <Delay = 0.00>
ST_1 : Operation 33 [1/1] (0.00ns)   --->   "%br_ln49 = br void %sw.epilog" [main_one_digit_7seg.cpp:49]   --->   Operation 33 'br' 'br_ln49' <Predicate = (digit_read != 0 & digit_read != 1 & digit_read != 2 & digit_read != 3 & digit_read != 4 & digit_read != 5 & digit_read != 6 & digit_read != 7 & digit_read != 8 & digit_read != 9)> <Delay = 0.00>
ST_1 : Operation 34 [1/1] (0.00ns)   --->   "%write_ln52 = write void @_ssdm_op_Write.ap_none.i4P0A, i4 %control_signals, i4 14" [main_one_digit_7seg.cpp:52]   --->   Operation 34 'write' 'write_ln52' <Predicate = true> <Delay = 0.00>
ST_1 : Operation 35 [1/1] (0.00ns)   --->   "%ret_ln55 = ret" [main_one_digit_7seg.cpp:55]   --->   Operation 35 'ret' 'ret_ln55' <Predicate = true> <Delay = 0.00>


============================================================
+ Verbose Summary: Binding
============================================================
STG Binding: 
---------------- STG Properties BEGIN ----------------
- Is combinational: 1
- Is one-state seq: 0
- Is datapath-only: 0
- Is pipelined: 0
- Is top level: 1
Port [ Return ] is wired: 1; IO mode=ap_ctrl_none:ce=0
Port [ digit]:  wired=1; compound=0; hidden=0; nouse=0; global=0; static=0; extern=0; dir=0; type=0; pingpong=0; private_global=0; IO mode=ap_none:ce=0
Port [ code7segment]:  wired=1; compound=0; hidden=0; nouse=0; global=0; static=0; extern=0; dir=1; type=0; pingpong=0; private_global=0; IO mode=ap_none:ce=0
Port [ control_signals]:  wired=1; compound=0; hidden=0; nouse=0; global=0; static=0; extern=0; dir=1; type=0; pingpong=0; private_global=0; IO mode=ap_none:ce=0
---------------- STG Properties END ------------------

---------------- Datapath Model BEGIN ----------------

<LifeTime>
<method=bitvector/>
spectopmodule_ln6 (spectopmodule) [ 00]
specinterface_ln6 (specinterface) [ 00]
specbitsmap_ln0   (specbitsmap  ) [ 00]
specinterface_ln0 (specinterface) [ 00]
specbitsmap_ln0   (specbitsmap  ) [ 00]
specinterface_ln0 (specinterface) [ 00]
specbitsmap_ln0   (specbitsmap  ) [ 00]
specinterface_ln0 (specinterface) [ 00]
digit_read        (read         ) [ 01]
switch_ln14       (switch       ) [ 00]
write_ln44        (write        ) [ 00]
br_ln45           (br           ) [ 00]
write_ln41        (write        ) [ 00]
br_ln42           (br           ) [ 00]
write_ln38        (write        ) [ 00]
br_ln39           (br           ) [ 00]
write_ln35        (write        ) [ 00]
br_ln36           (br           ) [ 00]
write_ln32        (write        ) [ 00]
br_ln33           (br           ) [ 00]
write_ln29        (write        ) [ 00]
br_ln30           (br           ) [ 00]
write_ln26        (write        ) [ 00]
br_ln27           (br           ) [ 00]
write_ln23        (write        ) [ 00]
br_ln24           (br           ) [ 00]
write_ln20        (write        ) [ 00]
br_ln21           (br           ) [ 00]
write_ln17        (write        ) [ 00]
br_ln18           (br           ) [ 00]
write_ln47        (write        ) [ 00]
br_ln49           (br           ) [ 00]
write_ln52        (write        ) [ 00]
ret_ln55          (ret          ) [ 00]
</LifeTime>

<model>

<comp_list>
<comp id="0" class="1000" name="digit">
<pin_list>
<pin id="1" dir="1" index="0" bw="1" slack="0"/>
</pin_list>
<bind>
<StgValue><ssdm name="digit"/></StgValue>
</bind>
</comp>

<comp id="2" class="1000" name="code7segment">
<pin_list>
<pin id="3" dir="1" index="0" bw="1" slack="0"/>
</pin_list>
<bind>
<StgValue><ssdm name="code7segment"/></StgValue>
</bind>
</comp>

<comp id="4" class="1000" name="control_signals">
<pin_list>
<pin id="5" dir="1" index="0" bw="1" slack="0"/>
</pin_list>
<bind>
<StgValue><ssdm name="control_signals"/></StgValue>
</bind>
</comp>

<comp id="6" class="1001" name="const_6">
<pin_list>
<pin id="7" dir="1" index="0" bw="1" slack="2147483647"/>
</pin_list>
<bind>
<StgValue><ssdm name="_ssdm_op_SpecTopModule"/></StgValue>
</bind>
</comp>

<comp id="8" class="1001" name="const_8">
<pin_list>
<pin id="9" dir="1" index="0" bw="1" slack="2147483647"/>
</pin_list>
<bind>
<StgValue><ssdm name="empty_1"/></StgValue>
</bind>
</comp>

<comp id="10" class="1001" name="const_10">
<pin_list>
<pin id="11" dir="1" index="0" bw="1" slack="2147483647"/>
</pin_list>
<bind>
<StgValue><ssdm name="_ssdm_op_SpecInterface"/></StgValue>
</bind>
</comp>

<comp id="12" class="1001" name="const_12">
<pin_list>
<pin id="13" dir="1" index="0" bw="1" slack="2147483647"/>
</pin_list>
<bind>
<StgValue><ssdm name=""/></StgValue>
</bind>
</comp>

<comp id="14" class="1001" name="const_14">
<pin_list>
<pin id="15" dir="1" index="0" bw="1" slack="2147483647"/>
</pin_list>
<bind>
<StgValue><ssdm name="empty_2"/></StgValue>
</bind>
</comp>

<comp id="16" class="1001" name="const_16">
<pin_list>
<pin id="17" dir="1" index="0" bw="1" slack="2147483647"/>
</pin_list>
<bind>
<StgValue><ssdm name="empty_0"/></StgValue>
</bind>
</comp>

<comp id="18" class="1001" name="const_18">
<pin_list>
<pin id="19" dir="1" index="0" bw="1" slack="2147483647"/>
</pin_list>
<bind>
<StgValue><ssdm name=""/></StgValue>
</bind>
</comp>

<comp id="20" class="1001" name="const_20">
<pin_list>
<pin id="21" dir="1" index="0" bw="1" slack="2147483647"/>
</pin_list>
<bind>
<StgValue><ssdm name="_ssdm_op_SpecBitsMap"/></StgValue>
</bind>
</comp>

<comp id="22" class="1001" name="const_22">
<pin_list>
<pin id="23" dir="1" index="0" bw="1" slack="2147483647"/>
</pin_list>
<bind>
<StgValue><ssdm name="empty"/></StgValue>
</bind>
</comp>

<comp id="24" class="1001" name="const_24">
<pin_list>
<pin id="25" dir="1" index="0" bw="1" slack="0"/>
</pin_list>
<bind>
<StgValue><ssdm name="_ssdm_op_Read.ap_none.i8"/></StgValue>
</bind>
</comp>

<comp id="26" class="1001" name="const_26">
<pin_list>
<pin id="27" dir="1" index="0" bw="1" slack="0"/>
</pin_list>
<bind>
<StgValue><ssdm name=""/></StgValue>
</bind>
</comp>

<comp id="28" class="1001" name="const_28">
<pin_list>
<pin id="29" dir="1" index="0" bw="1" slack="0"/>
</pin_list>
<bind>
<StgValue><ssdm name=""/></StgValue>
</bind>
</comp>

<comp id="30" class="1001" name="const_30">
<pin_list>
<pin id="31" dir="1" index="0" bw="1" slack="0"/>
</pin_list>
<bind>
<StgValue><ssdm name=""/></StgValue>
</bind>
</comp>

<comp id="32" class="1001" name="const_32">
<pin_list>
<pin id="33" dir="1" index="0" bw="1" slack="0"/>
</pin_list>
<bind>
<StgValue><ssdm name=""/></StgValue>
</bind>
</comp>

<comp id="34" class="1001" name="const_34">
<pin_list>
<pin id="35" dir="1" index="0" bw="1" slack="0"/>
</pin_list>
<bind>
<StgValue><ssdm name=""/></StgValue>
</bind>
</comp>

<comp id="36" class="1001" name="const_36">
<pin_list>
<pin id="37" dir="1" index="0" bw="1" slack="0"/>
</pin_list>
<bind>
<StgValue><ssdm name=""/></StgValue>
</bind>
</comp>

<comp id="38" class="1001" name="const_38">
<pin_list>
<pin id="39" dir="1" index="0" bw="1" slack="0"/>
</pin_list>
<bind>
<StgValue><ssdm name=""/></StgValue>
</bind>
</comp>

<comp id="40" class="1001" name="const_40">
<pin_list>
<pin id="41" dir="1" index="0" bw="1" slack="0"/>
</pin_list>
<bind>
<StgValue><ssdm name=""/></StgValue>
</bind>
</comp>

<comp id="42" class="1001" name="const_42">
<pin_list>
<pin id="43" dir="1" index="0" bw="1" slack="0"/>
</pin_list>
<bind>
<StgValue><ssdm name=""/></StgValue>
</bind>
</comp>

<comp id="44" class="1001" name="const_44">
<pin_list>
<pin id="45" dir="1" index="0" bw="1" slack="0"/>
</pin_list>
<bind>
<StgValue><ssdm name=""/></StgValue>
</bind>
</comp>

<comp id="46" class="1001" name="const_46">
<pin_list>
<pin id="47" dir="1" index="0" bw="1" slack="0"/>
</pin_list>
<bind>
<StgValue><ssdm name="_ssdm_op_Write.ap_none.i8P0A"/></StgValue>
</bind>
</comp>

<comp id="48" class="1001" name="const_48">
<pin_list>
<pin id="49" dir="1" index="0" bw="1" slack="0"/>
</pin_list>
<bind>
<StgValue><ssdm name=""/></StgValue>
</bind>
</comp>

<comp id="50" class="1001" name="const_50">
<pin_list>
<pin id="51" dir="1" index="0" bw="1" slack="0"/>
</pin_list>
<bind>
<StgValue><ssdm name=""/></StgValue>
</bind>
</comp>

<comp id="52" class="1001" name="const_52">
<pin_list>
<pin id="53" dir="1" index="0" bw="1" slack="0"/>
</pin_list>
<bind>
<StgValue><ssdm name=""/></StgValue>
</bind>
</comp>

<comp id="54" class="1001" name="const_54">
<pin_list>
<pin id="55" dir="1" index="0" bw="1" slack="0"/>
</pin_list>
<bind>
<StgValue><ssdm name=""/></StgValue>
</bind>
</comp>

<comp id="56" class="1001" name="const_56">
<pin_list>
<pin id="57" dir="1" index="0" bw="1" slack="0"/>
</pin_list>
<bind>
<StgValue><ssdm name=""/></StgValue>
</bind>
</comp>

<comp id="58" class="1001" name="const_58">
<pin_list>
<pin id="59" dir="1" index="0" bw="1" slack="0"/>
</pin_list>
<bind>
<StgValue><ssdm name=""/></StgValue>
</bind>
</comp>

<comp id="60" class="1001" name="const_60">
<pin_list>
<pin id="61" dir="1" index="0" bw="1" slack="0"/>
</pin_list>
<bind>
<StgValue><ssdm name=""/></StgValue>
</bind>
</comp>

<comp id="62" class="1001" name="const_62">
<pin_list>
<pin id="63" dir="1" index="0" bw="1" slack="0"/>
</pin_list>
<bind>
<StgValue><ssdm name=""/></StgValue>
</bind>
</comp>

<comp id="64" class="1001" name="const_64">
<pin_list>
<pin id="65" dir="1" index="0" bw="1" slack="0"/>
</pin_list>
<bind>
<StgValue><ssdm name=""/></StgValue>
</bind>
</comp>

<comp id="66" class="1001" name="const_66">
<pin_list>
<pin id="67" dir="1" index="0" bw="1" slack="0"/>
</pin_list>
<bind>
<StgValue><ssdm name=""/></StgValue>
</bind>
</comp>

<comp id="68" class="1001" name="const_68">
<pin_list>
<pin id="69" dir="1" index="0" bw="1" slack="0"/>
</pin_list>
<bind>
<StgValue><ssdm name=""/></StgValue>
</bind>
</comp>

<comp id="70" class="1001" name="const_70">
<pin_list>
<pin id="71" dir="1" index="0" bw="1" slack="0"/>
</pin_list>
<bind>
<StgValue><ssdm name="_ssdm_op_Write.ap_none.i4P0A"/></StgValue>
</bind>
</comp>

<comp id="72" class="1001" name="const_72">
<pin_list>
<pin id="73" dir="1" index="0" bw="1" slack="0"/>
</pin_list>
<bind>
<StgValue><ssdm name=""/></StgValue>
</bind>
</comp>

<comp id="74" class="1004" name="digit_read_read_fu_74">
<pin_list>
<pin id="75" dir="0" index="0" bw="8" slack="0"/>
<pin id="76" dir="0" index="1" bw="8" slack="0"/>
<pin id="77" dir="1" index="2" bw="8" slack="0"/>
</pin_list>
<bind>
<opcode="read(1150) " fcode="read"/>
<opset="digit_read/1 "/>
</bind>
</comp>

<comp id="80" class="1004" name="grp_write_fu_80">
<pin_list>
<pin id="81" dir="0" index="0" bw="0" slack="0"/>
<pin id="82" dir="0" index="1" bw="8" slack="0"/>
<pin id="83" dir="0" index="2" bw="8" slack="0"/>
<pin id="84" dir="1" index="3" bw="0" slack="2147483647"/>
</pin_list>
<bind>
<opcode="write(1151) " fcode="write"/>
<opset="write_ln44/1 write_ln41/1 write_ln38/1 write_ln35/1 write_ln32/1 write_ln29/1 write_ln26/1 write_ln23/1 write_ln20/1 write_ln17/1 write_ln47/1 "/>
</bind>
</comp>

<comp id="98" class="1004" name="write_ln52_write_fu_98">
<pin_list>
<pin id="99" dir="0" index="0" bw="0" slack="0"/>
<pin id="100" dir="0" index="1" bw="4" slack="0"/>
<pin id="101" dir="0" index="2" bw="2" slack="0"/>
<pin id="102" dir="1" index="3" bw="0" slack="2147483647"/>
</pin_list>
<bind>
<opcode="write(1151) " fcode="write"/>
<opset="write_ln52/1 "/>
</bind>
</comp>

<comp id="106" class="1004" name="switch_ln14_fu_106">
<pin_list>
<pin id="107" dir="0" index="0" bw="8" slack="0"/>
<pin id="108" dir="0" index="1" bw="1" slack="0"/>
<pin id="109" dir="0" index="2" bw="1" slack="0"/>
<pin id="110" dir="0" index="3" bw="3" slack="0"/>
<pin id="111" dir="0" index="4" bw="3" slack="0"/>
<pin id="112" dir="0" index="5" bw="4" slack="0"/>
<pin id="113" dir="0" index="6" bw="4" slack="0"/>
<pin id="114" dir="0" index="7" bw="4" slack="0"/>
<pin id="115" dir="0" index="8" bw="4" slack="0"/>
<pin id="116" dir="0" index="9" bw="5" slack="0"/>
<pin id="117" dir="0" index="10" bw="5" slack="0"/>
<pin id="118" dir="1" index="11" bw="0" slack="2147483647"/>
</pin_list>
<bind>
<opcode="switch(3) " fcode="switch"/>
<opset="switch_ln14/1 "/>
</bind>
</comp>

</comp_list>

<net_list>
<net id="78"><net_src comp="24" pin="0"/><net_sink comp="74" pin=0"/></net>

<net id="79"><net_src comp="0" pin="0"/><net_sink comp="74" pin=1"/></net>

<net id="85"><net_src comp="46" pin="0"/><net_sink comp="80" pin=0"/></net>

<net id="86"><net_src comp="2" pin="0"/><net_sink comp="80" pin=1"/></net>

<net id="87"><net_src comp="48" pin="0"/><net_sink comp="80" pin=2"/></net>

<net id="88"><net_src comp="50" pin="0"/><net_sink comp="80" pin=2"/></net>

<net id="89"><net_src comp="52" pin="0"/><net_sink comp="80" pin=2"/></net>

<net id="90"><net_src comp="54" pin="0"/><net_sink comp="80" pin=2"/></net>

<net id="91"><net_src comp="56" pin="0"/><net_sink comp="80" pin=2"/></net>

<net id="92"><net_src comp="58" pin="0"/><net_sink comp="80" pin=2"/></net>

<net id="93"><net_src comp="60" pin="0"/><net_sink comp="80" pin=2"/></net>

<net id="94"><net_src comp="62" pin="0"/><net_sink comp="80" pin=2"/></net>

<net id="95"><net_src comp="64" pin="0"/><net_sink comp="80" pin=2"/></net>

<net id="96"><net_src comp="66" pin="0"/><net_sink comp="80" pin=2"/></net>

<net id="97"><net_src comp="68" pin="0"/><net_sink comp="80" pin=2"/></net>

<net id="103"><net_src comp="70" pin="0"/><net_sink comp="98" pin=0"/></net>

<net id="104"><net_src comp="4" pin="0"/><net_sink comp="98" pin=1"/></net>

<net id="105"><net_src comp="72" pin="0"/><net_sink comp="98" pin=2"/></net>

<net id="119"><net_src comp="74" pin="2"/><net_sink comp="106" pin=0"/></net>

<net id="120"><net_src comp="26" pin="0"/><net_sink comp="106" pin=1"/></net>

<net id="121"><net_src comp="28" pin="0"/><net_sink comp="106" pin=2"/></net>

<net id="122"><net_src comp="30" pin="0"/><net_sink comp="106" pin=3"/></net>

<net id="123"><net_src comp="32" pin="0"/><net_sink comp="106" pin=4"/></net>

<net id="124"><net_src comp="34" pin="0"/><net_sink comp="106" pin=5"/></net>

<net id="125"><net_src comp="36" pin="0"/><net_sink comp="106" pin=6"/></net>

<net id="126"><net_src comp="38" pin="0"/><net_sink comp="106" pin=7"/></net>

<net id="127"><net_src comp="40" pin="0"/><net_sink comp="106" pin=8"/></net>

<net id="128"><net_src comp="42" pin="0"/><net_sink comp="106" pin=9"/></net>

<net id="129"><net_src comp="44" pin="0"/><net_sink comp="106" pin=10"/></net>

</net_list>

</model> 
---------------- Datapath Model END ------------------

* FSMD analyzer results:
  - Output states:
	Port: code7segment | {1 }
	Port: control_signals | {1 }
 - Input state : 
	Port: single_seven_segment : digit | {1 }
  - Chain level:
	State 1


============================================================
+ Verbose Summary: Datapath Resource usage 
============================================================

* Functional unit list:
|----------|------------------------|
| Operation|     Functional Unit    |
|----------|------------------------|
|   read   |  digit_read_read_fu_74 |
|----------|------------------------|
|   write  |     grp_write_fu_80    |
|          | write_ln52_write_fu_98 |
|----------|------------------------|
|  switch  |   switch_ln14_fu_106   |
|----------|------------------------|
|   Total  |                        |
|----------|------------------------|

Memories:
N/A

* Register list:
N/A

* Multiplexer (MUX) list: 
|-----------------|------|------|------|--------||---------||---------||---------|
|       Comp      |  Pin | Size |  BW  | S x BW ||  Delay  ||    FF   ||   LUT   |
|-----------------|------|------|------|--------||---------||---------||---------|
| grp_write_fu_80 |  p2  |  11  |   8  |   88   ||    0    ||    17   |
|-----------------|------|------|------|--------||---------||---------||---------|
|      Total      |      |      |      |   88   || 1.90186 ||    0    ||    17   |
|-----------------|------|------|------|--------||---------||---------||---------|



* Summary:
+-----------+--------+--------+--------+
|           |  Delay |   FF   |   LUT  |
+-----------+--------+--------+--------+
|  Function |    -   |    -   |    -   |
|   Memory  |    -   |    -   |    -   |
|Multiplexer|    1   |    0   |   17   |
|  Register |    -   |    -   |    -   |
+-----------+--------+--------+--------+
|   Total   |    1   |    0   |   17   |
+-----------+--------+--------+--------+
