  **** HLS Build v2025.1 6135595
INFO: [HLS 200-2005] Using work_dir /home/lenovo/Simulation_Linux/HLS/d_ff_3_reg/d_ff_3_reg 
INFO: [HLS 200-2176] Writing Vitis IDE component file /home/lenovo/Simulation_Linux/HLS/d_ff_3_reg/d_ff_3_reg/vitis-comp.json
INFO: [HLS 200-10] Creating and opening component '/home/lenovo/Simulation_Linux/HLS/d_ff_3_reg/d_ff_3_reg'.
INFO: [HLS 200-1505] Using default flow_target 'vivado'
Resolution: For help on HLS 200-1505 see docs.xilinx.com/access/sources/dita/topic?Doc_Version=2025.1%20English&url=ug1448-hls-guidance&resourceid=200-1505.html
INFO: [HLS 200-2174] Applying component config ini file /home/lenovo/Simulation_Linux/HLS/d_ff_3_reg/hls_config.cfg
INFO: [HLS 200-1465] Applying config ini 'syn.file=main_dff_reg.cpp' from /home/lenovo/Simulation_Linux/HLS/d_ff_3_reg/hls_config.cfg(7)
INFO: [HLS 200-10] Adding design file '/home/lenovo/Simulation_Linux/HLS/d_ff_3_reg/main_dff_reg.cpp' to the project
INFO: [HLS 200-1465] Applying config ini 'syn.file=dff_reg.hpp' from /home/lenovo/Simulation_Linux/HLS/d_ff_3_reg/hls_config.cfg(8)
INFO: [HLS 200-10] Adding design file '/home/lenovo/Simulation_Linux/HLS/d_ff_3_reg/dff_reg.hpp' to the project
INFO: [HLS 200-1465] Applying config ini 'tb.file=./dff_reg-tb.hpp' from /home/lenovo/Simulation_Linux/HLS/d_ff_3_reg/hls_config.cfg(9)
INFO: [HLS 200-10] Adding test bench file '/home/lenovo/Simulation_Linux/HLS/d_ff_3_reg/dff_reg-tb.hpp' to the project
INFO: [HLS 200-1465] Applying config ini 'tb.file=./dff_reg-tb.cpp' from /home/lenovo/Simulation_Linux/HLS/d_ff_3_reg/hls_config.cfg(10)
INFO: [HLS 200-10] Adding test bench file '/home/lenovo/Simulation_Linux/HLS/d_ff_3_reg/dff_reg-tb.cpp' to the project
INFO: [HLS 200-1465] Applying config ini 'syn.top=dff_reg_top' from /home/lenovo/Simulation_Linux/HLS/d_ff_3_reg/hls_config.cfg(11)
INFO: [HLS 200-1465] Applying config ini 'flow_target=vivado' from /home/lenovo/Simulation_Linux/HLS/d_ff_3_reg/hls_config.cfg(4)
INFO: [HLS 200-1505] Using flow_target 'vivado'
Resolution: For help on HLS 200-1505 see docs.xilinx.com/access/sources/dita/topic?Doc_Version=2025.1%20English&url=ug1448-hls-guidance&resourceid=200-1505.html
INFO: [HLS 200-1465] Applying config ini 'part=xc7a35tcpg236-1' from /home/lenovo/Simulation_Linux/HLS/d_ff_3_reg/hls_config.cfg(1)
INFO: [HLS 200-1611] Setting target device to 'xc7a35t-cpg236-1'
INFO: [HLS 200-1465] Applying config ini 'package.output.format=ip_catalog' from /home/lenovo/Simulation_Linux/HLS/d_ff_3_reg/hls_config.cfg(5)
INFO: [HLS 200-2176] Writing Vitis IDE component file /home/lenovo/Simulation_Linux/HLS/d_ff_3_reg/d_ff_3_reg/vitis-comp.json
INFO: [HLS 200-111] Finished File checks and directory preparation: CPU user time: 1.63 seconds. CPU system time: 0.35 seconds. Elapsed time: 1.98 seconds; current allocated memory: 234.953 MB.
INFO: [HLS 200-10] Analyzing design file 'main_dff_reg.cpp' ... 
INFO: [HLS 200-111] Finished Source Code Analysis and Preprocessing: CPU user time: 2.11 seconds. CPU system time: 0.55 seconds. Elapsed time: 2.83 seconds; current allocated memory: 236.902 MB.
INFO: [HLS 200-777] Using interface defaults for 'Vivado' flow target.
INFO: [HLS 200-1995] There were 108 instructions in the design after the 'Compile/Link' phase of compilation. See the Design Size Report for more details (/home/lenovo/Simulation_Linux/HLS/d_ff_3_reg/d_ff_3_reg/hls/syn/report/csynth_design_size.rpt:2)
INFO: [HLS 200-1995] There were 13 instructions in the design after the 'Unroll/Inline (step 1)' phase of compilation. See the Design Size Report for more details (/home/lenovo/Simulation_Linux/HLS/d_ff_3_reg/d_ff_3_reg/hls/syn/report/csynth_design_size.rpt:2)
INFO: [HLS 200-1995] There were 9 instructions in the design after the 'Unroll/Inline (step 2)' phase of compilation. See the Design Size Report for more details (/home/lenovo/Simulation_Linux/HLS/d_ff_3_reg/d_ff_3_reg/hls/syn/report/csynth_design_size.rpt:2)
INFO: [HLS 200-1995] There were 9 instructions in the design after the 'Unroll/Inline (step 3)' phase of compilation. See the Design Size Report for more details (/home/lenovo/Simulation_Linux/HLS/d_ff_3_reg/d_ff_3_reg/hls/syn/report/csynth_design_size.rpt:2)
INFO: [HLS 200-1995] There were 9 instructions in the design after the 'Unroll/Inline (step 4)' phase of compilation. See the Design Size Report for more details (/home/lenovo/Simulation_Linux/HLS/d_ff_3_reg/d_ff_3_reg/hls/syn/report/csynth_design_size.rpt:2)
INFO: [HLS 200-1995] There were 9 instructions in the design after the 'Array/Struct (step 1)' phase of compilation. See the Design Size Report for more details (/home/lenovo/Simulation_Linux/HLS/d_ff_3_reg/d_ff_3_reg/hls/syn/report/csynth_design_size.rpt:2)
INFO: [HLS 200-1995] There were 9 instructions in the design after the 'Array/Struct (step 2)' phase of compilation. See the Design Size Report for more details (/home/lenovo/Simulation_Linux/HLS/d_ff_3_reg/d_ff_3_reg/hls/syn/report/csynth_design_size.rpt:2)
INFO: [HLS 200-1995] There were 9 instructions in the design after the 'Array/Struct (step 3)' phase of compilation. See the Design Size Report for more details (/home/lenovo/Simulation_Linux/HLS/d_ff_3_reg/d_ff_3_reg/hls/syn/report/csynth_design_size.rpt:2)
INFO: [HLS 200-1995] There were 9 instructions in the design after the 'Array/Struct (step 4)' phase of compilation. See the Design Size Report for more details (/home/lenovo/Simulation_Linux/HLS/d_ff_3_reg/d_ff_3_reg/hls/syn/report/csynth_design_size.rpt:2)
INFO: [HLS 200-1995] There were 9 instructions in the design after the 'Array/Struct (step 5)' phase of compilation. See the Design Size Report for more details (/home/lenovo/Simulation_Linux/HLS/d_ff_3_reg/d_ff_3_reg/hls/syn/report/csynth_design_size.rpt:2)
INFO: [HLS 200-1995] There were 9 instructions in the design after the 'Performance (step 1)' phase of compilation. See the Design Size Report for more details (/home/lenovo/Simulation_Linux/HLS/d_ff_3_reg/d_ff_3_reg/hls/syn/report/csynth_design_size.rpt:2)
INFO: [HLS 200-1995] There were 9 instructions in the design after the 'Performance (step 2)' phase of compilation. See the Design Size Report for more details (/home/lenovo/Simulation_Linux/HLS/d_ff_3_reg/d_ff_3_reg/hls/syn/report/csynth_design_size.rpt:2)
INFO: [HLS 200-1995] There were 9 instructions in the design after the 'Performance (step 3)' phase of compilation. See the Design Size Report for more details (/home/lenovo/Simulation_Linux/HLS/d_ff_3_reg/d_ff_3_reg/hls/syn/report/csynth_design_size.rpt:2)
INFO: [HLS 200-1995] There were 9 instructions in the design after the 'Performance (step 4)' phase of compilation. See the Design Size Report for more details (/home/lenovo/Simulation_Linux/HLS/d_ff_3_reg/d_ff_3_reg/hls/syn/report/csynth_design_size.rpt:2)
INFO: [HLS 200-1995] There were 11 instructions in the design after the 'HW Transforms (step 1)' phase of compilation. See the Design Size Report for more details (/home/lenovo/Simulation_Linux/HLS/d_ff_3_reg/d_ff_3_reg/hls/syn/report/csynth_design_size.rpt:2)
INFO: [HLS 200-1995] There were 12 instructions in the design after the 'HW Transforms (step 2)' phase of compilation. See the Design Size Report for more details (/home/lenovo/Simulation_Linux/HLS/d_ff_3_reg/d_ff_3_reg/hls/syn/report/csynth_design_size.rpt:2)
INFO: [HLS 200-111] Finished Compiling Optimization and Transform: CPU user time: 1.82 seconds. CPU system time: 0.47 seconds. Elapsed time: 7.1 seconds; current allocated memory: 238.516 MB.
INFO: [HLS 200-111] Finished Checking Pragmas: CPU user time: 0 seconds. CPU system time: 0 seconds. Elapsed time: 0 seconds; current allocated memory: 238.516 MB.
INFO: [HLS 200-10] Starting code transformations ...
INFO: [HLS 200-111] Finished Standard Transforms: CPU user time: 0 seconds. CPU system time: 0.01 seconds. Elapsed time: 0.02 seconds; current allocated memory: 238.516 MB.
INFO: [HLS 200-10] Checking synthesizability ...
INFO: [HLS 200-111] Finished Checking Synthesizability: CPU user time: 0.01 seconds. CPU system time: 0 seconds. Elapsed time: 0.01 seconds; current allocated memory: 238.516 MB.
INFO: [HLS 200-111] Finished Loop, function and other optimizations: CPU user time: 0.01 seconds. CPU system time: 0.01 seconds. Elapsed time: 0.02 seconds; current allocated memory: 258.723 MB.
INFO: [HLS 200-111] Finished Architecture Synthesis: CPU user time: 0.01 seconds. CPU system time: 0 seconds. Elapsed time: 0.02 seconds; current allocated memory: 250.719 MB.
INFO: [HLS 200-10] Starting hardware synthesis ...
INFO: [HLS 200-10] Synthesizing 'dff_reg_top' ...
INFO: [SYN 201-201] Setting up clock 'default' with a period of 10ns.
WARNING: [SYN 201-107] Renaming port name 'dff_reg_top/reg' to 'dff_reg_top/reg_r' to avoid the conflict with HDL keywords or other object names.
INFO: [HLS 200-10] ----------------------------------------------------------------
INFO: [HLS 200-42] -- Implementing module 'dff_reg_top' 
INFO: [HLS 200-10] ----------------------------------------------------------------
INFO: [SCHED 204-11] Starting scheduling ...
INFO: [SCHED 204-11] Finished scheduling.
INFO: [HLS 200-111] Finished Scheduling: CPU user time: 0.01 seconds. CPU system time: 0.02 seconds. Elapsed time: 0.03 seconds; current allocated memory: 250.719 MB.
INFO: [BIND 205-100] Starting micro-architecture generation ...
INFO: [BIND 205-101] Performing variable lifetime analysis.
INFO: [BIND 205-101] Exploring resource sharing.
INFO: [BIND 205-101] Binding ...
INFO: [BIND 205-100] Finished micro-architecture generation.
INFO: [HLS 200-111] Finished Binding: CPU user time: 0.01 seconds. CPU system time: 0 seconds. Elapsed time: 0.01 seconds; current allocated memory: 250.719 MB.
INFO: [HLS 200-10] ----------------------------------------------------------------
INFO: [HLS 200-10] -- Generating RTL for module 'dff_reg_top' 
INFO: [HLS 200-10] ----------------------------------------------------------------
INFO: [RTGEN 206-500] Setting interface mode on port 'dff_reg_top/d' to 'ap_none'.
INFO: [RTGEN 206-500] Setting interface mode on port 'dff_reg_top/q' to 'ap_none'.
WARNING: [RTGEN 206-101] Port 'q' with mode 'ap_none' may require an associated data valid signal to correctly communicate with other blocks or a test bench; automatic C/RTL co-simulation may not be able to verify such a port.
INFO: [RTGEN 206-500] Setting interface mode on function 'dff_reg_top' to 'ap_ctrl_none'.
WARNING: [RTGEN 206-101] Register 'reg_r' is power-on initialization.
INFO: [RTGEN 206-100] Finished creating RTL model for 'dff_reg_top'.
INFO: [HLS 200-111] Finished Creating RTL model: CPU user time: 0.01 seconds. CPU system time: 0 seconds. Elapsed time: 0.01 seconds; current allocated memory: 250.719 MB.
INFO: [HLS 200-111] Finished Generating all RTL models: CPU user time: 0.12 seconds. CPU system time: 0.01 seconds. Elapsed time: 0.13 seconds; current allocated memory: 251.246 MB.
INFO: [HLS 200-111] Finished Updating report files: CPU user time: 0.25 seconds. CPU system time: 0.07 seconds. Elapsed time: 0.32 seconds; current allocated memory: 252.234 MB.
INFO: [VHDL 208-304] Generating VHDL RTL for dff_reg_top.
INFO: [VLOG 209-307] Generating Verilog RTL for dff_reg_top.
INFO: [HLS 200-789] **** Estimated Fmax: 0.00 MHz
INFO: [IMPL 213-8] Exporting RTL as a Vivado IP.

****** Vivado v2025.1 (64-bit)
  **** SW Build 6140274 on Wed May 21 22:58:25 MDT 2025
  **** IP Build 6138677 on Thu May 22 03:10:11 MDT 2025
  **** SharedData Build 6139179 on Tue May 20 17:58:58 MDT 2025
  **** Start of session at: Tue Jan 27 13:59:46 2026
    ** Copyright 1986-2022 Xilinx, Inc. All Rights Reserved.
    ** Copyright 2022-2025 Advanced Micro Devices, Inc. All Rights Reserved.

source run_ippack.tcl -notrace
INFO: calling package_hls_ip ip_types=vitis sysgen json_file=/home/lenovo/Simulation_Linux/HLS/d_ff_3_reg/d_ff_3_reg/hls/hls_data.json outdir=/home/lenovo/Simulation_Linux/HLS/d_ff_3_reg/d_ff_3_reg/hls/impl/ip srcdir=/home/lenovo/Simulation_Linux/HLS/d_ff_3_reg/d_ff_3_reg/hls ippack_options_dict= ippack_options_dict=
INFO: Copied 1 ipmisc file(s) to /home/lenovo/Simulation_Linux/HLS/d_ff_3_reg/d_ff_3_reg/hls/impl/ip/misc
INFO: Copied 1 verilog file(s) to /home/lenovo/Simulation_Linux/HLS/d_ff_3_reg/d_ff_3_reg/hls/impl/ip/hdl/verilog
INFO: Copied 1 vhdl file(s) to /home/lenovo/Simulation_Linux/HLS/d_ff_3_reg/d_ff_3_reg/hls/impl/ip/hdl/vhdl
INFO: Import ports from HDL: /home/lenovo/Simulation_Linux/HLS/d_ff_3_reg/d_ff_3_reg/hls/impl/ip/hdl/vhdl/dff_reg_top.vhd (dff_reg_top)
INFO: Add clock interface ap_clk
INFO: Add reset interface ap_rst
INFO: Add data interface d
INFO: Add data interface q
INFO: [IP_Flow 19-234] Refreshing IP repositories
INFO: [IP_Flow 19-1704] No user IP repositories specified
INFO: [IP_Flow 19-2313] Loaded Vivado IP repository '/opt/Xilinx/2025.1/Vivado/data/ip'.
INFO: Calling post_process_vitis to specialize IP
INFO: Calling post_process_sysgen to specialize IP
Generating sysgen info xml from json file
INFO: Created IP /home/lenovo/Simulation_Linux/HLS/d_ff_3_reg/d_ff_3_reg/hls/impl/ip/component.xml
INFO: Created IP archive /home/lenovo/Simulation_Linux/HLS/d_ff_3_reg/d_ff_3_reg/hls/impl/ip/xilinx_com_hls_dff_reg_top_1_0.zip
INFO: [Common 17-206] Exiting Vivado at Tue Jan 27 13:59:51 2026...
INFO: [HLS 200-802] Generated output file d_ff_3_reg/dff_reg_top.zip
INFO: [HLS 200-112] Total CPU user time: 16.8 seconds. Total CPU system time: 2.73 seconds. Total elapsed time: 24.63 seconds; peak allocated memory: 258.723 MB.
INFO: [v++ 60-791] Total elapsed time: 0h 0m 28s
