  **** HLS Build v2025.1 6135595
INFO: [HLS 200-2005] Using work_dir /home/lenovo/Simulation_Linux/HLS/Parallel_to_Serial_Vitis/Parallel_to_Serial_Vitis 
INFO: [HLS 200-2176] Writing Vitis IDE component file /home/lenovo/Simulation_Linux/HLS/Parallel_to_Serial_Vitis/Parallel_to_Serial_Vitis/vitis-comp.json
INFO: [HLS 200-10] Creating and opening component '/home/lenovo/Simulation_Linux/HLS/Parallel_to_Serial_Vitis/Parallel_to_Serial_Vitis'.
INFO: [HLS 200-1505] Using default flow_target 'vivado'
Resolution: For help on HLS 200-1505 see docs.xilinx.com/access/sources/dita/topic?Doc_Version=2025.1%20English&url=ug1448-hls-guidance&resourceid=200-1505.html
INFO: [HLS 200-2174] Applying component config ini file /home/lenovo/Simulation_Linux/HLS/Parallel_to_Serial_Vitis/hls_config.cfg
INFO: [HLS 200-1465] Applying config ini 'syn.file=./main_parallel2serial.cpp' from /home/lenovo/Simulation_Linux/HLS/Parallel_to_Serial_Vitis/hls_config.cfg(9)
INFO: [HLS 200-10] Adding design file '/home/lenovo/Simulation_Linux/HLS/Parallel_to_Serial_Vitis/main_parallel2serial.cpp' to the project
INFO: [HLS 200-1465] Applying config ini 'syn.file=./parallel2serial.hpp' from /home/lenovo/Simulation_Linux/HLS/Parallel_to_Serial_Vitis/hls_config.cfg(10)
INFO: [HLS 200-10] Adding design file '/home/lenovo/Simulation_Linux/HLS/Parallel_to_Serial_Vitis/parallel2serial.hpp' to the project
INFO: [HLS 200-1465] Applying config ini 'tb.file=./parallel2serial-tb.cpp' from /home/lenovo/Simulation_Linux/HLS/Parallel_to_Serial_Vitis/hls_config.cfg(7)
INFO: [HLS 200-10] Adding test bench file '/home/lenovo/Simulation_Linux/HLS/Parallel_to_Serial_Vitis/parallel2serial-tb.cpp' to the project
INFO: [HLS 200-1465] Applying config ini 'tb.file=./parallel2serial-tb.hpp' from /home/lenovo/Simulation_Linux/HLS/Parallel_to_Serial_Vitis/hls_config.cfg(8)
INFO: [HLS 200-10] Adding test bench file '/home/lenovo/Simulation_Linux/HLS/Parallel_to_Serial_Vitis/parallel2serial-tb.hpp' to the project
INFO: [HLS 200-1465] Applying config ini 'syn.top=parallel2serial' from /home/lenovo/Simulation_Linux/HLS/Parallel_to_Serial_Vitis/hls_config.cfg(11)
INFO: [HLS 200-1465] Applying config ini 'flow_target=vivado' from /home/lenovo/Simulation_Linux/HLS/Parallel_to_Serial_Vitis/hls_config.cfg(4)
INFO: [HLS 200-1505] Using flow_target 'vivado'
Resolution: For help on HLS 200-1505 see docs.xilinx.com/access/sources/dita/topic?Doc_Version=2025.1%20English&url=ug1448-hls-guidance&resourceid=200-1505.html
INFO: [HLS 200-1465] Applying config ini 'part=xc7a35tcpg236-1' from /home/lenovo/Simulation_Linux/HLS/Parallel_to_Serial_Vitis/hls_config.cfg(1)
INFO: [HLS 200-1611] Setting target device to 'xc7a35t-cpg236-1'
INFO: [HLS 200-1465] Applying config ini 'package.output.format=ip_catalog' from /home/lenovo/Simulation_Linux/HLS/Parallel_to_Serial_Vitis/hls_config.cfg(5)
INFO: [HLS 200-2176] Writing Vitis IDE component file /home/lenovo/Simulation_Linux/HLS/Parallel_to_Serial_Vitis/Parallel_to_Serial_Vitis/vitis-comp.json
INFO: [SIM 211-2] *************** CSIM start ***************
INFO: [SIM 211-4] CSIM will launch CLANG as the compiler.
INFO: [HLS 200-2036] Building debug C Simulation binaries
   Compiling ../../../../parallel2serial-tb.cpp in debug mode
   Compiling ../../../../main_parallel2serial.cpp in debug mode
   Generating csim.exe
 d = 1 serial_start = 1 serial_end = 0
 d = 1 serial_start = 0 serial_end = 0
 d = 0 serial_start = 0 serial_end = 0
 d = 0 serial_start = 0 serial_end = 0
 d = 1 serial_start = 0 serial_end = 0
 d = 0 serial_start = 0 serial_end = 0
 d = 1 serial_start = 0 serial_end = 0
 d = 1 serial_start = 0 serial_end = 1
Test Passed
INFO: [SIM 211-1] CSim done with 0 errors.
INFO: [SIM 211-3] *************** CSIM finish ***************
INFO: [HLS 200-112] Total CPU user time: 4.09 seconds. Total CPU system time: 0.71 seconds. Total elapsed time: 5.02 seconds; peak allocated memory: 234.965 MB.
INFO: [vitis-run 60-791] Total elapsed time: 0h 0m 9s
