Tue Oct  7 12:28:52 2025: Running xcd server. This server was built by gradle.
Tue Oct  7 12:28:52 2025: Server was asked to start on port: '39431'
Tue Oct  7 12:28:52 2025: Server is using token UUID: '65303b89-ec4c-4929-aed3-1b7e26041960'
Tue Oct  7 12:28:52 2025: SESSION_MGR: creating session with session uuid: '6d04a3e9-ade5-4ab9-8d63-1f78fcd2ec76' and name 'default'
Tue Oct  7 12:28:52 2025: Attempting to start server on port '39431'
Tue Oct  7 12:28:52 2025: XCD main fifo: created main fifo '/tmp/xcdmain65303b89-ec4c-4929-aed3-1b7e26041960', fd read = 12
Tue Oct  7 12:28:52 2025: Running Dispatch Server
Tue Oct  7 12:28:52 2025: Version 2.2.0
Tue Oct  7 12:28:53 2025: Dispatch Server: Accepted socket connection from client
Tue Oct  7 12:28:53 2025: Starting Socket connection
Tue Oct  7 12:28:53 2025: EXCHANGE_TOKEN received, server token: 65303b89-ec4c-4929-aed3-1b7e26041960, passed token: 65303b89-ec4c-4929-aed3-1b7e26041960
Tue Oct  7 12:28:54 2025: DISPATCH_HANDLER: Adding handler from function makeHandler in library libxv_system_diagram
Tue Oct  7 12:28:54 2025: SESSION_MGR: creating session with session uuid: '0bf9ec77-e350-4791-b98d-9c64dead93b3' and name 'v++_compile_SwitcheLED_Vitis'
Tue Oct  7 12:28:54 2025: KERNEL_SVC: creating session with uuid: '0bf9ec77-e350-4791-b98d-9c64dead93b3' and name 'v++_compile_SwitcheLED_Vitis'
Tue Oct  7 12:28:54 2025: GUIDANCE_SMGR: creating guidance session with uuid: '0bf9ec77-e350-4791-b98d-9c64dead93b3' and name 'v++_compile_SwitcheLED_Vitis'
Tue Oct  7 12:28:54 2025: SYSTEM_DIAGRAM: creating session with uuid: '0bf9ec77-e350-4791-b98d-9c64dead93b3' and name 'v++_compile_SwitcheLED_Vitis'
Tue Oct  7 12:28:57 2025: Dispatch Server: Accepted socket connection from client
Tue Oct  7 12:28:57 2025: Starting Socket connection
Tue Oct  7 12:29:05 2025: SESSION_MGR: closing session for UUID '0bf9ec77-e350-4791-b98d-9c64dead93b3' with name 'v++_compile_SwitcheLED_Vitis'
Tue Oct  7 12:29:05 2025: KERNEL_SVC: closing session for UUID '0bf9ec77-e350-4791-b98d-9c64dead93b3' with name 'v++_compile_SwitcheLED_Vitis'
Tue Oct  7 12:29:05 2025: GUIDANCE_SMGR: closing session for UUID '0bf9ec77-e350-4791-b98d-9c64dead93b3' with name 'v++_compile_SwitcheLED_Vitis'
Tue Oct  7 12:29:05 2025: SYSTEM_DIAGRAM: closing session for UUID '0bf9ec77-e350-4791-b98d-9c64dead93b3' with name 'v++_compile_SwitcheLED_Vitis'
Tue Oct  7 12:29:05 2025: STOP_SERVER received, server token: 65303b89-ec4c-4929-aed3-1b7e26041960, passed token: 65303b89-ec4c-4929-aed3-1b7e26041960
Tue Oct  7 12:29:05 2025: Socket received request to stop server.
Tue Oct  7 12:29:05 2025: Dispatch Server: do_await_stop
Tue Oct  7 12:29:05 2025: Dispatch Server: stopping mainFifo_
Tue Oct  7 12:29:05 2025: XCD main fifo: Stopping
Tue Oct  7 12:29:05 2025: XCD main fifo: do_read error code: Operation canceled
Tue Oct  7 12:29:05 2025: XCD main fifo: bytes_transferred: 0
Tue Oct  7 12:29:05 2025: SERVER: destructor for server bound to port 39431
Tue Oct  7 12:29:05 2025: XCD main fifo: Good unlink of /tmp/xcdmain65303b89-ec4c-4929-aed3-1b7e26041960
Tue Oct  7 12:29:05 2025: Server exiting with status 0.
Tue Oct  7 12:29:05 2025: Closing log file.
Tue Oct  7 12:29:40 2025: Running xcd server. This server was built by gradle.
Tue Oct  7 12:29:40 2025: Server was asked to start on port: '44805'
Tue Oct  7 12:29:40 2025: Server is using token UUID: '60297818-dda6-4901-813b-e7ff58340861'
Tue Oct  7 12:29:40 2025: SESSION_MGR: creating session with session uuid: '6d04a3e9-ade5-4ab9-8d63-1f78fcd2ec76' and name 'default'
Tue Oct  7 12:29:40 2025: Attempting to start server on port '44805'
Tue Oct  7 12:29:40 2025: XCD main fifo: created main fifo '/tmp/xcdmain60297818-dda6-4901-813b-e7ff58340861', fd read = 12
Tue Oct  7 12:29:40 2025: Running Dispatch Server
Tue Oct  7 12:29:40 2025: Version 2.2.0
Tue Oct  7 12:29:41 2025: Dispatch Server: Accepted socket connection from client
Tue Oct  7 12:29:41 2025: Starting Socket connection
Tue Oct  7 12:29:41 2025: EXCHANGE_TOKEN received, server token: 60297818-dda6-4901-813b-e7ff58340861, passed token: 60297818-dda6-4901-813b-e7ff58340861
Tue Oct  7 12:29:42 2025: DISPATCH_HANDLER: Adding handler from function makeHandler in library libxv_system_diagram
Tue Oct  7 12:29:42 2025: SESSION_MGR: creating session with session uuid: '447be3f1-3111-4e74-9f64-5c67609b59de' and name 'vitis-run_compile_SwitcheLED_Vitis'
Tue Oct  7 12:29:42 2025: KERNEL_SVC: creating session with uuid: '447be3f1-3111-4e74-9f64-5c67609b59de' and name 'vitis-run_compile_SwitcheLED_Vitis'
Tue Oct  7 12:29:42 2025: GUIDANCE_SMGR: creating guidance session with uuid: '447be3f1-3111-4e74-9f64-5c67609b59de' and name 'vitis-run_compile_SwitcheLED_Vitis'
Tue Oct  7 12:29:42 2025: SYSTEM_DIAGRAM: creating session with uuid: '447be3f1-3111-4e74-9f64-5c67609b59de' and name 'vitis-run_compile_SwitcheLED_Vitis'
Tue Oct  7 12:29:44 2025: Dispatch Server: Accepted socket connection from client
Tue Oct  7 12:29:44 2025: Starting Socket connection
Tue Oct  7 12:29:57 2025: SESSION_MGR: closing session for UUID '447be3f1-3111-4e74-9f64-5c67609b59de' with name 'vitis-run_compile_SwitcheLED_Vitis'
Tue Oct  7 12:29:57 2025: KERNEL_SVC: closing session for UUID '447be3f1-3111-4e74-9f64-5c67609b59de' with name 'vitis-run_compile_SwitcheLED_Vitis'
Tue Oct  7 12:29:57 2025: GUIDANCE_SMGR: closing session for UUID '447be3f1-3111-4e74-9f64-5c67609b59de' with name 'vitis-run_compile_SwitcheLED_Vitis'
Tue Oct  7 12:29:57 2025: SYSTEM_DIAGRAM: closing session for UUID '447be3f1-3111-4e74-9f64-5c67609b59de' with name 'vitis-run_compile_SwitcheLED_Vitis'
Tue Oct  7 12:29:57 2025: STOP_SERVER received, server token: 60297818-dda6-4901-813b-e7ff58340861, passed token: 60297818-dda6-4901-813b-e7ff58340861
Tue Oct  7 12:29:57 2025: Socket received request to stop server.
Tue Oct  7 12:29:57 2025: Dispatch Server: do_await_stop
Tue Oct  7 12:29:57 2025: Dispatch Server: stopping mainFifo_
Tue Oct  7 12:29:57 2025: XCD main fifo: Stopping
Tue Oct  7 12:29:57 2025: XCD main fifo: do_read error code: Operation canceled
Tue Oct  7 12:29:57 2025: XCD main fifo: bytes_transferred: 0
Tue Oct  7 12:29:57 2025: SERVER: destructor for server bound to port 44805
Tue Oct  7 12:29:57 2025: XCD main fifo: Good unlink of /tmp/xcdmain60297818-dda6-4901-813b-e7ff58340861
Tue Oct  7 12:29:57 2025: Server exiting with status 0.
Tue Oct  7 12:29:57 2025: Closing log file.
