parallelismSelector::VERBO: Summary of inputs: 
parallelismSelector::VERBO: Output directory: "/home/lenovo/Simulation_Linux/HLS/Leading_One_Vitis/Leading_One_Vitis/hls/csim/code_analyzer/output"
parallelismSelector::VERBO: spec:0:0: info: Will use basepath at location /home/lenovo/Simulation_Linux/HLS/Leading_One_Vitis
parallelismSelector::VERBO: FPGA clock frequency is set to 50 MHz
parallelismSelector::VERBO: Will use user-driven complete partitioning settings
parallelismSelector::VERBO: Arrays with less than or equal to 4 elements that appear in the codegen directives will be completely partitioned
parallelismSelector::VERBO: spec:0:0: info: Will use IR Module file at location /home/lenovo/Simulation_Linux/HLS/Leading_One_Vitis/Leading_One_Vitis/hls/csim/code_analyzer/.internal/instrument/app_0/annotated.bc
parallelismSelector::VERBO: FPGA frequency: 50000000 Hz
parallelismSelector::VERBO: perfEst.logicModel:0:0: info: The requested frequency (50 MHz) is below the supported frequency range [100 MHz : 1000 MHz]. The lowest limit in the range, 100 MHz, will be used as the estimation frequency
parallelismSelector::VERBO: Using FPGA frequency for HLS estimations: 100000000 Hz
parallelismSelector::VERBO: [Model Builder] Extracting logic model object from: /opt/Xilinx/2025.1/lnx64/tools/vcxx/data/platform/logic/artix7.logic
parallelismSelector::VERBO: Device characteristics: Area -- (LUTs: 20800, FFs: 41600, DSPs: 90, BRAMs: 100, URAMs: 0)
parallelismSelector::VERBO: Maximum area for the hardware functions: AreaConstraint -- (LUTs: 20800, FFs: 41600, DSPs: 90, BRAMs: 100, URAMs: 0)
parallelismSelector::VERBO: Code Analyzer Id: 0
parallelismSelector::VERBO: Dataflow Hardware Function: _Z11leading_one7ap_uintILi9EE
parallelismSelector::VERBO: Adding outline as primary transformation
parallelismSelector::VERBO: RecipeFile: "/home/lenovo/Simulation_Linux/HLS/Leading_One_Vitis/Leading_One_Vitis/hls/csim/code_analyzer/.internal/dataflow/0/recipe.json"
parallelismSelector::VERBO: Applying transformation: (region_outline)
parallelismSelector::VERBO: Applying transformation: (outline)
parallelismSelector::VERBO: Alias Equivalence: (Var <- { Pointees })
                              618 <- {618}
                              639 <- {639}
                              641 <- {618}
                              643 <- {639}
                            
parallelismSelector::VERBO: No optimization objective set
parallelismSelector::VERBO: Variable Infos:
parallelismSelector::VERBO:     'a' unknown:0:0 VariableId 618
                                  ElementBitsize=9
                                  IsHlsStream=no
                                  FunctionId= 385
                                  IsArray=no
                                  IsValidArray=no
                                  IsArgument=yes
                                  Elements=[ ]
                                  HasInsertionLoc=yes
                                  IsFromSystemFunction=no
parallelismSelector::VERBO:     '{Return}' /home/lenovo/Simulation_Linux/HLS/Leading_One_Vitis/main_leading_one.cpp:50:0 VariableId 639
                                  ElementBitsize=5
                                  IsHlsStream=no
                                  FunctionId= 385
                                  IsArray=no
                                  IsValidArray=no
                                  IsArgument=yes
                                  Elements=[-- ]
                                  HasInsertionLoc=yes
                                  IsFromSystemFunction=no
parallelismSelector::VERBO:     '{Return}' /home/lenovo/Simulation_Linux/HLS/Leading_One_Vitis/main_leading_one.cpp:50:0 VariableId 643
                                  ElementBitsize=5
                                  IsHlsStream=no
                                  FunctionId= 386
                                  IsArray=no
                                  IsValidArray=no
                                  IsArgument=yes
                                  Elements=[-- ]
                                  HasInsertionLoc=yes
                                  IsFromSystemFunction=no
parallelismSelector::VERBO:     'a3.val' unknown:0:0 VariableId 655
                                  ElementBitsize=9
                                  IsHlsStream=no
                                  FunctionId= 386
                                  IsArray=no
                                  IsValidArray=no
                                  IsArgument=yes
                                  Elements=[ ]
                                  HasInsertionLoc=yes
                                  IsFromSystemFunction=no
parallelismSelector::VERBO: Equivalence table
                            
parallelismSelector::VERBO: Nesting structure:
                            (empty)
parallelismSelector::VERBO: Nesting structure after dynamic trip count update:
                            (empty)
parallelismSelector::VERBO: Function 'leading_one' not inlined as per top-levels
parallelismSelector::VERBO: Function 'Outline_T3_F385_R2_Switch' not inlined as per dataflow task
parallelismSelector::VERBO: Nesting structure after static trip count upper bound calculation for symbolically bounded loops:
                            (empty)
parallelismSelector::VERBO: Initial branch:
                            FunctionPipelineTopLevel: Maybe
                            (empty)
parallelismSelector::VERBO: Initial branch after first round of constraints:
                            FunctionPipelineTopLevel: Maybe
                            (empty)
parallelismSelector::VERBO: Nesting structure after user pragma constraints:
                            (empty)
parallelismSelector::VERBO: Initial branch after applying user pragma constraints:
                            FunctionPipelineTopLevel: Maybe
                            (empty)
parallelismSelector::VERBO: Initial branch after applying Xilinx constraints:
                            FunctionPipelineTopLevel: Maybe
                            (empty)
parallelismSelector::VERBO: DataflowConstrainer: Constraining Func/Loop with Id 385
parallelismSelector::VERBO: DataflowConstrainer: Has no VariableSettingSpace: VarId=618
parallelismSelector::VERBO: DataflowConstrainer: Has no VariableSettingSpace: VarId=639
parallelismSelector::VERBO: DataflowConstrainer: No VarIds in Loop/Func to be constrained
parallelismSelector::VERBO: Initial branch after applying dataflow constraints:
                            FunctionPipelineTopLevel: No
                            (empty)
parallelismSelector::VERBO: Removing reshape options from the design space because optimizing reshape is disabled
                            
parallelismSelector::VERBO: Initial branch after applying heuristic constraints:
                            FunctionPipelineTopLevel: No
                            (empty)
parallelismSelector::VERBO: Initial branch after applying second round of Xilinx constraints:
                            FunctionPipelineTopLevel: No
                            (empty)
parallelismSelector::VERBO: Initial branch after performance pragma constraints:
                            FunctionPipelineTopLevel: No
                            (empty)
parallelismSelector::VERBO: Initial branch after PerfEst evaluation constraints:
                            FunctionPipelineTopLevel: No
                            (empty)
parallelismSelector::VERBO: Initial constrained branch:
                            FunctionPipelineTopLevel: No
                            (empty)
parallelismSelector::VERBO: HPE - Calculating latency and area for design space...
                            Setting Space: FunctionPipelineTopLevel: No
                            (empty)
parallelismSelector::VERBO: Calculating latency for top level hw function: leading_one
parallelismSelector::VERBO: [LatencyEstimationVisitor] CallSite: CS(3 F=386) (643->639)
parallelismSelector::VERBO: [LatencyEstimationVisitor] Equivalence table
                             Object with value: 643 is mapped to the object with value: 639
                            
parallelismSelector::VERBO: Analyzing Function "Outline_T3_F385_R2_Switch" (FunctionId 386):
parallelismSelector::VERBO:     MARegionScheduler::finalize():
parallelismSelector::VERBO:        - Function: Outline_T3_F385_R2_Switch
parallelismSelector::VERBO:          - EndCycles: newFuncRoot -> {1: 1}
parallelismSelector::VERBO:          - EndCycles: if.end46 -> {1: 12}
parallelismSelector::VERBO:          - EndCycles: if.then37 -> {1: 9}
parallelismSelector::VERBO:          - EndCycles: if.else39 -> {1: 9}
parallelismSelector::VERBO:          - EndCycles: if.then32 -> {1: 8}
parallelismSelector::VERBO:          - EndCycles: if.else34 -> {1: 8}
parallelismSelector::VERBO:          - EndCycles: if.end53 -> {1: 18}
parallelismSelector::VERBO:          - EndCycles: if.then -> {1: 2}
parallelismSelector::VERBO:          - EndCycles: if.then17 -> {1: 5}
parallelismSelector::VERBO:          - EndCycles: if.end51 -> {1: 17}
parallelismSelector::VERBO:          - EndCycles: if.else29 -> {1: 7}
parallelismSelector::VERBO:          - EndCycles: if.end47 -> {1: 13}
parallelismSelector::VERBO:          - EndCycles: if.then22 -> {1: 6}
parallelismSelector::VERBO:          - EndCycles: if.else24 -> {1: 6}
parallelismSelector::VERBO:          - EndCycles: if.else -> {1: 2}
parallelismSelector::VERBO:          - EndCycles: if.end52 -> {1: 18}
parallelismSelector::VERBO:          - EndCycles: if.else19 -> {1: 5}
parallelismSelector::VERBO:          - EndCycles: if.end49 -> {1: 15}
parallelismSelector::VERBO:          - EndCycles: if.then12 -> {1: 4}
parallelismSelector::VERBO:          - EndCycles: if.else14 -> {1: 4}
parallelismSelector::VERBO:          - EndCycles: if.then7 -> {1: 3}
parallelismSelector::VERBO:          - EndCycles: if.else9 -> {1: 3}
parallelismSelector::VERBO:          - EndCycles: if.end -> {1: 11}
parallelismSelector::VERBO:          - EndCycles: if.then42 -> {1: 10}
parallelismSelector::VERBO:          - EndCycles: if.else44 -> {1: 10}
parallelismSelector::VERBO:          - EndCycles: if.end48 -> {1: 14}
parallelismSelector::VERBO:          - EndCycles: if.then27 -> {1: 7}
parallelismSelector::VERBO:          - EndCycles: if.end50 -> {1: 16}
parallelismSelector::VERBO:        - MaxEndCycle: {1: 18}
parallelismSelector::VERBO:        - Critical path: newFuncRoot, if.end46, if.else39, if.else34, if.end53, if.end51, if.else29, if.end47, if.else24, if.else, if.end52, if.else19, if.end49, if.else14, if.else9, if.end, if.then42, if.else44, if.end48, if.end50
parallelismSelector::VERBO: 
parallelismSelector::VERBO: Analyzing Function "leading_one" (FunctionId 385):
parallelismSelector::VERBO:     MARegionScheduler::finalize():
parallelismSelector::VERBO:        - Function: _Z11leading_one7ap_uintILi9EE
parallelismSelector::VERBO:          - EndCycles: if.end53_iso1 -> {1: 20}
parallelismSelector::VERBO:          - EndCycles: entry -> {1: 1}
parallelismSelector::VERBO:          - EndCycles: codeRepl -> {1: 20}
parallelismSelector::VERBO:        - MaxEndCycle: {1: 20}
parallelismSelector::VERBO:        - Critical path: if.end53_iso1, entry, codeRepl
parallelismSelector::VERBO: 
parallelismSelector::VERBO: Filling in timing metrics per region...
parallelismSelector::VERBO: [AreaEstimationVisitor] Func: _Z11leading_one7ap_uintILi9EE : 385
parallelismSelector::VERBO: [AreaEstimationVisitor] CallSite: CS(3 F=386) (643->639)
parallelismSelector::VERBO:   New Equivalence table
                             Object with value: 643 is mapped to the object with value: 639
                            
parallelismSelector::VERBO: [AreaEstimationVisitor] Func: Outline_T3_F385_R2_Switch : 386
parallelismSelector::VERBO: [Finalize] Self shareable area: LUTs: 0 FFs: 0 DSPs: 0 BRAMs: 0
parallelismSelector::VERBO: [AreaEstimationVisitor] Total shareable area: LUTs: 0 FFs: 0 DSPs: 0 BRAMs: 0 Total unshareable area: LUTs: 45 FFs: 0 DSPs: 0 BRAMs: 0
parallelismSelector::VERBO: [AreaEstimationVisitor] Self shareable area: LUTs: 0 FFs: 0 DSPs: 0 BRAMs: 0 Self unshareable area: LUTs: 45 FFs: 0 DSPs: 0 BRAMs: 0
parallelismSelector::VERBO: [Finalize] Self shareable area: LUTs: 0 FFs: 0 DSPs: 0 BRAMs: 0
parallelismSelector::VERBO: [AreaEstimationVisitor] Total shareable area: LUTs: 0 FFs: 0 DSPs: 0 BRAMs: 0 Total unshareable area: LUTs: 0 FFs: 0 DSPs: 0 BRAMs: 0
parallelismSelector::VERBO: [AreaEstimationVisitor] Self shareable area: LUTs: 0 FFs: 0 DSPs: 0 BRAMs: 0 Self unshareable area: LUTs: 0 FFs: 0 DSPs: 0 BRAMs: 0
parallelismSelector::VERBO: Is valid space because UsedArea.Max <= GlobalConstr.AreaConstr
parallelismSelector::VERBO: Initial constrained branch with estimates:
                            FunctionPipelineTopLevel: No
                            Id: 0 contains valid solution: --, min-max latency/interval:  lat 20 intv 21, min-max area:  LUTs: 45 FFs: 0 DSPs: 0 BRAMs: 0
parallelismSelector::VERBO: Initial FPGA area occupied (min): Area -- (LUTs: 45, FFs: 0, DSPs: 0, BRAMs: 0, URAMs: 0)
parallelismSelector::VERBO: Initial FPGA area occupied (max): Area -- (LUTs: 45, FFs: 0, DSPs: 0, BRAMs: 0, URAMs: 0)
parallelismSelector::VERBO: HPE - Calculating latency and area for design space...
                            Setting Space: FunctionPipelineTopLevel: No
                            (empty)
parallelismSelector::VERBO: Calculating latency for top level hw function: leading_one
parallelismSelector::VERBO: [LatencyEstimationVisitor] CallSite: CS(3 F=386) (643->639)
parallelismSelector::VERBO: [LatencyEstimationVisitor] Equivalence table
                             Object with value: 643 is mapped to the object with value: 639
                            
parallelismSelector::VERBO: Analyzing Function "Outline_T3_F385_R2_Switch" (FunctionId 386):
parallelismSelector::VERBO:     MARegionScheduler::finalize():
parallelismSelector::VERBO:        - Function: Outline_T3_F385_R2_Switch
parallelismSelector::VERBO:          - EndCycles: newFuncRoot -> {1: 1}
parallelismSelector::VERBO:          - EndCycles: if.end46 -> {1: 12}
parallelismSelector::VERBO:          - EndCycles: if.then37 -> {1: 9}
parallelismSelector::VERBO:          - EndCycles: if.else39 -> {1: 9}
parallelismSelector::VERBO:          - EndCycles: if.then32 -> {1: 8}
parallelismSelector::VERBO:          - EndCycles: if.else34 -> {1: 8}
parallelismSelector::VERBO:          - EndCycles: if.end53 -> {1: 18}
parallelismSelector::VERBO:          - EndCycles: if.then -> {1: 2}
parallelismSelector::VERBO:          - EndCycles: if.then17 -> {1: 5}
parallelismSelector::VERBO:          - EndCycles: if.end51 -> {1: 17}
parallelismSelector::VERBO:          - EndCycles: if.else29 -> {1: 7}
parallelismSelector::VERBO:          - EndCycles: if.end47 -> {1: 13}
parallelismSelector::VERBO:          - EndCycles: if.then22 -> {1: 6}
parallelismSelector::VERBO:          - EndCycles: if.else24 -> {1: 6}
parallelismSelector::VERBO:          - EndCycles: if.else -> {1: 2}
parallelismSelector::VERBO:          - EndCycles: if.end52 -> {1: 18}
parallelismSelector::VERBO:          - EndCycles: if.else19 -> {1: 5}
parallelismSelector::VERBO:          - EndCycles: if.end49 -> {1: 15}
parallelismSelector::VERBO:          - EndCycles: if.then12 -> {1: 4}
parallelismSelector::VERBO:          - EndCycles: if.else14 -> {1: 4}
parallelismSelector::VERBO:          - EndCycles: if.then7 -> {1: 3}
parallelismSelector::VERBO:          - EndCycles: if.else9 -> {1: 3}
parallelismSelector::VERBO:          - EndCycles: if.end -> {1: 11}
parallelismSelector::VERBO:          - EndCycles: if.then42 -> {1: 10}
parallelismSelector::VERBO:          - EndCycles: if.else44 -> {1: 10}
parallelismSelector::VERBO:          - EndCycles: if.end48 -> {1: 14}
parallelismSelector::VERBO:          - EndCycles: if.then27 -> {1: 7}
parallelismSelector::VERBO:          - EndCycles: if.end50 -> {1: 16}
parallelismSelector::VERBO:        - MaxEndCycle: {1: 18}
parallelismSelector::VERBO:        - Critical path: newFuncRoot, if.end46, if.else39, if.else34, if.end53, if.end51, if.else29, if.end47, if.else24, if.else, if.end52, if.else19, if.end49, if.else14, if.else9, if.end, if.then42, if.else44, if.end48, if.end50
parallelismSelector::VERBO: 
parallelismSelector::VERBO: Analyzing Function "leading_one" (FunctionId 385):
parallelismSelector::VERBO:     MARegionScheduler::finalize():
parallelismSelector::VERBO:        - Function: _Z11leading_one7ap_uintILi9EE
parallelismSelector::VERBO:          - EndCycles: if.end53_iso1 -> {1: 20}
parallelismSelector::VERBO:          - EndCycles: entry -> {1: 1}
parallelismSelector::VERBO:          - EndCycles: codeRepl -> {1: 20}
parallelismSelector::VERBO:        - MaxEndCycle: {1: 20}
parallelismSelector::VERBO:        - Critical path: if.end53_iso1, entry, codeRepl
parallelismSelector::VERBO: 
parallelismSelector::VERBO: Filling in timing metrics per region...
parallelismSelector::VERBO: [AreaEstimationVisitor] Func: _Z11leading_one7ap_uintILi9EE : 385
parallelismSelector::VERBO: [AreaEstimationVisitor] CallSite: CS(3 F=386) (643->639)
parallelismSelector::VERBO:   New Equivalence table
                             Object with value: 643 is mapped to the object with value: 639
                            
parallelismSelector::VERBO: [AreaEstimationVisitor] Func: Outline_T3_F385_R2_Switch : 386
parallelismSelector::VERBO: [Finalize] Self shareable area: LUTs: 0 FFs: 0 DSPs: 0 BRAMs: 0
parallelismSelector::VERBO: [AreaEstimationVisitor] Total shareable area: LUTs: 0 FFs: 0 DSPs: 0 BRAMs: 0 Total unshareable area: LUTs: 45 FFs: 0 DSPs: 0 BRAMs: 0
parallelismSelector::VERBO: [AreaEstimationVisitor] Self shareable area: LUTs: 0 FFs: 0 DSPs: 0 BRAMs: 0 Self unshareable area: LUTs: 45 FFs: 0 DSPs: 0 BRAMs: 0
parallelismSelector::VERBO: [Finalize] Self shareable area: LUTs: 0 FFs: 0 DSPs: 0 BRAMs: 0
parallelismSelector::VERBO: [AreaEstimationVisitor] Total shareable area: LUTs: 0 FFs: 0 DSPs: 0 BRAMs: 0 Total unshareable area: LUTs: 0 FFs: 0 DSPs: 0 BRAMs: 0
parallelismSelector::VERBO: [AreaEstimationVisitor] Self shareable area: LUTs: 0 FFs: 0 DSPs: 0 BRAMs: 0 Self unshareable area: LUTs: 0 FFs: 0 DSPs: 0 BRAMs: 0
parallelismSelector::VERBO: Estimated metrics for the application:
parallelismSelector::VERBO: Function with Id 385:
parallelismSelector::VERBO:     Interval: 21 - 21
                                Latency: 20 - 20
parallelismSelector::VERBO: Function with Id 386:
parallelismSelector::VERBO:     Interval: 19 - 19
                                Latency: 18 - 18
parallelismSelector::VERBO: Failed to retrieve the channel in the preopt task graph!
                            Source Edge: DataEdge{RAW, ('a', 618), Ptr, Width=9b, EdgeMetrics(CR=0.473684 bits/cycle, V=9 bits)}
                            Source Task: Task(T1,Start)
                            Targe Task: Task(T3,F385,R2)
                            [FunctionIdTaskMapper]
                            First Task Graph Map:
                              - Artificial=Start <=> Task(T1,Start) | Process 1
                              - Artificial=End <=> Task(T2,End) | Process 2
                              - FnId=386 <=> Task(T3,F385,R2) | Process 1
                            Second Task Graph Map:
                              - Artificial=Start <=> Task(T1,Start) | Process 1
                              - Artificial=End <=> Task(T2,End) | Process 2
                              - FnId=386 <=> Task(T3,F385,R2) | Process 1
                            
