  **** HLS Build v2025.1 6135595
INFO: [HLS 200-2005] Using work_dir /home/lenovo/Simulation_Linux/HLS/Home_Alarm_Sys_Vitis/Home_Alarm_Sys_Vitis 
INFO: [HLS 200-2176] Writing Vitis IDE component file /home/lenovo/Simulation_Linux/HLS/Home_Alarm_Sys_Vitis/Home_Alarm_Sys_Vitis/vitis-comp.json
INFO: [HLS 200-10] Creating and opening component '/home/lenovo/Simulation_Linux/HLS/Home_Alarm_Sys_Vitis/Home_Alarm_Sys_Vitis'.
INFO: [HLS 200-1505] Using default flow_target 'vivado'
Resolution: For help on HLS 200-1505 see docs.xilinx.com/access/sources/dita/topic?Doc_Version=2025.1%20English&url=ug1448-hls-guidance&resourceid=200-1505.html
INFO: [HLS 200-2174] Applying component config ini file /home/lenovo/Simulation_Linux/HLS/Home_Alarm_Sys_Vitis/hls_config.cfg
INFO: [HLS 200-1465] Applying config ini 'syn.file=./home_alarm_sys.cpp' from /home/lenovo/Simulation_Linux/HLS/Home_Alarm_Sys_Vitis/hls_config.cfg(11)
INFO: [HLS 200-10] Adding design file '/home/lenovo/Simulation_Linux/HLS/Home_Alarm_Sys_Vitis/home_alarm_sys.cpp' to the project
INFO: [HLS 200-1465] Applying config ini 'syn.file=./home_alarm_sys.hpp' from /home/lenovo/Simulation_Linux/HLS/Home_Alarm_Sys_Vitis/hls_config.cfg(12)
INFO: [HLS 200-10] Adding design file '/home/lenovo/Simulation_Linux/HLS/Home_Alarm_Sys_Vitis/home_alarm_sys.hpp' to the project
INFO: [HLS 200-1465] Applying config ini 'syn.file=./main_home_alarm_sys.cpp' from /home/lenovo/Simulation_Linux/HLS/Home_Alarm_Sys_Vitis/hls_config.cfg(13)
INFO: [HLS 200-10] Adding design file '/home/lenovo/Simulation_Linux/HLS/Home_Alarm_Sys_Vitis/main_home_alarm_sys.cpp' to the project
INFO: [HLS 200-1465] Applying config ini 'tb.file=./home_alarm_sys_tb.hpp' from /home/lenovo/Simulation_Linux/HLS/Home_Alarm_Sys_Vitis/hls_config.cfg(9)
INFO: [HLS 200-10] Adding test bench file '/home/lenovo/Simulation_Linux/HLS/Home_Alarm_Sys_Vitis/home_alarm_sys_tb.hpp' to the project
INFO: [HLS 200-1465] Applying config ini 'tb.file=./home_alarm_sys_tb.cpp' from /home/lenovo/Simulation_Linux/HLS/Home_Alarm_Sys_Vitis/hls_config.cfg(10)
INFO: [HLS 200-10] Adding test bench file '/home/lenovo/Simulation_Linux/HLS/Home_Alarm_Sys_Vitis/home_alarm_sys_tb.cpp' to the project
INFO: [HLS 200-1465] Applying config ini 'syn.top=home_alarm_system' from /home/lenovo/Simulation_Linux/HLS/Home_Alarm_Sys_Vitis/hls_config.cfg(7)
INFO: [HLS 200-1465] Applying config ini 'flow_target=vivado' from /home/lenovo/Simulation_Linux/HLS/Home_Alarm_Sys_Vitis/hls_config.cfg(4)
INFO: [HLS 200-1505] Using flow_target 'vivado'
Resolution: For help on HLS 200-1505 see docs.xilinx.com/access/sources/dita/topic?Doc_Version=2025.1%20English&url=ug1448-hls-guidance&resourceid=200-1505.html
INFO: [HLS 200-1465] Applying config ini 'part=xc7a35tcpg236-1' from /home/lenovo/Simulation_Linux/HLS/Home_Alarm_Sys_Vitis/hls_config.cfg(1)
INFO: [HLS 200-1611] Setting target device to 'xc7a35t-cpg236-1'
INFO: [HLS 200-1465] Applying config ini 'clock=10' from /home/lenovo/Simulation_Linux/HLS/Home_Alarm_Sys_Vitis/hls_config.cfg(8)
INFO: [SYN 201-201] Setting up clock 'default' with a period of 10ns.
INFO: [HLS 200-1465] Applying config ini 'package.output.format=ip_catalog' from /home/lenovo/Simulation_Linux/HLS/Home_Alarm_Sys_Vitis/hls_config.cfg(5)
INFO: [HLS 200-2176] Writing Vitis IDE component file /home/lenovo/Simulation_Linux/HLS/Home_Alarm_Sys_Vitis/Home_Alarm_Sys_Vitis/vitis-comp.json
INFO: [HLS 200-111] Finished File checks and directory preparation: CPU user time: 2.09 seconds. CPU system time: 0.42 seconds. Elapsed time: 2.5 seconds; current allocated memory: 235.047 MB.
INFO: [HLS 200-10] Analyzing design file 'main_home_alarm_sys.cpp' ... 
INFO: [HLS 200-10] Analyzing design file 'home_alarm_sys.cpp' ... 
INFO: [HLS 200-111] Finished Source Code Analysis and Preprocessing: CPU user time: 5.17 seconds. CPU system time: 1.08 seconds. Elapsed time: 6.27 seconds; current allocated memory: 237.168 MB.
INFO: [HLS 200-777] Using interface defaults for 'Vivado' flow target.
INFO: [HLS 200-1995] There were 893 instructions in the design after the 'Compile/Link' phase of compilation. See the Design Size Report for more details (/home/lenovo/Simulation_Linux/HLS/Home_Alarm_Sys_Vitis/Home_Alarm_Sys_Vitis/hls/syn/report/csynth_design_size.rpt:2)
INFO: [HLS 200-1995] There were 86 instructions in the design after the 'Unroll/Inline (step 1)' phase of compilation. See the Design Size Report for more details (/home/lenovo/Simulation_Linux/HLS/Home_Alarm_Sys_Vitis/Home_Alarm_Sys_Vitis/hls/syn/report/csynth_design_size.rpt:2)
INFO: [HLS 200-1995] There were 86 instructions in the design after the 'Unroll/Inline (step 2)' phase of compilation. See the Design Size Report for more details (/home/lenovo/Simulation_Linux/HLS/Home_Alarm_Sys_Vitis/Home_Alarm_Sys_Vitis/hls/syn/report/csynth_design_size.rpt:2)
INFO: [HLS 200-1995] There were 80 instructions in the design after the 'Unroll/Inline (step 3)' phase of compilation. See the Design Size Report for more details (/home/lenovo/Simulation_Linux/HLS/Home_Alarm_Sys_Vitis/Home_Alarm_Sys_Vitis/hls/syn/report/csynth_design_size.rpt:2)
INFO: [HLS 200-1995] There were 78 instructions in the design after the 'Unroll/Inline (step 4)' phase of compilation. See the Design Size Report for more details (/home/lenovo/Simulation_Linux/HLS/Home_Alarm_Sys_Vitis/Home_Alarm_Sys_Vitis/hls/syn/report/csynth_design_size.rpt:2)
INFO: [HLS 200-1995] There were 78 instructions in the design after the 'Array/Struct (step 1)' phase of compilation. See the Design Size Report for more details (/home/lenovo/Simulation_Linux/HLS/Home_Alarm_Sys_Vitis/Home_Alarm_Sys_Vitis/hls/syn/report/csynth_design_size.rpt:2)
INFO: [HLS 200-1995] There were 78 instructions in the design after the 'Array/Struct (step 2)' phase of compilation. See the Design Size Report for more details (/home/lenovo/Simulation_Linux/HLS/Home_Alarm_Sys_Vitis/Home_Alarm_Sys_Vitis/hls/syn/report/csynth_design_size.rpt:2)
INFO: [HLS 200-1995] There were 78 instructions in the design after the 'Array/Struct (step 3)' phase of compilation. See the Design Size Report for more details (/home/lenovo/Simulation_Linux/HLS/Home_Alarm_Sys_Vitis/Home_Alarm_Sys_Vitis/hls/syn/report/csynth_design_size.rpt:2)
INFO: [HLS 200-1995] There were 78 instructions in the design after the 'Array/Struct (step 4)' phase of compilation. See the Design Size Report for more details (/home/lenovo/Simulation_Linux/HLS/Home_Alarm_Sys_Vitis/Home_Alarm_Sys_Vitis/hls/syn/report/csynth_design_size.rpt:2)
INFO: [HLS 200-1995] There were 78 instructions in the design after the 'Array/Struct (step 5)' phase of compilation. See the Design Size Report for more details (/home/lenovo/Simulation_Linux/HLS/Home_Alarm_Sys_Vitis/Home_Alarm_Sys_Vitis/hls/syn/report/csynth_design_size.rpt:2)
INFO: [HLS 200-1995] There were 78 instructions in the design after the 'Performance (step 1)' phase of compilation. See the Design Size Report for more details (/home/lenovo/Simulation_Linux/HLS/Home_Alarm_Sys_Vitis/Home_Alarm_Sys_Vitis/hls/syn/report/csynth_design_size.rpt:2)
INFO: [HLS 200-1995] There were 78 instructions in the design after the 'Performance (step 2)' phase of compilation. See the Design Size Report for more details (/home/lenovo/Simulation_Linux/HLS/Home_Alarm_Sys_Vitis/Home_Alarm_Sys_Vitis/hls/syn/report/csynth_design_size.rpt:2)
INFO: [HLS 200-1995] There were 78 instructions in the design after the 'Performance (step 3)' phase of compilation. See the Design Size Report for more details (/home/lenovo/Simulation_Linux/HLS/Home_Alarm_Sys_Vitis/Home_Alarm_Sys_Vitis/hls/syn/report/csynth_design_size.rpt:2)
INFO: [HLS 200-1995] There were 78 instructions in the design after the 'Performance (step 4)' phase of compilation. See the Design Size Report for more details (/home/lenovo/Simulation_Linux/HLS/Home_Alarm_Sys_Vitis/Home_Alarm_Sys_Vitis/hls/syn/report/csynth_design_size.rpt:2)
INFO: [HLS 200-1995] There were 81 instructions in the design after the 'HW Transforms (step 1)' phase of compilation. See the Design Size Report for more details (/home/lenovo/Simulation_Linux/HLS/Home_Alarm_Sys_Vitis/Home_Alarm_Sys_Vitis/hls/syn/report/csynth_design_size.rpt:2)
INFO: [HLS 200-1995] There were 82 instructions in the design after the 'HW Transforms (step 2)' phase of compilation. See the Design Size Report for more details (/home/lenovo/Simulation_Linux/HLS/Home_Alarm_Sys_Vitis/Home_Alarm_Sys_Vitis/hls/syn/report/csynth_design_size.rpt:2)
INFO: [HLS 214-178] Inlining function 'display_window(ap_uint<3>, ap_uint<5>, ap_uint<8>*, ap_uint<4>*)' into 'fault_detect(ap_uint<3>, ap_uint<2>, ap_uint<5>, ap_uint<8>*, ap_uint<4>*)' (home_alarm_sys.cpp:100:0)
INFO: [HLS 214-178] Inlining function 'display_motion(ap_uint<2>, ap_uint<5>, ap_uint<8>*, ap_uint<4>*)' into 'fault_detect(ap_uint<3>, ap_uint<2>, ap_uint<5>, ap_uint<8>*, ap_uint<4>*)' (home_alarm_sys.cpp:100:0)
INFO: [HLS 214-178] Inlining function 'fault_detect(ap_uint<3>, ap_uint<2>, ap_uint<5>, ap_uint<8>*, ap_uint<4>*)' into 'home_alarm_system(ap_uint<16>, ap_uint<5>, ap_uint<16>*, ap_uint<8>*, ap_uint<4>*)' (main_home_alarm_sys.cpp:18:0)
INFO: [HLS 200-111] Finished Compiling Optimization and Transform: CPU user time: 1.95 seconds. CPU system time: 0.53 seconds. Elapsed time: 7.03 seconds; current allocated memory: 238.852 MB.
INFO: [HLS 200-111] Finished Checking Pragmas: CPU user time: 0 seconds. CPU system time: 0 seconds. Elapsed time: 0 seconds; current allocated memory: 238.852 MB.
INFO: [HLS 200-10] Starting code transformations ...
INFO: [HLS 200-111] Finished Standard Transforms: CPU user time: 0 seconds. CPU system time: 0 seconds. Elapsed time: 0.01 seconds; current allocated memory: 239.176 MB.
INFO: [HLS 200-10] Checking synthesizability ...
INFO: [HLS 200-111] Finished Checking Synthesizability: CPU user time: 0.02 seconds. CPU system time: 0 seconds. Elapsed time: 0.02 seconds; current allocated memory: 240.543 MB.
INFO: [HLS 200-111] Finished Loop, function and other optimizations: CPU user time: 0.03 seconds. CPU system time: 0.01 seconds. Elapsed time: 0.04 seconds; current allocated memory: 262.598 MB.
INFO: [HLS 200-111] Finished Architecture Synthesis: CPU user time: 0.03 seconds. CPU system time: 0.01 seconds. Elapsed time: 0.03 seconds; current allocated memory: 254.594 MB.
INFO: [HLS 200-10] Starting hardware synthesis ...
INFO: [HLS 200-10] Synthesizing 'home_alarm_system' ...
INFO: [HLS 200-10] ----------------------------------------------------------------
INFO: [HLS 200-42] -- Implementing module 'home_alarm_system' 
INFO: [HLS 200-10] ----------------------------------------------------------------
INFO: [SCHED 204-11] Starting scheduling ...
INFO: [SCHED 204-11] Finished scheduling.
INFO: [HLS 200-111] Finished Scheduling: CPU user time: 0.02 seconds. CPU system time: 0.01 seconds. Elapsed time: 0.04 seconds; current allocated memory: 255.523 MB.
INFO: [BIND 205-100] Starting micro-architecture generation ...
INFO: [BIND 205-101] Performing variable lifetime analysis.
INFO: [BIND 205-101] Exploring resource sharing.
INFO: [BIND 205-101] Binding ...
INFO: [BIND 205-100] Finished micro-architecture generation.
INFO: [HLS 200-111] Finished Binding: CPU user time: 0.02 seconds. CPU system time: 0 seconds. Elapsed time: 0.02 seconds; current allocated memory: 255.523 MB.
INFO: [HLS 200-10] ----------------------------------------------------------------
INFO: [HLS 200-10] -- Generating RTL for module 'home_alarm_system' 
INFO: [HLS 200-10] ----------------------------------------------------------------
INFO: [RTGEN 206-500] Setting interface mode on port 'home_alarm_system/slide_switches' to 'ap_none'.
INFO: [RTGEN 206-500] Setting interface mode on port 'home_alarm_system/push_buttons' to 'ap_none'.
INFO: [RTGEN 206-500] Setting interface mode on port 'home_alarm_system/leds' to 'ap_none'.
WARNING: [RTGEN 206-101] Port 'leds' with mode 'ap_none' may require an associated data valid signal to correctly communicate with other blocks or a test bench; automatic C/RTL co-simulation may not be able to verify such a port.
INFO: [RTGEN 206-500] Setting interface mode on port 'home_alarm_system/sg_data' to 'ap_none'.
WARNING: [RTGEN 206-101] Port 'sg_data' with mode 'ap_none' may require an associated data valid signal to correctly communicate with other blocks or a test bench; automatic C/RTL co-simulation may not be able to verify such a port.
INFO: [RTGEN 206-500] Setting interface mode on port 'home_alarm_system/sg_enable' to 'ap_none'.
WARNING: [RTGEN 206-101] Port 'sg_enable' with mode 'ap_none' may require an associated data valid signal to correctly communicate with other blocks or a test bench; automatic C/RTL co-simulation may not be able to verify such a port.
INFO: [RTGEN 206-500] Setting interface mode on function 'home_alarm_system' to 'ap_ctrl_none'.
INFO: [RTGEN 206-100] Finished creating RTL model for 'home_alarm_system'.
INFO: [HLS 200-111] Finished Creating RTL model: CPU user time: 0.02 seconds. CPU system time: 0 seconds. Elapsed time: 0.02 seconds; current allocated memory: 255.523 MB.
INFO: [HLS 200-111] Finished Generating all RTL models: CPU user time: 0.12 seconds. CPU system time: 0.02 seconds. Elapsed time: 0.14 seconds; current allocated memory: 257.809 MB.
INFO: [HLS 200-111] Finished Updating report files: CPU user time: 0.22 seconds. CPU system time: 0.08 seconds. Elapsed time: 0.31 seconds; current allocated memory: 259.004 MB.
INFO: [VHDL 208-304] Generating VHDL RTL for home_alarm_system.
INFO: [VLOG 209-307] Generating Verilog RTL for home_alarm_system.
INFO: [HLS 200-789] **** Estimated Fmax: 376.15 MHz
INFO: [IMPL 213-8] Exporting RTL as a Vivado IP.

****** Vivado v2025.1 (64-bit)
  **** SW Build 6140274 on Wed May 21 22:58:25 MDT 2025
  **** IP Build 6138677 on Thu May 22 03:10:11 MDT 2025
  **** SharedData Build 6139179 on Tue May 20 17:58:58 MDT 2025
  **** Start of session at: Sun Jan 11 11:26:21 2026
    ** Copyright 1986-2022 Xilinx, Inc. All Rights Reserved.
    ** Copyright 2022-2025 Advanced Micro Devices, Inc. All Rights Reserved.

source run_ippack.tcl -notrace
INFO: calling package_hls_ip ip_types=vitis sysgen json_file=/home/lenovo/Simulation_Linux/HLS/Home_Alarm_Sys_Vitis/Home_Alarm_Sys_Vitis/hls/hls_data.json outdir=/home/lenovo/Simulation_Linux/HLS/Home_Alarm_Sys_Vitis/Home_Alarm_Sys_Vitis/hls/impl/ip srcdir=/home/lenovo/Simulation_Linux/HLS/Home_Alarm_Sys_Vitis/Home_Alarm_Sys_Vitis/hls ippack_options_dict= ippack_options_dict=
INFO: Copied 1 ipmisc file(s) to /home/lenovo/Simulation_Linux/HLS/Home_Alarm_Sys_Vitis/Home_Alarm_Sys_Vitis/hls/impl/ip/misc
INFO: Copied 1 verilog file(s) to /home/lenovo/Simulation_Linux/HLS/Home_Alarm_Sys_Vitis/Home_Alarm_Sys_Vitis/hls/impl/ip/hdl/verilog
INFO: Copied 1 vhdl file(s) to /home/lenovo/Simulation_Linux/HLS/Home_Alarm_Sys_Vitis/Home_Alarm_Sys_Vitis/hls/impl/ip/hdl/vhdl
INFO: Import ports from HDL: /home/lenovo/Simulation_Linux/HLS/Home_Alarm_Sys_Vitis/Home_Alarm_Sys_Vitis/hls/impl/ip/hdl/vhdl/home_alarm_system.vhd (home_alarm_system)
INFO: Add clock interface ap_clk
INFO: Add reset interface ap_rst
INFO: Add data interface slide_switches
INFO: Add data interface push_buttons
INFO: Add data interface leds
INFO: [IP_Flow 19-234] Refreshing IP repositories
INFO: [IP_Flow 19-1704] No user IP repositories specified
INFO: [IP_Flow 19-2313] Loaded Vivado IP repository '/opt/Xilinx/2025.1/Vivado/data/ip'.
INFO: Add data interface sg_data
INFO: Add data interface sg_enable
INFO: Calling post_process_vitis to specialize IP
INFO: Calling post_process_sysgen to specialize IP
Generating sysgen info xml from json file
INFO: Created IP /home/lenovo/Simulation_Linux/HLS/Home_Alarm_Sys_Vitis/Home_Alarm_Sys_Vitis/hls/impl/ip/component.xml
INFO: Created IP archive /home/lenovo/Simulation_Linux/HLS/Home_Alarm_Sys_Vitis/Home_Alarm_Sys_Vitis/hls/impl/ip/xilinx_com_hls_home_alarm_system_1_0.zip
INFO: [Common 17-206] Exiting Vivado at Sun Jan 11 11:26:24 2026...
INFO: [HLS 200-802] Generated output file Home_Alarm_Sys_Vitis/home_alarm_system.zip
INFO: [HLS 200-112] Total CPU user time: 20.42 seconds. Total CPU system time: 3.02 seconds. Total elapsed time: 27.27 seconds; peak allocated memory: 262.984 MB.
INFO: [v++ 60-791] Total elapsed time: 0h 0m 31s
