Sun Jan 11 11:26:00 2026: Running xcd server. This server was built by gradle.
Sun Jan 11 11:26:00 2026: Server was asked to start on port: '46155'
Sun Jan 11 11:26:00 2026: Server is using token UUID: 'cbb2247d-a6e6-4d1b-b1bc-b4bab605f6df'
Sun Jan 11 11:26:00 2026: SESSION_MGR: creating session with session uuid: '6d04a3e9-ade5-4ab9-8d63-1f78fcd2ec76' and name 'default'
Sun Jan 11 11:26:00 2026: Attempting to start server on port '46155'
Sun Jan 11 11:26:00 2026: XCD main fifo: created main fifo '/tmp/xcdmaincbb2247d-a6e6-4d1b-b1bc-b4bab605f6df', fd read = 12
Sun Jan 11 11:26:00 2026: Running Dispatch Server
Sun Jan 11 11:26:00 2026: Version 2.2.0
Sun Jan 11 11:26:02 2026: Dispatch Server: Accepted socket connection from client
Sun Jan 11 11:26:02 2026: Starting Socket connection
Sun Jan 11 11:26:02 2026: EXCHANGE_TOKEN received, server token: cbb2247d-a6e6-4d1b-b1bc-b4bab605f6df, passed token: cbb2247d-a6e6-4d1b-b1bc-b4bab605f6df
Sun Jan 11 11:26:02 2026: DISPATCH_HANDLER: Adding handler from function makeHandler in library libxv_system_diagram
Sun Jan 11 11:26:02 2026: SESSION_MGR: creating session with session uuid: '3df2c3c2-3964-419b-8cde-b5ea4e24a841' and name 'v++_compile_Home_Alarm_Sys_Vitis'
Sun Jan 11 11:26:02 2026: KERNEL_SVC: creating session with uuid: '3df2c3c2-3964-419b-8cde-b5ea4e24a841' and name 'v++_compile_Home_Alarm_Sys_Vitis'
Sun Jan 11 11:26:02 2026: GUIDANCE_SMGR: creating guidance session with uuid: '3df2c3c2-3964-419b-8cde-b5ea4e24a841' and name 'v++_compile_Home_Alarm_Sys_Vitis'
Sun Jan 11 11:26:02 2026: SYSTEM_DIAGRAM: creating session with uuid: '3df2c3c2-3964-419b-8cde-b5ea4e24a841' and name 'v++_compile_Home_Alarm_Sys_Vitis'
Sun Jan 11 11:26:05 2026: Dispatch Server: Accepted socket connection from client
Sun Jan 11 11:26:05 2026: Starting Socket connection
Sun Jan 11 11:26:31 2026: SESSION_MGR: closing session for UUID '3df2c3c2-3964-419b-8cde-b5ea4e24a841' with name 'v++_compile_Home_Alarm_Sys_Vitis'
Sun Jan 11 11:26:31 2026: KERNEL_SVC: closing session for UUID '3df2c3c2-3964-419b-8cde-b5ea4e24a841' with name 'v++_compile_Home_Alarm_Sys_Vitis'
Sun Jan 11 11:26:31 2026: GUIDANCE_SMGR: closing session for UUID '3df2c3c2-3964-419b-8cde-b5ea4e24a841' with name 'v++_compile_Home_Alarm_Sys_Vitis'
Sun Jan 11 11:26:31 2026: SYSTEM_DIAGRAM: closing session for UUID '3df2c3c2-3964-419b-8cde-b5ea4e24a841' with name 'v++_compile_Home_Alarm_Sys_Vitis'
Sun Jan 11 11:26:31 2026: STOP_SERVER received, server token: cbb2247d-a6e6-4d1b-b1bc-b4bab605f6df, passed token: cbb2247d-a6e6-4d1b-b1bc-b4bab605f6df
Sun Jan 11 11:26:31 2026: Socket received request to stop server.
Sun Jan 11 11:26:31 2026: Dispatch Server: do_await_stop
Sun Jan 11 11:26:31 2026: Dispatch Server: stopping mainFifo_
Sun Jan 11 11:26:31 2026: XCD main fifo: Stopping
Sun Jan 11 11:26:31 2026: XCD main fifo: do_read error code: Operation canceled
Sun Jan 11 11:26:31 2026: XCD main fifo: bytes_transferred: 0
Sun Jan 11 11:26:31 2026: SERVER: destructor for server bound to port 46155
Sun Jan 11 11:26:31 2026: XCD main fifo: Good unlink of /tmp/xcdmaincbb2247d-a6e6-4d1b-b1bc-b4bab605f6df
Sun Jan 11 11:26:31 2026: Server exiting with status 0.
Sun Jan 11 11:26:31 2026: Closing log file.
