  **** HLS Build v2025.1 6135595
INFO: [HLS 200-2005] Using work_dir /home/lenovo/Simulation_Linux/HLS/Serial_to_Parallel_Vitis/Serial_to_Parallel_Vitis 
INFO: [HLS 200-2176] Writing Vitis IDE component file /home/lenovo/Simulation_Linux/HLS/Serial_to_Parallel_Vitis/Serial_to_Parallel_Vitis/vitis-comp.json
INFO: [HLS 200-10] Creating and opening component '/home/lenovo/Simulation_Linux/HLS/Serial_to_Parallel_Vitis/Serial_to_Parallel_Vitis'.
INFO: [HLS 200-1505] Using default flow_target 'vivado'
Resolution: For help on HLS 200-1505 see docs.xilinx.com/access/sources/dita/topic?Doc_Version=2025.1%20English&url=ug1448-hls-guidance&resourceid=200-1505.html
INFO: [HLS 200-2174] Applying component config ini file /home/lenovo/Simulation_Linux/HLS/Serial_to_Parallel_Vitis/hls_config.cfg
INFO: [HLS 200-1465] Applying config ini 'syn.file=./main_serial2parallel.cpp' from /home/lenovo/Simulation_Linux/HLS/Serial_to_Parallel_Vitis/hls_config.cfg(7)
INFO: [HLS 200-10] Adding design file '/home/lenovo/Simulation_Linux/HLS/Serial_to_Parallel_Vitis/main_serial2parallel.cpp' to the project
INFO: [HLS 200-1465] Applying config ini 'syn.file=./serial2parallel.hpp' from /home/lenovo/Simulation_Linux/HLS/Serial_to_Parallel_Vitis/hls_config.cfg(8)
INFO: [HLS 200-10] Adding design file '/home/lenovo/Simulation_Linux/HLS/Serial_to_Parallel_Vitis/serial2parallel.hpp' to the project
INFO: [HLS 200-1465] Applying config ini 'tb.file=./serial2parallel-tb.cpp' from /home/lenovo/Simulation_Linux/HLS/Serial_to_Parallel_Vitis/hls_config.cfg(10)
INFO: [HLS 200-10] Adding test bench file '/home/lenovo/Simulation_Linux/HLS/Serial_to_Parallel_Vitis/serial2parallel-tb.cpp' to the project
INFO: [HLS 200-1465] Applying config ini 'tb.file=./serial2parallel-tb.hpp' from /home/lenovo/Simulation_Linux/HLS/Serial_to_Parallel_Vitis/hls_config.cfg(11)
INFO: [HLS 200-10] Adding test bench file '/home/lenovo/Simulation_Linux/HLS/Serial_to_Parallel_Vitis/serial2parallel-tb.hpp' to the project
INFO: [HLS 200-1465] Applying config ini 'syn.top=serial2parallel' from /home/lenovo/Simulation_Linux/HLS/Serial_to_Parallel_Vitis/hls_config.cfg(9)
INFO: [HLS 200-1465] Applying config ini 'flow_target=vivado' from /home/lenovo/Simulation_Linux/HLS/Serial_to_Parallel_Vitis/hls_config.cfg(4)
INFO: [HLS 200-1505] Using flow_target 'vivado'
Resolution: For help on HLS 200-1505 see docs.xilinx.com/access/sources/dita/topic?Doc_Version=2025.1%20English&url=ug1448-hls-guidance&resourceid=200-1505.html
INFO: [HLS 200-1465] Applying config ini 'part=xc7a35tcpg236-1' from /home/lenovo/Simulation_Linux/HLS/Serial_to_Parallel_Vitis/hls_config.cfg(1)
INFO: [HLS 200-1611] Setting target device to 'xc7a35t-cpg236-1'
INFO: [HLS 200-1465] Applying config ini 'package.output.format=ip_catalog' from /home/lenovo/Simulation_Linux/HLS/Serial_to_Parallel_Vitis/hls_config.cfg(5)
INFO: [HLS 200-2176] Writing Vitis IDE component file /home/lenovo/Simulation_Linux/HLS/Serial_to_Parallel_Vitis/Serial_to_Parallel_Vitis/vitis-comp.json
INFO: [SIM 211-2] *************** CSIM start ***************
INFO: [SIM 211-4] CSIM will launch CLANG as the compiler.
INFO: [HLS 200-2036] Building debug C Simulation binaries
   Compiling ../../../../serial2parallel-tb.cpp in debug mode
../../../../serial2parallel-tb.cpp:30:18: error: variable 'd' is uninitialized when used here [-Werror,-Wuninitialized]
        serial2parallel(d,start_serial_data,
                        ^
../../../../serial2parallel-tb.cpp:14:8: note: initialize the variable 'd' to silence this warning
        bool d; // serial input
              ^
               = false
1 error generated.
make: *** [csim.mk:88: obj/serial2parallel-tb.o] Error 1
ERROR: [SIM 211-100] 'csim_design' failed: compilation error(s).
INFO: [SIM 211-3] *************** CSIM finish ***************
ERROR: 4
INFO: [HLS 200-112] Total CPU user time: 2.67 seconds. Total CPU system time: 0.59 seconds. Total elapsed time: 3.47 seconds; peak allocated memory: 234.957 MB.
