  **** HLS Build v2025.1 6135595
INFO: [HLS 200-2005] Using work_dir /home/lenovo/Simulation_Linux/HLS/Serial_to_Parallel_Vitis/Serial_to_Parallel_Vitis 
INFO: [HLS 200-2176] Writing Vitis IDE component file /home/lenovo/Simulation_Linux/HLS/Serial_to_Parallel_Vitis/Serial_to_Parallel_Vitis/vitis-comp.json
INFO: [HLS 200-10] Creating and opening component '/home/lenovo/Simulation_Linux/HLS/Serial_to_Parallel_Vitis/Serial_to_Parallel_Vitis'.
INFO: [HLS 200-1505] Using default flow_target 'vivado'
Resolution: For help on HLS 200-1505 see docs.xilinx.com/access/sources/dita/topic?Doc_Version=2025.1%20English&url=ug1448-hls-guidance&resourceid=200-1505.html
INFO: [HLS 200-2174] Applying component config ini file /home/lenovo/Simulation_Linux/HLS/Serial_to_Parallel_Vitis/hls_config.cfg
INFO: [HLS 200-1465] Applying config ini 'syn.file=./main_serial2parallel.cpp' from /home/lenovo/Simulation_Linux/HLS/Serial_to_Parallel_Vitis/hls_config.cfg(7)
INFO: [HLS 200-10] Adding design file '/home/lenovo/Simulation_Linux/HLS/Serial_to_Parallel_Vitis/main_serial2parallel.cpp' to the project
INFO: [HLS 200-1465] Applying config ini 'syn.file=./serial2parallel.hpp' from /home/lenovo/Simulation_Linux/HLS/Serial_to_Parallel_Vitis/hls_config.cfg(8)
INFO: [HLS 200-10] Adding design file '/home/lenovo/Simulation_Linux/HLS/Serial_to_Parallel_Vitis/serial2parallel.hpp' to the project
INFO: [HLS 200-1465] Applying config ini 'tb.file=./serial2parallel-tb.cpp' from /home/lenovo/Simulation_Linux/HLS/Serial_to_Parallel_Vitis/hls_config.cfg(10)
INFO: [HLS 200-10] Adding test bench file '/home/lenovo/Simulation_Linux/HLS/Serial_to_Parallel_Vitis/serial2parallel-tb.cpp' to the project
INFO: [HLS 200-1465] Applying config ini 'tb.file=./serial2parallel-tb.hpp' from /home/lenovo/Simulation_Linux/HLS/Serial_to_Parallel_Vitis/hls_config.cfg(11)
INFO: [HLS 200-10] Adding test bench file '/home/lenovo/Simulation_Linux/HLS/Serial_to_Parallel_Vitis/serial2parallel-tb.hpp' to the project
INFO: [HLS 200-1465] Applying config ini 'syn.top=serial2parallel' from /home/lenovo/Simulation_Linux/HLS/Serial_to_Parallel_Vitis/hls_config.cfg(9)
INFO: [HLS 200-1465] Applying config ini 'flow_target=vivado' from /home/lenovo/Simulation_Linux/HLS/Serial_to_Parallel_Vitis/hls_config.cfg(4)
INFO: [HLS 200-1505] Using flow_target 'vivado'
Resolution: For help on HLS 200-1505 see docs.xilinx.com/access/sources/dita/topic?Doc_Version=2025.1%20English&url=ug1448-hls-guidance&resourceid=200-1505.html
INFO: [HLS 200-1465] Applying config ini 'part=xc7a35tcpg236-1' from /home/lenovo/Simulation_Linux/HLS/Serial_to_Parallel_Vitis/hls_config.cfg(1)
INFO: [HLS 200-1611] Setting target device to 'xc7a35t-cpg236-1'
INFO: [HLS 200-1465] Applying config ini 'package.output.format=ip_catalog' from /home/lenovo/Simulation_Linux/HLS/Serial_to_Parallel_Vitis/hls_config.cfg(5)
INFO: [HLS 200-2176] Writing Vitis IDE component file /home/lenovo/Simulation_Linux/HLS/Serial_to_Parallel_Vitis/Serial_to_Parallel_Vitis/vitis-comp.json
INFO: [HLS 200-111] Finished File checks and directory preparation: CPU user time: 1.66 seconds. CPU system time: 0.38 seconds. Elapsed time: 2.06 seconds; current allocated memory: 234.984 MB.
INFO: [HLS 200-10] Analyzing design file 'main_serial2parallel.cpp' ... 
INFO: [HLS 200-111] Finished Source Code Analysis and Preprocessing: CPU user time: 2.2 seconds. CPU system time: 0.53 seconds. Elapsed time: 2.89 seconds; current allocated memory: 236.934 MB.
INFO: [HLS 200-777] Using interface defaults for 'Vivado' flow target.
INFO: [HLS 200-1995] There were 563 instructions in the design after the 'Compile/Link' phase of compilation. See the Design Size Report for more details (/home/lenovo/Simulation_Linux/HLS/Serial_to_Parallel_Vitis/Serial_to_Parallel_Vitis/hls/syn/report/csynth_design_size.rpt:2)
INFO: [HLS 200-1995] There were 43 instructions in the design after the 'Unroll/Inline (step 1)' phase of compilation. See the Design Size Report for more details (/home/lenovo/Simulation_Linux/HLS/Serial_to_Parallel_Vitis/Serial_to_Parallel_Vitis/hls/syn/report/csynth_design_size.rpt:2)
INFO: [HLS 200-1995] There were 33 instructions in the design after the 'Unroll/Inline (step 2)' phase of compilation. See the Design Size Report for more details (/home/lenovo/Simulation_Linux/HLS/Serial_to_Parallel_Vitis/Serial_to_Parallel_Vitis/hls/syn/report/csynth_design_size.rpt:2)
INFO: [HLS 200-1995] There were 33 instructions in the design after the 'Unroll/Inline (step 3)' phase of compilation. See the Design Size Report for more details (/home/lenovo/Simulation_Linux/HLS/Serial_to_Parallel_Vitis/Serial_to_Parallel_Vitis/hls/syn/report/csynth_design_size.rpt:2)
INFO: [HLS 200-1995] There were 33 instructions in the design after the 'Unroll/Inline (step 4)' phase of compilation. See the Design Size Report for more details (/home/lenovo/Simulation_Linux/HLS/Serial_to_Parallel_Vitis/Serial_to_Parallel_Vitis/hls/syn/report/csynth_design_size.rpt:2)
INFO: [HLS 200-1995] There were 33 instructions in the design after the 'Array/Struct (step 1)' phase of compilation. See the Design Size Report for more details (/home/lenovo/Simulation_Linux/HLS/Serial_to_Parallel_Vitis/Serial_to_Parallel_Vitis/hls/syn/report/csynth_design_size.rpt:2)
INFO: [HLS 200-1995] There were 33 instructions in the design after the 'Array/Struct (step 2)' phase of compilation. See the Design Size Report for more details (/home/lenovo/Simulation_Linux/HLS/Serial_to_Parallel_Vitis/Serial_to_Parallel_Vitis/hls/syn/report/csynth_design_size.rpt:2)
INFO: [HLS 200-1995] There were 33 instructions in the design after the 'Array/Struct (step 3)' phase of compilation. See the Design Size Report for more details (/home/lenovo/Simulation_Linux/HLS/Serial_to_Parallel_Vitis/Serial_to_Parallel_Vitis/hls/syn/report/csynth_design_size.rpt:2)
INFO: [HLS 200-1995] There were 33 instructions in the design after the 'Array/Struct (step 4)' phase of compilation. See the Design Size Report for more details (/home/lenovo/Simulation_Linux/HLS/Serial_to_Parallel_Vitis/Serial_to_Parallel_Vitis/hls/syn/report/csynth_design_size.rpt:2)
INFO: [HLS 200-1995] There were 33 instructions in the design after the 'Array/Struct (step 5)' phase of compilation. See the Design Size Report for more details (/home/lenovo/Simulation_Linux/HLS/Serial_to_Parallel_Vitis/Serial_to_Parallel_Vitis/hls/syn/report/csynth_design_size.rpt:2)
INFO: [HLS 200-1995] There were 33 instructions in the design after the 'Performance (step 1)' phase of compilation. See the Design Size Report for more details (/home/lenovo/Simulation_Linux/HLS/Serial_to_Parallel_Vitis/Serial_to_Parallel_Vitis/hls/syn/report/csynth_design_size.rpt:2)
INFO: [HLS 200-1995] There were 33 instructions in the design after the 'Performance (step 2)' phase of compilation. See the Design Size Report for more details (/home/lenovo/Simulation_Linux/HLS/Serial_to_Parallel_Vitis/Serial_to_Parallel_Vitis/hls/syn/report/csynth_design_size.rpt:2)
INFO: [HLS 200-1995] There were 33 instructions in the design after the 'Performance (step 3)' phase of compilation. See the Design Size Report for more details (/home/lenovo/Simulation_Linux/HLS/Serial_to_Parallel_Vitis/Serial_to_Parallel_Vitis/hls/syn/report/csynth_design_size.rpt:2)
INFO: [HLS 200-1995] There were 33 instructions in the design after the 'Performance (step 4)' phase of compilation. See the Design Size Report for more details (/home/lenovo/Simulation_Linux/HLS/Serial_to_Parallel_Vitis/Serial_to_Parallel_Vitis/hls/syn/report/csynth_design_size.rpt:2)
INFO: [HLS 200-1995] There were 37 instructions in the design after the 'HW Transforms (step 1)' phase of compilation. See the Design Size Report for more details (/home/lenovo/Simulation_Linux/HLS/Serial_to_Parallel_Vitis/Serial_to_Parallel_Vitis/hls/syn/report/csynth_design_size.rpt:2)
INFO: [HLS 200-1995] There were 38 instructions in the design after the 'HW Transforms (step 2)' phase of compilation. See the Design Size Report for more details (/home/lenovo/Simulation_Linux/HLS/Serial_to_Parallel_Vitis/Serial_to_Parallel_Vitis/hls/syn/report/csynth_design_size.rpt:2)
INFO: [HLS 200-111] Finished Compiling Optimization and Transform: CPU user time: 1.77 seconds. CPU system time: 0.47 seconds. Elapsed time: 7.03 seconds; current allocated memory: 238.594 MB.
INFO: [HLS 200-111] Finished Checking Pragmas: CPU user time: 0 seconds. CPU system time: 0 seconds. Elapsed time: 0 seconds; current allocated memory: 238.594 MB.
INFO: [HLS 200-10] Starting code transformations ...
INFO: [HLS 200-111] Finished Standard Transforms: CPU user time: 0.01 seconds. CPU system time: 0 seconds. Elapsed time: 0.02 seconds; current allocated memory: 238.637 MB.
INFO: [HLS 200-10] Checking synthesizability ...
INFO: [HLS 200-111] Finished Checking Synthesizability: CPU user time: 0 seconds. CPU system time: 0 seconds. Elapsed time: 0.01 seconds; current allocated memory: 238.637 MB.
INFO: [HLS 200-111] Finished Loop, function and other optimizations: CPU user time: 0.02 seconds. CPU system time: 0.02 seconds. Elapsed time: 0.03 seconds; current allocated memory: 258.879 MB.
INFO: [HLS 200-111] Finished Architecture Synthesis: CPU user time: 0.01 seconds. CPU system time: 0 seconds. Elapsed time: 0.02 seconds; current allocated memory: 250.875 MB.
INFO: [HLS 200-10] Starting hardware synthesis ...
INFO: [HLS 200-10] Synthesizing 'serial2parallel' ...
INFO: [SYN 201-201] Setting up clock 'default' with a period of 10ns.
INFO: [HLS 200-10] ----------------------------------------------------------------
INFO: [HLS 200-42] -- Implementing module 'serial2parallel' 
INFO: [HLS 200-10] ----------------------------------------------------------------
INFO: [SCHED 204-11] Starting scheduling ...
INFO: [SCHED 204-11] Finished scheduling.
INFO: [HLS 200-111] Finished Scheduling: CPU user time: 0.02 seconds. CPU system time: 0.02 seconds. Elapsed time: 0.03 seconds; current allocated memory: 250.875 MB.
INFO: [BIND 205-100] Starting micro-architecture generation ...
INFO: [BIND 205-101] Performing variable lifetime analysis.
INFO: [BIND 205-101] Exploring resource sharing.
INFO: [BIND 205-101] Binding ...
INFO: [BIND 205-100] Finished micro-architecture generation.
INFO: [HLS 200-111] Finished Binding: CPU user time: 0.01 seconds. CPU system time: 0 seconds. Elapsed time: 0.02 seconds; current allocated memory: 250.875 MB.
INFO: [HLS 200-10] ----------------------------------------------------------------
INFO: [HLS 200-10] -- Generating RTL for module 'serial2parallel' 
INFO: [HLS 200-10] ----------------------------------------------------------------
INFO: [RTGEN 206-500] Setting interface mode on port 'serial2parallel/d' to 'ap_none'.
INFO: [RTGEN 206-500] Setting interface mode on port 'serial2parallel/serial_start' to 'ap_none'.
INFO: [RTGEN 206-500] Setting interface mode on port 'serial2parallel/a' to 'ap_none'.
WARNING: [RTGEN 206-101] Port 'a' with mode 'ap_none' may require an associated data valid signal to correctly communicate with other blocks or a test bench; automatic C/RTL co-simulation may not be able to verify such a port.
INFO: [RTGEN 206-500] Setting interface mode on port 'serial2parallel/end_conversion' to 'ap_none'.
WARNING: [RTGEN 206-101] Port 'end_conversion' with mode 'ap_none' may require an associated data valid signal to correctly communicate with other blocks or a test bench; automatic C/RTL co-simulation may not be able to verify such a port.
INFO: [RTGEN 206-500] Setting interface mode on function 'serial2parallel' to 'ap_ctrl_none'.
WARNING: [RTGEN 206-101] Register 'state_reg' is power-on initialization.
WARNING: [RTGEN 206-101] Register 'counter' is power-on initialization.
WARNING: [RTGEN 206-101] Register 'a_reg_out' is power-on initialization.
INFO: [RTGEN 206-100] Finished creating RTL model for 'serial2parallel'.
INFO: [HLS 200-111] Finished Creating RTL model: CPU user time: 0.02 seconds. CPU system time: 0 seconds. Elapsed time: 0.02 seconds; current allocated memory: 250.875 MB.
INFO: [HLS 200-111] Finished Generating all RTL models: CPU user time: 0.13 seconds. CPU system time: 0.01 seconds. Elapsed time: 0.14 seconds; current allocated memory: 252.199 MB.
INFO: [HLS 200-111] Finished Updating report files: CPU user time: 0.26 seconds. CPU system time: 0.06 seconds. Elapsed time: 0.32 seconds; current allocated memory: 253.246 MB.
INFO: [VHDL 208-304] Generating VHDL RTL for serial2parallel.
INFO: [VLOG 209-307] Generating Verilog RTL for serial2parallel.
INFO: [HLS 200-789] **** Estimated Fmax: 194.54 MHz
INFO: [HLS 200-112] Total CPU user time: 6.11 seconds. Total CPU system time: 1.49 seconds. Total elapsed time: 12.6 seconds; peak allocated memory: 258.879 MB.
INFO: [v++ 60-791] Total elapsed time: 0h 0m 16s
