

================================================================
== Vitis HLS Report for 'home_alarm_system'
================================================================
* Date:           Sun Jan 11 11:26:19 2026

* Version:        2025.1 (Build 6135595 on May 21 2025)
* Project:        Home_Alarm_Sys_Vitis
* Solution:       hls (Vivado IP Flow Target)
* Product family: artix7
* Target device:  xc7a35t-cpg236-1


================================================================
== Performance Estimates
================================================================
+ Timing: 
    * Summary: 
    +--------+----------+----------+------------+
    |  Clock |  Target  | Estimated| Uncertainty|
    +--------+----------+----------+------------+
    |ap_clk  |  10.00 ns|  2.659 ns|     2.70 ns|
    +--------+----------+----------+------------+

+ Latency: 
    * Summary: 
    +---------+---------+-----------+-----------+-----+-----+---------+
    |  Latency (cycles) |   Latency (absolute)  |  Interval | Pipeline|
    |   min   |   max   |    min    |    max    | min | max |   Type  |
    +---------+---------+-----------+-----------+-----+-----+---------+
    |        1|        4|  10.000 ns|  40.000 ns|    2|    5|       no|
    +---------+---------+-----------+-----------+-----+-----+---------+

    + Detail: 
        * Instance: 
        N/A

        * Loop: 
        N/A



================================================================
== Utilization Estimates
================================================================
* Summary: 
+-----------------+---------+----+-------+-------+-----+
|       Name      | BRAM_18K| DSP|   FF  |  LUT  | URAM|
+-----------------+---------+----+-------+-------+-----+
|DSP              |        -|   -|      -|      -|    -|
|Expression       |        -|   -|      0|     49|    -|
|FIFO             |        -|   -|      -|      -|    -|
|Instance         |        -|   -|      -|      -|    -|
|Memory           |        -|   -|      -|      -|    -|
|Multiplexer      |        -|   -|      0|     71|    -|
|Register         |        -|   -|     41|      -|    -|
+-----------------+---------+----+-------+-------+-----+
|Total            |        0|   0|     41|    120|    0|
+-----------------+---------+----+-------+-------+-----+
|Available        |      100|  90|  41600|  20800|    0|
+-----------------+---------+----+-------+-------+-----+
|Utilization (%)  |        0|   0|     ~0|     ~0|    0|
+-----------------+---------+----+-------+-------+-----+

+ Detail: 
    * Instance: 
    N/A

    * DSP: 
    N/A

    * Memory: 
    N/A

    * FIFO: 
    N/A

    * Expression: 
    +-----------------------+----------+----+---+----+------------+------------+
    |     Variable Name     | Operation| DSP| FF| LUT| Bitwidth P0| Bitwidth P1|
    +-----------------------+----------+----+---+----+------------+------------+
    |icmp_ln108_fu_173_p2   |      icmp|   0|  0|  13|           5|           1|
    |icmp_ln53_fu_149_p2    |      icmp|   0|  0|  13|           4|           4|
    |icmp_ln57_1_fu_161_p2  |      icmp|   0|  0|  10|           2|           1|
    |icmp_ln57_fu_155_p2    |      icmp|   0|  0|  11|           3|           1|
    |or_ln57_fu_167_p2      |        or|   0|  0|   2|           1|           1|
    +-----------------------+----------+----+---+----+------------+------------+
    |Total                  |          |   0|  0|  49|          15|           8|
    +-----------------------+----------+----+---+----+------------+------------+

    * Multiplexer: 
    +-----------+----+-----------+-----+-----------+
    |    Name   | LUT| Input Size| Bits| Total Bits|
    +-----------+----+-----------+-----+-----------+
    |ap_NS_fsm  |  25|          6|    1|          6|
    |sg_data    |  29|          7|    8|         56|
    |sg_enable  |  17|          4|    4|         16|
    +-----------+----+-----------+-----+-----------+
    |Total      |  71|         17|   13|         78|
    +-----------+----+-----------+-----+-----------+

    * Register: 
    +-----------------------------+----+----+-----+-----------+
    |             Name            | FF | LUT| Bits| Const Bits|
    +-----------------------------+----+----+-----+-----------+
    |ap_CS_fsm                    |   5|   0|    5|          0|
    |icmp_ln108_reg_275           |   1|   0|    1|          0|
    |icmp_ln53_reg_259            |   1|   0|    1|          0|
    |icmp_ln57_1_reg_267          |   1|   0|    1|          0|
    |icmp_ln57_reg_263            |   1|   0|    1|          0|
    |or_ln57_reg_271              |   1|   0|    1|          0|
    |push_buttons_read_reg_241    |   5|   0|    5|          0|
    |slide_switches_read_reg_250  |  16|   0|   16|          0|
    |tmp_1_reg_291                |   1|   0|    1|          0|
    |tmp_2_reg_295                |   1|   0|    1|          0|
    |tmp_3_reg_299                |   1|   0|    1|          0|
    |tmp_4_reg_303                |   1|   0|    1|          0|
    |tmp_5_reg_307                |   1|   0|    1|          0|
    |tmp_6_reg_311                |   1|   0|    1|          0|
    |tmp_7_reg_315                |   1|   0|    1|          0|
    |tmp_reg_287                  |   1|   0|    1|          0|
    |trunc_ln47_1_reg_283         |   1|   0|    1|          0|
    |trunc_ln47_reg_279           |   1|   0|    1|          0|
    +-----------------------------+----+----+-----+-----------+
    |Total                        |  41|   0|   41|          0|
    +-----------------------------+----+----+-----+-----------+



================================================================
== Interface
================================================================
* Summary: 
+----------------+-----+-----+--------------+-------------------+--------------+
|    RTL Ports   | Dir | Bits|   Protocol   |   Source Object   |    C Type    |
+----------------+-----+-----+--------------+-------------------+--------------+
|ap_clk          |   in|    1|  ap_ctrl_none|  home_alarm_system|  return value|
|ap_rst          |   in|    1|  ap_ctrl_none|  home_alarm_system|  return value|
|slide_switches  |   in|   16|       ap_none|     slide_switches|        scalar|
|push_buttons    |   in|    5|       ap_none|       push_buttons|        scalar|
|leds            |  out|   16|       ap_none|               leds|       pointer|
|sg_data         |  out|    8|       ap_none|            sg_data|       pointer|
|sg_enable       |  out|    4|       ap_none|          sg_enable|       pointer|
+----------------+-----+-----+--------------+-------------------+--------------+

============================================================
+ Verbose Summary: Synthesis Manager
============================================================
InlineROM: 1
ExposeGlobal: 0
============================================================
+ Verbose Summary: CDFG Model
============================================================
IsTopModel: 1
ResetActiveHigh: 1
IsCombinational: 2
IsDatapathOnly: 2
HasWiredReturn: 1
HasMFsm: 0
HasVarLatency: 1
IsPipeline: 0
IsRtlPipelined: 0
IsInstanceOverlapped: 0
IsDontTouch: 0
HasImplIP: 0
IsGatedGlobalClock: 0


============================================================
+ Verbose Summary: Schedule
============================================================
* Number of FSM states : 5
* Pipeline : 0
* Dataflow Pipeline: 0

* FSM state transitions: 
1 --> 5 2 3 
2 --> 3 
3 --> 4 5 
4 --> 5 
5 --> 

* FSM state operations: 

State 1 <SV = 0> <Delay = 2.65>
ST_1 : Operation 6 [1/1] (0.00ns)   --->   "%spectopmodule_ln11 = spectopmodule void @_ssdm_op_SpecTopModule, void @empty_1" [main_home_alarm_sys.cpp:11]   --->   Operation 6 'spectopmodule' 'spectopmodule_ln11' <Predicate = true> <Delay = 0.00>
ST_1 : Operation 7 [1/1] (0.00ns)   --->   "%specinterface_ln11 = specinterface void @_ssdm_op_SpecInterface, i32 0, void @empty_2, i32 0, i32 0, void @empty_0, i32 0, i32 0, void @empty_0, void @empty_0, void @empty_0, i32 0, i32 0, i32 0, i32 0, void @empty_0, void @empty_0, i32 4294967295, i32 0, i32 0" [main_home_alarm_sys.cpp:11]   --->   Operation 7 'specinterface' 'specinterface_ln11' <Predicate = true> <Delay = 0.00>
ST_1 : Operation 8 [1/1] (0.00ns)   --->   "%specbitsmap_ln0 = specbitsmap void @_ssdm_op_SpecBitsMap, i16 %slide_switches"   --->   Operation 8 'specbitsmap' 'specbitsmap_ln0' <Predicate = true> <Delay = 0.00>
ST_1 : Operation 9 [1/1] (0.00ns)   --->   "%specinterface_ln0 = specinterface void @_ssdm_op_SpecInterface, i16 %slide_switches, void @empty, i32 4294967295, i32 4294967295, void @empty_0, i32 0, i32 0, void @empty_0, void @empty_0, void @empty_0, i32 0, i32 0, i32 0, i32 0, void @empty_0, void @empty_0, i32 4294967295, i32 0, i32 0"   --->   Operation 9 'specinterface' 'specinterface_ln0' <Predicate = true> <Delay = 0.00>
ST_1 : Operation 10 [1/1] (0.00ns)   --->   "%specbitsmap_ln0 = specbitsmap void @_ssdm_op_SpecBitsMap, i5 %push_buttons"   --->   Operation 10 'specbitsmap' 'specbitsmap_ln0' <Predicate = true> <Delay = 0.00>
ST_1 : Operation 11 [1/1] (0.00ns)   --->   "%specinterface_ln0 = specinterface void @_ssdm_op_SpecInterface, i5 %push_buttons, void @empty, i32 4294967295, i32 4294967295, void @empty_0, i32 0, i32 0, void @empty_0, void @empty_0, void @empty_0, i32 0, i32 0, i32 0, i32 0, void @empty_0, void @empty_0, i32 4294967295, i32 0, i32 0"   --->   Operation 11 'specinterface' 'specinterface_ln0' <Predicate = true> <Delay = 0.00>
ST_1 : Operation 12 [1/1] (0.00ns)   --->   "%specbitsmap_ln0 = specbitsmap void @_ssdm_op_SpecBitsMap, i16 %leds"   --->   Operation 12 'specbitsmap' 'specbitsmap_ln0' <Predicate = true> <Delay = 0.00>
ST_1 : Operation 13 [1/1] (0.00ns)   --->   "%specinterface_ln0 = specinterface void @_ssdm_op_SpecInterface, i16 %leds, void @empty, i32 4294967295, i32 4294967295, void @empty_0, i32 0, i32 0, void @empty_0, void @empty_0, void @empty_0, i32 0, i32 0, i32 0, i32 0, void @empty_0, void @empty_0, i32 4294967295, i32 0, i32 0"   --->   Operation 13 'specinterface' 'specinterface_ln0' <Predicate = true> <Delay = 0.00>
ST_1 : Operation 14 [1/1] (0.00ns)   --->   "%specbitsmap_ln0 = specbitsmap void @_ssdm_op_SpecBitsMap, i8 %sg_data"   --->   Operation 14 'specbitsmap' 'specbitsmap_ln0' <Predicate = true> <Delay = 0.00>
ST_1 : Operation 15 [1/1] (0.00ns)   --->   "%specinterface_ln0 = specinterface void @_ssdm_op_SpecInterface, i8 %sg_data, void @empty, i32 4294967295, i32 4294967295, void @empty_0, i32 0, i32 0, void @empty_0, void @empty_0, void @empty_0, i32 0, i32 0, i32 0, i32 0, void @empty_0, void @empty_0, i32 4294967295, i32 0, i32 0"   --->   Operation 15 'specinterface' 'specinterface_ln0' <Predicate = true> <Delay = 0.00>
ST_1 : Operation 16 [1/1] (0.00ns)   --->   "%specbitsmap_ln0 = specbitsmap void @_ssdm_op_SpecBitsMap, i4 %sg_enable"   --->   Operation 16 'specbitsmap' 'specbitsmap_ln0' <Predicate = true> <Delay = 0.00>
ST_1 : Operation 17 [1/1] (0.00ns)   --->   "%specinterface_ln0 = specinterface void @_ssdm_op_SpecInterface, i4 %sg_enable, void @empty, i32 4294967295, i32 4294967295, void @empty_0, i32 0, i32 0, void @empty_0, void @empty_0, void @empty_0, i32 0, i32 0, i32 0, i32 0, void @empty_0, void @empty_0, i32 4294967295, i32 0, i32 0"   --->   Operation 17 'specinterface' 'specinterface_ln0' <Predicate = true> <Delay = 0.00>
ST_1 : Operation 18 [1/1] (0.00ns)   --->   "%push_buttons_read = read i5 @_ssdm_op_Read.ap_none.i5, i5 %push_buttons" [main_home_alarm_sys.cpp:12]   --->   Operation 18 'read' 'push_buttons_read' <Predicate = true> <Delay = 0.00>
ST_1 : Operation 19 [1/1] (0.00ns)   --->   "%slide_switches_read = read i16 @_ssdm_op_Read.ap_none.i16, i16 %slide_switches" [main_home_alarm_sys.cpp:12]   --->   Operation 19 'read' 'slide_switches_read' <Predicate = true> <Delay = 0.00>
ST_1 : Operation 20 [1/1] (0.00ns)   --->   "%window_sensors = trunc i16 %slide_switches_read" [main_home_alarm_sys.cpp:35]   --->   Operation 20 'trunc' 'window_sensors' <Predicate = true> <Delay = 0.00>
ST_1 : Operation 21 [1/1] (0.00ns)   --->   "%motion_detectors = partselect i2 @_ssdm_op_PartSelect.i2.i16.i32, i16 %slide_switches_read, i32 6" [main_home_alarm_sys.cpp:36]   --->   Operation 21 'partselect' 'motion_detectors' <Predicate = true> <Delay = 0.00>
ST_1 : Operation 22 [1/1] (0.00ns)   --->   "%switch_code = partselect i4 @_ssdm_op_PartSelect.i4.i16.i32, i16 %slide_switches_read, i32 12" [main_home_alarm_sys.cpp:37]   --->   Operation 22 'partselect' 'switch_code' <Predicate = true> <Delay = 0.00>
ST_1 : Operation 23 [1/1] (0.00ns)   --->   "%write_ln50 = write void @_ssdm_op_Write.ap_none.i16P0A, i16 %leds, i16 %slide_switches_read" [main_home_alarm_sys.cpp:50]   --->   Operation 23 'write' 'write_ln50' <Predicate = true> <Delay = 0.00>
ST_1 : Operation 24 [1/1] (1.77ns)   --->   "%icmp_ln53 = icmp_eq  i4 %switch_code, i4 11" [main_home_alarm_sys.cpp:53]   --->   Operation 24 'icmp' 'icmp_ln53' <Predicate = true> <Delay = 1.77> <CoreInst = "Cmp">   --->   Core 9 'Cmp' <Latency = 0> <II = 1> <Delay = 1.77> <FuncUnit> <Opcode : 'seteq' 'setne' 'setle' 'setge' 'setlt' 'setgt'> <InPorts = 2> <OutPorts = 1>
ST_1 : Operation 25 [1/1] (0.00ns)   --->   "%br_ln53 = br i1 %icmp_ln53, void %if.else11, void %if.then" [main_home_alarm_sys.cpp:53]   --->   Operation 25 'br' 'br_ln53' <Predicate = true> <Delay = 0.00>
ST_1 : Operation 26 [1/1] (0.00ns)   --->   "%write_ln77 = write void @_ssdm_op_Write.ap_none.i8P0A, i8 %sg_data, i8 192" [main_home_alarm_sys.cpp:77]   --->   Operation 26 'write' 'write_ln77' <Predicate = (!icmp_ln53)> <Delay = 0.00>
ST_1 : Operation 27 [1/1] (0.00ns)   --->   "%write_ln78 = write void @_ssdm_op_Write.ap_none.i4P0A, i4 %sg_enable, i4 0" [main_home_alarm_sys.cpp:78]   --->   Operation 27 'write' 'write_ln78' <Predicate = (!icmp_ln53)> <Delay = 0.00>
ST_1 : Operation 28 [1/1] (0.00ns)   --->   "%br_ln0 = br void %if.end13"   --->   Operation 28 'br' 'br_ln0' <Predicate = (!icmp_ln53)> <Delay = 0.00>
ST_1 : Operation 29 [1/1] (1.68ns)   --->   "%icmp_ln57 = icmp_ne  i3 %window_sensors, i3 0" [main_home_alarm_sys.cpp:57]   --->   Operation 29 'icmp' 'icmp_ln57' <Predicate = (icmp_ln53)> <Delay = 1.68> <CoreInst = "Cmp">   --->   Core 9 'Cmp' <Latency = 0> <II = 1> <Delay = 1.68> <FuncUnit> <Opcode : 'seteq' 'setne' 'setle' 'setge' 'setlt' 'setgt'> <InPorts = 2> <OutPorts = 1>
ST_1 : Operation 30 [1/1] (1.58ns)   --->   "%icmp_ln57_1 = icmp_ne  i2 %motion_detectors, i2 0" [main_home_alarm_sys.cpp:57]   --->   Operation 30 'icmp' 'icmp_ln57_1' <Predicate = (icmp_ln53)> <Delay = 1.58> <CoreInst = "Cmp">   --->   Core 9 'Cmp' <Latency = 0> <II = 1> <Delay = 1.58> <FuncUnit> <Opcode : 'seteq' 'setne' 'setle' 'setge' 'setlt' 'setgt'> <InPorts = 2> <OutPorts = 1>
ST_1 : Operation 31 [1/1] (0.97ns)   --->   "%or_ln57 = or i1 %icmp_ln57, i1 %icmp_ln57_1" [main_home_alarm_sys.cpp:57]   --->   Operation 31 'or' 'or_ln57' <Predicate = (icmp_ln53)> <Delay = 0.97> <CoreInst = "LogicGate">   --->   Core 74 'LogicGate' <Latency = 0> <II = 1> <Delay = 0.97> <FuncUnit> <Opcode : 'and' 'or' 'xor'> <InPorts = 2> <OutPorts = 1>
ST_1 : Operation 32 [1/1] (0.00ns)   --->   "%br_ln57 = br i1 %or_ln57, void %if.else, void %if.then7" [main_home_alarm_sys.cpp:57]   --->   Operation 32 'br' 'br_ln57' <Predicate = (icmp_ln53)> <Delay = 0.00>
ST_1 : Operation 33 [1/1] (0.00ns)   --->   "%write_ln65 = write void @_ssdm_op_Write.ap_none.i8P0A, i8 %sg_data, i8 136" [main_home_alarm_sys.cpp:65]   --->   Operation 33 'write' 'write_ln65' <Predicate = (icmp_ln53 & !or_ln57)> <Delay = 0.00>
ST_1 : Operation 34 [1/1] (0.00ns)   --->   "%write_ln66 = write void @_ssdm_op_Write.ap_none.i4P0A, i4 %sg_enable, i4 0" [main_home_alarm_sys.cpp:66]   --->   Operation 34 'write' 'write_ln66' <Predicate = (icmp_ln53 & !or_ln57)> <Delay = 0.00>
ST_1 : Operation 35 [1/1] (0.00ns)   --->   "%br_ln0 = br void %if.end"   --->   Operation 35 'br' 'br_ln0' <Predicate = (icmp_ln53 & !or_ln57)> <Delay = 0.00>
ST_1 : Operation 36 [1/1] (0.00ns)   --->   "%write_ln105 = write void @_ssdm_op_Write.ap_none.i8P0A, i8 %sg_data, i8 134" [home_alarm_sys.cpp:105->main_home_alarm_sys.cpp:60]   --->   Operation 36 'write' 'write_ln105' <Predicate = (icmp_ln53 & or_ln57)> <Delay = 0.00>
ST_1 : Operation 37 [1/1] (0.00ns)   --->   "%write_ln106 = write void @_ssdm_op_Write.ap_none.i4P0A, i4 %sg_enable, i4 0" [home_alarm_sys.cpp:106->main_home_alarm_sys.cpp:60]   --->   Operation 37 'write' 'write_ln106' <Predicate = (icmp_ln53 & or_ln57)> <Delay = 0.00>
ST_1 : Operation 38 [1/1] (1.86ns)   --->   "%icmp_ln108 = icmp_eq  i5 %push_buttons_read, i5 0" [home_alarm_sys.cpp:108->main_home_alarm_sys.cpp:60]   --->   Operation 38 'icmp' 'icmp_ln108' <Predicate = (icmp_ln53 & or_ln57)> <Delay = 1.86> <CoreInst = "Cmp">   --->   Core 9 'Cmp' <Latency = 0> <II = 1> <Delay = 1.86> <FuncUnit> <Opcode : 'seteq' 'setne' 'setle' 'setge' 'setlt' 'setgt'> <InPorts = 2> <OutPorts = 1>
ST_1 : Operation 39 [1/1] (0.00ns)   --->   "%br_ln108 = br i1 %icmp_ln108, void %if.then.i, void %_Z12fault_detect7ap_uintILi3EES_ILi2EES_ILi5EEPS_ILi8EEPS_ILi4EE.exit" [home_alarm_sys.cpp:108->main_home_alarm_sys.cpp:60]   --->   Operation 39 'br' 'br_ln108' <Predicate = (icmp_ln53 & or_ln57)> <Delay = 0.00>
ST_1 : Operation 40 [1/1] (0.00ns)   --->   "%br_ln125 = br i1 %icmp_ln57, void %if.end.i, void %if.then2.i" [home_alarm_sys.cpp:125->main_home_alarm_sys.cpp:60]   --->   Operation 40 'br' 'br_ln125' <Predicate = (icmp_ln53 & or_ln57 & !icmp_ln108)> <Delay = 0.00>

State 2 <SV = 1> <Delay = 0.00>
ST_2 : Operation 41 [1/1] (0.00ns)   --->   "%write_ln44 = write void @_ssdm_op_Write.ap_none.i8P0A, i8 %sg_data, i8 134" [home_alarm_sys.cpp:44->home_alarm_sys.cpp:126->main_home_alarm_sys.cpp:60]   --->   Operation 41 'write' 'write_ln44' <Predicate = true> <Delay = 0.00>
ST_2 : Operation 42 [1/1] (0.00ns)   --->   "%write_ln45 = write void @_ssdm_op_Write.ap_none.i4P0A, i4 %sg_enable, i4 0" [home_alarm_sys.cpp:45->home_alarm_sys.cpp:126->main_home_alarm_sys.cpp:60]   --->   Operation 42 'write' 'write_ln45' <Predicate = true> <Delay = 0.00>
ST_2 : Operation 43 [1/1] (0.00ns)   --->   "%trunc_ln47 = trunc i5 %push_buttons_read" [home_alarm_sys.cpp:47->home_alarm_sys.cpp:126->main_home_alarm_sys.cpp:60]   --->   Operation 43 'trunc' 'trunc_ln47' <Predicate = true> <Delay = 0.00>
ST_2 : Operation 44 [1/1] (0.00ns)   --->   "%br_ln47 = br i1 %trunc_ln47, void %if.else.i.i, void %land.lhs.true.i.i" [home_alarm_sys.cpp:47->home_alarm_sys.cpp:126->main_home_alarm_sys.cpp:60]   --->   Operation 44 'br' 'br_ln47' <Predicate = true> <Delay = 0.00>
ST_2 : Operation 45 [1/1] (0.00ns)   --->   "%trunc_ln47_1 = trunc i16 %slide_switches_read" [home_alarm_sys.cpp:47->home_alarm_sys.cpp:126->main_home_alarm_sys.cpp:60]   --->   Operation 45 'trunc' 'trunc_ln47_1' <Predicate = (trunc_ln47)> <Delay = 0.00>
ST_2 : Operation 46 [1/1] (0.00ns)   --->   "%br_ln47 = br i1 %trunc_ln47_1, void %if.else.i.i, void %if.then.i.i" [home_alarm_sys.cpp:47->home_alarm_sys.cpp:126->main_home_alarm_sys.cpp:60]   --->   Operation 46 'br' 'br_ln47' <Predicate = (trunc_ln47)> <Delay = 0.00>
ST_2 : Operation 47 [1/1] (0.00ns)   --->   "%tmp = bitselect i1 @_ssdm_op_BitSelect.i1.i5.i32, i5 %push_buttons_read, i32 1" [home_alarm_sys.cpp:52->home_alarm_sys.cpp:126->main_home_alarm_sys.cpp:60]   --->   Operation 47 'bitselect' 'tmp' <Predicate = (!trunc_ln47_1) | (!trunc_ln47)> <Delay = 0.00>
ST_2 : Operation 48 [1/1] (0.00ns)   --->   "%br_ln52 = br i1 %tmp, void %if.else11.i.i, void %land.lhs.true6.i.i" [home_alarm_sys.cpp:52->home_alarm_sys.cpp:126->main_home_alarm_sys.cpp:60]   --->   Operation 48 'br' 'br_ln52' <Predicate = (!trunc_ln47_1) | (!trunc_ln47)> <Delay = 0.00>
ST_2 : Operation 49 [1/1] (0.00ns)   --->   "%tmp_1 = bitselect i1 @_ssdm_op_BitSelect.i1.i16.i32, i16 %slide_switches_read, i32 1" [home_alarm_sys.cpp:52->home_alarm_sys.cpp:126->main_home_alarm_sys.cpp:60]   --->   Operation 49 'bitselect' 'tmp_1' <Predicate = (!trunc_ln47_1 & tmp) | (!trunc_ln47 & tmp)> <Delay = 0.00>
ST_2 : Operation 50 [1/1] (0.00ns)   --->   "%br_ln52 = br i1 %tmp_1, void %if.else11.i.i, void %if.then9.i.i" [home_alarm_sys.cpp:52->home_alarm_sys.cpp:126->main_home_alarm_sys.cpp:60]   --->   Operation 50 'br' 'br_ln52' <Predicate = (!trunc_ln47_1 & tmp) | (!trunc_ln47 & tmp)> <Delay = 0.00>
ST_2 : Operation 51 [1/1] (0.00ns)   --->   "%tmp_2 = bitselect i1 @_ssdm_op_BitSelect.i1.i5.i32, i5 %push_buttons_read, i32 2" [home_alarm_sys.cpp:57->home_alarm_sys.cpp:126->main_home_alarm_sys.cpp:60]   --->   Operation 51 'bitselect' 'tmp_2' <Predicate = (!trunc_ln47_1 & !tmp_1) | (!trunc_ln47_1 & !tmp) | (!trunc_ln47 & !tmp_1) | (!trunc_ln47 & !tmp)> <Delay = 0.00>
ST_2 : Operation 52 [1/1] (0.00ns)   --->   "%br_ln57 = br i1 %tmp_2, void %if.end.i.i, void %land.lhs.true14.i.i" [home_alarm_sys.cpp:57->home_alarm_sys.cpp:126->main_home_alarm_sys.cpp:60]   --->   Operation 52 'br' 'br_ln57' <Predicate = (!trunc_ln47_1 & !tmp_1) | (!trunc_ln47_1 & !tmp) | (!trunc_ln47 & !tmp_1) | (!trunc_ln47 & !tmp)> <Delay = 0.00>
ST_2 : Operation 53 [1/1] (0.00ns)   --->   "%tmp_3 = bitselect i1 @_ssdm_op_BitSelect.i1.i16.i32, i16 %slide_switches_read, i32 2" [home_alarm_sys.cpp:57->home_alarm_sys.cpp:126->main_home_alarm_sys.cpp:60]   --->   Operation 53 'bitselect' 'tmp_3' <Predicate = (!trunc_ln47_1 & !tmp_1 & tmp_2) | (!trunc_ln47_1 & !tmp & tmp_2) | (!trunc_ln47 & !tmp_1 & tmp_2) | (!trunc_ln47 & !tmp & tmp_2)> <Delay = 0.00>
ST_2 : Operation 54 [1/1] (0.00ns)   --->   "%br_ln57 = br i1 %tmp_3, void %if.end.i.i, void %if.then17.i.i" [home_alarm_sys.cpp:57->home_alarm_sys.cpp:126->main_home_alarm_sys.cpp:60]   --->   Operation 54 'br' 'br_ln57' <Predicate = (!trunc_ln47_1 & !tmp_1 & tmp_2) | (!trunc_ln47_1 & !tmp & tmp_2) | (!trunc_ln47 & !tmp_1 & tmp_2) | (!trunc_ln47 & !tmp & tmp_2)> <Delay = 0.00>

State 3 <SV = 2> <Delay = 0.00>
ST_3 : Operation 55 [1/1] (0.00ns)   --->   "%write_ln59 = write void @_ssdm_op_Write.ap_none.i8P0A, i8 %sg_data, i8 176" [home_alarm_sys.cpp:59->home_alarm_sys.cpp:126->main_home_alarm_sys.cpp:60]   --->   Operation 55 'write' 'write_ln59' <Predicate = (icmp_ln57 & !trunc_ln47_1 & !tmp_1 & tmp_2 & tmp_3) | (icmp_ln57 & !trunc_ln47_1 & !tmp & tmp_2 & tmp_3) | (icmp_ln57 & !trunc_ln47 & !tmp_1 & tmp_2 & tmp_3) | (icmp_ln57 & !trunc_ln47 & !tmp & tmp_2 & tmp_3)> <Delay = 0.00>
ST_3 : Operation 56 [1/1] (0.00ns)   --->   "%write_ln60 = write void @_ssdm_op_Write.ap_none.i4P0A, i4 %sg_enable, i4 14" [home_alarm_sys.cpp:60->home_alarm_sys.cpp:126->main_home_alarm_sys.cpp:60]   --->   Operation 56 'write' 'write_ln60' <Predicate = (icmp_ln57 & !trunc_ln47_1 & !tmp_1 & tmp_2 & tmp_3) | (icmp_ln57 & !trunc_ln47_1 & !tmp & tmp_2 & tmp_3) | (icmp_ln57 & !trunc_ln47 & !tmp_1 & tmp_2 & tmp_3) | (icmp_ln57 & !trunc_ln47 & !tmp & tmp_2 & tmp_3)> <Delay = 0.00>
ST_3 : Operation 57 [1/1] (0.00ns)   --->   "%br_ln61 = br void %if.end.i.i" [home_alarm_sys.cpp:61->home_alarm_sys.cpp:126->main_home_alarm_sys.cpp:60]   --->   Operation 57 'br' 'br_ln61' <Predicate = (icmp_ln57 & !trunc_ln47_1 & !tmp_1 & tmp_2 & tmp_3) | (icmp_ln57 & !trunc_ln47_1 & !tmp & tmp_2 & tmp_3) | (icmp_ln57 & !trunc_ln47 & !tmp_1 & tmp_2 & tmp_3) | (icmp_ln57 & !trunc_ln47 & !tmp & tmp_2 & tmp_3)> <Delay = 0.00>
ST_3 : Operation 58 [1/1] (0.00ns)   --->   "%br_ln0 = br void %if.end19.i.i"   --->   Operation 58 'br' 'br_ln0' <Predicate = (icmp_ln57 & !trunc_ln47_1 & !tmp_1) | (icmp_ln57 & !trunc_ln47_1 & !tmp) | (icmp_ln57 & !trunc_ln47 & !tmp_1) | (icmp_ln57 & !trunc_ln47 & !tmp)> <Delay = 0.00>
ST_3 : Operation 59 [1/1] (0.00ns)   --->   "%write_ln54 = write void @_ssdm_op_Write.ap_none.i8P0A, i8 %sg_data, i8 164" [home_alarm_sys.cpp:54->home_alarm_sys.cpp:126->main_home_alarm_sys.cpp:60]   --->   Operation 59 'write' 'write_ln54' <Predicate = (icmp_ln57 & !trunc_ln47_1 & tmp & tmp_1) | (icmp_ln57 & !trunc_ln47 & tmp & tmp_1)> <Delay = 0.00>
ST_3 : Operation 60 [1/1] (0.00ns)   --->   "%write_ln55 = write void @_ssdm_op_Write.ap_none.i4P0A, i4 %sg_enable, i4 14" [home_alarm_sys.cpp:55->home_alarm_sys.cpp:126->main_home_alarm_sys.cpp:60]   --->   Operation 60 'write' 'write_ln55' <Predicate = (icmp_ln57 & !trunc_ln47_1 & tmp & tmp_1) | (icmp_ln57 & !trunc_ln47 & tmp & tmp_1)> <Delay = 0.00>
ST_3 : Operation 61 [1/1] (0.00ns)   --->   "%br_ln57 = br void %if.end19.i.i" [home_alarm_sys.cpp:57->home_alarm_sys.cpp:126->main_home_alarm_sys.cpp:60]   --->   Operation 61 'br' 'br_ln57' <Predicate = (icmp_ln57 & !trunc_ln47_1 & tmp & tmp_1) | (icmp_ln57 & !trunc_ln47 & tmp & tmp_1)> <Delay = 0.00>
ST_3 : Operation 62 [1/1] (0.00ns)   --->   "%br_ln0 = br void %_Z14display_window7ap_uintILi3EES_ILi5EEPS_ILi8EEPS_ILi4EE.exit.i"   --->   Operation 62 'br' 'br_ln0' <Predicate = (icmp_ln57 & !trunc_ln47_1) | (icmp_ln57 & !trunc_ln47)> <Delay = 0.00>
ST_3 : Operation 63 [1/1] (0.00ns)   --->   "%write_ln49 = write void @_ssdm_op_Write.ap_none.i8P0A, i8 %sg_data, i8 249" [home_alarm_sys.cpp:49->home_alarm_sys.cpp:126->main_home_alarm_sys.cpp:60]   --->   Operation 63 'write' 'write_ln49' <Predicate = (icmp_ln57 & trunc_ln47 & trunc_ln47_1)> <Delay = 0.00>
ST_3 : Operation 64 [1/1] (0.00ns)   --->   "%write_ln50 = write void @_ssdm_op_Write.ap_none.i4P0A, i4 %sg_enable, i4 14" [home_alarm_sys.cpp:50->home_alarm_sys.cpp:126->main_home_alarm_sys.cpp:60]   --->   Operation 64 'write' 'write_ln50' <Predicate = (icmp_ln57 & trunc_ln47 & trunc_ln47_1)> <Delay = 0.00>
ST_3 : Operation 65 [1/1] (0.00ns)   --->   "%br_ln52 = br void %_Z14display_window7ap_uintILi3EES_ILi5EEPS_ILi8EEPS_ILi4EE.exit.i" [home_alarm_sys.cpp:52->home_alarm_sys.cpp:126->main_home_alarm_sys.cpp:60]   --->   Operation 65 'br' 'br_ln52' <Predicate = (icmp_ln57 & trunc_ln47 & trunc_ln47_1)> <Delay = 0.00>
ST_3 : Operation 66 [1/1] (0.00ns)   --->   "%br_ln127 = br void %if.end.i" [home_alarm_sys.cpp:127->main_home_alarm_sys.cpp:60]   --->   Operation 66 'br' 'br_ln127' <Predicate = (icmp_ln57)> <Delay = 0.00>
ST_3 : Operation 67 [1/1] (0.00ns)   --->   "%br_ln129 = br i1 %icmp_ln57_1, void %if.end8.i, void %if.then5.i" [home_alarm_sys.cpp:129->main_home_alarm_sys.cpp:60]   --->   Operation 67 'br' 'br_ln129' <Predicate = true> <Delay = 0.00>

State 4 <SV = 3> <Delay = 0.00>
ST_4 : Operation 68 [1/1] (0.00ns)   --->   "%write_ln75 = write void @_ssdm_op_Write.ap_none.i8P0A, i8 %sg_data, i8 134" [home_alarm_sys.cpp:75->home_alarm_sys.cpp:130->main_home_alarm_sys.cpp:60]   --->   Operation 68 'write' 'write_ln75' <Predicate = true> <Delay = 0.00>
ST_4 : Operation 69 [1/1] (0.00ns)   --->   "%write_ln76 = write void @_ssdm_op_Write.ap_none.i4P0A, i4 %sg_enable, i4 0" [home_alarm_sys.cpp:76->home_alarm_sys.cpp:130->main_home_alarm_sys.cpp:60]   --->   Operation 69 'write' 'write_ln76' <Predicate = true> <Delay = 0.00>
ST_4 : Operation 70 [1/1] (0.00ns)   --->   "%tmp_4 = bitselect i1 @_ssdm_op_BitSelect.i1.i5.i32, i5 %push_buttons_read, i32 3" [home_alarm_sys.cpp:78->home_alarm_sys.cpp:130->main_home_alarm_sys.cpp:60]   --->   Operation 70 'bitselect' 'tmp_4' <Predicate = true> <Delay = 0.00>
ST_4 : Operation 71 [1/1] (0.00ns)   --->   "%br_ln78 = br i1 %tmp_4, void %if.else.i3.i, void %land.lhs.true.i1.i" [home_alarm_sys.cpp:78->home_alarm_sys.cpp:130->main_home_alarm_sys.cpp:60]   --->   Operation 71 'br' 'br_ln78' <Predicate = true> <Delay = 0.00>
ST_4 : Operation 72 [1/1] (0.00ns)   --->   "%tmp_5 = bitselect i1 @_ssdm_op_BitSelect.i1.i16.i32, i16 %slide_switches_read, i32 6" [home_alarm_sys.cpp:78->home_alarm_sys.cpp:130->main_home_alarm_sys.cpp:60]   --->   Operation 72 'bitselect' 'tmp_5' <Predicate = (tmp_4)> <Delay = 0.00>
ST_4 : Operation 73 [1/1] (0.00ns)   --->   "%br_ln78 = br i1 %tmp_5, void %if.else.i3.i, void %if.then.i2.i" [home_alarm_sys.cpp:78->home_alarm_sys.cpp:130->main_home_alarm_sys.cpp:60]   --->   Operation 73 'br' 'br_ln78' <Predicate = (tmp_4)> <Delay = 0.00>
ST_4 : Operation 74 [1/1] (0.00ns)   --->   "%tmp_6 = bitselect i1 @_ssdm_op_BitSelect.i1.i5.i32, i5 %push_buttons_read, i32 4" [home_alarm_sys.cpp:83->home_alarm_sys.cpp:130->main_home_alarm_sys.cpp:60]   --->   Operation 74 'bitselect' 'tmp_6' <Predicate = (!tmp_5) | (!tmp_4)> <Delay = 0.00>
ST_4 : Operation 75 [1/1] (0.00ns)   --->   "%br_ln83 = br i1 %tmp_6, void %if.end.i6.i, void %land.lhs.true6.i4.i" [home_alarm_sys.cpp:83->home_alarm_sys.cpp:130->main_home_alarm_sys.cpp:60]   --->   Operation 75 'br' 'br_ln83' <Predicate = (!tmp_5) | (!tmp_4)> <Delay = 0.00>
ST_4 : Operation 76 [1/1] (0.00ns)   --->   "%tmp_7 = bitselect i1 @_ssdm_op_BitSelect.i1.i16.i32, i16 %slide_switches_read, i32 7" [home_alarm_sys.cpp:83->home_alarm_sys.cpp:130->main_home_alarm_sys.cpp:60]   --->   Operation 76 'bitselect' 'tmp_7' <Predicate = (!tmp_5 & tmp_6) | (!tmp_4 & tmp_6)> <Delay = 0.00>
ST_4 : Operation 77 [1/1] (0.00ns)   --->   "%br_ln83 = br i1 %tmp_7, void %if.end.i6.i, void %if.then9.i5.i" [home_alarm_sys.cpp:83->home_alarm_sys.cpp:130->main_home_alarm_sys.cpp:60]   --->   Operation 77 'br' 'br_ln83' <Predicate = (!tmp_5 & tmp_6) | (!tmp_4 & tmp_6)> <Delay = 0.00>

State 5 <SV = 4> <Delay = 0.00>
ST_5 : Operation 78 [1/1] (0.00ns)   --->   "%write_ln85 = write void @_ssdm_op_Write.ap_none.i8P0A, i8 %sg_data, i8 164" [home_alarm_sys.cpp:85->home_alarm_sys.cpp:130->main_home_alarm_sys.cpp:60]   --->   Operation 78 'write' 'write_ln85' <Predicate = (icmp_ln53 & or_ln57 & icmp_ln57_1 & !icmp_ln108 & !tmp_5 & tmp_6 & tmp_7) | (icmp_ln53 & or_ln57 & icmp_ln57_1 & !icmp_ln108 & !tmp_4 & tmp_6 & tmp_7)> <Delay = 0.00>
ST_5 : Operation 79 [1/1] (0.00ns)   --->   "%write_ln86 = write void @_ssdm_op_Write.ap_none.i4P0A, i4 %sg_enable, i4 13" [home_alarm_sys.cpp:86->home_alarm_sys.cpp:130->main_home_alarm_sys.cpp:60]   --->   Operation 79 'write' 'write_ln86' <Predicate = (icmp_ln53 & or_ln57 & icmp_ln57_1 & !icmp_ln108 & !tmp_5 & tmp_6 & tmp_7) | (icmp_ln53 & or_ln57 & icmp_ln57_1 & !icmp_ln108 & !tmp_4 & tmp_6 & tmp_7)> <Delay = 0.00>
ST_5 : Operation 80 [1/1] (0.00ns)   --->   "%br_ln88 = br void %if.end.i6.i" [home_alarm_sys.cpp:88->home_alarm_sys.cpp:130->main_home_alarm_sys.cpp:60]   --->   Operation 80 'br' 'br_ln88' <Predicate = (icmp_ln53 & or_ln57 & icmp_ln57_1 & !icmp_ln108 & !tmp_5 & tmp_6 & tmp_7) | (icmp_ln53 & or_ln57 & icmp_ln57_1 & !icmp_ln108 & !tmp_4 & tmp_6 & tmp_7)> <Delay = 0.00>
ST_5 : Operation 81 [1/1] (0.00ns)   --->   "%br_ln0 = br void %_Z14display_motion7ap_uintILi2EES_ILi5EEPS_ILi8EEPS_ILi4EE.exit.i"   --->   Operation 81 'br' 'br_ln0' <Predicate = (icmp_ln53 & or_ln57 & icmp_ln57_1 & !icmp_ln108 & !tmp_5) | (icmp_ln53 & or_ln57 & icmp_ln57_1 & !icmp_ln108 & !tmp_4)> <Delay = 0.00>
ST_5 : Operation 82 [1/1] (0.00ns)   --->   "%write_ln80 = write void @_ssdm_op_Write.ap_none.i8P0A, i8 %sg_data, i8 249" [home_alarm_sys.cpp:80->home_alarm_sys.cpp:130->main_home_alarm_sys.cpp:60]   --->   Operation 82 'write' 'write_ln80' <Predicate = (icmp_ln53 & or_ln57 & icmp_ln57_1 & !icmp_ln108 & tmp_4 & tmp_5)> <Delay = 0.00>
ST_5 : Operation 83 [1/1] (0.00ns)   --->   "%write_ln81 = write void @_ssdm_op_Write.ap_none.i4P0A, i4 %sg_enable, i4 13" [home_alarm_sys.cpp:81->home_alarm_sys.cpp:130->main_home_alarm_sys.cpp:60]   --->   Operation 83 'write' 'write_ln81' <Predicate = (icmp_ln53 & or_ln57 & icmp_ln57_1 & !icmp_ln108 & tmp_4 & tmp_5)> <Delay = 0.00>
ST_5 : Operation 84 [1/1] (0.00ns)   --->   "%br_ln83 = br void %_Z14display_motion7ap_uintILi2EES_ILi5EEPS_ILi8EEPS_ILi4EE.exit.i" [home_alarm_sys.cpp:83->home_alarm_sys.cpp:130->main_home_alarm_sys.cpp:60]   --->   Operation 84 'br' 'br_ln83' <Predicate = (icmp_ln53 & or_ln57 & icmp_ln57_1 & !icmp_ln108 & tmp_4 & tmp_5)> <Delay = 0.00>
ST_5 : Operation 85 [1/1] (0.00ns)   --->   "%br_ln131 = br void %if.end8.i" [home_alarm_sys.cpp:131->main_home_alarm_sys.cpp:60]   --->   Operation 85 'br' 'br_ln131' <Predicate = (icmp_ln53 & or_ln57 & icmp_ln57_1 & !icmp_ln108)> <Delay = 0.00>
ST_5 : Operation 86 [1/1] (0.00ns)   --->   "%br_ln133 = br void %_Z12fault_detect7ap_uintILi3EES_ILi2EES_ILi5EEPS_ILi8EEPS_ILi4EE.exit" [home_alarm_sys.cpp:133->main_home_alarm_sys.cpp:60]   --->   Operation 86 'br' 'br_ln133' <Predicate = (icmp_ln53 & or_ln57 & !icmp_ln108)> <Delay = 0.00>
ST_5 : Operation 87 [1/1] (0.00ns)   --->   "%br_ln62 = br void %if.end" [main_home_alarm_sys.cpp:62]   --->   Operation 87 'br' 'br_ln62' <Predicate = (icmp_ln53 & or_ln57)> <Delay = 0.00>
ST_5 : Operation 88 [1/1] (0.00ns)   --->   "%br_ln69 = br void %if.end13" [main_home_alarm_sys.cpp:69]   --->   Operation 88 'br' 'br_ln69' <Predicate = (icmp_ln53)> <Delay = 0.00>
ST_5 : Operation 89 [1/1] (0.00ns)   --->   "%ret_ln81 = ret" [main_home_alarm_sys.cpp:81]   --->   Operation 89 'ret' 'ret_ln81' <Predicate = true> <Delay = 0.00>


============================================================
+ Verbose Summary: Binding
============================================================
STG Binding: 
---------------- STG Properties BEGIN ----------------
- Is combinational: 0
- Is one-state seq: 0
- Is datapath-only: 0
- Is pipelined: 0
- Is top level: 1
Port [ Return ] is wired: 1; IO mode=ap_ctrl_none:ce=0
Port [ slide_switches]:  wired=1; compound=0; hidden=0; nouse=0; global=0; static=0; extern=0; dir=0; type=0; pingpong=0; private_global=0; IO mode=ap_none:ce=0
Port [ push_buttons]:  wired=1; compound=0; hidden=0; nouse=0; global=0; static=0; extern=0; dir=0; type=0; pingpong=0; private_global=0; IO mode=ap_none:ce=0
Port [ leds]:  wired=1; compound=0; hidden=0; nouse=0; global=0; static=0; extern=0; dir=1; type=0; pingpong=0; private_global=0; IO mode=ap_none:ce=0
Port [ sg_data]:  wired=1; compound=0; hidden=0; nouse=0; global=0; static=0; extern=0; dir=1; type=0; pingpong=0; private_global=0; IO mode=ap_none:ce=0
Port [ sg_enable]:  wired=1; compound=0; hidden=0; nouse=0; global=0; static=0; extern=0; dir=1; type=0; pingpong=0; private_global=0; IO mode=ap_none:ce=0
---------------- STG Properties END ------------------

---------------- Datapath Model BEGIN ----------------

<LifeTime>
<method=bitvector/>
spectopmodule_ln11  (spectopmodule) [ 000000]
specinterface_ln11  (specinterface) [ 000000]
specbitsmap_ln0     (specbitsmap  ) [ 000000]
specinterface_ln0   (specinterface) [ 000000]
specbitsmap_ln0     (specbitsmap  ) [ 000000]
specinterface_ln0   (specinterface) [ 000000]
specbitsmap_ln0     (specbitsmap  ) [ 000000]
specinterface_ln0   (specinterface) [ 000000]
specbitsmap_ln0     (specbitsmap  ) [ 000000]
specinterface_ln0   (specinterface) [ 000000]
specbitsmap_ln0     (specbitsmap  ) [ 000000]
specinterface_ln0   (specinterface) [ 000000]
push_buttons_read   (read         ) [ 001110]
slide_switches_read (read         ) [ 001110]
window_sensors      (trunc        ) [ 000000]
motion_detectors    (partselect   ) [ 000000]
switch_code         (partselect   ) [ 000000]
write_ln50          (write        ) [ 000000]
icmp_ln53           (icmp         ) [ 011111]
br_ln53             (br           ) [ 000000]
write_ln77          (write        ) [ 000000]
write_ln78          (write        ) [ 000000]
br_ln0              (br           ) [ 000000]
icmp_ln57           (icmp         ) [ 011100]
icmp_ln57_1         (icmp         ) [ 001111]
or_ln57             (or           ) [ 011111]
br_ln57             (br           ) [ 000000]
write_ln65          (write        ) [ 000000]
write_ln66          (write        ) [ 000000]
br_ln0              (br           ) [ 000000]
write_ln105         (write        ) [ 000000]
write_ln106         (write        ) [ 000000]
icmp_ln108          (icmp         ) [ 011111]
br_ln108            (br           ) [ 000000]
br_ln125            (br           ) [ 000000]
write_ln44          (write        ) [ 000000]
write_ln45          (write        ) [ 000000]
trunc_ln47          (trunc        ) [ 001100]
br_ln47             (br           ) [ 000000]
trunc_ln47_1        (trunc        ) [ 001100]
br_ln47             (br           ) [ 000000]
tmp                 (bitselect    ) [ 001100]
br_ln52             (br           ) [ 000000]
tmp_1               (bitselect    ) [ 001100]
br_ln52             (br           ) [ 000000]
tmp_2               (bitselect    ) [ 001100]
br_ln57             (br           ) [ 000000]
tmp_3               (bitselect    ) [ 000100]
br_ln57             (br           ) [ 000000]
write_ln59          (write        ) [ 000000]
write_ln60          (write        ) [ 000000]
br_ln61             (br           ) [ 000000]
br_ln0              (br           ) [ 000000]
write_ln54          (write        ) [ 000000]
write_ln55          (write        ) [ 000000]
br_ln57             (br           ) [ 000000]
br_ln0              (br           ) [ 000000]
write_ln49          (write        ) [ 000000]
write_ln50          (write        ) [ 000000]
br_ln52             (br           ) [ 000000]
br_ln127            (br           ) [ 000000]
br_ln129            (br           ) [ 000000]
write_ln75          (write        ) [ 000000]
write_ln76          (write        ) [ 000000]
tmp_4               (bitselect    ) [ 000011]
br_ln78             (br           ) [ 000000]
tmp_5               (bitselect    ) [ 000011]
br_ln78             (br           ) [ 000000]
tmp_6               (bitselect    ) [ 000011]
br_ln83             (br           ) [ 000000]
tmp_7               (bitselect    ) [ 000001]
br_ln83             (br           ) [ 000000]
write_ln85          (write        ) [ 000000]
write_ln86          (write        ) [ 000000]
br_ln88             (br           ) [ 000000]
br_ln0              (br           ) [ 000000]
write_ln80          (write        ) [ 000000]
write_ln81          (write        ) [ 000000]
br_ln83             (br           ) [ 000000]
br_ln131            (br           ) [ 000000]
br_ln133            (br           ) [ 000000]
br_ln62             (br           ) [ 000000]
br_ln69             (br           ) [ 000000]
ret_ln81            (ret          ) [ 000000]
</LifeTime>

<model>

<comp_list>
<comp id="0" class="1000" name="slide_switches">
<pin_list>
<pin id="1" dir="1" index="0" bw="1" slack="0"/>
</pin_list>
<bind>
<StgValue><ssdm name="slide_switches"/></StgValue>
</bind>
</comp>

<comp id="2" class="1000" name="push_buttons">
<pin_list>
<pin id="3" dir="1" index="0" bw="1" slack="0"/>
</pin_list>
<bind>
<StgValue><ssdm name="push_buttons"/></StgValue>
</bind>
</comp>

<comp id="4" class="1000" name="leds">
<pin_list>
<pin id="5" dir="1" index="0" bw="1" slack="0"/>
</pin_list>
<bind>
<StgValue><ssdm name="leds"/></StgValue>
</bind>
</comp>

<comp id="6" class="1000" name="sg_data">
<pin_list>
<pin id="7" dir="1" index="0" bw="1" slack="0"/>
</pin_list>
<bind>
<StgValue><ssdm name="sg_data"/></StgValue>
</bind>
</comp>

<comp id="8" class="1000" name="sg_enable">
<pin_list>
<pin id="9" dir="1" index="0" bw="1" slack="0"/>
</pin_list>
<bind>
<StgValue><ssdm name="sg_enable"/></StgValue>
</bind>
</comp>

<comp id="10" class="1001" name="const_10">
<pin_list>
<pin id="11" dir="1" index="0" bw="1" slack="2147483647"/>
</pin_list>
<bind>
<StgValue><ssdm name="_ssdm_op_SpecTopModule"/></StgValue>
</bind>
</comp>

<comp id="12" class="1001" name="const_12">
<pin_list>
<pin id="13" dir="1" index="0" bw="1" slack="2147483647"/>
</pin_list>
<bind>
<StgValue><ssdm name="empty_1"/></StgValue>
</bind>
</comp>

<comp id="14" class="1001" name="const_14">
<pin_list>
<pin id="15" dir="1" index="0" bw="1" slack="2147483647"/>
</pin_list>
<bind>
<StgValue><ssdm name="_ssdm_op_SpecInterface"/></StgValue>
</bind>
</comp>

<comp id="16" class="1001" name="const_16">
<pin_list>
<pin id="17" dir="1" index="0" bw="1" slack="2147483647"/>
</pin_list>
<bind>
<StgValue><ssdm name=""/></StgValue>
</bind>
</comp>

<comp id="18" class="1001" name="const_18">
<pin_list>
<pin id="19" dir="1" index="0" bw="1" slack="2147483647"/>
</pin_list>
<bind>
<StgValue><ssdm name="empty_2"/></StgValue>
</bind>
</comp>

<comp id="20" class="1001" name="const_20">
<pin_list>
<pin id="21" dir="1" index="0" bw="1" slack="2147483647"/>
</pin_list>
<bind>
<StgValue><ssdm name="empty_0"/></StgValue>
</bind>
</comp>

<comp id="22" class="1001" name="const_22">
<pin_list>
<pin id="23" dir="1" index="0" bw="1" slack="2147483647"/>
</pin_list>
<bind>
<StgValue><ssdm name=""/></StgValue>
</bind>
</comp>

<comp id="24" class="1001" name="const_24">
<pin_list>
<pin id="25" dir="1" index="0" bw="1" slack="2147483647"/>
</pin_list>
<bind>
<StgValue><ssdm name="_ssdm_op_SpecBitsMap"/></StgValue>
</bind>
</comp>

<comp id="26" class="1001" name="const_26">
<pin_list>
<pin id="27" dir="1" index="0" bw="1" slack="2147483647"/>
</pin_list>
<bind>
<StgValue><ssdm name="empty"/></StgValue>
</bind>
</comp>

<comp id="28" class="1001" name="const_28">
<pin_list>
<pin id="29" dir="1" index="0" bw="1" slack="0"/>
</pin_list>
<bind>
<StgValue><ssdm name="_ssdm_op_Read.ap_none.i5"/></StgValue>
</bind>
</comp>

<comp id="30" class="1001" name="const_30">
<pin_list>
<pin id="31" dir="1" index="0" bw="1" slack="0"/>
</pin_list>
<bind>
<StgValue><ssdm name="_ssdm_op_Read.ap_none.i16"/></StgValue>
</bind>
</comp>

<comp id="32" class="1001" name="const_32">
<pin_list>
<pin id="33" dir="1" index="0" bw="1" slack="0"/>
</pin_list>
<bind>
<StgValue><ssdm name="_ssdm_op_PartSelect.i2.i16.i32"/></StgValue>
</bind>
</comp>

<comp id="34" class="1001" name="const_34">
<pin_list>
<pin id="35" dir="1" index="0" bw="1" slack="0"/>
</pin_list>
<bind>
<StgValue><ssdm name=""/></StgValue>
</bind>
</comp>

<comp id="36" class="1001" name="const_36">
<pin_list>
<pin id="37" dir="1" index="0" bw="1" slack="0"/>
</pin_list>
<bind>
<StgValue><ssdm name="_ssdm_op_PartSelect.i4.i16.i32"/></StgValue>
</bind>
</comp>

<comp id="38" class="1001" name="const_38">
<pin_list>
<pin id="39" dir="1" index="0" bw="1" slack="0"/>
</pin_list>
<bind>
<StgValue><ssdm name=""/></StgValue>
</bind>
</comp>

<comp id="40" class="1001" name="const_40">
<pin_list>
<pin id="41" dir="1" index="0" bw="1" slack="0"/>
</pin_list>
<bind>
<StgValue><ssdm name="_ssdm_op_Write.ap_none.i16P0A"/></StgValue>
</bind>
</comp>

<comp id="42" class="1001" name="const_42">
<pin_list>
<pin id="43" dir="1" index="0" bw="1" slack="0"/>
</pin_list>
<bind>
<StgValue><ssdm name=""/></StgValue>
</bind>
</comp>

<comp id="44" class="1001" name="const_44">
<pin_list>
<pin id="45" dir="1" index="0" bw="1" slack="0"/>
</pin_list>
<bind>
<StgValue><ssdm name="_ssdm_op_Write.ap_none.i8P0A"/></StgValue>
</bind>
</comp>

<comp id="46" class="1001" name="const_46">
<pin_list>
<pin id="47" dir="1" index="0" bw="1" slack="0"/>
</pin_list>
<bind>
<StgValue><ssdm name=""/></StgValue>
</bind>
</comp>

<comp id="48" class="1001" name="const_48">
<pin_list>
<pin id="49" dir="1" index="0" bw="1" slack="0"/>
</pin_list>
<bind>
<StgValue><ssdm name="_ssdm_op_Write.ap_none.i4P0A"/></StgValue>
</bind>
</comp>

<comp id="50" class="1001" name="const_50">
<pin_list>
<pin id="51" dir="1" index="0" bw="1" slack="0"/>
</pin_list>
<bind>
<StgValue><ssdm name=""/></StgValue>
</bind>
</comp>

<comp id="52" class="1001" name="const_52">
<pin_list>
<pin id="53" dir="1" index="0" bw="1" slack="0"/>
</pin_list>
<bind>
<StgValue><ssdm name=""/></StgValue>
</bind>
</comp>

<comp id="54" class="1001" name="const_54">
<pin_list>
<pin id="55" dir="1" index="0" bw="1" slack="0"/>
</pin_list>
<bind>
<StgValue><ssdm name=""/></StgValue>
</bind>
</comp>

<comp id="56" class="1001" name="const_56">
<pin_list>
<pin id="57" dir="1" index="0" bw="1" slack="0"/>
</pin_list>
<bind>
<StgValue><ssdm name=""/></StgValue>
</bind>
</comp>

<comp id="58" class="1001" name="const_58">
<pin_list>
<pin id="59" dir="1" index="0" bw="1" slack="0"/>
</pin_list>
<bind>
<StgValue><ssdm name=""/></StgValue>
</bind>
</comp>

<comp id="60" class="1001" name="const_60">
<pin_list>
<pin id="61" dir="1" index="0" bw="1" slack="0"/>
</pin_list>
<bind>
<StgValue><ssdm name=""/></StgValue>
</bind>
</comp>

<comp id="62" class="1001" name="const_62">
<pin_list>
<pin id="63" dir="1" index="0" bw="1" slack="0"/>
</pin_list>
<bind>
<StgValue><ssdm name="_ssdm_op_BitSelect.i1.i5.i32"/></StgValue>
</bind>
</comp>

<comp id="64" class="1001" name="const_64">
<pin_list>
<pin id="65" dir="1" index="0" bw="1" slack="0"/>
</pin_list>
<bind>
<StgValue><ssdm name=""/></StgValue>
</bind>
</comp>

<comp id="66" class="1001" name="const_66">
<pin_list>
<pin id="67" dir="1" index="0" bw="1" slack="0"/>
</pin_list>
<bind>
<StgValue><ssdm name="_ssdm_op_BitSelect.i1.i16.i32"/></StgValue>
</bind>
</comp>

<comp id="68" class="1001" name="const_68">
<pin_list>
<pin id="69" dir="1" index="0" bw="1" slack="0"/>
</pin_list>
<bind>
<StgValue><ssdm name=""/></StgValue>
</bind>
</comp>

<comp id="70" class="1001" name="const_70">
<pin_list>
<pin id="71" dir="1" index="0" bw="1" slack="0"/>
</pin_list>
<bind>
<StgValue><ssdm name=""/></StgValue>
</bind>
</comp>

<comp id="72" class="1001" name="const_72">
<pin_list>
<pin id="73" dir="1" index="0" bw="1" slack="0"/>
</pin_list>
<bind>
<StgValue><ssdm name=""/></StgValue>
</bind>
</comp>

<comp id="74" class="1001" name="const_74">
<pin_list>
<pin id="75" dir="1" index="0" bw="1" slack="0"/>
</pin_list>
<bind>
<StgValue><ssdm name=""/></StgValue>
</bind>
</comp>

<comp id="76" class="1001" name="const_76">
<pin_list>
<pin id="77" dir="1" index="0" bw="1" slack="0"/>
</pin_list>
<bind>
<StgValue><ssdm name=""/></StgValue>
</bind>
</comp>

<comp id="78" class="1001" name="const_78">
<pin_list>
<pin id="79" dir="1" index="0" bw="1" slack="0"/>
</pin_list>
<bind>
<StgValue><ssdm name=""/></StgValue>
</bind>
</comp>

<comp id="80" class="1001" name="const_80">
<pin_list>
<pin id="81" dir="1" index="0" bw="1" slack="0"/>
</pin_list>
<bind>
<StgValue><ssdm name=""/></StgValue>
</bind>
</comp>

<comp id="82" class="1001" name="const_82">
<pin_list>
<pin id="83" dir="1" index="0" bw="1" slack="0"/>
</pin_list>
<bind>
<StgValue><ssdm name=""/></StgValue>
</bind>
</comp>

<comp id="84" class="1001" name="const_84">
<pin_list>
<pin id="85" dir="1" index="0" bw="1" slack="0"/>
</pin_list>
<bind>
<StgValue><ssdm name=""/></StgValue>
</bind>
</comp>

<comp id="86" class="1004" name="push_buttons_read_read_fu_86">
<pin_list>
<pin id="87" dir="0" index="0" bw="5" slack="0"/>
<pin id="88" dir="0" index="1" bw="5" slack="0"/>
<pin id="89" dir="1" index="2" bw="5" slack="0"/>
</pin_list>
<bind>
<opcode="read(1150) " fcode="read"/>
<opset="push_buttons_read/1 "/>
</bind>
</comp>

<comp id="92" class="1004" name="slide_switches_read_read_fu_92">
<pin_list>
<pin id="93" dir="0" index="0" bw="16" slack="0"/>
<pin id="94" dir="0" index="1" bw="16" slack="0"/>
<pin id="95" dir="1" index="2" bw="16" slack="0"/>
</pin_list>
<bind>
<opcode="read(1150) " fcode="read"/>
<opset="slide_switches_read/1 "/>
</bind>
</comp>

<comp id="98" class="1004" name="write_ln50_write_fu_98">
<pin_list>
<pin id="99" dir="0" index="0" bw="0" slack="0"/>
<pin id="100" dir="0" index="1" bw="16" slack="0"/>
<pin id="101" dir="0" index="2" bw="16" slack="0"/>
<pin id="102" dir="1" index="3" bw="0" slack="2147483647"/>
</pin_list>
<bind>
<opcode="write(1151) " fcode="write"/>
<opset="write_ln50/1 "/>
</bind>
</comp>

<comp id="106" class="1004" name="grp_write_fu_106">
<pin_list>
<pin id="107" dir="0" index="0" bw="0" slack="0"/>
<pin id="108" dir="0" index="1" bw="8" slack="0"/>
<pin id="109" dir="0" index="2" bw="8" slack="0"/>
<pin id="110" dir="1" index="3" bw="0" slack="2147483647"/>
</pin_list>
<bind>
<opcode="write(1151) " fcode="write"/>
<opset="write_ln77/1 write_ln65/1 write_ln105/1 write_ln44/2 write_ln59/3 write_ln54/3 write_ln49/3 write_ln75/4 write_ln85/5 write_ln80/5 "/>
</bind>
</comp>

<comp id="114" class="1004" name="grp_write_fu_114">
<pin_list>
<pin id="115" dir="0" index="0" bw="0" slack="0"/>
<pin id="116" dir="0" index="1" bw="4" slack="0"/>
<pin id="117" dir="0" index="2" bw="3" slack="0"/>
<pin id="118" dir="1" index="3" bw="0" slack="2147483647"/>
</pin_list>
<bind>
<opcode="write(1151) " fcode="write"/>
<opset="write_ln78/1 write_ln66/1 write_ln106/1 write_ln45/2 write_ln60/3 write_ln55/3 write_ln50/3 write_ln76/4 write_ln86/5 write_ln81/5 "/>
</bind>
</comp>

<comp id="129" class="1004" name="window_sensors_fu_129">
<pin_list>
<pin id="130" dir="0" index="0" bw="16" slack="0"/>
<pin id="131" dir="1" index="1" bw="3" slack="0"/>
</pin_list>
<bind>
<opcode="trunc(33) " fcode="trunc"/>
<opset="window_sensors/1 "/>
</bind>
</comp>

<comp id="133" class="1004" name="motion_detectors_fu_133">
<pin_list>
<pin id="134" dir="0" index="0" bw="2" slack="0"/>
<pin id="135" dir="0" index="1" bw="16" slack="0"/>
<pin id="136" dir="0" index="2" bw="4" slack="0"/>
<pin id="137" dir="1" index="3" bw="2" slack="0"/>
</pin_list>
<bind>
<opcode="partselect(1002) " fcode="partselect"/>
<opset="motion_detectors/1 "/>
</bind>
</comp>

<comp id="141" class="1004" name="switch_code_fu_141">
<pin_list>
<pin id="142" dir="0" index="0" bw="4" slack="0"/>
<pin id="143" dir="0" index="1" bw="16" slack="0"/>
<pin id="144" dir="0" index="2" bw="5" slack="0"/>
<pin id="145" dir="1" index="3" bw="4" slack="0"/>
</pin_list>
<bind>
<opcode="partselect(1002) " fcode="partselect"/>
<opset="switch_code/1 "/>
</bind>
</comp>

<comp id="149" class="1004" name="icmp_ln53_fu_149">
<pin_list>
<pin id="150" dir="0" index="0" bw="4" slack="0"/>
<pin id="151" dir="0" index="1" bw="4" slack="0"/>
<pin id="152" dir="1" index="2" bw="1" slack="4"/>
</pin_list>
<bind>
<opcode="icmp(45) " fcode="icmp"/>
<opset="icmp_ln53/1 "/>
</bind>
</comp>

<comp id="155" class="1004" name="icmp_ln57_fu_155">
<pin_list>
<pin id="156" dir="0" index="0" bw="3" slack="0"/>
<pin id="157" dir="0" index="1" bw="3" slack="0"/>
<pin id="158" dir="1" index="2" bw="1" slack="0"/>
</pin_list>
<bind>
<opcode="icmp(45) " fcode="icmp"/>
<opset="icmp_ln57/1 "/>
</bind>
</comp>

<comp id="161" class="1004" name="icmp_ln57_1_fu_161">
<pin_list>
<pin id="162" dir="0" index="0" bw="2" slack="0"/>
<pin id="163" dir="0" index="1" bw="2" slack="0"/>
<pin id="164" dir="1" index="2" bw="1" slack="0"/>
</pin_list>
<bind>
<opcode="icmp(45) " fcode="icmp"/>
<opset="icmp_ln57_1/1 "/>
</bind>
</comp>

<comp id="167" class="1004" name="or_ln57_fu_167">
<pin_list>
<pin id="168" dir="0" index="0" bw="1" slack="0"/>
<pin id="169" dir="0" index="1" bw="1" slack="0"/>
<pin id="170" dir="1" index="2" bw="1" slack="4"/>
</pin_list>
<bind>
<opcode="or(24) " fcode="or"/>
<opset="or_ln57/1 "/>
</bind>
</comp>

<comp id="173" class="1004" name="icmp_ln108_fu_173">
<pin_list>
<pin id="174" dir="0" index="0" bw="5" slack="0"/>
<pin id="175" dir="0" index="1" bw="5" slack="0"/>
<pin id="176" dir="1" index="2" bw="1" slack="4"/>
</pin_list>
<bind>
<opcode="icmp(45) " fcode="icmp"/>
<opset="icmp_ln108/1 "/>
</bind>
</comp>

<comp id="179" class="1004" name="trunc_ln47_fu_179">
<pin_list>
<pin id="180" dir="0" index="0" bw="5" slack="1"/>
<pin id="181" dir="1" index="1" bw="1" slack="1"/>
</pin_list>
<bind>
<opcode="trunc(33) " fcode="trunc"/>
<opset="trunc_ln47/2 "/>
</bind>
</comp>

<comp id="182" class="1004" name="trunc_ln47_1_fu_182">
<pin_list>
<pin id="183" dir="0" index="0" bw="16" slack="1"/>
<pin id="184" dir="1" index="1" bw="1" slack="1"/>
</pin_list>
<bind>
<opcode="trunc(33) " fcode="trunc"/>
<opset="trunc_ln47_1/2 "/>
</bind>
</comp>

<comp id="185" class="1004" name="tmp_fu_185">
<pin_list>
<pin id="186" dir="0" index="0" bw="1" slack="0"/>
<pin id="187" dir="0" index="1" bw="5" slack="1"/>
<pin id="188" dir="0" index="2" bw="1" slack="0"/>
<pin id="189" dir="1" index="3" bw="1" slack="1"/>
</pin_list>
<bind>
<opcode="bitselect(1000) " fcode="bitselect"/>
<opset="tmp/2 "/>
</bind>
</comp>

<comp id="192" class="1004" name="tmp_1_fu_192">
<pin_list>
<pin id="193" dir="0" index="0" bw="1" slack="0"/>
<pin id="194" dir="0" index="1" bw="16" slack="1"/>
<pin id="195" dir="0" index="2" bw="1" slack="0"/>
<pin id="196" dir="1" index="3" bw="1" slack="1"/>
</pin_list>
<bind>
<opcode="bitselect(1000) " fcode="bitselect"/>
<opset="tmp_1/2 "/>
</bind>
</comp>

<comp id="199" class="1004" name="tmp_2_fu_199">
<pin_list>
<pin id="200" dir="0" index="0" bw="1" slack="0"/>
<pin id="201" dir="0" index="1" bw="5" slack="1"/>
<pin id="202" dir="0" index="2" bw="3" slack="0"/>
<pin id="203" dir="1" index="3" bw="1" slack="1"/>
</pin_list>
<bind>
<opcode="bitselect(1000) " fcode="bitselect"/>
<opset="tmp_2/2 "/>
</bind>
</comp>

<comp id="206" class="1004" name="tmp_3_fu_206">
<pin_list>
<pin id="207" dir="0" index="0" bw="1" slack="0"/>
<pin id="208" dir="0" index="1" bw="16" slack="1"/>
<pin id="209" dir="0" index="2" bw="3" slack="0"/>
<pin id="210" dir="1" index="3" bw="1" slack="1"/>
</pin_list>
<bind>
<opcode="bitselect(1000) " fcode="bitselect"/>
<opset="tmp_3/2 "/>
</bind>
</comp>

<comp id="213" class="1004" name="tmp_4_fu_213">
<pin_list>
<pin id="214" dir="0" index="0" bw="1" slack="0"/>
<pin id="215" dir="0" index="1" bw="5" slack="3"/>
<pin id="216" dir="0" index="2" bw="3" slack="0"/>
<pin id="217" dir="1" index="3" bw="1" slack="1"/>
</pin_list>
<bind>
<opcode="bitselect(1000) " fcode="bitselect"/>
<opset="tmp_4/4 "/>
</bind>
</comp>

<comp id="220" class="1004" name="tmp_5_fu_220">
<pin_list>
<pin id="221" dir="0" index="0" bw="1" slack="0"/>
<pin id="222" dir="0" index="1" bw="16" slack="3"/>
<pin id="223" dir="0" index="2" bw="4" slack="0"/>
<pin id="224" dir="1" index="3" bw="1" slack="1"/>
</pin_list>
<bind>
<opcode="bitselect(1000) " fcode="bitselect"/>
<opset="tmp_5/4 "/>
</bind>
</comp>

<comp id="227" class="1004" name="tmp_6_fu_227">
<pin_list>
<pin id="228" dir="0" index="0" bw="1" slack="0"/>
<pin id="229" dir="0" index="1" bw="5" slack="3"/>
<pin id="230" dir="0" index="2" bw="4" slack="0"/>
<pin id="231" dir="1" index="3" bw="1" slack="1"/>
</pin_list>
<bind>
<opcode="bitselect(1000) " fcode="bitselect"/>
<opset="tmp_6/4 "/>
</bind>
</comp>

<comp id="234" class="1004" name="tmp_7_fu_234">
<pin_list>
<pin id="235" dir="0" index="0" bw="1" slack="0"/>
<pin id="236" dir="0" index="1" bw="16" slack="3"/>
<pin id="237" dir="0" index="2" bw="4" slack="0"/>
<pin id="238" dir="1" index="3" bw="1" slack="1"/>
</pin_list>
<bind>
<opcode="bitselect(1000) " fcode="bitselect"/>
<opset="tmp_7/4 "/>
</bind>
</comp>

<comp id="241" class="1005" name="push_buttons_read_reg_241">
<pin_list>
<pin id="242" dir="0" index="0" bw="5" slack="1"/>
<pin id="243" dir="1" index="1" bw="5" slack="1"/>
</pin_list>
<bind>
<opset="push_buttons_read "/>
</bind>
</comp>

<comp id="250" class="1005" name="slide_switches_read_reg_250">
<pin_list>
<pin id="251" dir="0" index="0" bw="16" slack="1"/>
<pin id="252" dir="1" index="1" bw="16" slack="1"/>
</pin_list>
<bind>
<opset="slide_switches_read "/>
</bind>
</comp>

<comp id="259" class="1005" name="icmp_ln53_reg_259">
<pin_list>
<pin id="260" dir="0" index="0" bw="1" slack="4"/>
<pin id="261" dir="1" index="1" bw="1" slack="2147483647"/>
</pin_list>
<bind>
<opset="icmp_ln53 "/>
</bind>
</comp>

<comp id="263" class="1005" name="icmp_ln57_reg_263">
<pin_list>
<pin id="264" dir="0" index="0" bw="1" slack="2"/>
<pin id="265" dir="1" index="1" bw="1" slack="2147483647"/>
</pin_list>
<bind>
<opset="icmp_ln57 "/>
</bind>
</comp>

<comp id="267" class="1005" name="icmp_ln57_1_reg_267">
<pin_list>
<pin id="268" dir="0" index="0" bw="1" slack="2"/>
<pin id="269" dir="1" index="1" bw="1" slack="2147483647"/>
</pin_list>
<bind>
<opset="icmp_ln57_1 "/>
</bind>
</comp>

<comp id="271" class="1005" name="or_ln57_reg_271">
<pin_list>
<pin id="272" dir="0" index="0" bw="1" slack="4"/>
<pin id="273" dir="1" index="1" bw="1" slack="2147483647"/>
</pin_list>
<bind>
<opset="or_ln57 "/>
</bind>
</comp>

<comp id="275" class="1005" name="icmp_ln108_reg_275">
<pin_list>
<pin id="276" dir="0" index="0" bw="1" slack="4"/>
<pin id="277" dir="1" index="1" bw="1" slack="2147483647"/>
</pin_list>
<bind>
<opset="icmp_ln108 "/>
</bind>
</comp>

<comp id="279" class="1005" name="trunc_ln47_reg_279">
<pin_list>
<pin id="280" dir="0" index="0" bw="1" slack="1"/>
<pin id="281" dir="1" index="1" bw="1" slack="2147483647"/>
</pin_list>
<bind>
<opset="trunc_ln47 "/>
</bind>
</comp>

<comp id="283" class="1005" name="trunc_ln47_1_reg_283">
<pin_list>
<pin id="284" dir="0" index="0" bw="1" slack="1"/>
<pin id="285" dir="1" index="1" bw="1" slack="2147483647"/>
</pin_list>
<bind>
<opset="trunc_ln47_1 "/>
</bind>
</comp>

<comp id="287" class="1005" name="tmp_reg_287">
<pin_list>
<pin id="288" dir="0" index="0" bw="1" slack="1"/>
<pin id="289" dir="1" index="1" bw="1" slack="2147483647"/>
</pin_list>
<bind>
<opset="tmp "/>
</bind>
</comp>

<comp id="291" class="1005" name="tmp_1_reg_291">
<pin_list>
<pin id="292" dir="0" index="0" bw="1" slack="1"/>
<pin id="293" dir="1" index="1" bw="1" slack="2147483647"/>
</pin_list>
<bind>
<opset="tmp_1 "/>
</bind>
</comp>

<comp id="295" class="1005" name="tmp_2_reg_295">
<pin_list>
<pin id="296" dir="0" index="0" bw="1" slack="1"/>
<pin id="297" dir="1" index="1" bw="1" slack="2147483647"/>
</pin_list>
<bind>
<opset="tmp_2 "/>
</bind>
</comp>

<comp id="299" class="1005" name="tmp_3_reg_299">
<pin_list>
<pin id="300" dir="0" index="0" bw="1" slack="1"/>
<pin id="301" dir="1" index="1" bw="1" slack="2147483647"/>
</pin_list>
<bind>
<opset="tmp_3 "/>
</bind>
</comp>

<comp id="303" class="1005" name="tmp_4_reg_303">
<pin_list>
<pin id="304" dir="0" index="0" bw="1" slack="1"/>
<pin id="305" dir="1" index="1" bw="1" slack="2147483647"/>
</pin_list>
<bind>
<opset="tmp_4 "/>
</bind>
</comp>

<comp id="307" class="1005" name="tmp_5_reg_307">
<pin_list>
<pin id="308" dir="0" index="0" bw="1" slack="1"/>
<pin id="309" dir="1" index="1" bw="1" slack="2147483647"/>
</pin_list>
<bind>
<opset="tmp_5 "/>
</bind>
</comp>

<comp id="311" class="1005" name="tmp_6_reg_311">
<pin_list>
<pin id="312" dir="0" index="0" bw="1" slack="1"/>
<pin id="313" dir="1" index="1" bw="1" slack="2147483647"/>
</pin_list>
<bind>
<opset="tmp_6 "/>
</bind>
</comp>

<comp id="315" class="1005" name="tmp_7_reg_315">
<pin_list>
<pin id="316" dir="0" index="0" bw="1" slack="1"/>
<pin id="317" dir="1" index="1" bw="1" slack="2147483647"/>
</pin_list>
<bind>
<opset="tmp_7 "/>
</bind>
</comp>

</comp_list>

<net_list>
<net id="90"><net_src comp="28" pin="0"/><net_sink comp="86" pin=0"/></net>

<net id="91"><net_src comp="2" pin="0"/><net_sink comp="86" pin=1"/></net>

<net id="96"><net_src comp="30" pin="0"/><net_sink comp="92" pin=0"/></net>

<net id="97"><net_src comp="0" pin="0"/><net_sink comp="92" pin=1"/></net>

<net id="103"><net_src comp="40" pin="0"/><net_sink comp="98" pin=0"/></net>

<net id="104"><net_src comp="4" pin="0"/><net_sink comp="98" pin=1"/></net>

<net id="105"><net_src comp="92" pin="2"/><net_sink comp="98" pin=2"/></net>

<net id="111"><net_src comp="44" pin="0"/><net_sink comp="106" pin=0"/></net>

<net id="112"><net_src comp="6" pin="0"/><net_sink comp="106" pin=1"/></net>

<net id="113"><net_src comp="46" pin="0"/><net_sink comp="106" pin=2"/></net>

<net id="119"><net_src comp="48" pin="0"/><net_sink comp="114" pin=0"/></net>

<net id="120"><net_src comp="8" pin="0"/><net_sink comp="114" pin=1"/></net>

<net id="121"><net_src comp="50" pin="0"/><net_sink comp="114" pin=2"/></net>

<net id="122"><net_src comp="56" pin="0"/><net_sink comp="106" pin=2"/></net>

<net id="123"><net_src comp="58" pin="0"/><net_sink comp="106" pin=2"/></net>

<net id="124"><net_src comp="70" pin="0"/><net_sink comp="106" pin=2"/></net>

<net id="125"><net_src comp="72" pin="0"/><net_sink comp="114" pin=2"/></net>

<net id="126"><net_src comp="74" pin="0"/><net_sink comp="106" pin=2"/></net>

<net id="127"><net_src comp="76" pin="0"/><net_sink comp="106" pin=2"/></net>

<net id="128"><net_src comp="84" pin="0"/><net_sink comp="114" pin=2"/></net>

<net id="132"><net_src comp="92" pin="2"/><net_sink comp="129" pin=0"/></net>

<net id="138"><net_src comp="32" pin="0"/><net_sink comp="133" pin=0"/></net>

<net id="139"><net_src comp="92" pin="2"/><net_sink comp="133" pin=1"/></net>

<net id="140"><net_src comp="34" pin="0"/><net_sink comp="133" pin=2"/></net>

<net id="146"><net_src comp="36" pin="0"/><net_sink comp="141" pin=0"/></net>

<net id="147"><net_src comp="92" pin="2"/><net_sink comp="141" pin=1"/></net>

<net id="148"><net_src comp="38" pin="0"/><net_sink comp="141" pin=2"/></net>

<net id="153"><net_src comp="141" pin="3"/><net_sink comp="149" pin=0"/></net>

<net id="154"><net_src comp="42" pin="0"/><net_sink comp="149" pin=1"/></net>

<net id="159"><net_src comp="129" pin="1"/><net_sink comp="155" pin=0"/></net>

<net id="160"><net_src comp="52" pin="0"/><net_sink comp="155" pin=1"/></net>

<net id="165"><net_src comp="133" pin="3"/><net_sink comp="161" pin=0"/></net>

<net id="166"><net_src comp="54" pin="0"/><net_sink comp="161" pin=1"/></net>

<net id="171"><net_src comp="155" pin="2"/><net_sink comp="167" pin=0"/></net>

<net id="172"><net_src comp="161" pin="2"/><net_sink comp="167" pin=1"/></net>

<net id="177"><net_src comp="86" pin="2"/><net_sink comp="173" pin=0"/></net>

<net id="178"><net_src comp="60" pin="0"/><net_sink comp="173" pin=1"/></net>

<net id="190"><net_src comp="62" pin="0"/><net_sink comp="185" pin=0"/></net>

<net id="191"><net_src comp="64" pin="0"/><net_sink comp="185" pin=2"/></net>

<net id="197"><net_src comp="66" pin="0"/><net_sink comp="192" pin=0"/></net>

<net id="198"><net_src comp="64" pin="0"/><net_sink comp="192" pin=2"/></net>

<net id="204"><net_src comp="62" pin="0"/><net_sink comp="199" pin=0"/></net>

<net id="205"><net_src comp="68" pin="0"/><net_sink comp="199" pin=2"/></net>

<net id="211"><net_src comp="66" pin="0"/><net_sink comp="206" pin=0"/></net>

<net id="212"><net_src comp="68" pin="0"/><net_sink comp="206" pin=2"/></net>

<net id="218"><net_src comp="62" pin="0"/><net_sink comp="213" pin=0"/></net>

<net id="219"><net_src comp="78" pin="0"/><net_sink comp="213" pin=2"/></net>

<net id="225"><net_src comp="66" pin="0"/><net_sink comp="220" pin=0"/></net>

<net id="226"><net_src comp="34" pin="0"/><net_sink comp="220" pin=2"/></net>

<net id="232"><net_src comp="62" pin="0"/><net_sink comp="227" pin=0"/></net>

<net id="233"><net_src comp="80" pin="0"/><net_sink comp="227" pin=2"/></net>

<net id="239"><net_src comp="66" pin="0"/><net_sink comp="234" pin=0"/></net>

<net id="240"><net_src comp="82" pin="0"/><net_sink comp="234" pin=2"/></net>

<net id="244"><net_src comp="86" pin="2"/><net_sink comp="241" pin=0"/></net>

<net id="245"><net_src comp="241" pin="1"/><net_sink comp="179" pin=0"/></net>

<net id="246"><net_src comp="241" pin="1"/><net_sink comp="185" pin=1"/></net>

<net id="247"><net_src comp="241" pin="1"/><net_sink comp="199" pin=1"/></net>

<net id="248"><net_src comp="241" pin="1"/><net_sink comp="213" pin=1"/></net>

<net id="249"><net_src comp="241" pin="1"/><net_sink comp="227" pin=1"/></net>

<net id="253"><net_src comp="92" pin="2"/><net_sink comp="250" pin=0"/></net>

<net id="254"><net_src comp="250" pin="1"/><net_sink comp="182" pin=0"/></net>

<net id="255"><net_src comp="250" pin="1"/><net_sink comp="192" pin=1"/></net>

<net id="256"><net_src comp="250" pin="1"/><net_sink comp="206" pin=1"/></net>

<net id="257"><net_src comp="250" pin="1"/><net_sink comp="220" pin=1"/></net>

<net id="258"><net_src comp="250" pin="1"/><net_sink comp="234" pin=1"/></net>

<net id="262"><net_src comp="149" pin="2"/><net_sink comp="259" pin=0"/></net>

<net id="266"><net_src comp="155" pin="2"/><net_sink comp="263" pin=0"/></net>

<net id="270"><net_src comp="161" pin="2"/><net_sink comp="267" pin=0"/></net>

<net id="274"><net_src comp="167" pin="2"/><net_sink comp="271" pin=0"/></net>

<net id="278"><net_src comp="173" pin="2"/><net_sink comp="275" pin=0"/></net>

<net id="282"><net_src comp="179" pin="1"/><net_sink comp="279" pin=0"/></net>

<net id="286"><net_src comp="182" pin="1"/><net_sink comp="283" pin=0"/></net>

<net id="290"><net_src comp="185" pin="3"/><net_sink comp="287" pin=0"/></net>

<net id="294"><net_src comp="192" pin="3"/><net_sink comp="291" pin=0"/></net>

<net id="298"><net_src comp="199" pin="3"/><net_sink comp="295" pin=0"/></net>

<net id="302"><net_src comp="206" pin="3"/><net_sink comp="299" pin=0"/></net>

<net id="306"><net_src comp="213" pin="3"/><net_sink comp="303" pin=0"/></net>

<net id="310"><net_src comp="220" pin="3"/><net_sink comp="307" pin=0"/></net>

<net id="314"><net_src comp="227" pin="3"/><net_sink comp="311" pin=0"/></net>

<net id="318"><net_src comp="234" pin="3"/><net_sink comp="315" pin=0"/></net>

</net_list>

</model> 
---------------- Datapath Model END ------------------

* FSMD analyzer results:
  - Output states:
	Port: leds | {1 }
	Port: sg_data | {1 2 3 4 5 }
	Port: sg_enable | {1 2 3 4 5 }
 - Input state : 
	Port: home_alarm_system : slide_switches | {1 }
	Port: home_alarm_system : push_buttons | {1 }
  - Chain level:
	State 1
		icmp_ln53 : 1
		br_ln53 : 2
		icmp_ln57 : 1
		icmp_ln57_1 : 1
		or_ln57 : 2
		br_ln57 : 2
		br_ln108 : 1
		br_ln125 : 2
	State 2
		br_ln47 : 1
		br_ln47 : 1
		br_ln52 : 1
		br_ln52 : 1
		br_ln57 : 1
		br_ln57 : 1
	State 3
	State 4
		br_ln78 : 1
		br_ln78 : 1
		br_ln83 : 1
		br_ln83 : 1
	State 5


============================================================
+ Verbose Summary: Datapath Resource usage 
============================================================

* Functional unit list:
|----------|--------------------------------|---------|---------|
| Operation|         Functional Unit        |    FF   |   LUT   |
|----------|--------------------------------|---------|---------|
|          |        icmp_ln53_fu_149        |    0    |    13   |
|   icmp   |        icmp_ln57_fu_155        |    0    |    11   |
|          |       icmp_ln57_1_fu_161       |    0    |    10   |
|          |        icmp_ln108_fu_173       |    0    |    13   |
|----------|--------------------------------|---------|---------|
|    or    |         or_ln57_fu_167         |    0    |    2    |
|----------|--------------------------------|---------|---------|
|   read   |  push_buttons_read_read_fu_86  |    0    |    0    |
|          | slide_switches_read_read_fu_92 |    0    |    0    |
|----------|--------------------------------|---------|---------|
|          |     write_ln50_write_fu_98     |    0    |    0    |
|   write  |        grp_write_fu_106        |    0    |    0    |
|          |        grp_write_fu_114        |    0    |    0    |
|----------|--------------------------------|---------|---------|
|          |      window_sensors_fu_129     |    0    |    0    |
|   trunc  |        trunc_ln47_fu_179       |    0    |    0    |
|          |       trunc_ln47_1_fu_182      |    0    |    0    |
|----------|--------------------------------|---------|---------|
|partselect|     motion_detectors_fu_133    |    0    |    0    |
|          |       switch_code_fu_141       |    0    |    0    |
|----------|--------------------------------|---------|---------|
|          |           tmp_fu_185           |    0    |    0    |
|          |          tmp_1_fu_192          |    0    |    0    |
|          |          tmp_2_fu_199          |    0    |    0    |
| bitselect|          tmp_3_fu_206          |    0    |    0    |
|          |          tmp_4_fu_213          |    0    |    0    |
|          |          tmp_5_fu_220          |    0    |    0    |
|          |          tmp_6_fu_227          |    0    |    0    |
|          |          tmp_7_fu_234          |    0    |    0    |
|----------|--------------------------------|---------|---------|
|   Total  |                                |    0    |    49   |
|----------|--------------------------------|---------|---------|

Memories:
N/A

* Register list:
+---------------------------+--------+
|                           |   FF   |
+---------------------------+--------+
|     icmp_ln108_reg_275    |    1   |
|     icmp_ln53_reg_259     |    1   |
|    icmp_ln57_1_reg_267    |    1   |
|     icmp_ln57_reg_263     |    1   |
|      or_ln57_reg_271      |    1   |
| push_buttons_read_reg_241 |    5   |
|slide_switches_read_reg_250|   16   |
|       tmp_1_reg_291       |    1   |
|       tmp_2_reg_295       |    1   |
|       tmp_3_reg_299       |    1   |
|       tmp_4_reg_303       |    1   |
|       tmp_5_reg_307       |    1   |
|       tmp_6_reg_311       |    1   |
|       tmp_7_reg_315       |    1   |
|        tmp_reg_287        |    1   |
|    trunc_ln47_1_reg_283   |    1   |
|     trunc_ln47_reg_279    |    1   |
+---------------------------+--------+
|           Total           |   36   |
+---------------------------+--------+

* Multiplexer (MUX) list: 
|------------------|------|------|------|--------||---------||---------||---------|
|       Comp       |  Pin | Size |  BW  | S x BW ||  Delay  ||    FF   ||   LUT   |
|------------------|------|------|------|--------||---------||---------||---------|
| grp_write_fu_106 |  p2  |   6  |   8  |   48   ||    0    ||    9    |
| grp_write_fu_114 |  p2  |   3  |   3  |    9   |
|------------------|------|------|------|--------||---------||---------||---------|
|       Total      |      |      |      |   57   || 3.38214 ||    0    ||    9    |
|------------------|------|------|------|--------||---------||---------||---------|



* Summary:
+-----------+--------+--------+--------+
|           |  Delay |   FF   |   LUT  |
+-----------+--------+--------+--------+
|  Function |    -   |    0   |   49   |
|   Memory  |    -   |    -   |    -   |
|Multiplexer|    3   |    0   |    9   |
|  Register |    -   |   36   |    -   |
+-----------+--------+--------+--------+
|   Total   |    3   |   36   |   58   |
+-----------+--------+--------+--------+
