/home/lenovo/Simulation_Linux/HLS/Home_Alarm_Sys_Vitis/Home_Alarm_Sys_Vitis/hls/.autopilot/db/main_home_alarm_sys.pp.0.cpp:2263:5: warning: Added loop label VITIS_LOOP_676_1:   [xilinx-label-all-loops]
    for (unsigned i = low; i != high+1; ++i) {
    ^~~
    VITIS_LOOP_676_1: 
/home/lenovo/Simulation_Linux/HLS/Home_Alarm_Sys_Vitis/Home_Alarm_Sys_Vitis/hls/.autopilot/db/main_home_alarm_sys.pp.0.cpp:2263:5: note: FIX-IT applied suggested code changes
/home/lenovo/Simulation_Linux/HLS/Home_Alarm_Sys_Vitis/Home_Alarm_Sys_Vitis/hls/.autopilot/db/main_home_alarm_sys.pp.0.cpp:2277:5: warning: Added loop label VITIS_LOOP_690_1:   [xilinx-label-all-loops]
    for (unsigned i = low; i != high+1; ++i) {
    ^~~
    VITIS_LOOP_690_1: 
/home/lenovo/Simulation_Linux/HLS/Home_Alarm_Sys_Vitis/Home_Alarm_Sys_Vitis/hls/.autopilot/db/main_home_alarm_sys.pp.0.cpp:2277:5: note: FIX-IT applied suggested code changes
/home/lenovo/Simulation_Linux/HLS/Home_Alarm_Sys_Vitis/Home_Alarm_Sys_Vitis/hls/.autopilot/db/main_home_alarm_sys.pp.0.cpp:2291:5: warning: Added loop label VITIS_LOOP_704_1:   [xilinx-label-all-loops]
    for (unsigned i = low; i != high+1; ++i) {
    ^~~
    VITIS_LOOP_704_1: 
/home/lenovo/Simulation_Linux/HLS/Home_Alarm_Sys_Vitis/Home_Alarm_Sys_Vitis/hls/.autopilot/db/main_home_alarm_sys.pp.0.cpp:2291:5: note: FIX-IT applied suggested code changes
/home/lenovo/Simulation_Linux/HLS/Home_Alarm_Sys_Vitis/Home_Alarm_Sys_Vitis/hls/.autopilot/db/main_home_alarm_sys.pp.0.cpp:4259:7: warning: Added loop label VITIS_LOOP_1248_1:   [xilinx-label-all-loops]
      for (i = 0; i < __N - 1; ++i) {
      ^~~
      VITIS_LOOP_1248_1: 
/home/lenovo/Simulation_Linux/HLS/Home_Alarm_Sys_Vitis/Home_Alarm_Sys_Vitis/hls/.autopilot/db/main_home_alarm_sys.pp.0.cpp:4259:7: note: FIX-IT applied suggested code changes
