

================================================================
== Vitis HLS Report for 'leading_one'
================================================================
* Date:           Sun Nov 16 15:58:29 2025

* Version:        2025.1 (Build 6135595 on May 21 2025)
* Project:        Leading_One_Vitis
* Solution:       hls (Vivado IP Flow Target)
* Product family: artix7
* Target device:  xc7a35t-cpg236-1


================================================================
== Performance Estimates
================================================================
+ Timing: 
    * Summary: 
    +--------+----------+----------+------------+
    |  Clock |  Target  | Estimated| Uncertainty|
    +--------+----------+----------+------------+
    |ap_clk  |  20.00 ns|  6.695 ns|     5.40 ns|
    +--------+----------+----------+------------+

+ Latency: 
    * Summary: 
    +---------+---------+----------+----------+-----+-----+---------+
    |  Latency (cycles) |  Latency (absolute) |  Interval | Pipeline|
    |   min   |   max   |    min   |    max   | min | max |   Type  |
    +---------+---------+----------+----------+-----+-----+---------+
    |        0|        0|      0 ns|      0 ns|    1|    1|       no|
    +---------+---------+----------+----------+-----+-----+---------+

    + Detail: 
        * Instance: 
        N/A

        * Loop: 
        N/A



================================================================
== Utilization Estimates
================================================================
* Summary: 
+-----------------+---------+----+-------+-------+-----+
|       Name      | BRAM_18K| DSP|   FF  |  LUT  | URAM|
+-----------------+---------+----+-------+-------+-----+
|DSP              |        -|   -|      -|      -|    -|
|Expression       |        -|   -|      0|     44|    -|
|FIFO             |        -|   -|      -|      -|    -|
|Instance         |        -|   -|      0|     33|    -|
|Memory           |        -|   -|      -|      -|    -|
|Multiplexer      |        -|   -|      -|      -|    -|
|Register         |        -|   -|      -|      -|    -|
+-----------------+---------+----+-------+-------+-----+
|Total            |        0|   0|      0|     77|    0|
+-----------------+---------+----+-------+-------+-----+
|Available        |      100|  90|  41600|  20800|    0|
+-----------------+---------+----+-------+-------+-----+
|Utilization (%)  |        0|   0|      0|     ~0|    0|
+-----------------+---------+----+-------+-------+-----+

+ Detail: 
    * Instance: 
    +-------------------------+----------------------+---------+----+---+----+-----+
    |         Instance        |        Module        | BRAM_18K| DSP| FF| LUT| URAM|
    +-------------------------+----------------------+---------+----+---+----+-----+
    |sparsemux_19_8_5_1_1_U1  |sparsemux_19_8_5_1_1  |        0|   0|  0|  33|    0|
    +-------------------------+----------------------+---------+----+---+----+-----+
    |Total                    |                      |        0|   0|  0|  33|    0|
    +-------------------------+----------------------+---------+----+---+----+-----+

    * DSP: 
    N/A

    * Memory: 
    N/A

    * FIFO: 
    N/A

    * Expression: 
    +---------------------+----------+----+---+----+------------+------------+
    |    Variable Name    | Operation| DSP| FF| LUT| Bitwidth P0| Bitwidth P1|
    +---------------------+----------+----+---+----+------------+------------+
    |and_ln20_fu_180_p2   |       and|   0|  0|   2|           1|           1|
    |and_ln23_fu_198_p2   |       and|   0|  0|   2|           1|           1|
    |and_ln26_fu_216_p2   |       and|   0|  0|   2|           1|           1|
    |and_ln29_fu_234_p2   |       and|   0|  0|   2|           1|           1|
    |and_ln32_fu_252_p2   |       and|   0|  0|   2|           1|           1|
    |and_ln35_fu_270_p2   |       and|   0|  0|   2|           1|           1|
    |and_ln38_fu_288_p2   |       and|   0|  0|   2|           1|           1|
    |or_ln20_fu_186_p2    |        or|   0|  0|   2|           1|           1|
    |or_ln23_fu_204_p2    |        or|   0|  0|   2|           1|           1|
    |or_ln26_fu_222_p2    |        or|   0|  0|   2|           1|           1|
    |or_ln29_fu_240_p2    |        or|   0|  0|   2|           1|           1|
    |or_ln32_fu_258_p2    |        or|   0|  0|   2|           1|           1|
    |or_ln35_fu_276_p2    |        or|   0|  0|   2|           1|           1|
    |retval_8_fu_314_p18  |    select|   0|  0|   2|           1|           2|
    |index_fu_160_p2      |       xor|   0|  0|   2|           1|           2|
    |xor_ln17_fu_174_p2   |       xor|   0|  0|   2|           1|           2|
    |xor_ln20_fu_192_p2   |       xor|   0|  0|   2|           1|           2|
    |xor_ln23_fu_210_p2   |       xor|   0|  0|   2|           1|           2|
    |xor_ln26_fu_228_p2   |       xor|   0|  0|   2|           1|           2|
    |xor_ln29_fu_246_p2   |       xor|   0|  0|   2|           1|           2|
    |xor_ln32_fu_264_p2   |       xor|   0|  0|   2|           1|           2|
    |xor_ln35_fu_282_p2   |       xor|   0|  0|   2|           1|           2|
    +---------------------+----------+----+---+----+------------+------------+
    |Total                |          |   0|  0|  44|          22|          31|
    +---------------------+----------+----+---+----+------------+------------+

    * Multiplexer: 
    N/A

    * Register: 
    N/A



================================================================
== Interface
================================================================
* Summary: 
+-----------+-----+-----+--------------+--------------+--------------+
| RTL Ports | Dir | Bits|   Protocol   | Source Object|    C Type    |
+-----------+-----+-----+--------------+--------------+--------------+
|a          |   in|    9|       ap_none|             a|        scalar|
|ap_return  |  out|    5|  ap_ctrl_none|   leading_one|  return value|
|ap_rst     |   in|    1|  ap_ctrl_none|   leading_one|  return value|
+-----------+-----+-----+--------------+--------------+--------------+

