
*** Running vivado
    with args -log SevenSeg_SingleDigit_single_seven_segment_0_0.vds -m64 -product Vivado -mode batch -messageDb vivado.pb -notrace -source SevenSeg_SingleDigit_single_seven_segment_0_0.tcl


****** Vivado v2025.1 (64-bit)
  **** SW Build 6140274 on Wed May 21 22:58:25 MDT 2025
  **** IP Build 6138677 on Thu May 22 03:10:11 MDT 2025
  **** SharedData Build 6139179 on Tue May 20 17:58:58 MDT 2025
  **** Start of session at: Thu Nov 27 09:41:01 2025
    ** Copyright 1986-2022 Xilinx, Inc. All Rights Reserved.
    ** Copyright 2022-2025 Advanced Micro Devices, Inc. All Rights Reserved.

source SevenSeg_SingleDigit_single_seven_segment_0_0.tcl -notrace
INFO: [IP_Flow 19-234] Refreshing IP repositories
INFO: [IP_Flow 19-1700] Loaded user IP repository '/home/lenovo/Simulation_Linux/HLS'.
WARNING: [IP_Flow 19-3656] If you move the project, the path for repository '/home/lenovo/Simulation_Linux/HLS' may become invalid. A better location for the repository would be in a path adjacent to the project. (Current project location is '/home/lenovo/Simulation_Linux/HLS/Seven_Seg_Single_Digit_Vivado/Seven_Seg_Single_Digit_Vivado.runs/SevenSeg_SingleDigit_single_seven_segment_0_0_synth_1'.)
INFO: [IP_Flow 19-2313] Loaded Vivado IP repository '/opt/Xilinx/2025.1/Vivado/data/ip'.
Command: synth_design -top SevenSeg_SingleDigit_single_seven_segment_0_0 -part xc7a35tcpg236-1 -incremental_mode off -mode out_of_context
Starting synth_design
Attempting to get a license for feature 'Synthesis' and/or device 'xc7a35t'
INFO: [Common 17-349] Got license for feature 'Synthesis' and/or device 'xc7a35t'
INFO: [Device 21-403] Loading part xc7a35tcpg236-1
INFO: [Synth 8-7079] Multithreading enabled for synth_design using a maximum of 7 processes.
INFO: [Synth 8-7078] Launching helper process for spawning children vivado processes
INFO: [Synth 8-7075] Helper process launched with PID 21142
---------------------------------------------------------------------------------
Starting RTL Elaboration : Time (s): cpu = 00:00:03 ; elapsed = 00:00:03 . Memory (MB): peak = 2096.176 ; gain = 439.711 ; free physical = 1082 ; free virtual = 8609
---------------------------------------------------------------------------------
INFO: [Synth 8-6157] synthesizing module 'SevenSeg_SingleDigit_single_seven_segment_0_0' [/home/lenovo/Simulation_Linux/HLS/Seven_Seg_Single_Digit_Vivado/Seven_Seg_Single_Digit_Vivado.gen/sources_1/bd/SevenSeg_SingleDigit/ip/SevenSeg_SingleDigit_single_seven_segment_0_0/synth/SevenSeg_SingleDigit_single_seven_segment_0_0.v:53]
INFO: [Synth 8-6157] synthesizing module 'single_seven_segment' [/home/lenovo/Simulation_Linux/HLS/Seven_Seg_Single_Digit_Vivado/Seven_Seg_Single_Digit_Vivado.gen/sources_1/bd/SevenSeg_SingleDigit/ipshared/7a59/hdl/verilog/single_seven_segment.v:9]
INFO: [Synth 8-6155] done synthesizing module 'single_seven_segment' (0#1) [/home/lenovo/Simulation_Linux/HLS/Seven_Seg_Single_Digit_Vivado/Seven_Seg_Single_Digit_Vivado.gen/sources_1/bd/SevenSeg_SingleDigit/ipshared/7a59/hdl/verilog/single_seven_segment.v:9]
INFO: [Synth 8-6155] done synthesizing module 'SevenSeg_SingleDigit_single_seven_segment_0_0' (0#1) [/home/lenovo/Simulation_Linux/HLS/Seven_Seg_Single_Digit_Vivado/Seven_Seg_Single_Digit_Vivado.gen/sources_1/bd/SevenSeg_SingleDigit/ip/SevenSeg_SingleDigit_single_seven_segment_0_0/synth/SevenSeg_SingleDigit_single_seven_segment_0_0.v:53]
WARNING: [Synth 8-7129] Port ap_rst in module single_seven_segment is either unconnected or has no load
---------------------------------------------------------------------------------
Finished RTL Elaboration : Time (s): cpu = 00:00:04 ; elapsed = 00:00:04 . Memory (MB): peak = 2169.113 ; gain = 512.648 ; free physical = 1010 ; free virtual = 8539
---------------------------------------------------------------------------------
---------------------------------------------------------------------------------
Start Handling Custom Attributes
---------------------------------------------------------------------------------
---------------------------------------------------------------------------------
Finished Handling Custom Attributes : Time (s): cpu = 00:00:04 ; elapsed = 00:00:04 . Memory (MB): peak = 2186.926 ; gain = 530.461 ; free physical = 1010 ; free virtual = 8539
---------------------------------------------------------------------------------
---------------------------------------------------------------------------------
Finished RTL Optimization Phase 1 : Time (s): cpu = 00:00:04 ; elapsed = 00:00:04 . Memory (MB): peak = 2186.926 ; gain = 530.461 ; free physical = 1010 ; free virtual = 8539
---------------------------------------------------------------------------------
Netlist sorting complete. Time (s): cpu = 00:00:00 ; elapsed = 00:00:00 . Memory (MB): peak = 2186.926 ; gain = 0.000 ; free physical = 1010 ; free virtual = 8539
INFO: [Project 1-570] Preparing netlist for logic optimization

Processing XDC Constraints
Initializing timing engine
Parsing XDC File [/home/lenovo/Simulation_Linux/HLS/Seven_Seg_Single_Digit_Vivado/Seven_Seg_Single_Digit_Vivado.gen/sources_1/bd/SevenSeg_SingleDigit/ip/SevenSeg_SingleDigit_single_seven_segment_0_0/constraints/single_seven_segment_ooc.xdc] for cell 'inst'
Finished Parsing XDC File [/home/lenovo/Simulation_Linux/HLS/Seven_Seg_Single_Digit_Vivado/Seven_Seg_Single_Digit_Vivado.gen/sources_1/bd/SevenSeg_SingleDigit/ip/SevenSeg_SingleDigit_single_seven_segment_0_0/constraints/single_seven_segment_ooc.xdc] for cell 'inst'
Parsing XDC File [/home/lenovo/Simulation_Linux/HLS/Seven_Seg_Single_Digit_Vivado/Seven_Seg_Single_Digit_Vivado.runs/SevenSeg_SingleDigit_single_seven_segment_0_0_synth_1/dont_touch.xdc]
Finished Parsing XDC File [/home/lenovo/Simulation_Linux/HLS/Seven_Seg_Single_Digit_Vivado/Seven_Seg_Single_Digit_Vivado.runs/SevenSeg_SingleDigit_single_seven_segment_0_0_synth_1/dont_touch.xdc]
Completed Processing XDC Constraints

Netlist sorting complete. Time (s): cpu = 00:00:00 ; elapsed = 00:00:00 . Memory (MB): peak = 2283.664 ; gain = 0.000 ; free physical = 1008 ; free virtual = 8551
INFO: [Project 1-111] Unisim Transformation Summary:
No Unisim elements were transformed.

Constraint Validation Runtime : Time (s): cpu = 00:00:00.01 ; elapsed = 00:00:00.01 . Memory (MB): peak = 2283.699 ; gain = 0.000 ; free physical = 1008 ; free virtual = 8551
INFO: [Designutils 20-5008] Incremental synthesis strategy off
---------------------------------------------------------------------------------
Finished Constraint Validation : Time (s): cpu = 00:00:08 ; elapsed = 00:00:09 . Memory (MB): peak = 2283.699 ; gain = 627.234 ; free physical = 1023 ; free virtual = 8566
---------------------------------------------------------------------------------
---------------------------------------------------------------------------------
Start Loading Part and Timing Information
---------------------------------------------------------------------------------
Loading part: xc7a35tcpg236-1
---------------------------------------------------------------------------------
Finished Loading Part and Timing Information : Time (s): cpu = 00:00:08 ; elapsed = 00:00:09 . Memory (MB): peak = 2291.668 ; gain = 635.203 ; free physical = 1023 ; free virtual = 8566
---------------------------------------------------------------------------------
---------------------------------------------------------------------------------
Start Applying 'set_property' XDC Constraints
---------------------------------------------------------------------------------
---------------------------------------------------------------------------------
Finished applying 'set_property' XDC Constraints : Time (s): cpu = 00:00:08 ; elapsed = 00:00:09 . Memory (MB): peak = 2291.668 ; gain = 635.203 ; free physical = 1023 ; free virtual = 8566
---------------------------------------------------------------------------------
---------------------------------------------------------------------------------
Finished RTL Optimization Phase 2 : Time (s): cpu = 00:00:08 ; elapsed = 00:00:09 . Memory (MB): peak = 2291.668 ; gain = 635.203 ; free physical = 1023 ; free virtual = 8567
---------------------------------------------------------------------------------
---------------------------------------------------------------------------------
Start RTL Component Statistics 
---------------------------------------------------------------------------------
Detailed RTL Component Info : 
---------------------------------------------------------------------------------
Finished RTL Component Statistics 
---------------------------------------------------------------------------------
---------------------------------------------------------------------------------
Start Part Resource Summary
---------------------------------------------------------------------------------
Part Resources:
DSPs: 90 (col length:60)
BRAMs: 100 (col length: RAMB18 60 RAMB36 30)
---------------------------------------------------------------------------------
Finished Part Resource Summary
---------------------------------------------------------------------------------
---------------------------------------------------------------------------------
Start Cross Boundary and Area Optimization
---------------------------------------------------------------------------------
WARNING: [Synth 8-7080] Parallel synthesis criteria is not met
WARNING: [Synth 8-7129] Port ap_rst in module single_seven_segment is either unconnected or has no load
---------------------------------------------------------------------------------
Finished Cross Boundary and Area Optimization : Time (s): cpu = 00:00:09 ; elapsed = 00:00:10 . Memory (MB): peak = 2291.668 ; gain = 635.203 ; free physical = 1002 ; free virtual = 8548
---------------------------------------------------------------------------------
---------------------------------------------------------------------------------
Start Applying XDC Timing Constraints
---------------------------------------------------------------------------------
---------------------------------------------------------------------------------
Finished Applying XDC Timing Constraints : Time (s): cpu = 00:00:13 ; elapsed = 00:00:13 . Memory (MB): peak = 2345.668 ; gain = 689.203 ; free physical = 915 ; free virtual = 8467
---------------------------------------------------------------------------------
---------------------------------------------------------------------------------
Start Timing Optimization
---------------------------------------------------------------------------------
---------------------------------------------------------------------------------
Finished Timing Optimization : Time (s): cpu = 00:00:13 ; elapsed = 00:00:13 . Memory (MB): peak = 2345.668 ; gain = 689.203 ; free physical = 915 ; free virtual = 8467
---------------------------------------------------------------------------------
---------------------------------------------------------------------------------
Start Technology Mapping
---------------------------------------------------------------------------------
---------------------------------------------------------------------------------
Finished Technology Mapping : Time (s): cpu = 00:00:13 ; elapsed = 00:00:13 . Memory (MB): peak = 2354.684 ; gain = 698.219 ; free physical = 898 ; free virtual = 8450
---------------------------------------------------------------------------------
---------------------------------------------------------------------------------
Start IO Insertion
---------------------------------------------------------------------------------
---------------------------------------------------------------------------------
Start Flattening Before IO Insertion
---------------------------------------------------------------------------------
---------------------------------------------------------------------------------
Finished Flattening Before IO Insertion
---------------------------------------------------------------------------------
---------------------------------------------------------------------------------
Start Final Netlist Cleanup
---------------------------------------------------------------------------------
---------------------------------------------------------------------------------
Finished Final Netlist Cleanup
---------------------------------------------------------------------------------
---------------------------------------------------------------------------------
Finished IO Insertion : Time (s): cpu = 00:00:15 ; elapsed = 00:00:16 . Memory (MB): peak = 2538.496 ; gain = 882.031 ; free physical = 731 ; free virtual = 8283
---------------------------------------------------------------------------------
---------------------------------------------------------------------------------
Start Renaming Generated Instances
---------------------------------------------------------------------------------
---------------------------------------------------------------------------------
Finished Renaming Generated Instances : Time (s): cpu = 00:00:15 ; elapsed = 00:00:16 . Memory (MB): peak = 2538.496 ; gain = 882.031 ; free physical = 731 ; free virtual = 8283
---------------------------------------------------------------------------------
---------------------------------------------------------------------------------
Start Rebuilding User Hierarchy
---------------------------------------------------------------------------------
---------------------------------------------------------------------------------
Finished Rebuilding User Hierarchy : Time (s): cpu = 00:00:15 ; elapsed = 00:00:16 . Memory (MB): peak = 2538.496 ; gain = 882.031 ; free physical = 731 ; free virtual = 8283
---------------------------------------------------------------------------------
---------------------------------------------------------------------------------
Start Renaming Generated Ports
---------------------------------------------------------------------------------
---------------------------------------------------------------------------------
Finished Renaming Generated Ports : Time (s): cpu = 00:00:15 ; elapsed = 00:00:16 . Memory (MB): peak = 2538.496 ; gain = 882.031 ; free physical = 731 ; free virtual = 8283
---------------------------------------------------------------------------------
---------------------------------------------------------------------------------
Start Handling Custom Attributes
---------------------------------------------------------------------------------
---------------------------------------------------------------------------------
Finished Handling Custom Attributes : Time (s): cpu = 00:00:15 ; elapsed = 00:00:16 . Memory (MB): peak = 2538.496 ; gain = 882.031 ; free physical = 731 ; free virtual = 8283
---------------------------------------------------------------------------------
---------------------------------------------------------------------------------
Start Renaming Generated Nets
---------------------------------------------------------------------------------
---------------------------------------------------------------------------------
Finished Renaming Generated Nets : Time (s): cpu = 00:00:15 ; elapsed = 00:00:16 . Memory (MB): peak = 2538.496 ; gain = 882.031 ; free physical = 731 ; free virtual = 8283
---------------------------------------------------------------------------------
---------------------------------------------------------------------------------
Start Writing Synthesis Report
---------------------------------------------------------------------------------

Report BlackBoxes: 
+-+--------------+----------+
| |BlackBox name |Instances |
+-+--------------+----------+
+-+--------------+----------+

Report Cell Usage: 
+------+-----+------+
|      |Cell |Count |
+------+-----+------+
|1     |LUT4 |     1|
|2     |LUT5 |     7|
+------+-----+------+
---------------------------------------------------------------------------------
Finished Writing Synthesis Report : Time (s): cpu = 00:00:15 ; elapsed = 00:00:16 . Memory (MB): peak = 2538.496 ; gain = 882.031 ; free physical = 731 ; free virtual = 8283
---------------------------------------------------------------------------------
Synthesis finished with 0 errors, 0 critical warnings and 2 warnings.
Synthesis Optimization Runtime : Time (s): cpu = 00:00:14 ; elapsed = 00:00:15 . Memory (MB): peak = 2538.496 ; gain = 785.258 ; free physical = 731 ; free virtual = 8283
Synthesis Optimization Complete : Time (s): cpu = 00:00:15 ; elapsed = 00:00:16 . Memory (MB): peak = 2538.504 ; gain = 882.031 ; free physical = 731 ; free virtual = 8283
INFO: [Project 1-571] Translating synthesized netlist
Netlist sorting complete. Time (s): cpu = 00:00:00 ; elapsed = 00:00:00 . Memory (MB): peak = 2538.504 ; gain = 0.000 ; free physical = 731 ; free virtual = 8283
INFO: [Project 1-570] Preparing netlist for logic optimization
INFO: [Opt 31-138] Pushed 0 inverter(s) to 0 load pin(s).
Netlist sorting complete. Time (s): cpu = 00:00:00 ; elapsed = 00:00:00 . Memory (MB): peak = 2594.523 ; gain = 0.000 ; free physical = 768 ; free virtual = 8321
INFO: [Project 1-111] Unisim Transformation Summary:
No Unisim elements were transformed.

Synth Design complete | Checksum: f4a71bff
INFO: [Common 17-83] Releasing license: Synthesis
20 Infos, 4 Warnings, 0 Critical Warnings and 0 Errors encountered.
synth_design completed successfully
synth_design: Time (s): cpu = 00:00:20 ; elapsed = 00:00:19 . Memory (MB): peak = 2594.559 ; gain = 1080.273 ; free physical = 768 ; free virtual = 8320
INFO: [Common 17-2834] synth_design peak Physical Memory [PSS] (MB): overall = 1725.122; main = 1725.122; forked = 275.852
INFO: [Common 17-2834] synth_design peak Virtual Memory [VSS] (MB): overall = 3255.539; main = 2594.527; forked = 963.867
Write ShapeDB Complete: Time (s): cpu = 00:00:00 ; elapsed = 00:00:00 . Memory (MB): peak = 2618.535 ; gain = 0.000 ; free physical = 759 ; free virtual = 8312
INFO: [Common 17-1381] The checkpoint '/home/lenovo/Simulation_Linux/HLS/Seven_Seg_Single_Digit_Vivado/Seven_Seg_Single_Digit_Vivado.runs/SevenSeg_SingleDigit_single_seven_segment_0_0_synth_1/SevenSeg_SingleDigit_single_seven_segment_0_0.dcp' has been generated.
INFO: [Coretcl 2-1648] Added synthesis output to IP cache for IP SevenSeg_SingleDigit_single_seven_segment_0_0, cache-ID = 789d63a0d134b2d3
Write ShapeDB Complete: Time (s): cpu = 00:00:00.01 ; elapsed = 00:00:00 . Memory (MB): peak = 2618.535 ; gain = 0.000 ; free physical = 738 ; free virtual = 8292
INFO: [Common 17-1381] The checkpoint '/home/lenovo/Simulation_Linux/HLS/Seven_Seg_Single_Digit_Vivado/Seven_Seg_Single_Digit_Vivado.runs/SevenSeg_SingleDigit_single_seven_segment_0_0_synth_1/SevenSeg_SingleDigit_single_seven_segment_0_0.dcp' has been generated.
INFO: [Vivado 12-24828] Executing command : report_utilization -file SevenSeg_SingleDigit_single_seven_segment_0_0_utilization_synth.rpt -pb SevenSeg_SingleDigit_single_seven_segment_0_0_utilization_synth.pb
INFO: [Common 17-206] Exiting Vivado at Thu Nov 27 09:41:24 2025...
