  **** HLS Build v2025.1 6135595
INFO: [HLS 200-2005] Using work_dir /home/lenovo/Simulation_Linux/HLS/Seven_Seg_Single_Digit_Vitis/Seven_Seg_Single_Digit_Vitis 
INFO: [HLS 200-2176] Writing Vitis IDE component file /home/lenovo/Simulation_Linux/HLS/Seven_Seg_Single_Digit_Vitis/Seven_Seg_Single_Digit_Vitis/vitis-comp.json
INFO: [HLS 200-10] Creating and opening component '/home/lenovo/Simulation_Linux/HLS/Seven_Seg_Single_Digit_Vitis/Seven_Seg_Single_Digit_Vitis'.
INFO: [HLS 200-1611] Setting target device to 'xc7a35t-cpg236-1'
INFO: [HLS 200-1505] Using default flow_target 'vivado'
Resolution: For help on HLS 200-1505 see docs.xilinx.com/access/sources/dita/topic?Doc_Version=2025.1%20English&url=ug1448-hls-guidance&resourceid=200-1505.html
INFO: [HLS 200-2174] Applying component config ini file /home/lenovo/Simulation_Linux/HLS/Seven_Seg_Single_Digit_Vitis/hls_config.cfg
INFO: [HLS 200-1465] Applying config ini 'syn.file=main_one_digit_7seg.cpp' from /home/lenovo/Simulation_Linux/HLS/Seven_Seg_Single_Digit_Vitis/hls_config.cfg(9)
INFO: [HLS 200-10] Adding design file '/home/lenovo/Simulation_Linux/HLS/Seven_Seg_Single_Digit_Vitis/main_one_digit_7seg.cpp' to the project
INFO: [HLS 200-1465] Applying config ini 'syn.file=one_digit_7seg.hpp' from /home/lenovo/Simulation_Linux/HLS/Seven_Seg_Single_Digit_Vitis/hls_config.cfg(10)
INFO: [HLS 200-10] Adding design file '/home/lenovo/Simulation_Linux/HLS/Seven_Seg_Single_Digit_Vitis/one_digit_7seg.hpp' to the project
INFO: [HLS 200-1465] Applying config ini 'tb.file=one_digit_7seg_tb.cpp' from /home/lenovo/Simulation_Linux/HLS/Seven_Seg_Single_Digit_Vitis/hls_config.cfg(7)
INFO: [HLS 200-10] Adding test bench file '/home/lenovo/Simulation_Linux/HLS/Seven_Seg_Single_Digit_Vitis/one_digit_7seg_tb.cpp' to the project
INFO: [HLS 200-1465] Applying config ini 'tb.file=one_digit_7seg_tb.hpp' from /home/lenovo/Simulation_Linux/HLS/Seven_Seg_Single_Digit_Vitis/hls_config.cfg(8)
INFO: [HLS 200-10] Adding test bench file '/home/lenovo/Simulation_Linux/HLS/Seven_Seg_Single_Digit_Vitis/one_digit_7seg_tb.hpp' to the project
INFO: [HLS 200-1465] Applying config ini 'syn.top=single_seven_segment' from /home/lenovo/Simulation_Linux/HLS/Seven_Seg_Single_Digit_Vitis/hls_config.cfg(11)
INFO: [HLS 200-1465] Applying config ini 'flow_target=vivado' from /home/lenovo/Simulation_Linux/HLS/Seven_Seg_Single_Digit_Vitis/hls_config.cfg(4)
INFO: [HLS 200-1505] Using flow_target 'vivado'
Resolution: For help on HLS 200-1505 see docs.xilinx.com/access/sources/dita/topic?Doc_Version=2025.1%20English&url=ug1448-hls-guidance&resourceid=200-1505.html
INFO: [HLS 200-1465] Applying config ini 'part=xc7a35tcpg236-1' from /home/lenovo/Simulation_Linux/HLS/Seven_Seg_Single_Digit_Vitis/hls_config.cfg(1)
INFO: [HLS 200-1465] Applying config ini 'package.output.format=ip_catalog' from /home/lenovo/Simulation_Linux/HLS/Seven_Seg_Single_Digit_Vitis/hls_config.cfg(5)
INFO: [HLS 200-2176] Writing Vitis IDE component file /home/lenovo/Simulation_Linux/HLS/Seven_Seg_Single_Digit_Vitis/Seven_Seg_Single_Digit_Vitis/vitis-comp.json
INFO: [IMPL 213-8] Exporting RTL as a Vivado IP.

****** Vivado v2025.1 (64-bit)
  **** SW Build 6140274 on Wed May 21 22:58:25 MDT 2025
  **** IP Build 6138677 on Thu May 22 03:10:11 MDT 2025
  **** SharedData Build 6139179 on Tue May 20 17:58:58 MDT 2025
  **** Start of session at: Thu Nov 27 09:32:26 2025
    ** Copyright 1986-2022 Xilinx, Inc. All Rights Reserved.
    ** Copyright 2022-2025 Advanced Micro Devices, Inc. All Rights Reserved.

source run_ippack.tcl -notrace
INFO: calling package_hls_ip ip_types=vitis sysgen json_file=/home/lenovo/Simulation_Linux/HLS/Seven_Seg_Single_Digit_Vitis/Seven_Seg_Single_Digit_Vitis/hls/hls_data.json outdir=/home/lenovo/Simulation_Linux/HLS/Seven_Seg_Single_Digit_Vitis/Seven_Seg_Single_Digit_Vitis/hls/impl/ip srcdir=/home/lenovo/Simulation_Linux/HLS/Seven_Seg_Single_Digit_Vitis/Seven_Seg_Single_Digit_Vitis/hls ippack_options_dict= ippack_options_dict=
INFO: Copied 1 ipmisc file(s) to /home/lenovo/Simulation_Linux/HLS/Seven_Seg_Single_Digit_Vitis/Seven_Seg_Single_Digit_Vitis/hls/impl/ip/misc
INFO: Copied 1 verilog file(s) to /home/lenovo/Simulation_Linux/HLS/Seven_Seg_Single_Digit_Vitis/Seven_Seg_Single_Digit_Vitis/hls/impl/ip/hdl/verilog
INFO: Copied 1 vhdl file(s) to /home/lenovo/Simulation_Linux/HLS/Seven_Seg_Single_Digit_Vitis/Seven_Seg_Single_Digit_Vitis/hls/impl/ip/hdl/vhdl
INFO: Import ports from HDL: /home/lenovo/Simulation_Linux/HLS/Seven_Seg_Single_Digit_Vitis/Seven_Seg_Single_Digit_Vitis/hls/impl/ip/hdl/vhdl/single_seven_segment.vhd (single_seven_segment)
INFO: Add data interface digit
INFO: Add data interface code7segment
INFO: [IP_Flow 19-234] Refreshing IP repositories
INFO: [IP_Flow 19-1704] No user IP repositories specified
INFO: [IP_Flow 19-2313] Loaded Vivado IP repository '/opt/Xilinx/2025.1/Vivado/data/ip'.
INFO: Add data interface control_signals
INFO: Add reset interface ap_rst
INFO: Calling post_process_vitis to specialize IP
INFO: Calling post_process_sysgen to specialize IP
Generating sysgen info xml from json file
INFO: Created IP /home/lenovo/Simulation_Linux/HLS/Seven_Seg_Single_Digit_Vitis/Seven_Seg_Single_Digit_Vitis/hls/impl/ip/component.xml
INFO: Created IP archive /home/lenovo/Simulation_Linux/HLS/Seven_Seg_Single_Digit_Vitis/Seven_Seg_Single_Digit_Vitis/hls/impl/ip/xilinx_com_hls_single_seven_segment_1_0.zip
INFO: [Common 17-206] Exiting Vivado at Thu Nov 27 09:32:29 2025...
INFO: [HLS 200-802] Generated output file Seven_Seg_Single_Digit_Vitis/single_seven_segment.zip
INFO: [HLS 200-112] Total CPU user time: 12.14 seconds. Total CPU system time: 1.36 seconds. Total elapsed time: 12.68 seconds; peak allocated memory: 297.020 MB.
INFO: [vitis-run 60-791] Total elapsed time: 0h 0m 16s
