  **** HLS Build v2025.1 6135595
INFO: [HLS 200-2005] Using work_dir /home/lenovo/Simulation_Linux/HLS/Seven_Seg_Single_Digit_Vitis/Seven_Seg_Single_Digit_Vitis 
INFO: [HLS 200-2176] Writing Vitis IDE component file /home/lenovo/Simulation_Linux/HLS/Seven_Seg_Single_Digit_Vitis/Seven_Seg_Single_Digit_Vitis/vitis-comp.json
INFO: [HLS 200-10] Creating and opening component '/home/lenovo/Simulation_Linux/HLS/Seven_Seg_Single_Digit_Vitis/Seven_Seg_Single_Digit_Vitis'.
INFO: [HLS 200-1505] Using default flow_target 'vivado'
Resolution: For help on HLS 200-1505 see docs.xilinx.com/access/sources/dita/topic?Doc_Version=2025.1%20English&url=ug1448-hls-guidance&resourceid=200-1505.html
INFO: [HLS 200-2174] Applying component config ini file /home/lenovo/Simulation_Linux/HLS/Seven_Seg_Single_Digit_Vitis/hls_config.cfg
INFO: [HLS 200-1465] Applying config ini 'syn.file=main_one_digit_7seg.cpp' from /home/lenovo/Simulation_Linux/HLS/Seven_Seg_Single_Digit_Vitis/hls_config.cfg(9)
INFO: [HLS 200-10] Adding design file '/home/lenovo/Simulation_Linux/HLS/Seven_Seg_Single_Digit_Vitis/main_one_digit_7seg.cpp' to the project
INFO: [HLS 200-1465] Applying config ini 'syn.file=one_digit_7seg.hpp' from /home/lenovo/Simulation_Linux/HLS/Seven_Seg_Single_Digit_Vitis/hls_config.cfg(10)
INFO: [HLS 200-10] Adding design file '/home/lenovo/Simulation_Linux/HLS/Seven_Seg_Single_Digit_Vitis/one_digit_7seg.hpp' to the project
INFO: [HLS 200-1465] Applying config ini 'tb.file=one_digit_7seg_tb.cpp' from /home/lenovo/Simulation_Linux/HLS/Seven_Seg_Single_Digit_Vitis/hls_config.cfg(7)
INFO: [HLS 200-10] Adding test bench file '/home/lenovo/Simulation_Linux/HLS/Seven_Seg_Single_Digit_Vitis/one_digit_7seg_tb.cpp' to the project
INFO: [HLS 200-1465] Applying config ini 'tb.file=one_digit_7seg_tb.hpp' from /home/lenovo/Simulation_Linux/HLS/Seven_Seg_Single_Digit_Vitis/hls_config.cfg(8)
INFO: [HLS 200-10] Adding test bench file '/home/lenovo/Simulation_Linux/HLS/Seven_Seg_Single_Digit_Vitis/one_digit_7seg_tb.hpp' to the project
INFO: [HLS 200-1465] Applying config ini 'syn.top=single_seven_segment' from /home/lenovo/Simulation_Linux/HLS/Seven_Seg_Single_Digit_Vitis/hls_config.cfg(11)
INFO: [HLS 200-1465] Applying config ini 'flow_target=vivado' from /home/lenovo/Simulation_Linux/HLS/Seven_Seg_Single_Digit_Vitis/hls_config.cfg(4)
INFO: [HLS 200-1505] Using flow_target 'vivado'
Resolution: For help on HLS 200-1505 see docs.xilinx.com/access/sources/dita/topic?Doc_Version=2025.1%20English&url=ug1448-hls-guidance&resourceid=200-1505.html
INFO: [HLS 200-1465] Applying config ini 'part=xc7a35tcpg236-1' from /home/lenovo/Simulation_Linux/HLS/Seven_Seg_Single_Digit_Vitis/hls_config.cfg(1)
INFO: [HLS 200-1611] Setting target device to 'xc7a35t-cpg236-1'
INFO: [HLS 200-1465] Applying config ini 'package.output.format=ip_catalog' from /home/lenovo/Simulation_Linux/HLS/Seven_Seg_Single_Digit_Vitis/hls_config.cfg(5)
INFO: [HLS 200-2176] Writing Vitis IDE component file /home/lenovo/Simulation_Linux/HLS/Seven_Seg_Single_Digit_Vitis/Seven_Seg_Single_Digit_Vitis/vitis-comp.json
INFO: [HLS 200-111] Finished File checks and directory preparation: CPU user time: 1.64 seconds. CPU system time: 0.38 seconds. Elapsed time: 2.02 seconds; current allocated memory: 234.938 MB.
INFO: [HLS 200-10] Analyzing design file 'main_one_digit_7seg.cpp' ... 
INFO: [HLS 200-111] Finished Source Code Analysis and Preprocessing: CPU user time: 2.2 seconds. CPU system time: 0.48 seconds. Elapsed time: 2.69 seconds; current allocated memory: 236.898 MB.
INFO: [HLS 200-777] Using interface defaults for 'Vivado' flow target.
INFO: [HLS 200-1995] There were 326 instructions in the design after the 'Compile/Link' phase of compilation. See the Design Size Report for more details (/home/lenovo/Simulation_Linux/HLS/Seven_Seg_Single_Digit_Vitis/Seven_Seg_Single_Digit_Vitis/hls/syn/report/csynth_design_size.rpt:2)
INFO: [HLS 200-1995] There were 53 instructions in the design after the 'Unroll/Inline (step 1)' phase of compilation. See the Design Size Report for more details (/home/lenovo/Simulation_Linux/HLS/Seven_Seg_Single_Digit_Vitis/Seven_Seg_Single_Digit_Vitis/hls/syn/report/csynth_design_size.rpt:2)
INFO: [HLS 200-1995] There were 53 instructions in the design after the 'Unroll/Inline (step 2)' phase of compilation. See the Design Size Report for more details (/home/lenovo/Simulation_Linux/HLS/Seven_Seg_Single_Digit_Vitis/Seven_Seg_Single_Digit_Vitis/hls/syn/report/csynth_design_size.rpt:2)
INFO: [HLS 200-1995] There were 53 instructions in the design after the 'Unroll/Inline (step 3)' phase of compilation. See the Design Size Report for more details (/home/lenovo/Simulation_Linux/HLS/Seven_Seg_Single_Digit_Vitis/Seven_Seg_Single_Digit_Vitis/hls/syn/report/csynth_design_size.rpt:2)
INFO: [HLS 200-1995] There were 53 instructions in the design after the 'Unroll/Inline (step 4)' phase of compilation. See the Design Size Report for more details (/home/lenovo/Simulation_Linux/HLS/Seven_Seg_Single_Digit_Vitis/Seven_Seg_Single_Digit_Vitis/hls/syn/report/csynth_design_size.rpt:2)
INFO: [HLS 200-1995] There were 53 instructions in the design after the 'Array/Struct (step 1)' phase of compilation. See the Design Size Report for more details (/home/lenovo/Simulation_Linux/HLS/Seven_Seg_Single_Digit_Vitis/Seven_Seg_Single_Digit_Vitis/hls/syn/report/csynth_design_size.rpt:2)
INFO: [HLS 200-1995] There were 53 instructions in the design after the 'Array/Struct (step 2)' phase of compilation. See the Design Size Report for more details (/home/lenovo/Simulation_Linux/HLS/Seven_Seg_Single_Digit_Vitis/Seven_Seg_Single_Digit_Vitis/hls/syn/report/csynth_design_size.rpt:2)
INFO: [HLS 200-1995] There were 53 instructions in the design after the 'Array/Struct (step 3)' phase of compilation. See the Design Size Report for more details (/home/lenovo/Simulation_Linux/HLS/Seven_Seg_Single_Digit_Vitis/Seven_Seg_Single_Digit_Vitis/hls/syn/report/csynth_design_size.rpt:2)
INFO: [HLS 200-1995] There were 53 instructions in the design after the 'Array/Struct (step 4)' phase of compilation. See the Design Size Report for more details (/home/lenovo/Simulation_Linux/HLS/Seven_Seg_Single_Digit_Vitis/Seven_Seg_Single_Digit_Vitis/hls/syn/report/csynth_design_size.rpt:2)
INFO: [HLS 200-1995] There were 53 instructions in the design after the 'Array/Struct (step 5)' phase of compilation. See the Design Size Report for more details (/home/lenovo/Simulation_Linux/HLS/Seven_Seg_Single_Digit_Vitis/Seven_Seg_Single_Digit_Vitis/hls/syn/report/csynth_design_size.rpt:2)
INFO: [HLS 200-1995] There were 53 instructions in the design after the 'Performance (step 1)' phase of compilation. See the Design Size Report for more details (/home/lenovo/Simulation_Linux/HLS/Seven_Seg_Single_Digit_Vitis/Seven_Seg_Single_Digit_Vitis/hls/syn/report/csynth_design_size.rpt:2)
INFO: [HLS 200-1995] There were 53 instructions in the design after the 'Performance (step 2)' phase of compilation. See the Design Size Report for more details (/home/lenovo/Simulation_Linux/HLS/Seven_Seg_Single_Digit_Vitis/Seven_Seg_Single_Digit_Vitis/hls/syn/report/csynth_design_size.rpt:2)
INFO: [HLS 200-1995] There were 53 instructions in the design after the 'Performance (step 3)' phase of compilation. See the Design Size Report for more details (/home/lenovo/Simulation_Linux/HLS/Seven_Seg_Single_Digit_Vitis/Seven_Seg_Single_Digit_Vitis/hls/syn/report/csynth_design_size.rpt:2)
INFO: [HLS 200-1995] There were 53 instructions in the design after the 'Performance (step 4)' phase of compilation. See the Design Size Report for more details (/home/lenovo/Simulation_Linux/HLS/Seven_Seg_Single_Digit_Vitis/Seven_Seg_Single_Digit_Vitis/hls/syn/report/csynth_design_size.rpt:2)
INFO: [HLS 200-1995] There were 55 instructions in the design after the 'HW Transforms (step 1)' phase of compilation. See the Design Size Report for more details (/home/lenovo/Simulation_Linux/HLS/Seven_Seg_Single_Digit_Vitis/Seven_Seg_Single_Digit_Vitis/hls/syn/report/csynth_design_size.rpt:2)
INFO: [HLS 200-1995] There were 34 instructions in the design after the 'HW Transforms (step 2)' phase of compilation. See the Design Size Report for more details (/home/lenovo/Simulation_Linux/HLS/Seven_Seg_Single_Digit_Vitis/Seven_Seg_Single_Digit_Vitis/hls/syn/report/csynth_design_size.rpt:2)
INFO: [HLS 200-111] Finished Compiling Optimization and Transform: CPU user time: 1.86 seconds. CPU system time: 0.48 seconds. Elapsed time: 6.98 seconds; current allocated memory: 238.547 MB.
INFO: [HLS 200-111] Finished Checking Pragmas: CPU user time: 0 seconds. CPU system time: 0 seconds. Elapsed time: 0 seconds; current allocated memory: 238.547 MB.
INFO: [HLS 200-10] Starting code transformations ...
INFO: [HLS 200-111] Finished Standard Transforms: CPU user time: 0 seconds. CPU system time: 0 seconds. Elapsed time: 0.01 seconds; current allocated memory: 238.547 MB.
INFO: [HLS 200-10] Checking synthesizability ...
INFO: [HLS 200-111] Finished Checking Synthesizability: CPU user time: 0.01 seconds. CPU system time: 0 seconds. Elapsed time: 0.01 seconds; current allocated memory: 238.547 MB.
INFO: [HLS 200-111] Finished Loop, function and other optimizations: CPU user time: 0.01 seconds. CPU system time: 0.01 seconds. Elapsed time: 0.02 seconds; current allocated memory: 259.102 MB.
INFO: [HLS 200-111] Finished Architecture Synthesis: CPU user time: 0.02 seconds. CPU system time: 0 seconds. Elapsed time: 0.02 seconds; current allocated memory: 251.098 MB.
INFO: [HLS 200-10] Starting hardware synthesis ...
INFO: [HLS 200-10] Synthesizing 'single_seven_segment' ...
INFO: [SYN 201-201] Setting up clock 'default' with a period of 10ns.
INFO: [HLS 200-10] ----------------------------------------------------------------
INFO: [HLS 200-42] -- Implementing module 'single_seven_segment' 
INFO: [HLS 200-10] ----------------------------------------------------------------
INFO: [SCHED 204-11] Starting scheduling ...
INFO: [SCHED 204-11] Finished scheduling.
INFO: [HLS 200-111] Finished Scheduling: CPU user time: 0.02 seconds. CPU system time: 0.02 seconds. Elapsed time: 0.03 seconds; current allocated memory: 251.098 MB.
INFO: [BIND 205-100] Starting micro-architecture generation ...
INFO: [BIND 205-101] Performing variable lifetime analysis.
INFO: [BIND 205-101] Exploring resource sharing.
INFO: [BIND 205-101] Binding ...
INFO: [BIND 205-100] Finished micro-architecture generation.
INFO: [HLS 200-111] Finished Binding: CPU user time: 0.01 seconds. CPU system time: 0 seconds. Elapsed time: 0.02 seconds; current allocated memory: 251.098 MB.
INFO: [HLS 200-10] ----------------------------------------------------------------
INFO: [HLS 200-10] -- Generating RTL for module 'single_seven_segment' 
INFO: [HLS 200-10] ----------------------------------------------------------------
INFO: [RTGEN 206-500] Setting interface mode on port 'single_seven_segment/digit' to 'ap_none'.
INFO: [RTGEN 206-500] Setting interface mode on port 'single_seven_segment/code7segment' to 'ap_none'.
WARNING: [RTGEN 206-101] Port 'code7segment' with mode 'ap_none' may require an associated data valid signal to correctly communicate with other blocks or a test bench; automatic C/RTL co-simulation may not be able to verify such a port.
INFO: [RTGEN 206-500] Setting interface mode on port 'single_seven_segment/control_signals' to 'ap_none'.
WARNING: [RTGEN 206-101] Port 'control_signals' with mode 'ap_none' may require an associated data valid signal to correctly communicate with other blocks or a test bench; automatic C/RTL co-simulation may not be able to verify such a port.
INFO: [RTGEN 206-500] Setting interface mode on function 'single_seven_segment' to 'ap_ctrl_none'.
INFO: [RTGEN 206-100] Finished creating RTL model for 'single_seven_segment'.
INFO: [HLS 200-111] Finished Creating RTL model: CPU user time: 0.01 seconds. CPU system time: 0 seconds. Elapsed time: 0.01 seconds; current allocated memory: 251.098 MB.
INFO: [HLS 200-111] Finished Generating all RTL models: CPU user time: 0.14 seconds. CPU system time: 0.01 seconds. Elapsed time: 0.15 seconds; current allocated memory: 252.398 MB.
INFO: [HLS 200-111] Finished Updating report files: CPU user time: 0.26 seconds. CPU system time: 0.06 seconds. Elapsed time: 0.32 seconds; current allocated memory: 253.273 MB.
INFO: [VHDL 208-304] Generating VHDL RTL for single_seven_segment.
INFO: [VLOG 209-307] Generating Verilog RTL for single_seven_segment.
INFO: [HLS 200-789] **** Estimated Fmax: 472.81 MHz
INFO: [HLS 200-112] Total CPU user time: 6.18 seconds. Total CPU system time: 1.46 seconds. Total elapsed time: 12.28 seconds; peak allocated memory: 259.102 MB.
INFO: [v++ 60-791] Total elapsed time: 0h 0m 16s
