Thu Nov 27 09:31:18 2025: Running xcd server. This server was built by gradle.
Thu Nov 27 09:31:18 2025: Server was asked to start on port: '34789'
Thu Nov 27 09:31:18 2025: Server is using token UUID: '51bfc2df-7f38-48fb-ad33-8ae1f50f30c0'
Thu Nov 27 09:31:18 2025: SESSION_MGR: creating session with session uuid: '6d04a3e9-ade5-4ab9-8d63-1f78fcd2ec76' and name 'default'
Thu Nov 27 09:31:18 2025: Attempting to start server on port '34789'
Thu Nov 27 09:31:18 2025: XCD main fifo: created main fifo '/tmp/xcdmain51bfc2df-7f38-48fb-ad33-8ae1f50f30c0', fd read = 12
Thu Nov 27 09:31:18 2025: Running Dispatch Server
Thu Nov 27 09:31:18 2025: Version 2.2.0
Thu Nov 27 09:31:20 2025: Dispatch Server: Accepted socket connection from client
Thu Nov 27 09:31:20 2025: Starting Socket connection
Thu Nov 27 09:31:20 2025: EXCHANGE_TOKEN received, server token: 51bfc2df-7f38-48fb-ad33-8ae1f50f30c0, passed token: 51bfc2df-7f38-48fb-ad33-8ae1f50f30c0
Thu Nov 27 09:31:20 2025: DISPATCH_HANDLER: Adding handler from function makeHandler in library libxv_system_diagram
Thu Nov 27 09:31:20 2025: SESSION_MGR: creating session with session uuid: '75b2c203-0ef4-4698-ba1b-9a663a75c7ae' and name 'v++_compile_Seven_Seg_Single_Digit_Vitis'
Thu Nov 27 09:31:20 2025: KERNEL_SVC: creating session with uuid: '75b2c203-0ef4-4698-ba1b-9a663a75c7ae' and name 'v++_compile_Seven_Seg_Single_Digit_Vitis'
Thu Nov 27 09:31:20 2025: GUIDANCE_SMGR: creating guidance session with uuid: '75b2c203-0ef4-4698-ba1b-9a663a75c7ae' and name 'v++_compile_Seven_Seg_Single_Digit_Vitis'
Thu Nov 27 09:31:20 2025: SYSTEM_DIAGRAM: creating session with uuid: '75b2c203-0ef4-4698-ba1b-9a663a75c7ae' and name 'v++_compile_Seven_Seg_Single_Digit_Vitis'
Thu Nov 27 09:31:23 2025: Dispatch Server: Accepted socket connection from client
Thu Nov 27 09:31:23 2025: Starting Socket connection
Thu Nov 27 09:31:34 2025: SESSION_MGR: closing session for UUID '75b2c203-0ef4-4698-ba1b-9a663a75c7ae' with name 'v++_compile_Seven_Seg_Single_Digit_Vitis'
Thu Nov 27 09:31:34 2025: KERNEL_SVC: closing session for UUID '75b2c203-0ef4-4698-ba1b-9a663a75c7ae' with name 'v++_compile_Seven_Seg_Single_Digit_Vitis'
Thu Nov 27 09:31:34 2025: GUIDANCE_SMGR: closing session for UUID '75b2c203-0ef4-4698-ba1b-9a663a75c7ae' with name 'v++_compile_Seven_Seg_Single_Digit_Vitis'
Thu Nov 27 09:31:34 2025: SYSTEM_DIAGRAM: closing session for UUID '75b2c203-0ef4-4698-ba1b-9a663a75c7ae' with name 'v++_compile_Seven_Seg_Single_Digit_Vitis'
Thu Nov 27 09:31:34 2025: STOP_SERVER received, server token: 51bfc2df-7f38-48fb-ad33-8ae1f50f30c0, passed token: 51bfc2df-7f38-48fb-ad33-8ae1f50f30c0
Thu Nov 27 09:31:34 2025: Socket received request to stop server.
Thu Nov 27 09:31:34 2025: Dispatch Server: do_await_stop
Thu Nov 27 09:31:34 2025: Dispatch Server: stopping mainFifo_
Thu Nov 27 09:31:34 2025: XCD main fifo: Stopping
Thu Nov 27 09:31:34 2025: XCD main fifo: do_read error code: Operation canceled
Thu Nov 27 09:31:34 2025: XCD main fifo: bytes_transferred: 0
Thu Nov 27 09:31:34 2025: SERVER: destructor for server bound to port 34789
Thu Nov 27 09:31:34 2025: XCD main fifo: Good unlink of /tmp/xcdmain51bfc2df-7f38-48fb-ad33-8ae1f50f30c0
Thu Nov 27 09:31:34 2025: Server exiting with status 0.
Thu Nov 27 09:31:34 2025: Closing log file.
Thu Nov 27 09:32:19 2025: Running xcd server. This server was built by gradle.
Thu Nov 27 09:32:19 2025: Server was asked to start on port: '46309'
Thu Nov 27 09:32:19 2025: Server is using token UUID: 'f92467de-a2b5-4db5-8ebb-9a3413e760a2'
Thu Nov 27 09:32:19 2025: SESSION_MGR: creating session with session uuid: '6d04a3e9-ade5-4ab9-8d63-1f78fcd2ec76' and name 'default'
Thu Nov 27 09:32:19 2025: Attempting to start server on port '46309'
Thu Nov 27 09:32:19 2025: XCD main fifo: created main fifo '/tmp/xcdmainf92467de-a2b5-4db5-8ebb-9a3413e760a2', fd read = 12
Thu Nov 27 09:32:19 2025: Running Dispatch Server
Thu Nov 27 09:32:19 2025: Version 2.2.0
Thu Nov 27 09:32:21 2025: Dispatch Server: Accepted socket connection from client
Thu Nov 27 09:32:21 2025: Starting Socket connection
Thu Nov 27 09:32:21 2025: EXCHANGE_TOKEN received, server token: f92467de-a2b5-4db5-8ebb-9a3413e760a2, passed token: f92467de-a2b5-4db5-8ebb-9a3413e760a2
Thu Nov 27 09:32:21 2025: DISPATCH_HANDLER: Adding handler from function makeHandler in library libxv_system_diagram
Thu Nov 27 09:32:21 2025: SESSION_MGR: creating session with session uuid: '80bc05a4-ae17-41f0-a48b-ac34decc5f69' and name 'vitis-run_compile_Seven_Seg_Single_Digit_Vitis'
Thu Nov 27 09:32:21 2025: KERNEL_SVC: creating session with uuid: '80bc05a4-ae17-41f0-a48b-ac34decc5f69' and name 'vitis-run_compile_Seven_Seg_Single_Digit_Vitis'
Thu Nov 27 09:32:21 2025: GUIDANCE_SMGR: creating guidance session with uuid: '80bc05a4-ae17-41f0-a48b-ac34decc5f69' and name 'vitis-run_compile_Seven_Seg_Single_Digit_Vitis'
Thu Nov 27 09:32:21 2025: SYSTEM_DIAGRAM: creating session with uuid: '80bc05a4-ae17-41f0-a48b-ac34decc5f69' and name 'vitis-run_compile_Seven_Seg_Single_Digit_Vitis'
Thu Nov 27 09:32:24 2025: Dispatch Server: Accepted socket connection from client
Thu Nov 27 09:32:24 2025: Starting Socket connection
Thu Nov 27 09:32:35 2025: SESSION_MGR: closing session for UUID '80bc05a4-ae17-41f0-a48b-ac34decc5f69' with name 'vitis-run_compile_Seven_Seg_Single_Digit_Vitis'
Thu Nov 27 09:32:35 2025: KERNEL_SVC: closing session for UUID '80bc05a4-ae17-41f0-a48b-ac34decc5f69' with name 'vitis-run_compile_Seven_Seg_Single_Digit_Vitis'
Thu Nov 27 09:32:35 2025: GUIDANCE_SMGR: closing session for UUID '80bc05a4-ae17-41f0-a48b-ac34decc5f69' with name 'vitis-run_compile_Seven_Seg_Single_Digit_Vitis'
Thu Nov 27 09:32:35 2025: SYSTEM_DIAGRAM: closing session for UUID '80bc05a4-ae17-41f0-a48b-ac34decc5f69' with name 'vitis-run_compile_Seven_Seg_Single_Digit_Vitis'
Thu Nov 27 09:32:35 2025: STOP_SERVER received, server token: f92467de-a2b5-4db5-8ebb-9a3413e760a2, passed token: f92467de-a2b5-4db5-8ebb-9a3413e760a2
Thu Nov 27 09:32:35 2025: Socket received request to stop server.
Thu Nov 27 09:32:35 2025: Dispatch Server: do_await_stop
Thu Nov 27 09:32:35 2025: Dispatch Server: stopping mainFifo_
Thu Nov 27 09:32:35 2025: XCD main fifo: Stopping
Thu Nov 27 09:32:35 2025: XCD main fifo: do_read error code: Operation canceled
Thu Nov 27 09:32:35 2025: XCD main fifo: bytes_transferred: 0
Thu Nov 27 09:32:35 2025: SERVER: destructor for server bound to port 46309
Thu Nov 27 09:32:35 2025: XCD main fifo: Good unlink of /tmp/xcdmainf92467de-a2b5-4db5-8ebb-9a3413e760a2
Thu Nov 27 09:32:35 2025: Server exiting with status 0.
Thu Nov 27 09:32:35 2025: Closing log file.
