

================================================================
== Vitis HLS Report for 'leading_one'
================================================================
* Date:           Sun Nov 16 15:58:29 2025

* Version:        2025.1 (Build 6135595 on May 21 2025)
* Project:        Leading_One_Vitis
* Solution:       hls (Vivado IP Flow Target)
* Product family: artix7
* Target device:  xc7a35t-cpg236-1


================================================================
== Performance Estimates
================================================================
+ Timing: 
    * Summary: 
    +--------+----------+----------+------------+
    |  Clock |  Target  | Estimated| Uncertainty|
    +--------+----------+----------+------------+
    |ap_clk  |  20.00 ns|  6.695 ns|     5.40 ns|
    +--------+----------+----------+------------+

+ Latency: 
    * Summary: 
    +---------+---------+----------+----------+-----+-----+---------+
    |  Latency (cycles) |  Latency (absolute) |  Interval | Pipeline|
    |   min   |   max   |    min   |    max   | min | max |   Type  |
    +---------+---------+----------+----------+-----+-----+---------+
    |        0|        0|      0 ns|      0 ns|    1|    1|       no|
    +---------+---------+----------+----------+-----+-----+---------+

    + Detail: 
        * Instance: 
        N/A

        * Loop: 
        N/A

============================================================
+ Verbose Summary: Synthesis Manager
============================================================
InlineROM: 1
ExposeGlobal: 0
============================================================
+ Verbose Summary: CDFG Model
============================================================
IsTopModel: 1
ResetActiveHigh: 1
IsCombinational: 0
IsDatapathOnly: 0
HasWiredReturn: 1
HasMFsm: 0
HasVarLatency: 0
IsPipeline: 0
IsRtlPipelined: 0
IsInstanceOverlapped: 0
IsDontTouch: 0
HasImplIP: 0
IsGatedGlobalClock: 0


============================================================
+ Verbose Summary: Schedule
============================================================
* Number of FSM states : 1
* Pipeline : 0
* Dataflow Pipeline: 0

* FSM state transitions: 
1 --> 

* FSM state operations: 

State 1 <SV = 0> <Delay = 6.69>
ST_1 : Operation 2 [1/1] (0.00ns)   --->   "%specbitsmap_ln0 = specbitsmap void @_ssdm_op_SpecBitsMap, i5 0"   --->   Operation 2 'specbitsmap' 'specbitsmap_ln0' <Predicate = true> <Delay = 0.00>
ST_1 : Operation 3 [1/1] (0.00ns)   --->   "%spectopmodule_ln6 = spectopmodule void @_ssdm_op_SpecTopModule, void @empty_1" [main_leading_one.cpp:6]   --->   Operation 3 'spectopmodule' 'spectopmodule_ln6' <Predicate = true> <Delay = 0.00>
ST_1 : Operation 4 [1/1] (0.00ns)   --->   "%specinterface_ln6 = specinterface void @_ssdm_op_SpecInterface, i32 0, void @empty_2, i32 0, i32 0, void @empty_0, i32 0, i32 0, void @empty_0, void @empty_0, void @empty_0, i32 0, i32 0, i32 0, i32 0, void @empty_0, void @empty_0, i32 4294967295, i32 0, i32 0" [main_leading_one.cpp:6]   --->   Operation 4 'specinterface' 'specinterface_ln6' <Predicate = true> <Delay = 0.00>
ST_1 : Operation 5 [1/1] (0.00ns)   --->   "%specbitsmap_ln0 = specbitsmap void @_ssdm_op_SpecBitsMap, i9 %a"   --->   Operation 5 'specbitsmap' 'specbitsmap_ln0' <Predicate = true> <Delay = 0.00>
ST_1 : Operation 6 [1/1] (0.00ns)   --->   "%specinterface_ln0 = specinterface void @_ssdm_op_SpecInterface, i9 %a, void @empty, i32 4294967295, i32 4294967295, void @empty_0, i32 0, i32 0, void @empty_0, void @empty_0, void @empty_0, i32 0, i32 0, i32 0, i32 0, void @empty_0, void @empty_0, i32 4294967295, i32 0, i32 0"   --->   Operation 6 'specinterface' 'specinterface_ln0' <Predicate = true> <Delay = 0.00>
ST_1 : Operation 7 [1/1] (0.00ns)   --->   "%a_read = read i9 @_ssdm_op_Read.ap_none.i9, i9 %a" [main_leading_one.cpp:6]   --->   Operation 7 'read' 'a_read' <Predicate = true> <Delay = 0.00>
ST_1 : Operation 8 [1/1] (0.00ns)   --->   "%tmp = bitselect i1 @_ssdm_op_BitSelect.i1.i9.i32, i9 %a_read, i32 8" [main_leading_one.cpp:17]   --->   Operation 8 'bitselect' 'tmp' <Predicate = true> <Delay = 0.00>
ST_1 : Operation 9 [1/1] (0.00ns)   --->   "%tmp_1 = bitselect i1 @_ssdm_op_BitSelect.i1.i9.i32, i9 %a_read, i32 7" [main_leading_one.cpp:20]   --->   Operation 9 'bitselect' 'tmp_1' <Predicate = true> <Delay = 0.00>
ST_1 : Operation 10 [1/1] (0.00ns)   --->   "%tmp_2 = bitselect i1 @_ssdm_op_BitSelect.i1.i9.i32, i9 %a_read, i32 6" [main_leading_one.cpp:23]   --->   Operation 10 'bitselect' 'tmp_2' <Predicate = true> <Delay = 0.00>
ST_1 : Operation 11 [1/1] (0.00ns)   --->   "%tmp_3 = bitselect i1 @_ssdm_op_BitSelect.i1.i9.i32, i9 %a_read, i32 5" [main_leading_one.cpp:26]   --->   Operation 11 'bitselect' 'tmp_3' <Predicate = true> <Delay = 0.00>
ST_1 : Operation 12 [1/1] (0.00ns)   --->   "%tmp_4 = bitselect i1 @_ssdm_op_BitSelect.i1.i9.i32, i9 %a_read, i32 4" [main_leading_one.cpp:29]   --->   Operation 12 'bitselect' 'tmp_4' <Predicate = true> <Delay = 0.00>
ST_1 : Operation 13 [1/1] (0.00ns)   --->   "%tmp_5 = bitselect i1 @_ssdm_op_BitSelect.i1.i9.i32, i9 %a_read, i32 3" [main_leading_one.cpp:32]   --->   Operation 13 'bitselect' 'tmp_5' <Predicate = true> <Delay = 0.00>
ST_1 : Operation 14 [1/1] (0.00ns)   --->   "%tmp_6 = bitselect i1 @_ssdm_op_BitSelect.i1.i9.i32, i9 %a_read, i32 2" [main_leading_one.cpp:35]   --->   Operation 14 'bitselect' 'tmp_6' <Predicate = true> <Delay = 0.00>
ST_1 : Operation 15 [1/1] (0.00ns) (grouped into LUT with out node retval_8)   --->   "%tmp_7 = bitselect i1 @_ssdm_op_BitSelect.i1.i9.i32, i9 %a_read, i32 1" [main_leading_one.cpp:38]   --->   Operation 15 'bitselect' 'tmp_7' <Predicate = true> <Delay = 0.00>
ST_1 : Operation 16 [1/1] (0.00ns) (grouped into LUT with out node retval_8)   --->   "%trunc_ln41 = trunc i9 %a_read" [main_leading_one.cpp:41]   --->   Operation 16 'trunc' 'trunc_ln41' <Predicate = (sel_tmp == 0)> <Delay = 0.00>
ST_1 : Operation 17 [1/1] (0.00ns) (grouped into LUT with out node retval_8)   --->   "%index = xor i1 %trunc_ln41, i1 1" [main_leading_one.cpp:41]   --->   Operation 17 'xor' 'index' <Predicate = (sel_tmp == 0)> <Delay = 0.00> <CoreInst = "LogicGate">   --->   Core 74 'LogicGate' <Latency = 0> <II = 1> <Delay = 0.97> <FuncUnit> <Opcode : 'and' 'or' 'xor'> <InPorts = 2> <OutPorts = 1>
ST_1 : Operation 18 [1/1] (0.00ns) (grouped into LUT with out node retval_8)   --->   "%select_ln15 = select i1 %index, i5 31, i5 0" [main_leading_one.cpp:15]   --->   Operation 18 'select' 'select_ln15' <Predicate = (sel_tmp == 0)> <Delay = 0.00> <CoreInst = "Sel">   --->   Core 73 'Sel' <Latency = 0> <II = 1> <Delay = 0.99> <FuncUnit> <Opcode : 'select'> <InPorts = 3> <OutPorts = 1>
ST_1 : Operation 19 [1/1] (0.00ns) (grouped into LUT with out node retval_8)   --->   "%xor_ln17 = xor i1 %tmp, i1 1" [main_leading_one.cpp:17]   --->   Operation 19 'xor' 'xor_ln17' <Predicate = true> <Delay = 0.00> <CoreInst = "LogicGate">   --->   Core 74 'LogicGate' <Latency = 0> <II = 1> <Delay = 0.97> <FuncUnit> <Opcode : 'and' 'or' 'xor'> <InPorts = 2> <OutPorts = 1>
ST_1 : Operation 20 [1/1] (0.00ns) (grouped into LUT with out node retval_8)   --->   "%and_ln20 = and i1 %tmp_1, i1 %xor_ln17" [main_leading_one.cpp:20]   --->   Operation 20 'and' 'and_ln20' <Predicate = true> <Delay = 0.00> <CoreInst = "LogicGate">   --->   Core 74 'LogicGate' <Latency = 0> <II = 1> <Delay = 0.97> <FuncUnit> <Opcode : 'and' 'or' 'xor'> <InPorts = 2> <OutPorts = 1>
ST_1 : Operation 21 [1/1] (0.97ns)   --->   "%or_ln20 = or i1 %tmp, i1 %tmp_1" [main_leading_one.cpp:20]   --->   Operation 21 'or' 'or_ln20' <Predicate = true> <Delay = 0.97> <CoreInst = "LogicGate">   --->   Core 74 'LogicGate' <Latency = 0> <II = 1> <Delay = 0.97> <FuncUnit> <Opcode : 'and' 'or' 'xor'> <InPorts = 2> <OutPorts = 1>
ST_1 : Operation 22 [1/1] (0.00ns) (grouped into LUT with out node retval_8)   --->   "%xor_ln20 = xor i1 %or_ln20, i1 1" [main_leading_one.cpp:20]   --->   Operation 22 'xor' 'xor_ln20' <Predicate = true> <Delay = 0.00> <CoreInst = "LogicGate">   --->   Core 74 'LogicGate' <Latency = 0> <II = 1> <Delay = 0.97> <FuncUnit> <Opcode : 'and' 'or' 'xor'> <InPorts = 2> <OutPorts = 1>
ST_1 : Operation 23 [1/1] (0.00ns) (grouped into LUT with out node retval_8)   --->   "%and_ln23 = and i1 %tmp_2, i1 %xor_ln20" [main_leading_one.cpp:23]   --->   Operation 23 'and' 'and_ln23' <Predicate = true> <Delay = 0.00> <CoreInst = "LogicGate">   --->   Core 74 'LogicGate' <Latency = 0> <II = 1> <Delay = 0.97> <FuncUnit> <Opcode : 'and' 'or' 'xor'> <InPorts = 2> <OutPorts = 1>
ST_1 : Operation 24 [1/1] (0.97ns)   --->   "%or_ln23 = or i1 %or_ln20, i1 %tmp_2" [main_leading_one.cpp:23]   --->   Operation 24 'or' 'or_ln23' <Predicate = true> <Delay = 0.97> <CoreInst = "LogicGate">   --->   Core 74 'LogicGate' <Latency = 0> <II = 1> <Delay = 0.97> <FuncUnit> <Opcode : 'and' 'or' 'xor'> <InPorts = 2> <OutPorts = 1>
ST_1 : Operation 25 [1/1] (0.00ns) (grouped into LUT with out node retval_8)   --->   "%xor_ln23 = xor i1 %or_ln23, i1 1" [main_leading_one.cpp:23]   --->   Operation 25 'xor' 'xor_ln23' <Predicate = true> <Delay = 0.00> <CoreInst = "LogicGate">   --->   Core 74 'LogicGate' <Latency = 0> <II = 1> <Delay = 0.97> <FuncUnit> <Opcode : 'and' 'or' 'xor'> <InPorts = 2> <OutPorts = 1>
ST_1 : Operation 26 [1/1] (0.00ns) (grouped into LUT with out node retval_8)   --->   "%and_ln26 = and i1 %tmp_3, i1 %xor_ln23" [main_leading_one.cpp:26]   --->   Operation 26 'and' 'and_ln26' <Predicate = true> <Delay = 0.00> <CoreInst = "LogicGate">   --->   Core 74 'LogicGate' <Latency = 0> <II = 1> <Delay = 0.97> <FuncUnit> <Opcode : 'and' 'or' 'xor'> <InPorts = 2> <OutPorts = 1>
ST_1 : Operation 27 [1/1] (0.97ns)   --->   "%or_ln26 = or i1 %or_ln23, i1 %tmp_3" [main_leading_one.cpp:26]   --->   Operation 27 'or' 'or_ln26' <Predicate = true> <Delay = 0.97> <CoreInst = "LogicGate">   --->   Core 74 'LogicGate' <Latency = 0> <II = 1> <Delay = 0.97> <FuncUnit> <Opcode : 'and' 'or' 'xor'> <InPorts = 2> <OutPorts = 1>
ST_1 : Operation 28 [1/1] (0.00ns) (grouped into LUT with out node retval_8)   --->   "%xor_ln26 = xor i1 %or_ln26, i1 1" [main_leading_one.cpp:26]   --->   Operation 28 'xor' 'xor_ln26' <Predicate = true> <Delay = 0.00> <CoreInst = "LogicGate">   --->   Core 74 'LogicGate' <Latency = 0> <II = 1> <Delay = 0.97> <FuncUnit> <Opcode : 'and' 'or' 'xor'> <InPorts = 2> <OutPorts = 1>
ST_1 : Operation 29 [1/1] (0.00ns) (grouped into LUT with out node retval_8)   --->   "%and_ln29 = and i1 %tmp_4, i1 %xor_ln26" [main_leading_one.cpp:29]   --->   Operation 29 'and' 'and_ln29' <Predicate = true> <Delay = 0.00> <CoreInst = "LogicGate">   --->   Core 74 'LogicGate' <Latency = 0> <II = 1> <Delay = 0.97> <FuncUnit> <Opcode : 'and' 'or' 'xor'> <InPorts = 2> <OutPorts = 1>
ST_1 : Operation 30 [1/1] (0.97ns)   --->   "%or_ln29 = or i1 %or_ln26, i1 %tmp_4" [main_leading_one.cpp:29]   --->   Operation 30 'or' 'or_ln29' <Predicate = true> <Delay = 0.97> <CoreInst = "LogicGate">   --->   Core 74 'LogicGate' <Latency = 0> <II = 1> <Delay = 0.97> <FuncUnit> <Opcode : 'and' 'or' 'xor'> <InPorts = 2> <OutPorts = 1>
ST_1 : Operation 31 [1/1] (0.00ns) (grouped into LUT with out node retval_8)   --->   "%xor_ln29 = xor i1 %or_ln29, i1 1" [main_leading_one.cpp:29]   --->   Operation 31 'xor' 'xor_ln29' <Predicate = true> <Delay = 0.00> <CoreInst = "LogicGate">   --->   Core 74 'LogicGate' <Latency = 0> <II = 1> <Delay = 0.97> <FuncUnit> <Opcode : 'and' 'or' 'xor'> <InPorts = 2> <OutPorts = 1>
ST_1 : Operation 32 [1/1] (0.00ns) (grouped into LUT with out node retval_8)   --->   "%and_ln32 = and i1 %tmp_5, i1 %xor_ln29" [main_leading_one.cpp:32]   --->   Operation 32 'and' 'and_ln32' <Predicate = true> <Delay = 0.00> <CoreInst = "LogicGate">   --->   Core 74 'LogicGate' <Latency = 0> <II = 1> <Delay = 0.97> <FuncUnit> <Opcode : 'and' 'or' 'xor'> <InPorts = 2> <OutPorts = 1>
ST_1 : Operation 33 [1/1] (0.97ns)   --->   "%or_ln32 = or i1 %or_ln29, i1 %tmp_5" [main_leading_one.cpp:32]   --->   Operation 33 'or' 'or_ln32' <Predicate = true> <Delay = 0.97> <CoreInst = "LogicGate">   --->   Core 74 'LogicGate' <Latency = 0> <II = 1> <Delay = 0.97> <FuncUnit> <Opcode : 'and' 'or' 'xor'> <InPorts = 2> <OutPorts = 1>
ST_1 : Operation 34 [1/1] (0.00ns) (grouped into LUT with out node retval_8)   --->   "%xor_ln32 = xor i1 %or_ln32, i1 1" [main_leading_one.cpp:32]   --->   Operation 34 'xor' 'xor_ln32' <Predicate = true> <Delay = 0.00> <CoreInst = "LogicGate">   --->   Core 74 'LogicGate' <Latency = 0> <II = 1> <Delay = 0.97> <FuncUnit> <Opcode : 'and' 'or' 'xor'> <InPorts = 2> <OutPorts = 1>
ST_1 : Operation 35 [1/1] (0.00ns) (grouped into LUT with out node retval_8)   --->   "%and_ln35 = and i1 %tmp_6, i1 %xor_ln32" [main_leading_one.cpp:35]   --->   Operation 35 'and' 'and_ln35' <Predicate = true> <Delay = 0.00> <CoreInst = "LogicGate">   --->   Core 74 'LogicGate' <Latency = 0> <II = 1> <Delay = 0.97> <FuncUnit> <Opcode : 'and' 'or' 'xor'> <InPorts = 2> <OutPorts = 1>
ST_1 : Operation 36 [1/1] (0.00ns) (grouped into LUT with out node retval_8)   --->   "%or_ln35 = or i1 %or_ln32, i1 %tmp_6" [main_leading_one.cpp:35]   --->   Operation 36 'or' 'or_ln35' <Predicate = true> <Delay = 0.00> <CoreInst = "LogicGate">   --->   Core 74 'LogicGate' <Latency = 0> <II = 1> <Delay = 0.97> <FuncUnit> <Opcode : 'and' 'or' 'xor'> <InPorts = 2> <OutPorts = 1>
ST_1 : Operation 37 [1/1] (0.00ns) (grouped into LUT with out node retval_8)   --->   "%xor_ln35 = xor i1 %or_ln35, i1 1" [main_leading_one.cpp:35]   --->   Operation 37 'xor' 'xor_ln35' <Predicate = true> <Delay = 0.00> <CoreInst = "LogicGate">   --->   Core 74 'LogicGate' <Latency = 0> <II = 1> <Delay = 0.97> <FuncUnit> <Opcode : 'and' 'or' 'xor'> <InPorts = 2> <OutPorts = 1>
ST_1 : Operation 38 [1/1] (0.00ns) (grouped into LUT with out node retval_8)   --->   "%and_ln38 = and i1 %tmp_7, i1 %xor_ln35" [main_leading_one.cpp:38]   --->   Operation 38 'and' 'and_ln38' <Predicate = true> <Delay = 0.00> <CoreInst = "LogicGate">   --->   Core 74 'LogicGate' <Latency = 0> <II = 1> <Delay = 0.97> <FuncUnit> <Opcode : 'and' 'or' 'xor'> <InPorts = 2> <OutPorts = 1>
ST_1 : Operation 39 [1/1] (0.00ns) (grouped into LUT with out node retval_8)   --->   "%sel_tmp = bitconcatenate i8 @_ssdm_op_BitConcatenate.i8.i1.i1.i1.i1.i1.i1.i1.i1, i1 %tmp, i1 %and_ln20, i1 %and_ln23, i1 %and_ln26, i1 %and_ln29, i1 %and_ln32, i1 %and_ln35, i1 %and_ln38" [main_leading_one.cpp:17]   --->   Operation 39 'bitconcatenate' 'sel_tmp' <Predicate = true> <Delay = 0.00>
ST_1 : Operation 40 [1/1] (1.80ns) (out node of the LUT)   --->   "%retval_8 = sparsemux i5 @_ssdm_op_SparseMux.ap_auto.9i5.i5.i8, i8 128, i5 8, i8 64, i5 7, i8 32, i5 6, i8 16, i5 5, i8 8, i5 4, i8 4, i5 3, i8 2, i5 2, i8 1, i5 1, i8 0, i5 %select_ln15, i5 0, i8 %sel_tmp" [main_leading_one.cpp:15]   --->   Operation 40 'sparsemux' 'retval_8' <Predicate = true> <Delay = 1.80> <CoreInst = "OneHotSparseMux_HasDef">   --->   Core 140 'OneHotSparseMux_HasDef' <Latency = 0> <II = 1> <Delay = 1.80> <FuncUnit> <Opcode : 'sparsemux'> <InPorts = 2> <OutPorts = 1>
ST_1 : Operation 41 [1/1] (0.00ns)   --->   "%ret_ln50 = ret i5 %retval_8" [main_leading_one.cpp:50]   --->   Operation 41 'ret' 'ret_ln50' <Predicate = true> <Delay = 0.00>


============================================================
+ Verbose Summary: Timing violations
============================================================
Target clock period: 20.000ns, clock uncertainty: 5.400ns.

 <State 1>: 6.695ns
The critical path consists of the following:
	wire read operation ('a_read', main_leading_one.cpp:6) on port 'a' (main_leading_one.cpp:6) [7]  (0.000 ns)
	'or' operation 1 bit ('or_ln20', main_leading_one.cpp:20) [21]  (0.978 ns)
	'or' operation 1 bit ('or_ln23', main_leading_one.cpp:23) [24]  (0.978 ns)
	'or' operation 1 bit ('or_ln26', main_leading_one.cpp:26) [27]  (0.978 ns)
	'or' operation 1 bit ('or_ln29', main_leading_one.cpp:29) [30]  (0.978 ns)
	'or' operation 1 bit ('or_ln32', main_leading_one.cpp:32) [33]  (0.978 ns)
	'or' operation 1 bit ('or_ln35', main_leading_one.cpp:35) [36]  (0.000 ns)
	'xor' operation 1 bit ('xor_ln35', main_leading_one.cpp:35) [37]  (0.000 ns)
	'and' operation 1 bit ('and_ln38', main_leading_one.cpp:38) [38]  (0.000 ns)
	'sparsemux' operation 5 bit ('retval_8', main_leading_one.cpp:15) [40]  (1.805 ns)


============================================================
+ Verbose Summary: Binding
============================================================
N/A
* FSMD analyzer results:
  - Output states:
 - Input state : 
  - Chain level:
	State 1


============================================================
+ Verbose Summary: Datapath Resource usage 
============================================================
N/A
