

================================================================
== Vitis HLS Report for 'leading_one'
================================================================
* Date:           Sun Nov 16 15:58:29 2025

* Version:        2025.1 (Build 6135595 on May 21 2025)
* Project:        Leading_One_Vitis
* Solution:       hls (Vivado IP Flow Target)
* Product family: artix7
* Target device:  xc7a35t-cpg236-1


================================================================
== Performance Estimates
================================================================
+ Timing: 
    * Summary: 
    +--------+----------+----------+------------+
    |  Clock |  Target  | Estimated| Uncertainty|
    +--------+----------+----------+------------+
    |ap_clk  |  20.00 ns|  6.695 ns|     5.40 ns|
    +--------+----------+----------+------------+

+ Latency: 
    * Summary: 
    +---------+---------+----------+----------+-----+-----+---------+
    |  Latency (cycles) |  Latency (absolute) |  Interval | Pipeline|
    |   min   |   max   |    min   |    max   | min | max |   Type  |
    +---------+---------+----------+----------+-----+-----+---------+
    |        0|        0|      0 ns|      0 ns|    1|    1|       no|
    +---------+---------+----------+----------+-----+-----+---------+

    + Detail: 
        * Instance: 
        N/A

        * Loop: 
        N/A



================================================================
== Utilization Estimates
================================================================
* Summary: 
+-----------------+---------+----+-------+-------+-----+
|       Name      | BRAM_18K| DSP|   FF  |  LUT  | URAM|
+-----------------+---------+----+-------+-------+-----+
|DSP              |        -|   -|      -|      -|    -|
|Expression       |        -|   -|      0|     44|    -|
|FIFO             |        -|   -|      -|      -|    -|
|Instance         |        -|   -|      0|     33|    -|
|Memory           |        -|   -|      -|      -|    -|
|Multiplexer      |        -|   -|      -|      -|    -|
|Register         |        -|   -|      -|      -|    -|
+-----------------+---------+----+-------+-------+-----+
|Total            |        0|   0|      0|     77|    0|
+-----------------+---------+----+-------+-------+-----+
|Available        |      100|  90|  41600|  20800|    0|
+-----------------+---------+----+-------+-------+-----+
|Utilization (%)  |        0|   0|      0|     ~0|    0|
+-----------------+---------+----+-------+-------+-----+

+ Detail: 
    * Instance: 
    +-------------------------+----------------------+---------+----+---+----+-----+
    |         Instance        |        Module        | BRAM_18K| DSP| FF| LUT| URAM|
    +-------------------------+----------------------+---------+----+---+----+-----+
    |sparsemux_19_8_5_1_1_U1  |sparsemux_19_8_5_1_1  |        0|   0|  0|  33|    0|
    +-------------------------+----------------------+---------+----+---+----+-----+
    |Total                    |                      |        0|   0|  0|  33|    0|
    +-------------------------+----------------------+---------+----+---+----+-----+

    * DSP: 
    N/A

    * Memory: 
    N/A

    * FIFO: 
    N/A

    * Expression: 
    +---------------------+----------+----+---+----+------------+------------+
    |    Variable Name    | Operation| DSP| FF| LUT| Bitwidth P0| Bitwidth P1|
    +---------------------+----------+----+---+----+------------+------------+
    |and_ln20_fu_180_p2   |       and|   0|  0|   2|           1|           1|
    |and_ln23_fu_198_p2   |       and|   0|  0|   2|           1|           1|
    |and_ln26_fu_216_p2   |       and|   0|  0|   2|           1|           1|
    |and_ln29_fu_234_p2   |       and|   0|  0|   2|           1|           1|
    |and_ln32_fu_252_p2   |       and|   0|  0|   2|           1|           1|
    |and_ln35_fu_270_p2   |       and|   0|  0|   2|           1|           1|
    |and_ln38_fu_288_p2   |       and|   0|  0|   2|           1|           1|
    |or_ln20_fu_186_p2    |        or|   0|  0|   2|           1|           1|
    |or_ln23_fu_204_p2    |        or|   0|  0|   2|           1|           1|
    |or_ln26_fu_222_p2    |        or|   0|  0|   2|           1|           1|
    |or_ln29_fu_240_p2    |        or|   0|  0|   2|           1|           1|
    |or_ln32_fu_258_p2    |        or|   0|  0|   2|           1|           1|
    |or_ln35_fu_276_p2    |        or|   0|  0|   2|           1|           1|
    |retval_8_fu_314_p18  |    select|   0|  0|   2|           1|           2|
    |index_fu_160_p2      |       xor|   0|  0|   2|           1|           2|
    |xor_ln17_fu_174_p2   |       xor|   0|  0|   2|           1|           2|
    |xor_ln20_fu_192_p2   |       xor|   0|  0|   2|           1|           2|
    |xor_ln23_fu_210_p2   |       xor|   0|  0|   2|           1|           2|
    |xor_ln26_fu_228_p2   |       xor|   0|  0|   2|           1|           2|
    |xor_ln29_fu_246_p2   |       xor|   0|  0|   2|           1|           2|
    |xor_ln32_fu_264_p2   |       xor|   0|  0|   2|           1|           2|
    |xor_ln35_fu_282_p2   |       xor|   0|  0|   2|           1|           2|
    +---------------------+----------+----+---+----+------------+------------+
    |Total                |          |   0|  0|  44|          22|          31|
    +---------------------+----------+----+---+----+------------+------------+

    * Multiplexer: 
    N/A

    * Register: 
    N/A



================================================================
== Interface
================================================================
* Summary: 
+-----------+-----+-----+--------------+--------------+--------------+
| RTL Ports | Dir | Bits|   Protocol   | Source Object|    C Type    |
+-----------+-----+-----+--------------+--------------+--------------+
|a          |   in|    9|       ap_none|             a|        scalar|
|ap_return  |  out|    5|  ap_ctrl_none|   leading_one|  return value|
|ap_rst     |   in|    1|  ap_ctrl_none|   leading_one|  return value|
+-----------+-----+-----+--------------+--------------+--------------+

============================================================
+ Verbose Summary: Synthesis Manager
============================================================
InlineROM: 1
ExposeGlobal: 0
============================================================
+ Verbose Summary: CDFG Model
============================================================
IsTopModel: 1
ResetActiveHigh: 1
IsCombinational: 1
IsDatapathOnly: 2
HasWiredReturn: 1
HasMFsm: 0
HasVarLatency: 0
IsPipeline: 0
IsRtlPipelined: 0
IsInstanceOverlapped: 0
IsDontTouch: 0
HasImplIP: 0
IsGatedGlobalClock: 0


============================================================
+ Verbose Summary: Schedule
============================================================
* Number of FSM states : 1
* Pipeline : 0
* Dataflow Pipeline: 0

* FSM state transitions: 
1 --> 

* FSM state operations: 

State 1 <SV = 0> <Delay = 6.69>
ST_1 : Operation 2 [1/1] (0.00ns)   --->   "%specbitsmap_ln0 = specbitsmap void @_ssdm_op_SpecBitsMap, i5 0"   --->   Operation 2 'specbitsmap' 'specbitsmap_ln0' <Predicate = true> <Delay = 0.00>
ST_1 : Operation 3 [1/1] (0.00ns)   --->   "%spectopmodule_ln6 = spectopmodule void @_ssdm_op_SpecTopModule, void @empty_1" [main_leading_one.cpp:6]   --->   Operation 3 'spectopmodule' 'spectopmodule_ln6' <Predicate = true> <Delay = 0.00>
ST_1 : Operation 4 [1/1] (0.00ns)   --->   "%specinterface_ln6 = specinterface void @_ssdm_op_SpecInterface, i32 0, void @empty_2, i32 0, i32 0, void @empty_0, i32 0, i32 0, void @empty_0, void @empty_0, void @empty_0, i32 0, i32 0, i32 0, i32 0, void @empty_0, void @empty_0, i32 4294967295, i32 0, i32 0" [main_leading_one.cpp:6]   --->   Operation 4 'specinterface' 'specinterface_ln6' <Predicate = true> <Delay = 0.00>
ST_1 : Operation 5 [1/1] (0.00ns)   --->   "%specbitsmap_ln0 = specbitsmap void @_ssdm_op_SpecBitsMap, i9 %a"   --->   Operation 5 'specbitsmap' 'specbitsmap_ln0' <Predicate = true> <Delay = 0.00>
ST_1 : Operation 6 [1/1] (0.00ns)   --->   "%specinterface_ln0 = specinterface void @_ssdm_op_SpecInterface, i9 %a, void @empty, i32 4294967295, i32 4294967295, void @empty_0, i32 0, i32 0, void @empty_0, void @empty_0, void @empty_0, i32 0, i32 0, i32 0, i32 0, void @empty_0, void @empty_0, i32 4294967295, i32 0, i32 0"   --->   Operation 6 'specinterface' 'specinterface_ln0' <Predicate = true> <Delay = 0.00>
ST_1 : Operation 7 [1/1] (0.00ns)   --->   "%a_read = read i9 @_ssdm_op_Read.ap_none.i9, i9 %a" [main_leading_one.cpp:6]   --->   Operation 7 'read' 'a_read' <Predicate = true> <Delay = 0.00>
ST_1 : Operation 8 [1/1] (0.00ns)   --->   "%tmp = bitselect i1 @_ssdm_op_BitSelect.i1.i9.i32, i9 %a_read, i32 8" [main_leading_one.cpp:17]   --->   Operation 8 'bitselect' 'tmp' <Predicate = true> <Delay = 0.00>
ST_1 : Operation 9 [1/1] (0.00ns)   --->   "%tmp_1 = bitselect i1 @_ssdm_op_BitSelect.i1.i9.i32, i9 %a_read, i32 7" [main_leading_one.cpp:20]   --->   Operation 9 'bitselect' 'tmp_1' <Predicate = true> <Delay = 0.00>
ST_1 : Operation 10 [1/1] (0.00ns)   --->   "%tmp_2 = bitselect i1 @_ssdm_op_BitSelect.i1.i9.i32, i9 %a_read, i32 6" [main_leading_one.cpp:23]   --->   Operation 10 'bitselect' 'tmp_2' <Predicate = true> <Delay = 0.00>
ST_1 : Operation 11 [1/1] (0.00ns)   --->   "%tmp_3 = bitselect i1 @_ssdm_op_BitSelect.i1.i9.i32, i9 %a_read, i32 5" [main_leading_one.cpp:26]   --->   Operation 11 'bitselect' 'tmp_3' <Predicate = true> <Delay = 0.00>
ST_1 : Operation 12 [1/1] (0.00ns)   --->   "%tmp_4 = bitselect i1 @_ssdm_op_BitSelect.i1.i9.i32, i9 %a_read, i32 4" [main_leading_one.cpp:29]   --->   Operation 12 'bitselect' 'tmp_4' <Predicate = true> <Delay = 0.00>
ST_1 : Operation 13 [1/1] (0.00ns)   --->   "%tmp_5 = bitselect i1 @_ssdm_op_BitSelect.i1.i9.i32, i9 %a_read, i32 3" [main_leading_one.cpp:32]   --->   Operation 13 'bitselect' 'tmp_5' <Predicate = true> <Delay = 0.00>
ST_1 : Operation 14 [1/1] (0.00ns)   --->   "%tmp_6 = bitselect i1 @_ssdm_op_BitSelect.i1.i9.i32, i9 %a_read, i32 2" [main_leading_one.cpp:35]   --->   Operation 14 'bitselect' 'tmp_6' <Predicate = true> <Delay = 0.00>
ST_1 : Operation 15 [1/1] (0.00ns) (grouped into LUT with out node retval_8)   --->   "%tmp_7 = bitselect i1 @_ssdm_op_BitSelect.i1.i9.i32, i9 %a_read, i32 1" [main_leading_one.cpp:38]   --->   Operation 15 'bitselect' 'tmp_7' <Predicate = true> <Delay = 0.00>
ST_1 : Operation 16 [1/1] (0.00ns) (grouped into LUT with out node retval_8)   --->   "%trunc_ln41 = trunc i9 %a_read" [main_leading_one.cpp:41]   --->   Operation 16 'trunc' 'trunc_ln41' <Predicate = (sel_tmp == 0)> <Delay = 0.00>
ST_1 : Operation 17 [1/1] (0.00ns) (grouped into LUT with out node retval_8)   --->   "%index = xor i1 %trunc_ln41, i1 1" [main_leading_one.cpp:41]   --->   Operation 17 'xor' 'index' <Predicate = (sel_tmp == 0)> <Delay = 0.00> <CoreInst = "LogicGate">   --->   Core 74 'LogicGate' <Latency = 0> <II = 1> <Delay = 0.97> <FuncUnit> <Opcode : 'and' 'or' 'xor'> <InPorts = 2> <OutPorts = 1>
ST_1 : Operation 18 [1/1] (0.00ns) (grouped into LUT with out node retval_8)   --->   "%select_ln15 = select i1 %index, i5 31, i5 0" [main_leading_one.cpp:15]   --->   Operation 18 'select' 'select_ln15' <Predicate = (sel_tmp == 0)> <Delay = 0.00> <CoreInst = "Sel">   --->   Core 73 'Sel' <Latency = 0> <II = 1> <Delay = 0.99> <FuncUnit> <Opcode : 'select'> <InPorts = 3> <OutPorts = 1>
ST_1 : Operation 19 [1/1] (0.00ns) (grouped into LUT with out node retval_8)   --->   "%xor_ln17 = xor i1 %tmp, i1 1" [main_leading_one.cpp:17]   --->   Operation 19 'xor' 'xor_ln17' <Predicate = true> <Delay = 0.00> <CoreInst = "LogicGate">   --->   Core 74 'LogicGate' <Latency = 0> <II = 1> <Delay = 0.97> <FuncUnit> <Opcode : 'and' 'or' 'xor'> <InPorts = 2> <OutPorts = 1>
ST_1 : Operation 20 [1/1] (0.00ns) (grouped into LUT with out node retval_8)   --->   "%and_ln20 = and i1 %tmp_1, i1 %xor_ln17" [main_leading_one.cpp:20]   --->   Operation 20 'and' 'and_ln20' <Predicate = true> <Delay = 0.00> <CoreInst = "LogicGate">   --->   Core 74 'LogicGate' <Latency = 0> <II = 1> <Delay = 0.97> <FuncUnit> <Opcode : 'and' 'or' 'xor'> <InPorts = 2> <OutPorts = 1>
ST_1 : Operation 21 [1/1] (0.97ns)   --->   "%or_ln20 = or i1 %tmp, i1 %tmp_1" [main_leading_one.cpp:20]   --->   Operation 21 'or' 'or_ln20' <Predicate = true> <Delay = 0.97> <CoreInst = "LogicGate">   --->   Core 74 'LogicGate' <Latency = 0> <II = 1> <Delay = 0.97> <FuncUnit> <Opcode : 'and' 'or' 'xor'> <InPorts = 2> <OutPorts = 1>
ST_1 : Operation 22 [1/1] (0.00ns) (grouped into LUT with out node retval_8)   --->   "%xor_ln20 = xor i1 %or_ln20, i1 1" [main_leading_one.cpp:20]   --->   Operation 22 'xor' 'xor_ln20' <Predicate = true> <Delay = 0.00> <CoreInst = "LogicGate">   --->   Core 74 'LogicGate' <Latency = 0> <II = 1> <Delay = 0.97> <FuncUnit> <Opcode : 'and' 'or' 'xor'> <InPorts = 2> <OutPorts = 1>
ST_1 : Operation 23 [1/1] (0.00ns) (grouped into LUT with out node retval_8)   --->   "%and_ln23 = and i1 %tmp_2, i1 %xor_ln20" [main_leading_one.cpp:23]   --->   Operation 23 'and' 'and_ln23' <Predicate = true> <Delay = 0.00> <CoreInst = "LogicGate">   --->   Core 74 'LogicGate' <Latency = 0> <II = 1> <Delay = 0.97> <FuncUnit> <Opcode : 'and' 'or' 'xor'> <InPorts = 2> <OutPorts = 1>
ST_1 : Operation 24 [1/1] (0.97ns)   --->   "%or_ln23 = or i1 %or_ln20, i1 %tmp_2" [main_leading_one.cpp:23]   --->   Operation 24 'or' 'or_ln23' <Predicate = true> <Delay = 0.97> <CoreInst = "LogicGate">   --->   Core 74 'LogicGate' <Latency = 0> <II = 1> <Delay = 0.97> <FuncUnit> <Opcode : 'and' 'or' 'xor'> <InPorts = 2> <OutPorts = 1>
ST_1 : Operation 25 [1/1] (0.00ns) (grouped into LUT with out node retval_8)   --->   "%xor_ln23 = xor i1 %or_ln23, i1 1" [main_leading_one.cpp:23]   --->   Operation 25 'xor' 'xor_ln23' <Predicate = true> <Delay = 0.00> <CoreInst = "LogicGate">   --->   Core 74 'LogicGate' <Latency = 0> <II = 1> <Delay = 0.97> <FuncUnit> <Opcode : 'and' 'or' 'xor'> <InPorts = 2> <OutPorts = 1>
ST_1 : Operation 26 [1/1] (0.00ns) (grouped into LUT with out node retval_8)   --->   "%and_ln26 = and i1 %tmp_3, i1 %xor_ln23" [main_leading_one.cpp:26]   --->   Operation 26 'and' 'and_ln26' <Predicate = true> <Delay = 0.00> <CoreInst = "LogicGate">   --->   Core 74 'LogicGate' <Latency = 0> <II = 1> <Delay = 0.97> <FuncUnit> <Opcode : 'and' 'or' 'xor'> <InPorts = 2> <OutPorts = 1>
ST_1 : Operation 27 [1/1] (0.97ns)   --->   "%or_ln26 = or i1 %or_ln23, i1 %tmp_3" [main_leading_one.cpp:26]   --->   Operation 27 'or' 'or_ln26' <Predicate = true> <Delay = 0.97> <CoreInst = "LogicGate">   --->   Core 74 'LogicGate' <Latency = 0> <II = 1> <Delay = 0.97> <FuncUnit> <Opcode : 'and' 'or' 'xor'> <InPorts = 2> <OutPorts = 1>
ST_1 : Operation 28 [1/1] (0.00ns) (grouped into LUT with out node retval_8)   --->   "%xor_ln26 = xor i1 %or_ln26, i1 1" [main_leading_one.cpp:26]   --->   Operation 28 'xor' 'xor_ln26' <Predicate = true> <Delay = 0.00> <CoreInst = "LogicGate">   --->   Core 74 'LogicGate' <Latency = 0> <II = 1> <Delay = 0.97> <FuncUnit> <Opcode : 'and' 'or' 'xor'> <InPorts = 2> <OutPorts = 1>
ST_1 : Operation 29 [1/1] (0.00ns) (grouped into LUT with out node retval_8)   --->   "%and_ln29 = and i1 %tmp_4, i1 %xor_ln26" [main_leading_one.cpp:29]   --->   Operation 29 'and' 'and_ln29' <Predicate = true> <Delay = 0.00> <CoreInst = "LogicGate">   --->   Core 74 'LogicGate' <Latency = 0> <II = 1> <Delay = 0.97> <FuncUnit> <Opcode : 'and' 'or' 'xor'> <InPorts = 2> <OutPorts = 1>
ST_1 : Operation 30 [1/1] (0.97ns)   --->   "%or_ln29 = or i1 %or_ln26, i1 %tmp_4" [main_leading_one.cpp:29]   --->   Operation 30 'or' 'or_ln29' <Predicate = true> <Delay = 0.97> <CoreInst = "LogicGate">   --->   Core 74 'LogicGate' <Latency = 0> <II = 1> <Delay = 0.97> <FuncUnit> <Opcode : 'and' 'or' 'xor'> <InPorts = 2> <OutPorts = 1>
ST_1 : Operation 31 [1/1] (0.00ns) (grouped into LUT with out node retval_8)   --->   "%xor_ln29 = xor i1 %or_ln29, i1 1" [main_leading_one.cpp:29]   --->   Operation 31 'xor' 'xor_ln29' <Predicate = true> <Delay = 0.00> <CoreInst = "LogicGate">   --->   Core 74 'LogicGate' <Latency = 0> <II = 1> <Delay = 0.97> <FuncUnit> <Opcode : 'and' 'or' 'xor'> <InPorts = 2> <OutPorts = 1>
ST_1 : Operation 32 [1/1] (0.00ns) (grouped into LUT with out node retval_8)   --->   "%and_ln32 = and i1 %tmp_5, i1 %xor_ln29" [main_leading_one.cpp:32]   --->   Operation 32 'and' 'and_ln32' <Predicate = true> <Delay = 0.00> <CoreInst = "LogicGate">   --->   Core 74 'LogicGate' <Latency = 0> <II = 1> <Delay = 0.97> <FuncUnit> <Opcode : 'and' 'or' 'xor'> <InPorts = 2> <OutPorts = 1>
ST_1 : Operation 33 [1/1] (0.97ns)   --->   "%or_ln32 = or i1 %or_ln29, i1 %tmp_5" [main_leading_one.cpp:32]   --->   Operation 33 'or' 'or_ln32' <Predicate = true> <Delay = 0.97> <CoreInst = "LogicGate">   --->   Core 74 'LogicGate' <Latency = 0> <II = 1> <Delay = 0.97> <FuncUnit> <Opcode : 'and' 'or' 'xor'> <InPorts = 2> <OutPorts = 1>
ST_1 : Operation 34 [1/1] (0.00ns) (grouped into LUT with out node retval_8)   --->   "%xor_ln32 = xor i1 %or_ln32, i1 1" [main_leading_one.cpp:32]   --->   Operation 34 'xor' 'xor_ln32' <Predicate = true> <Delay = 0.00> <CoreInst = "LogicGate">   --->   Core 74 'LogicGate' <Latency = 0> <II = 1> <Delay = 0.97> <FuncUnit> <Opcode : 'and' 'or' 'xor'> <InPorts = 2> <OutPorts = 1>
ST_1 : Operation 35 [1/1] (0.00ns) (grouped into LUT with out node retval_8)   --->   "%and_ln35 = and i1 %tmp_6, i1 %xor_ln32" [main_leading_one.cpp:35]   --->   Operation 35 'and' 'and_ln35' <Predicate = true> <Delay = 0.00> <CoreInst = "LogicGate">   --->   Core 74 'LogicGate' <Latency = 0> <II = 1> <Delay = 0.97> <FuncUnit> <Opcode : 'and' 'or' 'xor'> <InPorts = 2> <OutPorts = 1>
ST_1 : Operation 36 [1/1] (0.00ns) (grouped into LUT with out node retval_8)   --->   "%or_ln35 = or i1 %or_ln32, i1 %tmp_6" [main_leading_one.cpp:35]   --->   Operation 36 'or' 'or_ln35' <Predicate = true> <Delay = 0.00> <CoreInst = "LogicGate">   --->   Core 74 'LogicGate' <Latency = 0> <II = 1> <Delay = 0.97> <FuncUnit> <Opcode : 'and' 'or' 'xor'> <InPorts = 2> <OutPorts = 1>
ST_1 : Operation 37 [1/1] (0.00ns) (grouped into LUT with out node retval_8)   --->   "%xor_ln35 = xor i1 %or_ln35, i1 1" [main_leading_one.cpp:35]   --->   Operation 37 'xor' 'xor_ln35' <Predicate = true> <Delay = 0.00> <CoreInst = "LogicGate">   --->   Core 74 'LogicGate' <Latency = 0> <II = 1> <Delay = 0.97> <FuncUnit> <Opcode : 'and' 'or' 'xor'> <InPorts = 2> <OutPorts = 1>
ST_1 : Operation 38 [1/1] (0.00ns) (grouped into LUT with out node retval_8)   --->   "%and_ln38 = and i1 %tmp_7, i1 %xor_ln35" [main_leading_one.cpp:38]   --->   Operation 38 'and' 'and_ln38' <Predicate = true> <Delay = 0.00> <CoreInst = "LogicGate">   --->   Core 74 'LogicGate' <Latency = 0> <II = 1> <Delay = 0.97> <FuncUnit> <Opcode : 'and' 'or' 'xor'> <InPorts = 2> <OutPorts = 1>
ST_1 : Operation 39 [1/1] (0.00ns) (grouped into LUT with out node retval_8)   --->   "%sel_tmp = bitconcatenate i8 @_ssdm_op_BitConcatenate.i8.i1.i1.i1.i1.i1.i1.i1.i1, i1 %tmp, i1 %and_ln20, i1 %and_ln23, i1 %and_ln26, i1 %and_ln29, i1 %and_ln32, i1 %and_ln35, i1 %and_ln38" [main_leading_one.cpp:17]   --->   Operation 39 'bitconcatenate' 'sel_tmp' <Predicate = true> <Delay = 0.00>
ST_1 : Operation 40 [1/1] (1.80ns) (out node of the LUT)   --->   "%retval_8 = sparsemux i5 @_ssdm_op_SparseMux.ap_auto.9i5.i5.i8, i8 128, i5 8, i8 64, i5 7, i8 32, i5 6, i8 16, i5 5, i8 8, i5 4, i8 4, i5 3, i8 2, i5 2, i8 1, i5 1, i8 0, i5 %select_ln15, i5 0, i8 %sel_tmp" [main_leading_one.cpp:15]   --->   Operation 40 'sparsemux' 'retval_8' <Predicate = true> <Delay = 1.80> <CoreInst = "OneHotSparseMux_HasDef">   --->   Core 140 'OneHotSparseMux_HasDef' <Latency = 0> <II = 1> <Delay = 1.80> <FuncUnit> <Opcode : 'sparsemux'> <InPorts = 2> <OutPorts = 1>
ST_1 : Operation 41 [1/1] (0.00ns)   --->   "%ret_ln50 = ret i5 %retval_8" [main_leading_one.cpp:50]   --->   Operation 41 'ret' 'ret_ln50' <Predicate = true> <Delay = 0.00>


============================================================
+ Verbose Summary: Binding
============================================================
STG Binding: 
---------------- STG Properties BEGIN ----------------
- Is combinational: 1
- Is one-state seq: 0
- Is datapath-only: 0
- Is pipelined: 0
- Is top level: 1
Port [ Return ] is wired: 1; IO mode=ap_ctrl_none:ce=0
Port [ a]:  wired=1; compound=0; hidden=0; nouse=0; global=0; static=0; extern=0; dir=0; type=0; pingpong=0; private_global=0; IO mode=ap_none:ce=0
---------------- STG Properties END ------------------

---------------- Datapath Model BEGIN ----------------

<LifeTime>
<method=bitvector/>
specbitsmap_ln0   (specbitsmap   ) [ 00]
spectopmodule_ln6 (spectopmodule ) [ 00]
specinterface_ln6 (specinterface ) [ 00]
specbitsmap_ln0   (specbitsmap   ) [ 00]
specinterface_ln0 (specinterface ) [ 00]
a_read            (read          ) [ 00]
tmp               (bitselect     ) [ 00]
tmp_1             (bitselect     ) [ 00]
tmp_2             (bitselect     ) [ 00]
tmp_3             (bitselect     ) [ 00]
tmp_4             (bitselect     ) [ 00]
tmp_5             (bitselect     ) [ 00]
tmp_6             (bitselect     ) [ 00]
tmp_7             (bitselect     ) [ 00]
trunc_ln41        (trunc         ) [ 00]
index             (xor           ) [ 00]
select_ln15       (select        ) [ 00]
xor_ln17          (xor           ) [ 00]
and_ln20          (and           ) [ 00]
or_ln20           (or            ) [ 00]
xor_ln20          (xor           ) [ 00]
and_ln23          (and           ) [ 00]
or_ln23           (or            ) [ 00]
xor_ln23          (xor           ) [ 00]
and_ln26          (and           ) [ 00]
or_ln26           (or            ) [ 00]
xor_ln26          (xor           ) [ 00]
and_ln29          (and           ) [ 00]
or_ln29           (or            ) [ 00]
xor_ln29          (xor           ) [ 00]
and_ln32          (and           ) [ 00]
or_ln32           (or            ) [ 00]
xor_ln32          (xor           ) [ 00]
and_ln35          (and           ) [ 00]
or_ln35           (or            ) [ 00]
xor_ln35          (xor           ) [ 00]
and_ln38          (and           ) [ 00]
sel_tmp           (bitconcatenate) [ 01]
retval_8          (sparsemux     ) [ 00]
ret_ln50          (ret           ) [ 00]
</LifeTime>

<model>

<comp_list>
<comp id="0" class="1000" name="a">
<pin_list>
<pin id="1" dir="1" index="0" bw="1" slack="0"/>
</pin_list>
<bind>
<StgValue><ssdm name="a"/></StgValue>
</bind>
</comp>

<comp id="2" class="1001" name="const_2">
<pin_list>
<pin id="3" dir="1" index="0" bw="1" slack="2147483647"/>
</pin_list>
<bind>
<StgValue><ssdm name="_ssdm_op_SpecBitsMap"/></StgValue>
</bind>
</comp>

<comp id="4" class="1001" name="const_4">
<pin_list>
<pin id="5" dir="1" index="0" bw="1" slack="0"/>
</pin_list>
<bind>
<StgValue><ssdm name=""/></StgValue>
</bind>
</comp>

<comp id="6" class="1001" name="const_6">
<pin_list>
<pin id="7" dir="1" index="0" bw="1" slack="2147483647"/>
</pin_list>
<bind>
<StgValue><ssdm name="_ssdm_op_SpecTopModule"/></StgValue>
</bind>
</comp>

<comp id="8" class="1001" name="const_8">
<pin_list>
<pin id="9" dir="1" index="0" bw="1" slack="2147483647"/>
</pin_list>
<bind>
<StgValue><ssdm name="empty_1"/></StgValue>
</bind>
</comp>

<comp id="10" class="1001" name="const_10">
<pin_list>
<pin id="11" dir="1" index="0" bw="1" slack="2147483647"/>
</pin_list>
<bind>
<StgValue><ssdm name="_ssdm_op_SpecInterface"/></StgValue>
</bind>
</comp>

<comp id="12" class="1001" name="const_12">
<pin_list>
<pin id="13" dir="1" index="0" bw="1" slack="2147483647"/>
</pin_list>
<bind>
<StgValue><ssdm name=""/></StgValue>
</bind>
</comp>

<comp id="14" class="1001" name="const_14">
<pin_list>
<pin id="15" dir="1" index="0" bw="1" slack="2147483647"/>
</pin_list>
<bind>
<StgValue><ssdm name="empty_2"/></StgValue>
</bind>
</comp>

<comp id="16" class="1001" name="const_16">
<pin_list>
<pin id="17" dir="1" index="0" bw="1" slack="2147483647"/>
</pin_list>
<bind>
<StgValue><ssdm name="empty_0"/></StgValue>
</bind>
</comp>

<comp id="18" class="1001" name="const_18">
<pin_list>
<pin id="19" dir="1" index="0" bw="1" slack="2147483647"/>
</pin_list>
<bind>
<StgValue><ssdm name=""/></StgValue>
</bind>
</comp>

<comp id="20" class="1001" name="const_20">
<pin_list>
<pin id="21" dir="1" index="0" bw="1" slack="2147483647"/>
</pin_list>
<bind>
<StgValue><ssdm name="empty"/></StgValue>
</bind>
</comp>

<comp id="22" class="1001" name="const_22">
<pin_list>
<pin id="23" dir="1" index="0" bw="1" slack="0"/>
</pin_list>
<bind>
<StgValue><ssdm name="_ssdm_op_Read.ap_none.i9"/></StgValue>
</bind>
</comp>

<comp id="24" class="1001" name="const_24">
<pin_list>
<pin id="25" dir="1" index="0" bw="1" slack="0"/>
</pin_list>
<bind>
<StgValue><ssdm name="_ssdm_op_BitSelect.i1.i9.i32"/></StgValue>
</bind>
</comp>

<comp id="26" class="1001" name="const_26">
<pin_list>
<pin id="27" dir="1" index="0" bw="1" slack="0"/>
</pin_list>
<bind>
<StgValue><ssdm name=""/></StgValue>
</bind>
</comp>

<comp id="28" class="1001" name="const_28">
<pin_list>
<pin id="29" dir="1" index="0" bw="1" slack="0"/>
</pin_list>
<bind>
<StgValue><ssdm name=""/></StgValue>
</bind>
</comp>

<comp id="30" class="1001" name="const_30">
<pin_list>
<pin id="31" dir="1" index="0" bw="1" slack="0"/>
</pin_list>
<bind>
<StgValue><ssdm name=""/></StgValue>
</bind>
</comp>

<comp id="32" class="1001" name="const_32">
<pin_list>
<pin id="33" dir="1" index="0" bw="1" slack="0"/>
</pin_list>
<bind>
<StgValue><ssdm name=""/></StgValue>
</bind>
</comp>

<comp id="34" class="1001" name="const_34">
<pin_list>
<pin id="35" dir="1" index="0" bw="1" slack="0"/>
</pin_list>
<bind>
<StgValue><ssdm name=""/></StgValue>
</bind>
</comp>

<comp id="36" class="1001" name="const_36">
<pin_list>
<pin id="37" dir="1" index="0" bw="1" slack="0"/>
</pin_list>
<bind>
<StgValue><ssdm name=""/></StgValue>
</bind>
</comp>

<comp id="38" class="1001" name="const_38">
<pin_list>
<pin id="39" dir="1" index="0" bw="1" slack="0"/>
</pin_list>
<bind>
<StgValue><ssdm name=""/></StgValue>
</bind>
</comp>

<comp id="40" class="1001" name="const_40">
<pin_list>
<pin id="41" dir="1" index="0" bw="1" slack="0"/>
</pin_list>
<bind>
<StgValue><ssdm name=""/></StgValue>
</bind>
</comp>

<comp id="42" class="1001" name="const_42">
<pin_list>
<pin id="43" dir="1" index="0" bw="1" slack="0"/>
</pin_list>
<bind>
<StgValue><ssdm name=""/></StgValue>
</bind>
</comp>

<comp id="44" class="1001" name="const_44">
<pin_list>
<pin id="45" dir="1" index="0" bw="1" slack="0"/>
</pin_list>
<bind>
<StgValue><ssdm name=""/></StgValue>
</bind>
</comp>

<comp id="46" class="1001" name="const_46">
<pin_list>
<pin id="47" dir="1" index="0" bw="1" slack="0"/>
</pin_list>
<bind>
<StgValue><ssdm name="_ssdm_op_BitConcatenate.i8.i1.i1.i1.i1.i1.i1.i1.i1"/></StgValue>
</bind>
</comp>

<comp id="48" class="1001" name="const_48">
<pin_list>
<pin id="49" dir="1" index="0" bw="1" slack="0"/>
</pin_list>
<bind>
<StgValue><ssdm name="_ssdm_op_SparseMux.ap_auto.9i5.i5.i8"/></StgValue>
</bind>
</comp>

<comp id="50" class="1001" name="const_50">
<pin_list>
<pin id="51" dir="1" index="0" bw="1" slack="0"/>
</pin_list>
<bind>
<StgValue><ssdm name=""/></StgValue>
</bind>
</comp>

<comp id="52" class="1001" name="const_52">
<pin_list>
<pin id="53" dir="1" index="0" bw="1" slack="0"/>
</pin_list>
<bind>
<StgValue><ssdm name=""/></StgValue>
</bind>
</comp>

<comp id="54" class="1001" name="const_54">
<pin_list>
<pin id="55" dir="1" index="0" bw="1" slack="0"/>
</pin_list>
<bind>
<StgValue><ssdm name=""/></StgValue>
</bind>
</comp>

<comp id="56" class="1001" name="const_56">
<pin_list>
<pin id="57" dir="1" index="0" bw="1" slack="0"/>
</pin_list>
<bind>
<StgValue><ssdm name=""/></StgValue>
</bind>
</comp>

<comp id="58" class="1001" name="const_58">
<pin_list>
<pin id="59" dir="1" index="0" bw="1" slack="0"/>
</pin_list>
<bind>
<StgValue><ssdm name=""/></StgValue>
</bind>
</comp>

<comp id="60" class="1001" name="const_60">
<pin_list>
<pin id="61" dir="1" index="0" bw="1" slack="0"/>
</pin_list>
<bind>
<StgValue><ssdm name=""/></StgValue>
</bind>
</comp>

<comp id="62" class="1001" name="const_62">
<pin_list>
<pin id="63" dir="1" index="0" bw="1" slack="0"/>
</pin_list>
<bind>
<StgValue><ssdm name=""/></StgValue>
</bind>
</comp>

<comp id="64" class="1001" name="const_64">
<pin_list>
<pin id="65" dir="1" index="0" bw="1" slack="0"/>
</pin_list>
<bind>
<StgValue><ssdm name=""/></StgValue>
</bind>
</comp>

<comp id="66" class="1001" name="const_66">
<pin_list>
<pin id="67" dir="1" index="0" bw="1" slack="0"/>
</pin_list>
<bind>
<StgValue><ssdm name=""/></StgValue>
</bind>
</comp>

<comp id="68" class="1001" name="const_68">
<pin_list>
<pin id="69" dir="1" index="0" bw="1" slack="0"/>
</pin_list>
<bind>
<StgValue><ssdm name=""/></StgValue>
</bind>
</comp>

<comp id="70" class="1001" name="const_70">
<pin_list>
<pin id="71" dir="1" index="0" bw="1" slack="0"/>
</pin_list>
<bind>
<StgValue><ssdm name=""/></StgValue>
</bind>
</comp>

<comp id="72" class="1001" name="const_72">
<pin_list>
<pin id="73" dir="1" index="0" bw="1" slack="0"/>
</pin_list>
<bind>
<StgValue><ssdm name=""/></StgValue>
</bind>
</comp>

<comp id="74" class="1001" name="const_74">
<pin_list>
<pin id="75" dir="1" index="0" bw="1" slack="0"/>
</pin_list>
<bind>
<StgValue><ssdm name=""/></StgValue>
</bind>
</comp>

<comp id="76" class="1001" name="const_76">
<pin_list>
<pin id="77" dir="1" index="0" bw="1" slack="0"/>
</pin_list>
<bind>
<StgValue><ssdm name=""/></StgValue>
</bind>
</comp>

<comp id="78" class="1001" name="const_78">
<pin_list>
<pin id="79" dir="1" index="0" bw="1" slack="0"/>
</pin_list>
<bind>
<StgValue><ssdm name=""/></StgValue>
</bind>
</comp>

<comp id="80" class="1001" name="const_80">
<pin_list>
<pin id="81" dir="1" index="0" bw="1" slack="0"/>
</pin_list>
<bind>
<StgValue><ssdm name=""/></StgValue>
</bind>
</comp>

<comp id="82" class="1001" name="const_82">
<pin_list>
<pin id="83" dir="1" index="0" bw="1" slack="0"/>
</pin_list>
<bind>
<StgValue><ssdm name=""/></StgValue>
</bind>
</comp>

<comp id="84" class="1001" name="const_84">
<pin_list>
<pin id="85" dir="1" index="0" bw="1" slack="0"/>
</pin_list>
<bind>
<StgValue><ssdm name=""/></StgValue>
</bind>
</comp>

<comp id="86" class="1004" name="a_read_read_fu_86">
<pin_list>
<pin id="87" dir="0" index="0" bw="9" slack="0"/>
<pin id="88" dir="0" index="1" bw="9" slack="0"/>
<pin id="89" dir="1" index="2" bw="9" slack="0"/>
</pin_list>
<bind>
<opcode="read(1150) " fcode="read"/>
<opset="a_read/1 "/>
</bind>
</comp>

<comp id="92" class="1004" name="tmp_fu_92">
<pin_list>
<pin id="93" dir="0" index="0" bw="1" slack="0"/>
<pin id="94" dir="0" index="1" bw="9" slack="0"/>
<pin id="95" dir="0" index="2" bw="5" slack="0"/>
<pin id="96" dir="1" index="3" bw="1" slack="0"/>
</pin_list>
<bind>
<opcode="bitselect(1000) " fcode="bitselect"/>
<opset="tmp/1 "/>
</bind>
</comp>

<comp id="100" class="1004" name="tmp_1_fu_100">
<pin_list>
<pin id="101" dir="0" index="0" bw="1" slack="0"/>
<pin id="102" dir="0" index="1" bw="9" slack="0"/>
<pin id="103" dir="0" index="2" bw="4" slack="0"/>
<pin id="104" dir="1" index="3" bw="1" slack="0"/>
</pin_list>
<bind>
<opcode="bitselect(1000) " fcode="bitselect"/>
<opset="tmp_1/1 "/>
</bind>
</comp>

<comp id="108" class="1004" name="tmp_2_fu_108">
<pin_list>
<pin id="109" dir="0" index="0" bw="1" slack="0"/>
<pin id="110" dir="0" index="1" bw="9" slack="0"/>
<pin id="111" dir="0" index="2" bw="4" slack="0"/>
<pin id="112" dir="1" index="3" bw="1" slack="0"/>
</pin_list>
<bind>
<opcode="bitselect(1000) " fcode="bitselect"/>
<opset="tmp_2/1 "/>
</bind>
</comp>

<comp id="116" class="1004" name="tmp_3_fu_116">
<pin_list>
<pin id="117" dir="0" index="0" bw="1" slack="0"/>
<pin id="118" dir="0" index="1" bw="9" slack="0"/>
<pin id="119" dir="0" index="2" bw="4" slack="0"/>
<pin id="120" dir="1" index="3" bw="1" slack="0"/>
</pin_list>
<bind>
<opcode="bitselect(1000) " fcode="bitselect"/>
<opset="tmp_3/1 "/>
</bind>
</comp>

<comp id="124" class="1004" name="tmp_4_fu_124">
<pin_list>
<pin id="125" dir="0" index="0" bw="1" slack="0"/>
<pin id="126" dir="0" index="1" bw="9" slack="0"/>
<pin id="127" dir="0" index="2" bw="4" slack="0"/>
<pin id="128" dir="1" index="3" bw="1" slack="0"/>
</pin_list>
<bind>
<opcode="bitselect(1000) " fcode="bitselect"/>
<opset="tmp_4/1 "/>
</bind>
</comp>

<comp id="132" class="1004" name="tmp_5_fu_132">
<pin_list>
<pin id="133" dir="0" index="0" bw="1" slack="0"/>
<pin id="134" dir="0" index="1" bw="9" slack="0"/>
<pin id="135" dir="0" index="2" bw="3" slack="0"/>
<pin id="136" dir="1" index="3" bw="1" slack="0"/>
</pin_list>
<bind>
<opcode="bitselect(1000) " fcode="bitselect"/>
<opset="tmp_5/1 "/>
</bind>
</comp>

<comp id="140" class="1004" name="tmp_6_fu_140">
<pin_list>
<pin id="141" dir="0" index="0" bw="1" slack="0"/>
<pin id="142" dir="0" index="1" bw="9" slack="0"/>
<pin id="143" dir="0" index="2" bw="3" slack="0"/>
<pin id="144" dir="1" index="3" bw="1" slack="0"/>
</pin_list>
<bind>
<opcode="bitselect(1000) " fcode="bitselect"/>
<opset="tmp_6/1 "/>
</bind>
</comp>

<comp id="148" class="1004" name="tmp_7_fu_148">
<pin_list>
<pin id="149" dir="0" index="0" bw="1" slack="0"/>
<pin id="150" dir="0" index="1" bw="9" slack="0"/>
<pin id="151" dir="0" index="2" bw="1" slack="0"/>
<pin id="152" dir="1" index="3" bw="1" slack="0"/>
</pin_list>
<bind>
<opcode="bitselect(1000) " fcode="bitselect"/>
<opset="tmp_7/1 "/>
</bind>
</comp>

<comp id="156" class="1004" name="trunc_ln41_fu_156">
<pin_list>
<pin id="157" dir="0" index="0" bw="9" slack="0"/>
<pin id="158" dir="1" index="1" bw="1" slack="0"/>
</pin_list>
<bind>
<opcode="trunc(33) " fcode="trunc"/>
<opset="trunc_ln41/1 "/>
</bind>
</comp>

<comp id="160" class="1004" name="index_fu_160">
<pin_list>
<pin id="161" dir="0" index="0" bw="1" slack="0"/>
<pin id="162" dir="0" index="1" bw="1" slack="0"/>
<pin id="163" dir="1" index="2" bw="1" slack="0"/>
</pin_list>
<bind>
<opcode="xor(25) " fcode="xor"/>
<opset="index/1 "/>
</bind>
</comp>

<comp id="166" class="1004" name="select_ln15_fu_166">
<pin_list>
<pin id="167" dir="0" index="0" bw="1" slack="0"/>
<pin id="168" dir="0" index="1" bw="5" slack="0"/>
<pin id="169" dir="0" index="2" bw="5" slack="0"/>
<pin id="170" dir="1" index="3" bw="5" slack="0"/>
</pin_list>
<bind>
<opcode="select(49) " fcode="select"/>
<opset="select_ln15/1 "/>
</bind>
</comp>

<comp id="174" class="1004" name="xor_ln17_fu_174">
<pin_list>
<pin id="175" dir="0" index="0" bw="1" slack="0"/>
<pin id="176" dir="0" index="1" bw="1" slack="0"/>
<pin id="177" dir="1" index="2" bw="1" slack="0"/>
</pin_list>
<bind>
<opcode="xor(25) " fcode="xor"/>
<opset="xor_ln17/1 "/>
</bind>
</comp>

<comp id="180" class="1004" name="and_ln20_fu_180">
<pin_list>
<pin id="181" dir="0" index="0" bw="1" slack="0"/>
<pin id="182" dir="0" index="1" bw="1" slack="0"/>
<pin id="183" dir="1" index="2" bw="1" slack="0"/>
</pin_list>
<bind>
<opcode="and(23) " fcode="and"/>
<opset="and_ln20/1 "/>
</bind>
</comp>

<comp id="186" class="1004" name="or_ln20_fu_186">
<pin_list>
<pin id="187" dir="0" index="0" bw="1" slack="0"/>
<pin id="188" dir="0" index="1" bw="1" slack="0"/>
<pin id="189" dir="1" index="2" bw="1" slack="0"/>
</pin_list>
<bind>
<opcode="or(24) " fcode="or"/>
<opset="or_ln20/1 "/>
</bind>
</comp>

<comp id="192" class="1004" name="xor_ln20_fu_192">
<pin_list>
<pin id="193" dir="0" index="0" bw="1" slack="0"/>
<pin id="194" dir="0" index="1" bw="1" slack="0"/>
<pin id="195" dir="1" index="2" bw="1" slack="0"/>
</pin_list>
<bind>
<opcode="xor(25) " fcode="xor"/>
<opset="xor_ln20/1 "/>
</bind>
</comp>

<comp id="198" class="1004" name="and_ln23_fu_198">
<pin_list>
<pin id="199" dir="0" index="0" bw="1" slack="0"/>
<pin id="200" dir="0" index="1" bw="1" slack="0"/>
<pin id="201" dir="1" index="2" bw="1" slack="0"/>
</pin_list>
<bind>
<opcode="and(23) " fcode="and"/>
<opset="and_ln23/1 "/>
</bind>
</comp>

<comp id="204" class="1004" name="or_ln23_fu_204">
<pin_list>
<pin id="205" dir="0" index="0" bw="1" slack="0"/>
<pin id="206" dir="0" index="1" bw="1" slack="0"/>
<pin id="207" dir="1" index="2" bw="1" slack="0"/>
</pin_list>
<bind>
<opcode="or(24) " fcode="or"/>
<opset="or_ln23/1 "/>
</bind>
</comp>

<comp id="210" class="1004" name="xor_ln23_fu_210">
<pin_list>
<pin id="211" dir="0" index="0" bw="1" slack="0"/>
<pin id="212" dir="0" index="1" bw="1" slack="0"/>
<pin id="213" dir="1" index="2" bw="1" slack="0"/>
</pin_list>
<bind>
<opcode="xor(25) " fcode="xor"/>
<opset="xor_ln23/1 "/>
</bind>
</comp>

<comp id="216" class="1004" name="and_ln26_fu_216">
<pin_list>
<pin id="217" dir="0" index="0" bw="1" slack="0"/>
<pin id="218" dir="0" index="1" bw="1" slack="0"/>
<pin id="219" dir="1" index="2" bw="1" slack="0"/>
</pin_list>
<bind>
<opcode="and(23) " fcode="and"/>
<opset="and_ln26/1 "/>
</bind>
</comp>

<comp id="222" class="1004" name="or_ln26_fu_222">
<pin_list>
<pin id="223" dir="0" index="0" bw="1" slack="0"/>
<pin id="224" dir="0" index="1" bw="1" slack="0"/>
<pin id="225" dir="1" index="2" bw="1" slack="0"/>
</pin_list>
<bind>
<opcode="or(24) " fcode="or"/>
<opset="or_ln26/1 "/>
</bind>
</comp>

<comp id="228" class="1004" name="xor_ln26_fu_228">
<pin_list>
<pin id="229" dir="0" index="0" bw="1" slack="0"/>
<pin id="230" dir="0" index="1" bw="1" slack="0"/>
<pin id="231" dir="1" index="2" bw="1" slack="0"/>
</pin_list>
<bind>
<opcode="xor(25) " fcode="xor"/>
<opset="xor_ln26/1 "/>
</bind>
</comp>

<comp id="234" class="1004" name="and_ln29_fu_234">
<pin_list>
<pin id="235" dir="0" index="0" bw="1" slack="0"/>
<pin id="236" dir="0" index="1" bw="1" slack="0"/>
<pin id="237" dir="1" index="2" bw="1" slack="0"/>
</pin_list>
<bind>
<opcode="and(23) " fcode="and"/>
<opset="and_ln29/1 "/>
</bind>
</comp>

<comp id="240" class="1004" name="or_ln29_fu_240">
<pin_list>
<pin id="241" dir="0" index="0" bw="1" slack="0"/>
<pin id="242" dir="0" index="1" bw="1" slack="0"/>
<pin id="243" dir="1" index="2" bw="1" slack="0"/>
</pin_list>
<bind>
<opcode="or(24) " fcode="or"/>
<opset="or_ln29/1 "/>
</bind>
</comp>

<comp id="246" class="1004" name="xor_ln29_fu_246">
<pin_list>
<pin id="247" dir="0" index="0" bw="1" slack="0"/>
<pin id="248" dir="0" index="1" bw="1" slack="0"/>
<pin id="249" dir="1" index="2" bw="1" slack="0"/>
</pin_list>
<bind>
<opcode="xor(25) " fcode="xor"/>
<opset="xor_ln29/1 "/>
</bind>
</comp>

<comp id="252" class="1004" name="and_ln32_fu_252">
<pin_list>
<pin id="253" dir="0" index="0" bw="1" slack="0"/>
<pin id="254" dir="0" index="1" bw="1" slack="0"/>
<pin id="255" dir="1" index="2" bw="1" slack="0"/>
</pin_list>
<bind>
<opcode="and(23) " fcode="and"/>
<opset="and_ln32/1 "/>
</bind>
</comp>

<comp id="258" class="1004" name="or_ln32_fu_258">
<pin_list>
<pin id="259" dir="0" index="0" bw="1" slack="0"/>
<pin id="260" dir="0" index="1" bw="1" slack="0"/>
<pin id="261" dir="1" index="2" bw="1" slack="0"/>
</pin_list>
<bind>
<opcode="or(24) " fcode="or"/>
<opset="or_ln32/1 "/>
</bind>
</comp>

<comp id="264" class="1004" name="xor_ln32_fu_264">
<pin_list>
<pin id="265" dir="0" index="0" bw="1" slack="0"/>
<pin id="266" dir="0" index="1" bw="1" slack="0"/>
<pin id="267" dir="1" index="2" bw="1" slack="0"/>
</pin_list>
<bind>
<opcode="xor(25) " fcode="xor"/>
<opset="xor_ln32/1 "/>
</bind>
</comp>

<comp id="270" class="1004" name="and_ln35_fu_270">
<pin_list>
<pin id="271" dir="0" index="0" bw="1" slack="0"/>
<pin id="272" dir="0" index="1" bw="1" slack="0"/>
<pin id="273" dir="1" index="2" bw="1" slack="0"/>
</pin_list>
<bind>
<opcode="and(23) " fcode="and"/>
<opset="and_ln35/1 "/>
</bind>
</comp>

<comp id="276" class="1004" name="or_ln35_fu_276">
<pin_list>
<pin id="277" dir="0" index="0" bw="1" slack="0"/>
<pin id="278" dir="0" index="1" bw="1" slack="0"/>
<pin id="279" dir="1" index="2" bw="1" slack="0"/>
</pin_list>
<bind>
<opcode="or(24) " fcode="or"/>
<opset="or_ln35/1 "/>
</bind>
</comp>

<comp id="282" class="1004" name="xor_ln35_fu_282">
<pin_list>
<pin id="283" dir="0" index="0" bw="1" slack="0"/>
<pin id="284" dir="0" index="1" bw="1" slack="0"/>
<pin id="285" dir="1" index="2" bw="1" slack="0"/>
</pin_list>
<bind>
<opcode="xor(25) " fcode="xor"/>
<opset="xor_ln35/1 "/>
</bind>
</comp>

<comp id="288" class="1004" name="and_ln38_fu_288">
<pin_list>
<pin id="289" dir="0" index="0" bw="1" slack="0"/>
<pin id="290" dir="0" index="1" bw="1" slack="0"/>
<pin id="291" dir="1" index="2" bw="1" slack="0"/>
</pin_list>
<bind>
<opcode="and(23) " fcode="and"/>
<opset="and_ln38/1 "/>
</bind>
</comp>

<comp id="294" class="1004" name="sel_tmp_fu_294">
<pin_list>
<pin id="295" dir="0" index="0" bw="8" slack="0"/>
<pin id="296" dir="0" index="1" bw="1" slack="0"/>
<pin id="297" dir="0" index="2" bw="1" slack="0"/>
<pin id="298" dir="0" index="3" bw="1" slack="0"/>
<pin id="299" dir="0" index="4" bw="1" slack="0"/>
<pin id="300" dir="0" index="5" bw="1" slack="0"/>
<pin id="301" dir="0" index="6" bw="1" slack="0"/>
<pin id="302" dir="0" index="7" bw="1" slack="0"/>
<pin id="303" dir="0" index="8" bw="1" slack="0"/>
<pin id="304" dir="1" index="9" bw="8" slack="0"/>
</pin_list>
<bind>
<opcode="bitconcatenate(1004) " fcode="bitconcatenate"/>
<opset="sel_tmp/1 "/>
</bind>
</comp>

<comp id="314" class="1004" name="retval_8_fu_314">
<pin_list>
<pin id="315" dir="0" index="0" bw="5" slack="0"/>
<pin id="316" dir="0" index="1" bw="8" slack="0"/>
<pin id="317" dir="0" index="2" bw="5" slack="0"/>
<pin id="318" dir="0" index="3" bw="8" slack="0"/>
<pin id="319" dir="0" index="4" bw="5" slack="0"/>
<pin id="320" dir="0" index="5" bw="8" slack="0"/>
<pin id="321" dir="0" index="6" bw="5" slack="0"/>
<pin id="322" dir="0" index="7" bw="8" slack="0"/>
<pin id="323" dir="0" index="8" bw="5" slack="0"/>
<pin id="324" dir="0" index="9" bw="8" slack="0"/>
<pin id="325" dir="0" index="10" bw="5" slack="0"/>
<pin id="326" dir="0" index="11" bw="8" slack="0"/>
<pin id="327" dir="0" index="12" bw="5" slack="0"/>
<pin id="328" dir="0" index="13" bw="8" slack="0"/>
<pin id="329" dir="0" index="14" bw="5" slack="0"/>
<pin id="330" dir="0" index="15" bw="8" slack="0"/>
<pin id="331" dir="0" index="16" bw="5" slack="0"/>
<pin id="332" dir="0" index="17" bw="8" slack="0"/>
<pin id="333" dir="0" index="18" bw="5" slack="0"/>
<pin id="334" dir="0" index="19" bw="5" slack="0"/>
<pin id="335" dir="0" index="20" bw="8" slack="0"/>
<pin id="336" dir="1" index="21" bw="5" slack="2147483647"/>
</pin_list>
<bind>
<opcode="sparsemux(1197) " fcode="sparsemux"/>
<opset="retval_8/1 "/>
</bind>
</comp>

</comp_list>

<net_list>
<net id="90"><net_src comp="22" pin="0"/><net_sink comp="86" pin=0"/></net>

<net id="91"><net_src comp="0" pin="0"/><net_sink comp="86" pin=1"/></net>

<net id="97"><net_src comp="24" pin="0"/><net_sink comp="92" pin=0"/></net>

<net id="98"><net_src comp="86" pin="2"/><net_sink comp="92" pin=1"/></net>

<net id="99"><net_src comp="26" pin="0"/><net_sink comp="92" pin=2"/></net>

<net id="105"><net_src comp="24" pin="0"/><net_sink comp="100" pin=0"/></net>

<net id="106"><net_src comp="86" pin="2"/><net_sink comp="100" pin=1"/></net>

<net id="107"><net_src comp="28" pin="0"/><net_sink comp="100" pin=2"/></net>

<net id="113"><net_src comp="24" pin="0"/><net_sink comp="108" pin=0"/></net>

<net id="114"><net_src comp="86" pin="2"/><net_sink comp="108" pin=1"/></net>

<net id="115"><net_src comp="30" pin="0"/><net_sink comp="108" pin=2"/></net>

<net id="121"><net_src comp="24" pin="0"/><net_sink comp="116" pin=0"/></net>

<net id="122"><net_src comp="86" pin="2"/><net_sink comp="116" pin=1"/></net>

<net id="123"><net_src comp="32" pin="0"/><net_sink comp="116" pin=2"/></net>

<net id="129"><net_src comp="24" pin="0"/><net_sink comp="124" pin=0"/></net>

<net id="130"><net_src comp="86" pin="2"/><net_sink comp="124" pin=1"/></net>

<net id="131"><net_src comp="34" pin="0"/><net_sink comp="124" pin=2"/></net>

<net id="137"><net_src comp="24" pin="0"/><net_sink comp="132" pin=0"/></net>

<net id="138"><net_src comp="86" pin="2"/><net_sink comp="132" pin=1"/></net>

<net id="139"><net_src comp="36" pin="0"/><net_sink comp="132" pin=2"/></net>

<net id="145"><net_src comp="24" pin="0"/><net_sink comp="140" pin=0"/></net>

<net id="146"><net_src comp="86" pin="2"/><net_sink comp="140" pin=1"/></net>

<net id="147"><net_src comp="38" pin="0"/><net_sink comp="140" pin=2"/></net>

<net id="153"><net_src comp="24" pin="0"/><net_sink comp="148" pin=0"/></net>

<net id="154"><net_src comp="86" pin="2"/><net_sink comp="148" pin=1"/></net>

<net id="155"><net_src comp="40" pin="0"/><net_sink comp="148" pin=2"/></net>

<net id="159"><net_src comp="86" pin="2"/><net_sink comp="156" pin=0"/></net>

<net id="164"><net_src comp="156" pin="1"/><net_sink comp="160" pin=0"/></net>

<net id="165"><net_src comp="42" pin="0"/><net_sink comp="160" pin=1"/></net>

<net id="171"><net_src comp="160" pin="2"/><net_sink comp="166" pin=0"/></net>

<net id="172"><net_src comp="44" pin="0"/><net_sink comp="166" pin=1"/></net>

<net id="173"><net_src comp="4" pin="0"/><net_sink comp="166" pin=2"/></net>

<net id="178"><net_src comp="92" pin="3"/><net_sink comp="174" pin=0"/></net>

<net id="179"><net_src comp="42" pin="0"/><net_sink comp="174" pin=1"/></net>

<net id="184"><net_src comp="100" pin="3"/><net_sink comp="180" pin=0"/></net>

<net id="185"><net_src comp="174" pin="2"/><net_sink comp="180" pin=1"/></net>

<net id="190"><net_src comp="92" pin="3"/><net_sink comp="186" pin=0"/></net>

<net id="191"><net_src comp="100" pin="3"/><net_sink comp="186" pin=1"/></net>

<net id="196"><net_src comp="186" pin="2"/><net_sink comp="192" pin=0"/></net>

<net id="197"><net_src comp="42" pin="0"/><net_sink comp="192" pin=1"/></net>

<net id="202"><net_src comp="108" pin="3"/><net_sink comp="198" pin=0"/></net>

<net id="203"><net_src comp="192" pin="2"/><net_sink comp="198" pin=1"/></net>

<net id="208"><net_src comp="186" pin="2"/><net_sink comp="204" pin=0"/></net>

<net id="209"><net_src comp="108" pin="3"/><net_sink comp="204" pin=1"/></net>

<net id="214"><net_src comp="204" pin="2"/><net_sink comp="210" pin=0"/></net>

<net id="215"><net_src comp="42" pin="0"/><net_sink comp="210" pin=1"/></net>

<net id="220"><net_src comp="116" pin="3"/><net_sink comp="216" pin=0"/></net>

<net id="221"><net_src comp="210" pin="2"/><net_sink comp="216" pin=1"/></net>

<net id="226"><net_src comp="204" pin="2"/><net_sink comp="222" pin=0"/></net>

<net id="227"><net_src comp="116" pin="3"/><net_sink comp="222" pin=1"/></net>

<net id="232"><net_src comp="222" pin="2"/><net_sink comp="228" pin=0"/></net>

<net id="233"><net_src comp="42" pin="0"/><net_sink comp="228" pin=1"/></net>

<net id="238"><net_src comp="124" pin="3"/><net_sink comp="234" pin=0"/></net>

<net id="239"><net_src comp="228" pin="2"/><net_sink comp="234" pin=1"/></net>

<net id="244"><net_src comp="222" pin="2"/><net_sink comp="240" pin=0"/></net>

<net id="245"><net_src comp="124" pin="3"/><net_sink comp="240" pin=1"/></net>

<net id="250"><net_src comp="240" pin="2"/><net_sink comp="246" pin=0"/></net>

<net id="251"><net_src comp="42" pin="0"/><net_sink comp="246" pin=1"/></net>

<net id="256"><net_src comp="132" pin="3"/><net_sink comp="252" pin=0"/></net>

<net id="257"><net_src comp="246" pin="2"/><net_sink comp="252" pin=1"/></net>

<net id="262"><net_src comp="240" pin="2"/><net_sink comp="258" pin=0"/></net>

<net id="263"><net_src comp="132" pin="3"/><net_sink comp="258" pin=1"/></net>

<net id="268"><net_src comp="258" pin="2"/><net_sink comp="264" pin=0"/></net>

<net id="269"><net_src comp="42" pin="0"/><net_sink comp="264" pin=1"/></net>

<net id="274"><net_src comp="140" pin="3"/><net_sink comp="270" pin=0"/></net>

<net id="275"><net_src comp="264" pin="2"/><net_sink comp="270" pin=1"/></net>

<net id="280"><net_src comp="258" pin="2"/><net_sink comp="276" pin=0"/></net>

<net id="281"><net_src comp="140" pin="3"/><net_sink comp="276" pin=1"/></net>

<net id="286"><net_src comp="276" pin="2"/><net_sink comp="282" pin=0"/></net>

<net id="287"><net_src comp="42" pin="0"/><net_sink comp="282" pin=1"/></net>

<net id="292"><net_src comp="148" pin="3"/><net_sink comp="288" pin=0"/></net>

<net id="293"><net_src comp="282" pin="2"/><net_sink comp="288" pin=1"/></net>

<net id="305"><net_src comp="46" pin="0"/><net_sink comp="294" pin=0"/></net>

<net id="306"><net_src comp="92" pin="3"/><net_sink comp="294" pin=1"/></net>

<net id="307"><net_src comp="180" pin="2"/><net_sink comp="294" pin=2"/></net>

<net id="308"><net_src comp="198" pin="2"/><net_sink comp="294" pin=3"/></net>

<net id="309"><net_src comp="216" pin="2"/><net_sink comp="294" pin=4"/></net>

<net id="310"><net_src comp="234" pin="2"/><net_sink comp="294" pin=5"/></net>

<net id="311"><net_src comp="252" pin="2"/><net_sink comp="294" pin=6"/></net>

<net id="312"><net_src comp="270" pin="2"/><net_sink comp="294" pin=7"/></net>

<net id="313"><net_src comp="288" pin="2"/><net_sink comp="294" pin=8"/></net>

<net id="337"><net_src comp="48" pin="0"/><net_sink comp="314" pin=0"/></net>

<net id="338"><net_src comp="50" pin="0"/><net_sink comp="314" pin=1"/></net>

<net id="339"><net_src comp="52" pin="0"/><net_sink comp="314" pin=2"/></net>

<net id="340"><net_src comp="54" pin="0"/><net_sink comp="314" pin=3"/></net>

<net id="341"><net_src comp="56" pin="0"/><net_sink comp="314" pin=4"/></net>

<net id="342"><net_src comp="58" pin="0"/><net_sink comp="314" pin=5"/></net>

<net id="343"><net_src comp="60" pin="0"/><net_sink comp="314" pin=6"/></net>

<net id="344"><net_src comp="62" pin="0"/><net_sink comp="314" pin=7"/></net>

<net id="345"><net_src comp="64" pin="0"/><net_sink comp="314" pin=8"/></net>

<net id="346"><net_src comp="66" pin="0"/><net_sink comp="314" pin=9"/></net>

<net id="347"><net_src comp="68" pin="0"/><net_sink comp="314" pin=10"/></net>

<net id="348"><net_src comp="70" pin="0"/><net_sink comp="314" pin=11"/></net>

<net id="349"><net_src comp="72" pin="0"/><net_sink comp="314" pin=12"/></net>

<net id="350"><net_src comp="74" pin="0"/><net_sink comp="314" pin=13"/></net>

<net id="351"><net_src comp="76" pin="0"/><net_sink comp="314" pin=14"/></net>

<net id="352"><net_src comp="78" pin="0"/><net_sink comp="314" pin=15"/></net>

<net id="353"><net_src comp="80" pin="0"/><net_sink comp="314" pin=16"/></net>

<net id="354"><net_src comp="82" pin="0"/><net_sink comp="314" pin=17"/></net>

<net id="355"><net_src comp="166" pin="3"/><net_sink comp="314" pin=18"/></net>

<net id="356"><net_src comp="84" pin="0"/><net_sink comp="314" pin=19"/></net>

<net id="357"><net_src comp="294" pin="9"/><net_sink comp="314" pin=20"/></net>

</net_list>

</model> 
---------------- Datapath Model END ------------------

* FSMD analyzer results:
  - Output states:
 - Input state : 
	Port: leading_one : a | {1 }
  - Chain level:
	State 1
		index : 1
		select_ln15 : 1
		xor_ln17 : 1
		and_ln20 : 1
		or_ln20 : 1
		xor_ln20 : 1
		and_ln23 : 1
		or_ln23 : 1
		xor_ln23 : 1
		and_ln26 : 1
		or_ln26 : 1
		xor_ln26 : 1
		and_ln29 : 1
		or_ln29 : 1
		xor_ln29 : 1
		and_ln32 : 1
		or_ln32 : 1
		xor_ln32 : 1
		and_ln35 : 1
		or_ln35 : 1
		xor_ln35 : 1
		and_ln38 : 1
		sel_tmp : 1
		retval_8 : 2
		ret_ln50 : 3


============================================================
+ Verbose Summary: Datapath Resource usage 
============================================================

* Functional unit list:
|----------|--------------------|---------|---------|
| Operation|   Functional Unit  |    FF   |   LUT   |
|----------|--------------------|---------|---------|
| sparsemux|   retval_8_fu_314  |    0    |    33   |
|----------|--------------------|---------|---------|
|          |    index_fu_160    |    0    |    2    |
|          |   xor_ln17_fu_174  |    0    |    2    |
|          |   xor_ln20_fu_192  |    0    |    2    |
|    xor   |   xor_ln23_fu_210  |    0    |    2    |
|          |   xor_ln26_fu_228  |    0    |    2    |
|          |   xor_ln29_fu_246  |    0    |    2    |
|          |   xor_ln32_fu_264  |    0    |    2    |
|          |   xor_ln35_fu_282  |    0    |    2    |
|----------|--------------------|---------|---------|
|          |   and_ln20_fu_180  |    0    |    2    |
|          |   and_ln23_fu_198  |    0    |    2    |
|          |   and_ln26_fu_216  |    0    |    2    |
|    and   |   and_ln29_fu_234  |    0    |    2    |
|          |   and_ln32_fu_252  |    0    |    2    |
|          |   and_ln35_fu_270  |    0    |    2    |
|          |   and_ln38_fu_288  |    0    |    2    |
|----------|--------------------|---------|---------|
|          |   or_ln20_fu_186   |    0    |    2    |
|          |   or_ln23_fu_204   |    0    |    2    |
|    or    |   or_ln26_fu_222   |    0    |    2    |
|          |   or_ln29_fu_240   |    0    |    2    |
|          |   or_ln32_fu_258   |    0    |    2    |
|          |   or_ln35_fu_276   |    0    |    2    |
|----------|--------------------|---------|---------|
|  select  | select_ln15_fu_166 |    0    |    5    |
|----------|--------------------|---------|---------|
|   read   |  a_read_read_fu_86 |    0    |    0    |
|----------|--------------------|---------|---------|
|          |      tmp_fu_92     |    0    |    0    |
|          |    tmp_1_fu_100    |    0    |    0    |
|          |    tmp_2_fu_108    |    0    |    0    |
| bitselect|    tmp_3_fu_116    |    0    |    0    |
|          |    tmp_4_fu_124    |    0    |    0    |
|          |    tmp_5_fu_132    |    0    |    0    |
|          |    tmp_6_fu_140    |    0    |    0    |
|          |    tmp_7_fu_148    |    0    |    0    |
|----------|--------------------|---------|---------|
|   trunc  |  trunc_ln41_fu_156 |    0    |    0    |
|----------|--------------------|---------|---------|
|bitconcatenate|   sel_tmp_fu_294   |    0    |    0    |
|----------|--------------------|---------|---------|
|   Total  |                    |    0    |    80   |
|----------|--------------------|---------|---------|

Memories:
N/A

* Register list:
N/A

* Multiplexer (MUX) list: 
|--------|------|------|------|--------|
|  Comp  |  Pin | Size |  BW  | S x BW |
|--------|------|------|------|--------|
|  Total |      |      |      |    0   |
|--------|------|------|------|--------|



* Summary:
+-----------+--------+--------+
|           |   FF   |   LUT  |
+-----------+--------+--------+
|  Function |    0   |   80   |
|   Memory  |    -   |    -   |
|Multiplexer|    -   |    -   |
|  Register |    -   |    -   |
+-----------+--------+--------+
|   Total   |    0   |   80   |
+-----------+--------+--------+
