/home/lenovo/Simulation_Linux/HLS/Leading_One_Vitis/Leading_One_Vitis/hls/.autopilot/db/main_leading_one.pp.0.cpp:2266:5: warning: Added loop label VITIS_LOOP_676_1:   [xilinx-label-all-loops]
    for (unsigned i = low; i != high+1; ++i) {
    ^~~
    VITIS_LOOP_676_1: 
/home/lenovo/Simulation_Linux/HLS/Leading_One_Vitis/Leading_One_Vitis/hls/.autopilot/db/main_leading_one.pp.0.cpp:2266:5: note: FIX-IT applied suggested code changes
/home/lenovo/Simulation_Linux/HLS/Leading_One_Vitis/Leading_One_Vitis/hls/.autopilot/db/main_leading_one.pp.0.cpp:2280:5: warning: Added loop label VITIS_LOOP_690_1:   [xilinx-label-all-loops]
    for (unsigned i = low; i != high+1; ++i) {
    ^~~
    VITIS_LOOP_690_1: 
/home/lenovo/Simulation_Linux/HLS/Leading_One_Vitis/Leading_One_Vitis/hls/.autopilot/db/main_leading_one.pp.0.cpp:2280:5: note: FIX-IT applied suggested code changes
/home/lenovo/Simulation_Linux/HLS/Leading_One_Vitis/Leading_One_Vitis/hls/.autopilot/db/main_leading_one.pp.0.cpp:2294:5: warning: Added loop label VITIS_LOOP_704_1:   [xilinx-label-all-loops]
    for (unsigned i = low; i != high+1; ++i) {
    ^~~
    VITIS_LOOP_704_1: 
/home/lenovo/Simulation_Linux/HLS/Leading_One_Vitis/Leading_One_Vitis/hls/.autopilot/db/main_leading_one.pp.0.cpp:2294:5: note: FIX-IT applied suggested code changes
/home/lenovo/Simulation_Linux/HLS/Leading_One_Vitis/Leading_One_Vitis/hls/.autopilot/db/main_leading_one.pp.0.cpp:4262:7: warning: Added loop label VITIS_LOOP_1248_1:   [xilinx-label-all-loops]
      for (i = 0; i < __N - 1; ++i) {
      ^~~
      VITIS_LOOP_1248_1: 
/home/lenovo/Simulation_Linux/HLS/Leading_One_Vitis/Leading_One_Vitis/hls/.autopilot/db/main_leading_one.pp.0.cpp:4262:7: note: FIX-IT applied suggested code changes
