

================================================================
== Synthesis Summary Report of 'parity_generator'
================================================================
+ General Information: 
    * Date:           Mon Dec  8 14:07:06 2025
    * Version:        2025.1 (Build 6135595 on May 21 2025)
    * Project:        Parity_Bit_Vitis
    * Solution:       hls (Vivado IP Flow Target)
    * Product family: artix7
    * Target device:  xc7a35t-cpg236-1
    

+ Performance & Resource Estimates: 
    
    PS: '+' for module; 'o' for loop; '*' for dataflow
    +--------------------+------+------+---------+-------+----------+---------+------+----------+------+----+---+----------+-----+
    |       Modules      | Issue|      |     Latency     | Iteration|         | Trip |          |      |    |   |          |     |
    |       & Loops      | Type | Slack| (cycles)|  (ns) |  Latency | Interval| Count| Pipelined| BRAM | DSP| FF|    LUT   | URAM|
    +--------------------+------+------+---------+-------+----------+---------+------+----------+------+----+---+----------+-----+
    |+ parity_generator  |     -|  4.37|        0|  0.000|         -|        1|     -|        no|     -|   -|  -|  30 (~0%)|    -|
    +--------------------+------+------+---------+-------+----------+---------+------+----------+------+----+---+----------+-----+


================================================================
== HW Interfaces
================================================================
* Other Ports
+-----------+---------+-----------+----------+
| Port      | Mode    | Direction | Bitwidth |
+-----------+---------+-----------+----------+
| a         | ap_none | in        | 16       |
| ap_return |         | out       | 1        |
+-----------+---------+-----------+----------+

* TOP LEVEL CONTROL
+-----------+--------------+--------+
| Interface | Type         | Ports  |
+-----------+--------------+--------+
| ap_rst    | reset        | ap_rst |
| ap_ctrl   | ap_ctrl_none |        |
+-----------+--------------+--------+


================================================================
== SW I/O Information
================================================================
* Top Function Arguments
+----------+-----------+-------------+
| Argument | Direction | Datatype    |
+----------+-----------+-------------+
| a        | in        | ap_uint<16> |
| return   | out       | bool        |
+----------+-----------+-------------+

* SW-to-HW Mapping
+----------+--------------+---------+
| Argument | HW Interface | HW Type |
+----------+--------------+---------+
| a        | a            | port    |
| return   | ap_return    | port    |
+----------+--------------+---------+


================================================================
== Bind Op Report
================================================================
+-------------------------+-----+--------+-------------+-----+------+---------+
| Name                    | DSP | Pragma | Variable    | Op  | Impl | Latency |
+-------------------------+-----+--------+-------------+-----+------+---------+
| + parity_generator      | 0   |        |             |     |      |         |
|   xor_ln20_fu_186_p2    |     |        | xor_ln20    | xor | auto | 0       |
|   xor_ln20_1_fu_192_p2  |     |        | xor_ln20_1  | xor | auto | 0       |
|   xor_ln20_2_fu_198_p2  |     |        | xor_ln20_2  | xor | auto | 0       |
|   xor_ln20_3_fu_204_p2  |     |        | xor_ln20_3  | xor | auto | 0       |
|   xor_ln20_4_fu_210_p2  |     |        | xor_ln20_4  | xor | auto | 0       |
|   xor_ln20_5_fu_216_p2  |     |        | xor_ln20_5  | xor | auto | 0       |
|   xor_ln20_6_fu_222_p2  |     |        | xor_ln20_6  | xor | auto | 0       |
|   xor_ln20_7_fu_228_p2  |     |        | xor_ln20_7  | xor | auto | 0       |
|   xor_ln20_8_fu_234_p2  |     |        | xor_ln20_8  | xor | auto | 0       |
|   xor_ln20_9_fu_240_p2  |     |        | xor_ln20_9  | xor | auto | 0       |
|   xor_ln20_10_fu_246_p2 |     |        | xor_ln20_10 | xor | auto | 0       |
|   xor_ln20_11_fu_252_p2 |     |        | xor_ln20_11 | xor | auto | 0       |
|   xor_ln20_12_fu_258_p2 |     |        | xor_ln20_12 | xor | auto | 0       |
|   xor_ln20_13_fu_264_p2 |     |        | xor_ln20_13 | xor | auto | 0       |
|   ap_return             |     |        | parity_1    | xor | auto | 0       |
+-------------------------+-----+--------+-------------+-----+------+---------+


================================================================
== Storage Report
================================================================
  No bind storage info in design

================================================================
== Pragma Report
================================================================
* Valid Pragma Syntax
+-----------+--------------------------+---------------------------------------------------+
| Type      | Options                  | Location                                          |
+-----------+--------------------------+---------------------------------------------------+
| INTERFACE | ap_none port=a           | main_parity_bit.cpp:8 in parity_generator, a      |
| INTERFACE | ap_ctrl_none port=return | main_parity_bit.cpp:9 in parity_generator, return |
| UNROLL    |                          | main_parity_bit.cpp:18 in parity_generator        |
+-----------+--------------------------+---------------------------------------------------+


