

================================================================
== Vitis HLS Report for 'parity_generator'
================================================================
* Date:           Mon Dec  8 14:07:06 2025

* Version:        2025.1 (Build 6135595 on May 21 2025)
* Project:        Parity_Bit_Vitis
* Solution:       hls (Vivado IP Flow Target)
* Product family: artix7
* Target device:  xc7a35t-cpg236-1


================================================================
== Performance Estimates
================================================================
+ Timing: 
    * Summary: 
    +--------+----------+----------+------------+
    |  Clock |  Target  | Estimated| Uncertainty|
    +--------+----------+----------+------------+
    |ap_clk  |  10.00 ns|  2.934 ns|     2.70 ns|
    +--------+----------+----------+------------+

+ Latency: 
    * Summary: 
    +---------+---------+----------+----------+-----+-----+---------+
    |  Latency (cycles) |  Latency (absolute) |  Interval | Pipeline|
    |   min   |   max   |    min   |    max   | min | max |   Type  |
    +---------+---------+----------+----------+-----+-----+---------+
    |        0|        0|      0 ns|      0 ns|    1|    1|       no|
    +---------+---------+----------+----------+-----+-----+---------+

    + Detail: 
        * Instance: 
        N/A

        * Loop: 
        N/A



================================================================
== Utilization Estimates
================================================================
* Summary: 
+-----------------+---------+----+-------+-------+-----+
|       Name      | BRAM_18K| DSP|   FF  |  LUT  | URAM|
+-----------------+---------+----+-------+-------+-----+
|DSP              |        -|   -|      -|      -|    -|
|Expression       |        -|   -|      0|     30|    -|
|FIFO             |        -|   -|      -|      -|    -|
|Instance         |        -|   -|      -|      -|    -|
|Memory           |        -|   -|      -|      -|    -|
|Multiplexer      |        -|   -|      -|      -|    -|
|Register         |        -|   -|      -|      -|    -|
+-----------------+---------+----+-------+-------+-----+
|Total            |        0|   0|      0|     30|    0|
+-----------------+---------+----+-------+-------+-----+
|Available        |      100|  90|  41600|  20800|    0|
+-----------------+---------+----+-------+-------+-----+
|Utilization (%)  |        0|   0|      0|     ~0|    0|
+-----------------+---------+----+-------+-------+-----+

+ Detail: 
    * Instance: 
    N/A

    * DSP: 
    N/A

    * Memory: 
    N/A

    * FIFO: 
    N/A

    * Expression: 
    +-----------------------+----------+----+---+----+------------+------------+
    |     Variable Name     | Operation| DSP| FF| LUT| Bitwidth P0| Bitwidth P1|
    +-----------------------+----------+----+---+----+------------+------------+
    |ap_return              |       xor|   0|  0|   2|           1|           1|
    |xor_ln20_10_fu_246_p2  |       xor|   0|  0|   2|           1|           1|
    |xor_ln20_11_fu_252_p2  |       xor|   0|  0|   2|           1|           1|
    |xor_ln20_12_fu_258_p2  |       xor|   0|  0|   2|           1|           1|
    |xor_ln20_13_fu_264_p2  |       xor|   0|  0|   2|           1|           1|
    |xor_ln20_1_fu_192_p2   |       xor|   0|  0|   2|           1|           1|
    |xor_ln20_2_fu_198_p2   |       xor|   0|  0|   2|           1|           1|
    |xor_ln20_3_fu_204_p2   |       xor|   0|  0|   2|           1|           1|
    |xor_ln20_4_fu_210_p2   |       xor|   0|  0|   2|           1|           1|
    |xor_ln20_5_fu_216_p2   |       xor|   0|  0|   2|           1|           1|
    |xor_ln20_6_fu_222_p2   |       xor|   0|  0|   2|           1|           1|
    |xor_ln20_7_fu_228_p2   |       xor|   0|  0|   2|           1|           1|
    |xor_ln20_8_fu_234_p2   |       xor|   0|  0|   2|           1|           1|
    |xor_ln20_9_fu_240_p2   |       xor|   0|  0|   2|           1|           1|
    |xor_ln20_fu_186_p2     |       xor|   0|  0|   2|           1|           1|
    +-----------------------+----------+----+---+----+------------+------------+
    |Total                  |          |   0|  0|  30|          15|          15|
    +-----------------------+----------+----+---+----+------------+------------+

    * Multiplexer: 
    N/A

    * Register: 
    N/A



================================================================
== Interface
================================================================
* Summary: 
+-----------+-----+-----+--------------+------------------+--------------+
| RTL Ports | Dir | Bits|   Protocol   |   Source Object  |    C Type    |
+-----------+-----+-----+--------------+------------------+--------------+
|a          |   in|   16|       ap_none|                 a|        scalar|
|ap_return  |  out|    1|  ap_ctrl_none|  parity_generator|  return value|
|ap_rst     |   in|    1|  ap_ctrl_none|  parity_generator|  return value|
+-----------+-----+-----+--------------+------------------+--------------+

