  **** HLS Build v2025.1 6135595
INFO: [HLS 200-2005] Using work_dir /home/lenovo/Simulation_Linux/HLS/LED_Controller_Vitis/LED_Controller_Vitis 
INFO: [HLS 200-2176] Writing Vitis IDE component file /home/lenovo/Simulation_Linux/HLS/LED_Controller_Vitis/LED_Controller_Vitis/vitis-comp.json
INFO: [HLS 200-10] Creating and opening component '/home/lenovo/Simulation_Linux/HLS/LED_Controller_Vitis/LED_Controller_Vitis'.
INFO: [HLS 200-1611] Setting target device to 'xc7a35t-cpg236-1'
INFO: [HLS 200-1505] Using default flow_target 'vivado'
Resolution: For help on HLS 200-1505 see docs.xilinx.com/access/sources/dita/topic?Doc_Version=2025.1%20English&url=ug1448-hls-guidance&resourceid=200-1505.html
INFO: [HLS 200-2174] Applying component config ini file /home/lenovo/Simulation_Linux/HLS/LED_Controller_Vitis/hls_config.cfg
INFO: [HLS 200-1465] Applying config ini 'syn.file=main_LED_Controller.cpp' from /home/lenovo/Simulation_Linux/HLS/LED_Controller_Vitis/hls_config.cfg(7)
INFO: [HLS 200-10] Adding design file '/home/lenovo/Simulation_Linux/HLS/LED_Controller_Vitis/main_LED_Controller.cpp' to the project
INFO: [HLS 200-1465] Applying config ini 'syn.top=led_ON' from /home/lenovo/Simulation_Linux/HLS/LED_Controller_Vitis/hls_config.cfg(8)
INFO: [HLS 200-1465] Applying config ini 'flow_target=vivado' from /home/lenovo/Simulation_Linux/HLS/LED_Controller_Vitis/hls_config.cfg(4)
INFO: [HLS 200-1505] Using flow_target 'vivado'
Resolution: For help on HLS 200-1505 see docs.xilinx.com/access/sources/dita/topic?Doc_Version=2025.1%20English&url=ug1448-hls-guidance&resourceid=200-1505.html
INFO: [HLS 200-1465] Applying config ini 'part=xc7a35tcpg236-1' from /home/lenovo/Simulation_Linux/HLS/LED_Controller_Vitis/hls_config.cfg(1)
INFO: [HLS 200-1465] Applying config ini 'package.output.format=ip_catalog' from /home/lenovo/Simulation_Linux/HLS/LED_Controller_Vitis/hls_config.cfg(5)
INFO: [HLS 200-2176] Writing Vitis IDE component file /home/lenovo/Simulation_Linux/HLS/LED_Controller_Vitis/LED_Controller_Vitis/vitis-comp.json
INFO: [IMPL 213-8] Exporting RTL as a Vivado IP.

****** Vivado v2025.1 (64-bit)
  **** SW Build 6140274 on Wed May 21 22:58:25 MDT 2025
  **** IP Build 6138677 on Thu May 22 03:10:11 MDT 2025
  **** SharedData Build 6139179 on Tue May 20 17:58:58 MDT 2025
  **** Start of session at: Wed Oct  1 08:15:17 2025
    ** Copyright 1986-2022 Xilinx, Inc. All Rights Reserved.
    ** Copyright 2022-2025 Advanced Micro Devices, Inc. All Rights Reserved.

source run_ippack.tcl -notrace
INFO: calling package_hls_ip ip_types=vitis sysgen json_file=/home/lenovo/Simulation_Linux/HLS/LED_Controller_Vitis/LED_Controller_Vitis/hls/hls_data.json outdir=/home/lenovo/Simulation_Linux/HLS/LED_Controller_Vitis/LED_Controller_Vitis/hls/impl/ip srcdir=/home/lenovo/Simulation_Linux/HLS/LED_Controller_Vitis/LED_Controller_Vitis/hls ippack_options_dict= ippack_options_dict=
INFO: Copied 1 ipmisc file(s) to /home/lenovo/Simulation_Linux/HLS/LED_Controller_Vitis/LED_Controller_Vitis/hls/impl/ip/misc
INFO: Copied 1 verilog file(s) to /home/lenovo/Simulation_Linux/HLS/LED_Controller_Vitis/LED_Controller_Vitis/hls/impl/ip/hdl/verilog
INFO: Copied 1 vhdl file(s) to /home/lenovo/Simulation_Linux/HLS/LED_Controller_Vitis/LED_Controller_Vitis/hls/impl/ip/hdl/vhdl
INFO: Import ports from HDL: /home/lenovo/Simulation_Linux/HLS/LED_Controller_Vitis/LED_Controller_Vitis/hls/impl/ip/hdl/vhdl/led_ON.vhd (led_ON)
INFO: Add data interface o
INFO: [IP_Flow 19-234] Refreshing IP repositories
INFO: [IP_Flow 19-1704] No user IP repositories specified
INFO: [IP_Flow 19-2313] Loaded Vivado IP repository '/opt/Xilinx/2025.1/Vivado/data/ip'.
INFO: Add reset interface ap_rst
INFO: Calling post_process_vitis to specialize IP
INFO: Calling post_process_sysgen to specialize IP
Generating sysgen info xml from json file
INFO: Created IP /home/lenovo/Simulation_Linux/HLS/LED_Controller_Vitis/LED_Controller_Vitis/hls/impl/ip/component.xml
INFO: Created IP archive /home/lenovo/Simulation_Linux/HLS/LED_Controller_Vitis/LED_Controller_Vitis/hls/impl/ip/xilinx_com_hls_led_ON_1_0.zip
INFO: [Common 17-206] Exiting Vivado at Wed Oct  1 08:15:21 2025...
INFO: [HLS 200-802] Generated output file LED_Controller_Vitis/led_ON.zip
INFO: [HLS 200-112] Total CPU user time: 12.29 seconds. Total CPU system time: 1.64 seconds. Total elapsed time: 14.06 seconds; peak allocated memory: 296.605 MB.
INFO: [vitis-run 60-791] Total elapsed time: 0h 0m 18s
