  **** HLS Build v2025.1 6135595
INFO: [HLS 200-2005] Using work_dir /home/lenovo/Simulation_Linux/HLS/LED_Controller_Vitis/LED_Controller_Vitis 
INFO: [HLS 200-2176] Writing Vitis IDE component file /home/lenovo/Simulation_Linux/HLS/LED_Controller_Vitis/LED_Controller_Vitis/vitis-comp.json
INFO: [HLS 200-10] Creating and opening component '/home/lenovo/Simulation_Linux/HLS/LED_Controller_Vitis/LED_Controller_Vitis'.
INFO: [HLS 200-1505] Using default flow_target 'vivado'
Resolution: For help on HLS 200-1505 see docs.xilinx.com/access/sources/dita/topic?Doc_Version=2025.1%20English&url=ug1448-hls-guidance&resourceid=200-1505.html
INFO: [HLS 200-2174] Applying component config ini file /home/lenovo/Simulation_Linux/HLS/LED_Controller_Vitis/hls_config.cfg
INFO: [HLS 200-1465] Applying config ini 'syn.file=main_LED_Controller.cpp' from /home/lenovo/Simulation_Linux/HLS/LED_Controller_Vitis/hls_config.cfg(7)
INFO: [HLS 200-10] Adding design file '/home/lenovo/Simulation_Linux/HLS/LED_Controller_Vitis/main_LED_Controller.cpp' to the project
INFO: [HLS 200-1465] Applying config ini 'syn.top=led_ON' from /home/lenovo/Simulation_Linux/HLS/LED_Controller_Vitis/hls_config.cfg(8)
INFO: [HLS 200-1465] Applying config ini 'flow_target=vivado' from /home/lenovo/Simulation_Linux/HLS/LED_Controller_Vitis/hls_config.cfg(4)
INFO: [HLS 200-1505] Using flow_target 'vivado'
Resolution: For help on HLS 200-1505 see docs.xilinx.com/access/sources/dita/topic?Doc_Version=2025.1%20English&url=ug1448-hls-guidance&resourceid=200-1505.html
INFO: [HLS 200-1465] Applying config ini 'part=xc7a35tcpg236-1' from /home/lenovo/Simulation_Linux/HLS/LED_Controller_Vitis/hls_config.cfg(1)
INFO: [HLS 200-1611] Setting target device to 'xc7a35t-cpg236-1'
INFO: [HLS 200-1465] Applying config ini 'package.output.format=ip_catalog' from /home/lenovo/Simulation_Linux/HLS/LED_Controller_Vitis/hls_config.cfg(5)
INFO: [HLS 200-2176] Writing Vitis IDE component file /home/lenovo/Simulation_Linux/HLS/LED_Controller_Vitis/LED_Controller_Vitis/vitis-comp.json
INFO: [HLS 200-111] Finished File checks and directory preparation: CPU user time: 1.37 seconds. CPU system time: 0.37 seconds. Elapsed time: 1.87 seconds; current allocated memory: 234.934 MB.
INFO: [HLS 200-10] Analyzing design file 'main_LED_Controller.cpp' ... 
INFO: [HLS 200-111] Finished Source Code Analysis and Preprocessing: CPU user time: 0.18 seconds. CPU system time: 0.31 seconds. Elapsed time: 0.62 seconds; current allocated memory: 236.480 MB.
INFO: [HLS 200-777] Using interface defaults for 'Vivado' flow target.
INFO: [HLS 200-1995] There were 4 instructions in the design after the 'Compile/Link' phase of compilation. See the Design Size Report for more details (/home/lenovo/Simulation_Linux/HLS/LED_Controller_Vitis/LED_Controller_Vitis/hls/syn/report/csynth_design_size.rpt:2)
INFO: [HLS 200-1995] There were 4 instructions in the design after the 'Unroll/Inline (step 1)' phase of compilation. See the Design Size Report for more details (/home/lenovo/Simulation_Linux/HLS/LED_Controller_Vitis/LED_Controller_Vitis/hls/syn/report/csynth_design_size.rpt:2)
INFO: [HLS 200-1995] There were 4 instructions in the design after the 'Unroll/Inline (step 2)' phase of compilation. See the Design Size Report for more details (/home/lenovo/Simulation_Linux/HLS/LED_Controller_Vitis/LED_Controller_Vitis/hls/syn/report/csynth_design_size.rpt:2)
INFO: [HLS 200-1995] There were 4 instructions in the design after the 'Unroll/Inline (step 3)' phase of compilation. See the Design Size Report for more details (/home/lenovo/Simulation_Linux/HLS/LED_Controller_Vitis/LED_Controller_Vitis/hls/syn/report/csynth_design_size.rpt:2)
INFO: [HLS 200-1995] There were 4 instructions in the design after the 'Unroll/Inline (step 4)' phase of compilation. See the Design Size Report for more details (/home/lenovo/Simulation_Linux/HLS/LED_Controller_Vitis/LED_Controller_Vitis/hls/syn/report/csynth_design_size.rpt:2)
INFO: [HLS 200-1995] There were 4 instructions in the design after the 'Array/Struct (step 1)' phase of compilation. See the Design Size Report for more details (/home/lenovo/Simulation_Linux/HLS/LED_Controller_Vitis/LED_Controller_Vitis/hls/syn/report/csynth_design_size.rpt:2)
INFO: [HLS 200-1995] There were 4 instructions in the design after the 'Array/Struct (step 2)' phase of compilation. See the Design Size Report for more details (/home/lenovo/Simulation_Linux/HLS/LED_Controller_Vitis/LED_Controller_Vitis/hls/syn/report/csynth_design_size.rpt:2)
INFO: [HLS 200-1995] There were 4 instructions in the design after the 'Array/Struct (step 3)' phase of compilation. See the Design Size Report for more details (/home/lenovo/Simulation_Linux/HLS/LED_Controller_Vitis/LED_Controller_Vitis/hls/syn/report/csynth_design_size.rpt:2)
INFO: [HLS 200-1995] There were 4 instructions in the design after the 'Array/Struct (step 4)' phase of compilation. See the Design Size Report for more details (/home/lenovo/Simulation_Linux/HLS/LED_Controller_Vitis/LED_Controller_Vitis/hls/syn/report/csynth_design_size.rpt:2)
INFO: [HLS 200-1995] There were 4 instructions in the design after the 'Array/Struct (step 5)' phase of compilation. See the Design Size Report for more details (/home/lenovo/Simulation_Linux/HLS/LED_Controller_Vitis/LED_Controller_Vitis/hls/syn/report/csynth_design_size.rpt:2)
INFO: [HLS 200-1995] There were 4 instructions in the design after the 'Performance (step 1)' phase of compilation. See the Design Size Report for more details (/home/lenovo/Simulation_Linux/HLS/LED_Controller_Vitis/LED_Controller_Vitis/hls/syn/report/csynth_design_size.rpt:2)
INFO: [HLS 200-1995] There were 4 instructions in the design after the 'Performance (step 2)' phase of compilation. See the Design Size Report for more details (/home/lenovo/Simulation_Linux/HLS/LED_Controller_Vitis/LED_Controller_Vitis/hls/syn/report/csynth_design_size.rpt:2)
INFO: [HLS 200-1995] There were 4 instructions in the design after the 'Performance (step 3)' phase of compilation. See the Design Size Report for more details (/home/lenovo/Simulation_Linux/HLS/LED_Controller_Vitis/LED_Controller_Vitis/hls/syn/report/csynth_design_size.rpt:2)
INFO: [HLS 200-1995] There were 4 instructions in the design after the 'Performance (step 4)' phase of compilation. See the Design Size Report for more details (/home/lenovo/Simulation_Linux/HLS/LED_Controller_Vitis/LED_Controller_Vitis/hls/syn/report/csynth_design_size.rpt:2)
INFO: [HLS 200-1995] There were 5 instructions in the design after the 'HW Transforms (step 1)' phase of compilation. See the Design Size Report for more details (/home/lenovo/Simulation_Linux/HLS/LED_Controller_Vitis/LED_Controller_Vitis/hls/syn/report/csynth_design_size.rpt:2)
INFO: [HLS 200-1995] There were 6 instructions in the design after the 'HW Transforms (step 2)' phase of compilation. See the Design Size Report for more details (/home/lenovo/Simulation_Linux/HLS/LED_Controller_Vitis/LED_Controller_Vitis/hls/syn/report/csynth_design_size.rpt:2)
INFO: [HLS 200-111] Finished Compiling Optimization and Transform: CPU user time: 1.77 seconds. CPU system time: 0.46 seconds. Elapsed time: 7.03 seconds; current allocated memory: 238.328 MB.
INFO: [HLS 200-111] Finished Checking Pragmas: CPU user time: 0 seconds. CPU system time: 0 seconds. Elapsed time: 0.01 seconds; current allocated memory: 238.328 MB.
INFO: [HLS 200-10] Starting code transformations ...
INFO: [HLS 200-111] Finished Standard Transforms: CPU user time: 0.01 seconds. CPU system time: 0.01 seconds. Elapsed time: 0.02 seconds; current allocated memory: 238.328 MB.
INFO: [HLS 200-10] Checking synthesizability ...
INFO: [HLS 200-111] Finished Checking Synthesizability: CPU user time: 0 seconds. CPU system time: 0 seconds. Elapsed time: 0.01 seconds; current allocated memory: 238.480 MB.
INFO: [HLS 200-111] Finished Loop, function and other optimizations: CPU user time: 0.01 seconds. CPU system time: 0.01 seconds. Elapsed time: 0.02 seconds; current allocated memory: 258.383 MB.
INFO: [HLS 200-111] Finished Architecture Synthesis: CPU user time: 0.01 seconds. CPU system time: 0.01 seconds. Elapsed time: 0.01 seconds; current allocated memory: 250.379 MB.
INFO: [HLS 200-10] Starting hardware synthesis ...
INFO: [HLS 200-10] Synthesizing 'led_ON' ...
INFO: [SYN 201-201] Setting up clock 'default' with a period of 10ns.
INFO: [HLS 200-10] ----------------------------------------------------------------
INFO: [HLS 200-42] -- Implementing module 'led_ON' 
INFO: [HLS 200-10] ----------------------------------------------------------------
INFO: [SCHED 204-11] Starting scheduling ...
INFO: [SCHED 204-11] Finished scheduling.
INFO: [HLS 200-111] Finished Scheduling: CPU user time: 0.01 seconds. CPU system time: 0.02 seconds. Elapsed time: 0.03 seconds; current allocated memory: 250.379 MB.
INFO: [BIND 205-100] Starting micro-architecture generation ...
INFO: [BIND 205-101] Performing variable lifetime analysis.
INFO: [BIND 205-101] Exploring resource sharing.
INFO: [BIND 205-101] Binding ...
INFO: [BIND 205-100] Finished micro-architecture generation.
INFO: [HLS 200-111] Finished Binding: CPU user time: 0.01 seconds. CPU system time: 0 seconds. Elapsed time: 0.01 seconds; current allocated memory: 250.379 MB.
INFO: [HLS 200-10] ----------------------------------------------------------------
INFO: [HLS 200-10] -- Generating RTL for module 'led_ON' 
INFO: [HLS 200-10] ----------------------------------------------------------------
INFO: [RTGEN 206-500] Setting interface mode on port 'led_ON/o' to 'ap_none'.
WARNING: [RTGEN 206-101] Port 'o' with mode 'ap_none' may require an associated data valid signal to correctly communicate with other blocks or a test bench; automatic C/RTL co-simulation may not be able to verify such a port.
INFO: [RTGEN 206-500] Setting interface mode on function 'led_ON' to 'ap_ctrl_none'.
INFO: [RTGEN 206-100] Finished creating RTL model for 'led_ON'.
INFO: [HLS 200-111] Finished Creating RTL model: CPU user time: 0.01 seconds. CPU system time: 0 seconds. Elapsed time: 0.02 seconds; current allocated memory: 250.379 MB.
INFO: [HLS 200-111] Finished Generating all RTL models: CPU user time: 0.12 seconds. CPU system time: 0.01 seconds. Elapsed time: 0.12 seconds; current allocated memory: 251.152 MB.
INFO: [HLS 200-111] Finished Updating report files: CPU user time: 0.24 seconds. CPU system time: 0.05 seconds. Elapsed time: 0.3 seconds; current allocated memory: 251.828 MB.
INFO: [VHDL 208-304] Generating VHDL RTL for led_ON.
INFO: [VLOG 209-307] Generating Verilog RTL for led_ON.
INFO: [HLS 200-789] **** Estimated Fmax: 0.00 MHz
INFO: [HLS 200-112] Total CPU user time: 3.74 seconds. Total CPU system time: 1.25 seconds. Total elapsed time: 10.08 seconds; peak allocated memory: 258.383 MB.
INFO: [v++ 60-791] Total elapsed time: 0h 0m 14s
