Wed Oct  1 07:30:09 2025: Running xcd server. This server was built by gradle.
Wed Oct  1 07:30:09 2025: Server was asked to start on port: '40829'
Wed Oct  1 07:30:09 2025: Server is using token UUID: '89a13d9d-1c46-4177-9d43-253fdf8b6824'
Wed Oct  1 07:30:09 2025: SESSION_MGR: creating session with session uuid: '6d04a3e9-ade5-4ab9-8d63-1f78fcd2ec76' and name 'default'
Wed Oct  1 07:30:09 2025: Attempting to start server on port '40829'
Wed Oct  1 07:30:09 2025: XCD main fifo: created main fifo '/tmp/xcdmain89a13d9d-1c46-4177-9d43-253fdf8b6824', fd read = 12
Wed Oct  1 07:30:09 2025: Running Dispatch Server
Wed Oct  1 07:30:09 2025: Version 2.2.0
Wed Oct  1 07:30:11 2025: Dispatch Server: Accepted socket connection from client
Wed Oct  1 07:30:11 2025: Starting Socket connection
Wed Oct  1 07:30:11 2025: EXCHANGE_TOKEN received, server token: 89a13d9d-1c46-4177-9d43-253fdf8b6824, passed token: 89a13d9d-1c46-4177-9d43-253fdf8b6824
Wed Oct  1 07:30:11 2025: DISPATCH_HANDLER: Adding handler from function makeHandler in library libxv_system_diagram
Wed Oct  1 07:30:11 2025: SESSION_MGR: creating session with session uuid: '21ad15bf-606f-4c1b-923b-7408c8719ebb' and name 'v++_compile_LED_Controller_Vitis'
Wed Oct  1 07:30:11 2025: KERNEL_SVC: creating session with uuid: '21ad15bf-606f-4c1b-923b-7408c8719ebb' and name 'v++_compile_LED_Controller_Vitis'
Wed Oct  1 07:30:11 2025: GUIDANCE_SMGR: creating guidance session with uuid: '21ad15bf-606f-4c1b-923b-7408c8719ebb' and name 'v++_compile_LED_Controller_Vitis'
Wed Oct  1 07:30:11 2025: SYSTEM_DIAGRAM: creating session with uuid: '21ad15bf-606f-4c1b-923b-7408c8719ebb' and name 'v++_compile_LED_Controller_Vitis'
Wed Oct  1 07:30:14 2025: Dispatch Server: Accepted socket connection from client
Wed Oct  1 07:30:14 2025: Starting Socket connection
Wed Oct  1 07:30:22 2025: SESSION_MGR: closing session for UUID '21ad15bf-606f-4c1b-923b-7408c8719ebb' with name 'v++_compile_LED_Controller_Vitis'
Wed Oct  1 07:30:22 2025: KERNEL_SVC: closing session for UUID '21ad15bf-606f-4c1b-923b-7408c8719ebb' with name 'v++_compile_LED_Controller_Vitis'
Wed Oct  1 07:30:22 2025: GUIDANCE_SMGR: closing session for UUID '21ad15bf-606f-4c1b-923b-7408c8719ebb' with name 'v++_compile_LED_Controller_Vitis'
Wed Oct  1 07:30:22 2025: SYSTEM_DIAGRAM: closing session for UUID '21ad15bf-606f-4c1b-923b-7408c8719ebb' with name 'v++_compile_LED_Controller_Vitis'
Wed Oct  1 07:30:22 2025: STOP_SERVER received, server token: 89a13d9d-1c46-4177-9d43-253fdf8b6824, passed token: 89a13d9d-1c46-4177-9d43-253fdf8b6824
Wed Oct  1 07:30:22 2025: Socket received request to stop server.
Wed Oct  1 07:30:22 2025: Dispatch Server: do_await_stop
Wed Oct  1 07:30:22 2025: Dispatch Server: stopping mainFifo_
Wed Oct  1 07:30:22 2025: XCD main fifo: Stopping
Wed Oct  1 07:30:22 2025: XCD main fifo: do_read error code: Operation canceled
Wed Oct  1 07:30:22 2025: XCD main fifo: bytes_transferred: 0
Wed Oct  1 07:30:22 2025: SERVER: destructor for server bound to port 40829
Wed Oct  1 07:30:22 2025: XCD main fifo: Good unlink of /tmp/xcdmain89a13d9d-1c46-4177-9d43-253fdf8b6824
Wed Oct  1 07:30:22 2025: Server exiting with status 0.
Wed Oct  1 07:30:22 2025: Closing log file.
Wed Oct  1 08:15:11 2025: Running xcd server. This server was built by gradle.
Wed Oct  1 08:15:11 2025: Server was asked to start on port: '46179'
Wed Oct  1 08:15:11 2025: Server is using token UUID: '6ed9bc46-c348-431d-9a49-7015fc68adf3'
Wed Oct  1 08:15:11 2025: SESSION_MGR: creating session with session uuid: '6d04a3e9-ade5-4ab9-8d63-1f78fcd2ec76' and name 'default'
Wed Oct  1 08:15:11 2025: Attempting to start server on port '46179'
Wed Oct  1 08:15:11 2025: XCD main fifo: created main fifo '/tmp/xcdmain6ed9bc46-c348-431d-9a49-7015fc68adf3', fd read = 12
Wed Oct  1 08:15:11 2025: Running Dispatch Server
Wed Oct  1 08:15:11 2025: Version 2.2.0
Wed Oct  1 08:15:12 2025: Dispatch Server: Accepted socket connection from client
Wed Oct  1 08:15:12 2025: Starting Socket connection
Wed Oct  1 08:15:12 2025: EXCHANGE_TOKEN received, server token: 6ed9bc46-c348-431d-9a49-7015fc68adf3, passed token: 6ed9bc46-c348-431d-9a49-7015fc68adf3
Wed Oct  1 08:15:12 2025: DISPATCH_HANDLER: Adding handler from function makeHandler in library libxv_system_diagram
Wed Oct  1 08:15:12 2025: SESSION_MGR: creating session with session uuid: '04b23098-08ce-4273-af5f-d0f16e0e299a' and name 'vitis-run_compile_LED_Controller_Vitis'
Wed Oct  1 08:15:12 2025: KERNEL_SVC: creating session with uuid: '04b23098-08ce-4273-af5f-d0f16e0e299a' and name 'vitis-run_compile_LED_Controller_Vitis'
Wed Oct  1 08:15:12 2025: GUIDANCE_SMGR: creating guidance session with uuid: '04b23098-08ce-4273-af5f-d0f16e0e299a' and name 'vitis-run_compile_LED_Controller_Vitis'
Wed Oct  1 08:15:12 2025: SYSTEM_DIAGRAM: creating session with uuid: '04b23098-08ce-4273-af5f-d0f16e0e299a' and name 'vitis-run_compile_LED_Controller_Vitis'
Wed Oct  1 08:15:15 2025: Dispatch Server: Accepted socket connection from client
Wed Oct  1 08:15:15 2025: Starting Socket connection
Wed Oct  1 08:15:28 2025: SESSION_MGR: closing session for UUID '04b23098-08ce-4273-af5f-d0f16e0e299a' with name 'vitis-run_compile_LED_Controller_Vitis'
Wed Oct  1 08:15:28 2025: KERNEL_SVC: closing session for UUID '04b23098-08ce-4273-af5f-d0f16e0e299a' with name 'vitis-run_compile_LED_Controller_Vitis'
Wed Oct  1 08:15:28 2025: GUIDANCE_SMGR: closing session for UUID '04b23098-08ce-4273-af5f-d0f16e0e299a' with name 'vitis-run_compile_LED_Controller_Vitis'
Wed Oct  1 08:15:28 2025: SYSTEM_DIAGRAM: closing session for UUID '04b23098-08ce-4273-af5f-d0f16e0e299a' with name 'vitis-run_compile_LED_Controller_Vitis'
Wed Oct  1 08:15:28 2025: STOP_SERVER received, server token: 6ed9bc46-c348-431d-9a49-7015fc68adf3, passed token: 6ed9bc46-c348-431d-9a49-7015fc68adf3
Wed Oct  1 08:15:28 2025: Socket received request to stop server.
Wed Oct  1 08:15:28 2025: Dispatch Server: do_await_stop
Wed Oct  1 08:15:28 2025: Dispatch Server: stopping mainFifo_
Wed Oct  1 08:15:28 2025: XCD main fifo: Stopping
Wed Oct  1 08:15:28 2025: XCD main fifo: do_read error code: Operation canceled
Wed Oct  1 08:15:28 2025: XCD main fifo: bytes_transferred: 0
Wed Oct  1 08:15:28 2025: SERVER: destructor for server bound to port 46179
Wed Oct  1 08:15:28 2025: XCD main fifo: Good unlink of /tmp/xcdmain6ed9bc46-c348-431d-9a49-7015fc68adf3
Wed Oct  1 08:15:28 2025: Server exiting with status 0.
Wed Oct  1 08:15:28 2025: Closing log file.
