#-----------------------------------------------------------
# Vivado v2025.1 (64-bit)
# SW Build 6140274 on Wed May 21 22:58:25 MDT 2025
# IP Build 6138677 on Thu May 22 03:10:11 MDT 2025
# SharedData Build 6139179 on Tue May 20 17:58:58 MDT 2025
# Start of session at: Thu Nov 27 09:32:26 2025
# Process ID         : 19599
# Current directory  : /home/lenovo/Simulation_Linux/HLS/Seven_Seg_Single_Digit_Vitis/Seven_Seg_Single_Digit_Vitis/hls/impl/ip
# Command line       : vivado -notrace -mode batch -source run_ippack.tcl
# Log file           : /home/lenovo/Simulation_Linux/HLS/Seven_Seg_Single_Digit_Vitis/Seven_Seg_Single_Digit_Vitis/hls/impl/ip/vivado.log
# Journal file       : /home/lenovo/Simulation_Linux/HLS/Seven_Seg_Single_Digit_Vitis/Seven_Seg_Single_Digit_Vitis/hls/impl/ip/vivado.jou
# Running On         : lenovo-Legion-5-17ACH6H
# Platform           : Ubuntu
# Operating System   : Ubuntu 24.04.2 LTS
# Processor Detail   : AMD Ryzen 5 5600H with Radeon Graphics
# CPU Frequency      : 4243.281 MHz
# CPU Physical cores : 6
# CPU Logical cores  : 12
# Host memory        : 14496 MB
# Swap memory        : 2147 MB
# Total Virtual      : 16644 MB
# Available Virtual  : 8490 MB
#-----------------------------------------------------------
source run_ippack.tcl -notrace
