  **** HLS Build v2025.1 6135595
INFO: [HLS 200-2005] Using work_dir /home/lenovo/Simulation_Linux/HLS/Dummy_Comb_Circuit/Dummy_Comb_Circuit 
INFO: [HLS 200-2176] Writing Vitis IDE component file /home/lenovo/Simulation_Linux/HLS/Dummy_Comb_Circuit/Dummy_Comb_Circuit/vitis-comp.json
INFO: [HLS 200-10] Creating and opening component '/home/lenovo/Simulation_Linux/HLS/Dummy_Comb_Circuit/Dummy_Comb_Circuit'.
INFO: [HLS 200-1505] Using default flow_target 'vivado'
Resolution: For help on HLS 200-1505 see docs.xilinx.com/access/sources/dita/topic?Doc_Version=2025.1%20English&url=ug1448-hls-guidance&resourceid=200-1505.html
INFO: [HLS 200-2174] Applying component config ini file /home/lenovo/Simulation_Linux/HLS/Dummy_Comb_Circuit/hls_config.cfg
INFO: [HLS 200-1465] Applying config ini 'syn.file=main_comb_circuit.c' from /home/lenovo/Simulation_Linux/HLS/Dummy_Comb_Circuit/hls_config.cfg(7)
INFO: [HLS 200-10] Adding design file '/home/lenovo/Simulation_Linux/HLS/Dummy_Comb_Circuit/main_comb_circuit.c' to the project
INFO: [HLS 200-1465] Applying config ini 'syn.top=dummy_comb_circuit' from /home/lenovo/Simulation_Linux/HLS/Dummy_Comb_Circuit/hls_config.cfg(8)
INFO: [HLS 200-1465] Applying config ini 'flow_target=vivado' from /home/lenovo/Simulation_Linux/HLS/Dummy_Comb_Circuit/hls_config.cfg(4)
INFO: [HLS 200-1505] Using flow_target 'vivado'
Resolution: For help on HLS 200-1505 see docs.xilinx.com/access/sources/dita/topic?Doc_Version=2025.1%20English&url=ug1448-hls-guidance&resourceid=200-1505.html
INFO: [HLS 200-1465] Applying config ini 'part=xc7a35tcpg236-1' from /home/lenovo/Simulation_Linux/HLS/Dummy_Comb_Circuit/hls_config.cfg(1)
INFO: [HLS 200-1611] Setting target device to 'xc7a35t-cpg236-1'
INFO: [HLS 200-1465] Applying config ini 'package.output.format=ip_catalog' from /home/lenovo/Simulation_Linux/HLS/Dummy_Comb_Circuit/hls_config.cfg(5)
INFO: [HLS 200-2176] Writing Vitis IDE component file /home/lenovo/Simulation_Linux/HLS/Dummy_Comb_Circuit/Dummy_Comb_Circuit/vitis-comp.json
INFO: [HLS 200-111] Finished File checks and directory preparation: CPU user time: 1.35 seconds. CPU system time: 0.37 seconds. Elapsed time: 1.84 seconds; current allocated memory: 234.891 MB.
INFO: [HLS 200-10] Analyzing design file 'main_comb_circuit.c' ... 
ERROR: [HLS 207-3801] unknown type name 'bool' (main_comb_circuit.c:4:25)
ERROR: [HLS 207-3801] unknown type name 'bool' (main_comb_circuit.c:4:32)
ERROR: [HLS 207-3801] unknown type name 'bool' (main_comb_circuit.c:4:39)
ERROR: [HLS 207-3801] unknown type name 'bool' (main_comb_circuit.c:4:46)
WARNING: [HLS 207-5557] invalid variable expr  (main_comb_circuit.c:6:36)
WARNING: [HLS 207-5557] invalid variable expr  (main_comb_circuit.c:7:36)
WARNING: [HLS 207-5557] invalid variable expr  (main_comb_circuit.c:8:36)
WARNING: [HLS 207-5557] invalid variable expr  (main_comb_circuit.c:9:36)
ERROR:  
INFO: [HLS 200-112] Total CPU user time: 1.44 seconds. Total CPU system time: 0.55 seconds. Total elapsed time: 2.2 seconds; peak allocated memory: 236.441 MB.
