  **** HLS Build v2025.1 6135595
INFO: [HLS 200-2005] Using work_dir /home/lenovo/Simulation_Linux/HLS/Dummy_Comb_Circuit/Dummy_Comb_Circuit 
INFO: [HLS 200-2176] Writing Vitis IDE component file /home/lenovo/Simulation_Linux/HLS/Dummy_Comb_Circuit/Dummy_Comb_Circuit/vitis-comp.json
INFO: [HLS 200-10] Creating and opening component '/home/lenovo/Simulation_Linux/HLS/Dummy_Comb_Circuit/Dummy_Comb_Circuit'.
INFO: [HLS 200-1505] Using default flow_target 'vivado'
Resolution: For help on HLS 200-1505 see docs.xilinx.com/access/sources/dita/topic?Doc_Version=2025.1%20English&url=ug1448-hls-guidance&resourceid=200-1505.html
INFO: [HLS 200-2174] Applying component config ini file /home/lenovo/Simulation_Linux/HLS/Dummy_Comb_Circuit/hls_config.cfg
INFO: [HLS 200-1465] Applying config ini 'syn.file=main_comb_circuit.c' from /home/lenovo/Simulation_Linux/HLS/Dummy_Comb_Circuit/hls_config.cfg(7)
INFO: [HLS 200-10] Adding design file '/home/lenovo/Simulation_Linux/HLS/Dummy_Comb_Circuit/main_comb_circuit.c' to the project
INFO: [HLS 200-1465] Applying config ini 'tb.file=comb_circuit_tb.c' from /home/lenovo/Simulation_Linux/HLS/Dummy_Comb_Circuit/hls_config.cfg(9)
INFO: [HLS 200-10] Adding test bench file '/home/lenovo/Simulation_Linux/HLS/Dummy_Comb_Circuit/comb_circuit_tb.c' to the project
INFO: [HLS 200-1465] Applying config ini 'tb.file=comb_circuit_tb.h' from /home/lenovo/Simulation_Linux/HLS/Dummy_Comb_Circuit/hls_config.cfg(10)
INFO: [HLS 200-10] Adding test bench file '/home/lenovo/Simulation_Linux/HLS/Dummy_Comb_Circuit/comb_circuit_tb.h' to the project
INFO: [HLS 200-1465] Applying config ini 'syn.top=dummy_comb_circuit' from /home/lenovo/Simulation_Linux/HLS/Dummy_Comb_Circuit/hls_config.cfg(8)
INFO: [HLS 200-1465] Applying config ini 'flow_target=vivado' from /home/lenovo/Simulation_Linux/HLS/Dummy_Comb_Circuit/hls_config.cfg(4)
INFO: [HLS 200-1505] Using flow_target 'vivado'
Resolution: For help on HLS 200-1505 see docs.xilinx.com/access/sources/dita/topic?Doc_Version=2025.1%20English&url=ug1448-hls-guidance&resourceid=200-1505.html
INFO: [HLS 200-1465] Applying config ini 'part=xc7a35tcpg236-1' from /home/lenovo/Simulation_Linux/HLS/Dummy_Comb_Circuit/hls_config.cfg(1)
INFO: [HLS 200-1611] Setting target device to 'xc7a35t-cpg236-1'
INFO: [HLS 200-1465] Applying config ini 'package.output.format=ip_catalog' from /home/lenovo/Simulation_Linux/HLS/Dummy_Comb_Circuit/hls_config.cfg(5)
INFO: [HLS 200-2174] Applying component config ini file /home/lenovo/Simulation_Linux/HLS/Dummy_Comb_Circuit/Dummy_Comb_Circuit/hls-debug.cfg
INFO: [HLS 200-1465] Applying config ini 'csim.O=0' from /home/lenovo/Simulation_Linux/HLS/Dummy_Comb_Circuit/Dummy_Comb_Circuit/hls-debug.cfg(3)
INFO: [HLS 200-1907] Replacing 'config_csim -O=0' with 'config_sim -O=0' in current solution file
INFO: [HLS 200-1465] Applying config ini 'csim.clean=1' from /home/lenovo/Simulation_Linux/HLS/Dummy_Comb_Circuit/Dummy_Comb_Circuit/hls-debug.cfg(4)
INFO: [HLS 200-1907] Replacing 'config_csim -O=0' with 'config_sim -O=0' in current solution file
INFO: [HLS 200-1465] Applying config ini 'csim.setup=1' from /home/lenovo/Simulation_Linux/HLS/Dummy_Comb_Circuit/Dummy_Comb_Circuit/hls-debug.cfg(2)
INFO: [HLS 200-1907] Replacing 'config_csim -O=0' with 'config_sim -O=0' in current solution file
INFO: [HLS 200-2176] Writing Vitis IDE component file /home/lenovo/Simulation_Linux/HLS/Dummy_Comb_Circuit/Dummy_Comb_Circuit/vitis-comp.json
INFO: [SIM 211-2] *************** CSIM start ***************
INFO: [SIM 211-4] CSIM will launch CLANG as the compiler.
INFO: [HLS 200-2036] Building debug C Simulation binaries
   Compiling ../../../../comb_circuit_tb.c in debug mode
   Compiling ../../../../main_comb_circuit.c in debug mode
   Generating csim.exe
INFO: [HLS 200-2035] Skipping execution of C Simulation due to 'setup' option
INFO: [SIM 211-1] CSim file generation done with 0 errors.
INFO: [SIM 211-3] *************** CSIM finish ***************
INFO: [HLS 200-112] Total CPU user time: 1.51 seconds. Total CPU system time: 0.53 seconds. Total elapsed time: 2.06 seconds; peak allocated memory: 235.012 MB.
INFO: [vitis-run 60-791] Total elapsed time: 0h 0m 6s
