Thu Oct  9 13:55:42 2025: Running xcd server. This server was built by gradle.
Thu Oct  9 13:55:42 2025: Server was asked to start on port: '40733'
Thu Oct  9 13:55:42 2025: Server is using token UUID: '1ba6cb6a-a7aa-412b-bcd4-34bbf603ef52'
Thu Oct  9 13:55:42 2025: SESSION_MGR: creating session with session uuid: '6d04a3e9-ade5-4ab9-8d63-1f78fcd2ec76' and name 'default'
Thu Oct  9 13:55:42 2025: Attempting to start server on port '40733'
Thu Oct  9 13:55:42 2025: XCD main fifo: created main fifo '/tmp/xcdmain1ba6cb6a-a7aa-412b-bcd4-34bbf603ef52', fd read = 12
Thu Oct  9 13:55:42 2025: Running Dispatch Server
Thu Oct  9 13:55:42 2025: Version 2.2.0
Thu Oct  9 13:55:43 2025: Dispatch Server: Accepted socket connection from client
Thu Oct  9 13:55:43 2025: Starting Socket connection
Thu Oct  9 13:55:43 2025: EXCHANGE_TOKEN received, server token: 1ba6cb6a-a7aa-412b-bcd4-34bbf603ef52, passed token: 1ba6cb6a-a7aa-412b-bcd4-34bbf603ef52
Thu Oct  9 13:55:44 2025: DISPATCH_HANDLER: Adding handler from function makeHandler in library libxv_system_diagram
Thu Oct  9 13:55:44 2025: SESSION_MGR: creating session with session uuid: '2f9e6b48-3169-461e-b5a6-a101534f3e57' and name 'v++_compile_Dummy_Comb_Circuit'
Thu Oct  9 13:55:44 2025: KERNEL_SVC: creating session with uuid: '2f9e6b48-3169-461e-b5a6-a101534f3e57' and name 'v++_compile_Dummy_Comb_Circuit'
Thu Oct  9 13:55:44 2025: GUIDANCE_SMGR: creating guidance session with uuid: '2f9e6b48-3169-461e-b5a6-a101534f3e57' and name 'v++_compile_Dummy_Comb_Circuit'
Thu Oct  9 13:55:44 2025: SYSTEM_DIAGRAM: creating session with uuid: '2f9e6b48-3169-461e-b5a6-a101534f3e57' and name 'v++_compile_Dummy_Comb_Circuit'
Thu Oct  9 13:55:46 2025: Dispatch Server: Accepted socket connection from client
Thu Oct  9 13:55:46 2025: Starting Socket connection
Thu Oct  9 13:55:47 2025: SESSION_MGR: closing session for UUID '2f9e6b48-3169-461e-b5a6-a101534f3e57' with name 'v++_compile_Dummy_Comb_Circuit'
Thu Oct  9 13:55:47 2025: KERNEL_SVC: closing session for UUID '2f9e6b48-3169-461e-b5a6-a101534f3e57' with name 'v++_compile_Dummy_Comb_Circuit'
Thu Oct  9 13:55:47 2025: GUIDANCE_SMGR: closing session for UUID '2f9e6b48-3169-461e-b5a6-a101534f3e57' with name 'v++_compile_Dummy_Comb_Circuit'
Thu Oct  9 13:55:47 2025: SYSTEM_DIAGRAM: closing session for UUID '2f9e6b48-3169-461e-b5a6-a101534f3e57' with name 'v++_compile_Dummy_Comb_Circuit'
Thu Oct  9 13:55:47 2025: STOP_SERVER received, server token: 1ba6cb6a-a7aa-412b-bcd4-34bbf603ef52, passed token: 1ba6cb6a-a7aa-412b-bcd4-34bbf603ef52
Thu Oct  9 13:55:47 2025: Socket received request to stop server.
Thu Oct  9 13:55:47 2025: Dispatch Server: do_await_stop
Thu Oct  9 13:55:47 2025: Dispatch Server: stopping mainFifo_
Thu Oct  9 13:55:47 2025: XCD main fifo: Stopping
Thu Oct  9 13:55:47 2025: XCD main fifo: do_read error code: Operation canceled
Thu Oct  9 13:55:47 2025: XCD main fifo: bytes_transferred: 0
Thu Oct  9 13:55:47 2025: SERVER: destructor for server bound to port 40733
Thu Oct  9 13:55:47 2025: XCD main fifo: Good unlink of /tmp/xcdmain1ba6cb6a-a7aa-412b-bcd4-34bbf603ef52
Thu Oct  9 13:55:47 2025: Server exiting with status 0.
Thu Oct  9 13:55:47 2025: Closing log file.
Thu Oct  9 13:57:39 2025: Running xcd server. This server was built by gradle.
Thu Oct  9 13:57:39 2025: Server was asked to start on port: '37909'
Thu Oct  9 13:57:39 2025: Server is using token UUID: '8eea3e6f-f3f8-4094-90ff-f76b58a48acb'
Thu Oct  9 13:57:39 2025: SESSION_MGR: creating session with session uuid: '6d04a3e9-ade5-4ab9-8d63-1f78fcd2ec76' and name 'default'
Thu Oct  9 13:57:39 2025: Attempting to start server on port '37909'
Thu Oct  9 13:57:39 2025: XCD main fifo: created main fifo '/tmp/xcdmain8eea3e6f-f3f8-4094-90ff-f76b58a48acb', fd read = 12
Thu Oct  9 13:57:39 2025: Running Dispatch Server
Thu Oct  9 13:57:39 2025: Version 2.2.0
Thu Oct  9 13:57:40 2025: Dispatch Server: Accepted socket connection from client
Thu Oct  9 13:57:40 2025: Starting Socket connection
Thu Oct  9 13:57:40 2025: EXCHANGE_TOKEN received, server token: 8eea3e6f-f3f8-4094-90ff-f76b58a48acb, passed token: 8eea3e6f-f3f8-4094-90ff-f76b58a48acb
Thu Oct  9 13:57:41 2025: DISPATCH_HANDLER: Adding handler from function makeHandler in library libxv_system_diagram
Thu Oct  9 13:57:41 2025: SESSION_MGR: creating session with session uuid: '94b22169-f95d-4fe8-a91c-c59d359990e7' and name 'v++_compile_Dummy_Comb_Circuit'
Thu Oct  9 13:57:41 2025: KERNEL_SVC: creating session with uuid: '94b22169-f95d-4fe8-a91c-c59d359990e7' and name 'v++_compile_Dummy_Comb_Circuit'
Thu Oct  9 13:57:41 2025: GUIDANCE_SMGR: creating guidance session with uuid: '94b22169-f95d-4fe8-a91c-c59d359990e7' and name 'v++_compile_Dummy_Comb_Circuit'
Thu Oct  9 13:57:41 2025: SYSTEM_DIAGRAM: creating session with uuid: '94b22169-f95d-4fe8-a91c-c59d359990e7' and name 'v++_compile_Dummy_Comb_Circuit'
Thu Oct  9 13:57:43 2025: Dispatch Server: Accepted socket connection from client
Thu Oct  9 13:57:43 2025: Starting Socket connection
Thu Oct  9 13:57:52 2025: SESSION_MGR: closing session for UUID '94b22169-f95d-4fe8-a91c-c59d359990e7' with name 'v++_compile_Dummy_Comb_Circuit'
Thu Oct  9 13:57:52 2025: KERNEL_SVC: closing session for UUID '94b22169-f95d-4fe8-a91c-c59d359990e7' with name 'v++_compile_Dummy_Comb_Circuit'
Thu Oct  9 13:57:52 2025: GUIDANCE_SMGR: closing session for UUID '94b22169-f95d-4fe8-a91c-c59d359990e7' with name 'v++_compile_Dummy_Comb_Circuit'
Thu Oct  9 13:57:52 2025: SYSTEM_DIAGRAM: closing session for UUID '94b22169-f95d-4fe8-a91c-c59d359990e7' with name 'v++_compile_Dummy_Comb_Circuit'
Thu Oct  9 13:57:52 2025: STOP_SERVER received, server token: 8eea3e6f-f3f8-4094-90ff-f76b58a48acb, passed token: 8eea3e6f-f3f8-4094-90ff-f76b58a48acb
Thu Oct  9 13:57:52 2025: Socket received request to stop server.
Thu Oct  9 13:57:52 2025: Dispatch Server: do_await_stop
Thu Oct  9 13:57:52 2025: Dispatch Server: stopping mainFifo_
Thu Oct  9 13:57:52 2025: XCD main fifo: Stopping
Thu Oct  9 13:57:52 2025: XCD main fifo: do_read error code: Operation canceled
Thu Oct  9 13:57:52 2025: XCD main fifo: bytes_transferred: 0
Thu Oct  9 13:57:52 2025: SERVER: destructor for server bound to port 37909
Thu Oct  9 13:57:52 2025: XCD main fifo: Good unlink of /tmp/xcdmain8eea3e6f-f3f8-4094-90ff-f76b58a48acb
Thu Oct  9 13:57:52 2025: Server exiting with status 0.
Thu Oct  9 13:57:52 2025: Closing log file.
