

================================================================
== Vitis HLS Report for 'combination_lock'
================================================================
* Date:           Fri May  8 19:19:34 2026

* Version:        2025.1 (Build 6135595 on May 21 2025)
* Project:        Comb_Lock_Vitis
* Solution:       hls (Vivado IP Flow Target)
* Product family: artix7
* Target device:  xc7a35t-cpg236-1


================================================================
== Performance Estimates
================================================================
+ Timing: 
    * Summary: 
    +--------+----------+----------+------------+
    |  Clock |  Target  | Estimated| Uncertainty|
    +--------+----------+----------+------------+
    |ap_clk  |  10.00 ns|  6.301 ns|     2.70 ns|
    +--------+----------+----------+------------+

+ Latency: 
    * Summary: 
    +---------+---------+----------+----------+-----+-----+---------+
    |  Latency (cycles) |  Latency (absolute) |  Interval | Pipeline|
    |   min   |   max   |    min   |    max   | min | max |   Type  |
    +---------+---------+----------+----------+-----+-----+---------+
    |        0|        0|      0 ns|      0 ns|    1|    1|      yes|
    +---------+---------+----------+----------+-----+-----+---------+

    + Detail: 
        * Instance: 
        N/A

        * Loop: 
        N/A

============================================================
+ Verbose Summary: Synthesis Manager
============================================================
InlineROM: 1
ExposeGlobal: 0
============================================================
+ Verbose Summary: CDFG Model
============================================================
IsTopModel: 1
ResetActiveHigh: 1
IsCombinational: 0
IsDatapathOnly: 0
HasWiredReturn: 1
HasMFsm: 2
HasVarLatency: 0
IsPipeline: 1
IsRtlPipelined: 0
IsInstanceOverlapped: 0
IsDontTouch: 0
HasImplIP: 0
IsGatedGlobalClock: 0

+ Individual pipeline summary: 
  * Pipeline-0: initiation interval (II) = 1, depth = 1


============================================================
+ Verbose Summary: Schedule
============================================================
* Number of FSM states : 1
* Pipeline : 1
  Pipeline-0 : II = 1, D = 1, States = { 1 }
* Dataflow Pipeline: 0

* FSM state transitions: 
1 --> 

* FSM state operations: 

State 1 <SV = 0> <Delay = 6.30>
ST_1 : Operation 2 [1/1] (0.00ns)   --->   "%specpipeline_ln68 = specpipeline void @_ssdm_op_SpecPipeline, i32 4294967295, i32 0, i32 0, i32 0, void @empty_0" [top_comb_lock.cpp:68]   --->   Operation 2 'specpipeline' 'specpipeline_ln68' <Predicate = true> <Delay = 0.00>
ST_1 : Operation 3 [1/1] (0.00ns)   --->   "%spectopmodule_ln61 = spectopmodule void @_ssdm_op_SpecTopModule, void @empty_1" [top_comb_lock.cpp:61]   --->   Operation 3 'spectopmodule' 'spectopmodule_ln61' <Predicate = true> <Delay = 0.00>
ST_1 : Operation 4 [1/1] (0.00ns)   --->   "%specinterface_ln61 = specinterface void @_ssdm_op_SpecInterface, i32 0, void @empty_2, i32 0, i32 0, void @empty_0, i32 0, i32 0, void @empty_0, void @empty_0, void @empty_0, i32 0, i32 0, i32 0, i32 0, void @empty_0, void @empty_0, i32 4294967295, i32 0, i32 0" [top_comb_lock.cpp:61]   --->   Operation 4 'specinterface' 'specinterface_ln61' <Predicate = true> <Delay = 0.00>
ST_1 : Operation 5 [1/1] (0.00ns)   --->   "%specbitsmap_ln0 = specbitsmap void @_ssdm_op_SpecBitsMap, i4 %x"   --->   Operation 5 'specbitsmap' 'specbitsmap_ln0' <Predicate = true> <Delay = 0.00>
ST_1 : Operation 6 [1/1] (0.00ns)   --->   "%specinterface_ln0 = specinterface void @_ssdm_op_SpecInterface, i4 %x, void @empty, i32 4294967295, i32 4294967295, void @empty_0, i32 0, i32 0, void @empty_0, void @empty_0, void @empty_0, i32 0, i32 0, i32 0, i32 0, void @empty_0, void @empty_0, i32 4294967295, i32 0, i32 0"   --->   Operation 6 'specinterface' 'specinterface_ln0' <Predicate = true> <Delay = 0.00>
ST_1 : Operation 7 [1/1] (0.00ns)   --->   "%specbitsmap_ln0 = specbitsmap void @_ssdm_op_SpecBitsMap, i1 %enter"   --->   Operation 7 'specbitsmap' 'specbitsmap_ln0' <Predicate = true> <Delay = 0.00>
ST_1 : Operation 8 [1/1] (0.00ns)   --->   "%specinterface_ln0 = specinterface void @_ssdm_op_SpecInterface, i1 %enter, void @empty, i32 4294967295, i32 4294967295, void @empty_0, i32 0, i32 0, void @empty_0, void @empty_0, void @empty_0, i32 0, i32 0, i32 0, i32 0, void @empty_0, void @empty_0, i32 4294967295, i32 0, i32 0"   --->   Operation 8 'specinterface' 'specinterface_ln0' <Predicate = true> <Delay = 0.00>
ST_1 : Operation 9 [1/1] (0.00ns)   --->   "%specbitsmap_ln0 = specbitsmap void @_ssdm_op_SpecBitsMap, i1 %lock"   --->   Operation 9 'specbitsmap' 'specbitsmap_ln0' <Predicate = true> <Delay = 0.00>
ST_1 : Operation 10 [1/1] (0.00ns)   --->   "%specinterface_ln0 = specinterface void @_ssdm_op_SpecInterface, i1 %lock, void @empty, i32 4294967295, i32 4294967295, void @empty_0, i32 0, i32 0, void @empty_0, void @empty_0, void @empty_0, i32 0, i32 0, i32 0, i32 0, void @empty_0, void @empty_0, i32 4294967295, i32 0, i32 0"   --->   Operation 10 'specinterface' 'specinterface_ln0' <Predicate = true> <Delay = 0.00>
ST_1 : Operation 11 [1/1] (0.00ns)   --->   "%specbitsmap_ln0 = specbitsmap void @_ssdm_op_SpecBitsMap, i1 %door_open"   --->   Operation 11 'specbitsmap' 'specbitsmap_ln0' <Predicate = true> <Delay = 0.00>
ST_1 : Operation 12 [1/1] (0.00ns)   --->   "%specinterface_ln0 = specinterface void @_ssdm_op_SpecInterface, i1 %door_open, void @empty, i32 4294967295, i32 4294967295, void @empty_0, i32 0, i32 0, void @empty_0, void @empty_0, void @empty_0, i32 0, i32 0, i32 0, i32 0, void @empty_0, void @empty_0, i32 4294967295, i32 0, i32 0"   --->   Operation 12 'specinterface' 'specinterface_ln0' <Predicate = true> <Delay = 0.00>
ST_1 : Operation 13 [1/1] (0.00ns)   --->   "%specbitsmap_ln0 = specbitsmap void @_ssdm_op_SpecBitsMap, i8 %seven_segment_data"   --->   Operation 13 'specbitsmap' 'specbitsmap_ln0' <Predicate = true> <Delay = 0.00>
ST_1 : Operation 14 [1/1] (0.00ns)   --->   "%specinterface_ln0 = specinterface void @_ssdm_op_SpecInterface, i8 %seven_segment_data, void @empty, i32 4294967295, i32 4294967295, void @empty_0, i32 0, i32 0, void @empty_0, void @empty_0, void @empty_0, i32 0, i32 0, i32 0, i32 0, void @empty_0, void @empty_0, i32 4294967295, i32 0, i32 0"   --->   Operation 14 'specinterface' 'specinterface_ln0' <Predicate = true> <Delay = 0.00>
ST_1 : Operation 15 [1/1] (0.00ns)   --->   "%specbitsmap_ln0 = specbitsmap void @_ssdm_op_SpecBitsMap, i4 %seven_segment_enable"   --->   Operation 15 'specbitsmap' 'specbitsmap_ln0' <Predicate = true> <Delay = 0.00>
ST_1 : Operation 16 [1/1] (0.00ns)   --->   "%specinterface_ln0 = specinterface void @_ssdm_op_SpecInterface, i4 %seven_segment_enable, void @empty, i32 4294967295, i32 4294967295, void @empty_0, i32 0, i32 0, void @empty_0, void @empty_0, void @empty_0, i32 0, i32 0, i32 0, i32 0, void @empty_0, void @empty_0, i32 4294967295, i32 0, i32 0"   --->   Operation 16 'specinterface' 'specinterface_ln0' <Predicate = true> <Delay = 0.00>
ST_1 : Operation 17 [1/1] (0.00ns)   --->   "%lock_read = read i1 @_ssdm_op_Read.ap_none.i1, i1 %lock" [top_comb_lock.cpp:61]   --->   Operation 17 'read' 'lock_read' <Predicate = true> <Delay = 0.00>
ST_1 : Operation 18 [1/1] (0.00ns)   --->   "%enter_read = read i1 @_ssdm_op_Read.ap_none.i1, i1 %enter" [top_comb_lock.cpp:61]   --->   Operation 18 'read' 'enter_read' <Predicate = true> <Delay = 0.00>
ST_1 : Operation 19 [1/1] (0.00ns)   --->   "%x_read = read i4 @_ssdm_op_Read.ap_none.i4, i4 %x" [top_comb_lock.cpp:61]   --->   Operation 19 'read' 'x_read' <Predicate = true> <Delay = 0.00>
ST_1 : Operation 20 [1/1] (0.00ns)   --->   "%state_load = load i3 %state" [top_comb_lock.cpp:95]   --->   Operation 20 'load' 'state_load' <Predicate = true> <Delay = 0.00>
ST_1 : Operation 21 [1/1] (0.98ns)   --->   "%next_state = select i1 %lock_read, i3 0, i3 4" [top_comb_lock.cpp:202]   --->   Operation 21 'select' 'next_state' <Predicate = (sel_tmp == 256)> <Delay = 0.98> <CoreInst = "Sel">   --->   Core 73 'Sel' <Latency = 0> <II = 1> <Delay = 0.98> <FuncUnit> <Opcode : 'select'> <InPorts = 3> <OutPorts = 1>
ST_1 : Operation 22 [1/1] (0.00ns) (grouped into LUT with out node door_open_local_2)   --->   "%door_open_local = xor i1 %lock_read, i1 1" [top_comb_lock.cpp:202]   --->   Operation 22 'xor' 'door_open_local' <Predicate = (sel_tmp1 == 2)> <Delay = 0.00> <CoreInst = "LogicGate">   --->   Core 74 'LogicGate' <Latency = 0> <II = 1> <Delay = 0.97> <FuncUnit> <Opcode : 'and' 'or' 'xor'> <InPorts = 2> <OutPorts = 1>
ST_1 : Operation 23 [1/1] (1.77ns)   --->   "%next_state_1 = icmp_eq  i4 %x_read, i4 2" [top_comb_lock.cpp:101]   --->   Operation 23 'icmp' 'next_state_1' <Predicate = (sel_tmp == 16)> <Delay = 1.77> <CoreInst = "Cmp">   --->   Core 9 'Cmp' <Latency = 0> <II = 1> <Delay = 1.77> <FuncUnit> <Opcode : 'seteq' 'setne' 'setle' 'setge' 'setlt' 'setgt'> <InPorts = 2> <OutPorts = 1>
ST_1 : Operation 24 [1/1] (0.00ns)   --->   "%zext_ln88 = zext i1 %next_state_1" [top_comb_lock.cpp:88]   --->   Operation 24 'zext' 'zext_ln88' <Predicate = (sel_tmp == 16)> <Delay = 0.00>
ST_1 : Operation 25 [1/1] (1.77ns)   --->   "%icmp_ln135 = icmp_eq  i4 %x_read, i4 3" [top_comb_lock.cpp:135]   --->   Operation 25 'icmp' 'icmp_ln135' <Predicate = (sel_tmp == 32)> <Delay = 1.77> <CoreInst = "Cmp">   --->   Core 9 'Cmp' <Latency = 0> <II = 1> <Delay = 1.77> <FuncUnit> <Opcode : 'seteq' 'setne' 'setle' 'setge' 'setlt' 'setgt'> <InPorts = 2> <OutPorts = 1>
ST_1 : Operation 26 [1/1] (0.98ns)   --->   "%select_ln155 = select i1 %icmp_ln135, i3 2, i3 0" [top_comb_lock.cpp:155]   --->   Operation 26 'select' 'select_ln155' <Predicate = (sel_tmp == 32)> <Delay = 0.98> <CoreInst = "Sel">   --->   Core 73 'Sel' <Latency = 0> <II = 1> <Delay = 0.98> <FuncUnit> <Opcode : 'select'> <InPorts = 3> <OutPorts = 1>
ST_1 : Operation 27 [1/1] (1.77ns)   --->   "%next_state_2 = icmp_eq  i4 %x_read, i4 4" [top_comb_lock.cpp:155]   --->   Operation 27 'icmp' 'next_state_2' <Predicate = (sel_tmp == 64)> <Delay = 1.77> <CoreInst = "Cmp">   --->   Core 9 'Cmp' <Latency = 0> <II = 1> <Delay = 1.77> <FuncUnit> <Opcode : 'seteq' 'setne' 'setle' 'setge' 'setlt' 'setgt'> <InPorts = 2> <OutPorts = 1>
ST_1 : Operation 28 [1/1] (0.98ns)   --->   "%select_ln88 = select i1 %next_state_2, i3 3, i3 0" [top_comb_lock.cpp:88]   --->   Operation 28 'select' 'select_ln88' <Predicate = (sel_tmp == 64)> <Delay = 0.98> <CoreInst = "Sel">   --->   Core 73 'Sel' <Latency = 0> <II = 1> <Delay = 0.98> <FuncUnit> <Opcode : 'select'> <InPorts = 3> <OutPorts = 1>
ST_1 : Operation 29 [1/1] (1.77ns)   --->   "%door_open_local_1 = icmp_eq  i4 %x_read, i4 6" [top_comb_lock.cpp:173]   --->   Operation 29 'icmp' 'door_open_local_1' <Predicate = true> <Delay = 1.77> <CoreInst = "Cmp">   --->   Core 9 'Cmp' <Latency = 0> <II = 1> <Delay = 1.77> <FuncUnit> <Opcode : 'seteq' 'setne' 'setle' 'setge' 'setlt' 'setgt'> <InPorts = 2> <OutPorts = 1>
ST_1 : Operation 30 [1/1] (0.98ns)   --->   "%next_state_3 = select i1 %door_open_local_1, i3 4, i3 0" [top_comb_lock.cpp:173]   --->   Operation 30 'select' 'next_state_3' <Predicate = (sel_tmp == 128)> <Delay = 0.98> <CoreInst = "Sel">   --->   Core 73 'Sel' <Latency = 0> <II = 1> <Delay = 0.98> <FuncUnit> <Opcode : 'select'> <InPorts = 3> <OutPorts = 1>
ST_1 : Operation 31 [1/1] (1.68ns)   --->   "%icmp_ln95 = icmp_eq  i3 %state_load, i3 4" [top_comb_lock.cpp:95]   --->   Operation 31 'icmp' 'icmp_ln95' <Predicate = true> <Delay = 1.68> <CoreInst = "Cmp">   --->   Core 9 'Cmp' <Latency = 0> <II = 1> <Delay = 1.68> <FuncUnit> <Opcode : 'seteq' 'setne' 'setle' 'setge' 'setlt' 'setgt'> <InPorts = 2> <OutPorts = 1>
ST_1 : Operation 32 [1/1] (1.68ns)   --->   "%icmp_ln95_1 = icmp_eq  i3 %state_load, i3 3" [top_comb_lock.cpp:95]   --->   Operation 32 'icmp' 'icmp_ln95_1' <Predicate = true> <Delay = 1.68> <CoreInst = "Cmp">   --->   Core 9 'Cmp' <Latency = 0> <II = 1> <Delay = 1.68> <FuncUnit> <Opcode : 'seteq' 'setne' 'setle' 'setge' 'setlt' 'setgt'> <InPorts = 2> <OutPorts = 1>
ST_1 : Operation 33 [1/1] (0.97ns)   --->   "%and_ln62 = and i1 %icmp_ln95_1, i1 %enter_read" [top_comb_lock.cpp:62]   --->   Operation 33 'and' 'and_ln62' <Predicate = true> <Delay = 0.97> <CoreInst = "LogicGate">   --->   Core 74 'LogicGate' <Latency = 0> <II = 1> <Delay = 0.97> <FuncUnit> <Opcode : 'and' 'or' 'xor'> <InPorts = 2> <OutPorts = 1>
ST_1 : Operation 34 [1/1] (1.68ns)   --->   "%icmp_ln95_2 = icmp_eq  i3 %state_load, i3 2" [top_comb_lock.cpp:95]   --->   Operation 34 'icmp' 'icmp_ln95_2' <Predicate = true> <Delay = 1.68> <CoreInst = "Cmp">   --->   Core 9 'Cmp' <Latency = 0> <II = 1> <Delay = 1.68> <FuncUnit> <Opcode : 'seteq' 'setne' 'setle' 'setge' 'setlt' 'setgt'> <InPorts = 2> <OutPorts = 1>
ST_1 : Operation 35 [1/1] (0.97ns)   --->   "%and_ln62_1 = and i1 %icmp_ln95_2, i1 %enter_read" [top_comb_lock.cpp:62]   --->   Operation 35 'and' 'and_ln62_1' <Predicate = true> <Delay = 0.97> <CoreInst = "LogicGate">   --->   Core 74 'LogicGate' <Latency = 0> <II = 1> <Delay = 0.97> <FuncUnit> <Opcode : 'and' 'or' 'xor'> <InPorts = 2> <OutPorts = 1>
ST_1 : Operation 36 [1/1] (1.68ns)   --->   "%icmp_ln95_3 = icmp_eq  i3 %state_load, i3 1" [top_comb_lock.cpp:95]   --->   Operation 36 'icmp' 'icmp_ln95_3' <Predicate = true> <Delay = 1.68> <CoreInst = "Cmp">   --->   Core 9 'Cmp' <Latency = 0> <II = 1> <Delay = 1.68> <FuncUnit> <Opcode : 'seteq' 'setne' 'setle' 'setge' 'setlt' 'setgt'> <InPorts = 2> <OutPorts = 1>
ST_1 : Operation 37 [1/1] (0.97ns)   --->   "%and_ln62_2 = and i1 %icmp_ln95_3, i1 %enter_read" [top_comb_lock.cpp:62]   --->   Operation 37 'and' 'and_ln62_2' <Predicate = true> <Delay = 0.97> <CoreInst = "LogicGate">   --->   Core 74 'LogicGate' <Latency = 0> <II = 1> <Delay = 0.97> <FuncUnit> <Opcode : 'and' 'or' 'xor'> <InPorts = 2> <OutPorts = 1>
ST_1 : Operation 38 [1/1] (1.68ns)   --->   "%icmp_ln95_4 = icmp_eq  i3 %state_load, i3 0" [top_comb_lock.cpp:95]   --->   Operation 38 'icmp' 'icmp_ln95_4' <Predicate = true> <Delay = 1.68> <CoreInst = "Cmp">   --->   Core 9 'Cmp' <Latency = 0> <II = 1> <Delay = 1.68> <FuncUnit> <Opcode : 'seteq' 'setne' 'setle' 'setge' 'setlt' 'setgt'> <InPorts = 2> <OutPorts = 1>
ST_1 : Operation 39 [1/1] (0.97ns)   --->   "%and_ln62_3 = and i1 %icmp_ln95_4, i1 %enter_read" [top_comb_lock.cpp:62]   --->   Operation 39 'and' 'and_ln62_3' <Predicate = true> <Delay = 0.97> <CoreInst = "LogicGate">   --->   Core 74 'LogicGate' <Latency = 0> <II = 1> <Delay = 0.97> <FuncUnit> <Opcode : 'and' 'or' 'xor'> <InPorts = 2> <OutPorts = 1>
ST_1 : Operation 40 [1/1] (0.97ns)   --->   "%xor_ln62 = xor i1 %enter_read, i1 1" [top_comb_lock.cpp:62]   --->   Operation 40 'xor' 'xor_ln62' <Predicate = true> <Delay = 0.97> <CoreInst = "LogicGate">   --->   Core 74 'LogicGate' <Latency = 0> <II = 1> <Delay = 0.97> <FuncUnit> <Opcode : 'and' 'or' 'xor'> <InPorts = 2> <OutPorts = 1>
ST_1 : Operation 41 [1/1] (0.97ns)   --->   "%and_ln62_4 = and i1 %icmp_ln95_4, i1 %xor_ln62" [top_comb_lock.cpp:62]   --->   Operation 41 'and' 'and_ln62_4' <Predicate = true> <Delay = 0.97> <CoreInst = "LogicGate">   --->   Core 74 'LogicGate' <Latency = 0> <II = 1> <Delay = 0.97> <FuncUnit> <Opcode : 'and' 'or' 'xor'> <InPorts = 2> <OutPorts = 1>
ST_1 : Operation 42 [1/1] (0.97ns)   --->   "%and_ln62_5 = and i1 %icmp_ln95_3, i1 %xor_ln62" [top_comb_lock.cpp:62]   --->   Operation 42 'and' 'and_ln62_5' <Predicate = true> <Delay = 0.97> <CoreInst = "LogicGate">   --->   Core 74 'LogicGate' <Latency = 0> <II = 1> <Delay = 0.97> <FuncUnit> <Opcode : 'and' 'or' 'xor'> <InPorts = 2> <OutPorts = 1>
ST_1 : Operation 43 [1/1] (0.97ns)   --->   "%and_ln62_6 = and i1 %icmp_ln95_2, i1 %xor_ln62" [top_comb_lock.cpp:62]   --->   Operation 43 'and' 'and_ln62_6' <Predicate = true> <Delay = 0.97> <CoreInst = "LogicGate">   --->   Core 74 'LogicGate' <Latency = 0> <II = 1> <Delay = 0.97> <FuncUnit> <Opcode : 'and' 'or' 'xor'> <InPorts = 2> <OutPorts = 1>
ST_1 : Operation 44 [1/1] (0.97ns)   --->   "%and_ln62_7 = and i1 %icmp_ln95_1, i1 %xor_ln62" [top_comb_lock.cpp:62]   --->   Operation 44 'and' 'and_ln62_7' <Predicate = true> <Delay = 0.97> <CoreInst = "LogicGate">   --->   Core 74 'LogicGate' <Latency = 0> <II = 1> <Delay = 0.97> <FuncUnit> <Opcode : 'and' 'or' 'xor'> <InPorts = 2> <OutPorts = 1>
ST_1 : Operation 45 [1/1] (0.00ns)   --->   "%sel_tmp = bitconcatenate i9 @_ssdm_op_BitConcatenate.i9.i1.i1.i1.i1.i1.i1.i1.i1.i1, i1 %icmp_ln95, i1 %and_ln62, i1 %and_ln62_1, i1 %and_ln62_2, i1 %and_ln62_3, i1 %and_ln62_4, i1 %and_ln62_5, i1 %and_ln62_6, i1 %and_ln62_7" [top_comb_lock.cpp:95]   --->   Operation 45 'bitconcatenate' 'sel_tmp' <Predicate = true> <Delay = 0.00>
ST_1 : Operation 46 [1/1] (1.83ns)   --->   "%next_state_4 = sparsemux i3 @_ssdm_op_SparseMux.ap_auto.9i3.i3.i9, i9 256, i3 %next_state, i9 128, i3 %next_state_3, i9 64, i3 %select_ln88, i9 32, i3 %select_ln155, i9 16, i3 %zext_ln88, i9 8, i3 0, i9 4, i3 1, i9 2, i3 2, i9 1, i3 3, i3 0, i9 %sel_tmp" [top_comb_lock.cpp:202]   --->   Operation 46 'sparsemux' 'next_state_4' <Predicate = true> <Delay = 1.83> <CoreInst = "OneHotSparseMux_DontCare">   --->   Core 139 'OneHotSparseMux_DontCare' <Latency = 0> <II = 1> <Delay = 1.83> <FuncUnit> <Opcode : 'sparsemux'> <InPorts = 2> <OutPorts = 1>
ST_1 : Operation 47 [1/1] (0.00ns)   --->   "%zext_ln88_1 = zext i3 %next_state_4" [top_comb_lock.cpp:88]   --->   Operation 47 'zext' 'zext_ln88_1' <Predicate = true> <Delay = 0.00>
ST_1 : Operation 48 [1/1] (0.00ns) (grouped into LUT with out node door_open_local_2)   --->   "%sel_tmp1 = bitconcatenate i2 @_ssdm_op_BitConcatenate.i2.i1.i1, i1 %icmp_ln95, i1 %and_ln62" [top_comb_lock.cpp:95]   --->   Operation 48 'bitconcatenate' 'sel_tmp1' <Predicate = true> <Delay = 0.00>
ST_1 : Operation 49 [1/1] (1.61ns) (out node of the LUT)   --->   "%door_open_local_2 = sparsemux i1 @_ssdm_op_SparseMux.ap_auto.3i1.i1.i2, i2 2, i1 %door_open_local, i2 1, i1 %door_open_local_1, i2 0, i1 0, i1 0, i2 %sel_tmp1" [top_comb_lock.cpp:202]   --->   Operation 49 'sparsemux' 'door_open_local_2' <Predicate = true> <Delay = 1.61> <CoreInst = "OneHotSparseMux_HasDef">   --->   Core 140 'OneHotSparseMux_HasDef' <Latency = 0> <II = 1> <Delay = 1.61> <FuncUnit> <Opcode : 'sparsemux'> <InPorts = 2> <OutPorts = 1>
ST_1 : Operation 50 [1/1] (0.00ns)   --->   "%store_ln223 = store i3 %next_state_4, i3 %state" [top_comb_lock.cpp:223]   --->   Operation 50 'store' 'store_ln223' <Predicate = true> <Delay = 0.00>
ST_1 : Operation 51 [1/1] (0.00ns)   --->   "%write_ln225 = write void @_ssdm_op_Write.ap_none.i1P0A, i1 %door_open, i1 %door_open_local_2" [top_comb_lock.cpp:225]   --->   Operation 51 'write' 'write_ln225' <Predicate = true> <Delay = 0.00>
ST_1 : Operation 52 [1/1] (1.70ns)   --->   "%ref_tmp_0_0_0_s = sparsemux i8 @_ssdm_op_SparseMux.ap_auto.5i8.i8.i32, i32 0, i8 192, i32 1, i8 249, i32 2, i8 164, i32 3, i8 176, i32 4, i8 153, i8 192, i32 %zext_ln88_1" [top_comb_lock.cpp:88]   --->   Operation 52 'sparsemux' 'ref_tmp_0_0_0_s' <Predicate = true> <Delay = 1.70> <CoreInst = "BinarySparseMux_HasDef">   --->   Core 138 'BinarySparseMux_HasDef' <Latency = 0> <II = 1> <Delay = 1.70> <FuncUnit> <Opcode : 'sparsemux'> <InPorts = 2> <OutPorts = 1>
ST_1 : Operation 53 [1/1] (0.00ns)   --->   "%write_ln228 = write void @_ssdm_op_Write.ap_none.i8P0A, i8 %seven_segment_data, i8 %ref_tmp_0_0_0_s" [top_comb_lock.cpp:228]   --->   Operation 53 'write' 'write_ln228' <Predicate = true> <Delay = 0.00>
ST_1 : Operation 54 [1/1] (0.00ns)   --->   "%write_ln231 = write void @_ssdm_op_Write.ap_none.i4P0A, i4 %seven_segment_enable, i4 14" [top_comb_lock.cpp:231]   --->   Operation 54 'write' 'write_ln231' <Predicate = true> <Delay = 0.00>
ST_1 : Operation 55 [1/1] (0.00ns)   --->   "%ret_ln233 = ret" [top_comb_lock.cpp:233]   --->   Operation 55 'ret' 'ret_ln233' <Predicate = true> <Delay = 0.00>


============================================================
+ Verbose Summary: Timing violations
============================================================
Target clock period: 10.000ns, clock uncertainty: 2.700ns.

 <State 1>: 6.301ns
The critical path consists of the following:
	wire read operation ('x_read', top_comb_lock.cpp:61) on port 'x' (top_comb_lock.cpp:61) [25]  (0.000 ns)
	'icmp' operation 1 bit ('next_state', top_comb_lock.cpp:155) [33]  (1.777 ns)
	'select' operation 3 bit ('select_ln88', top_comb_lock.cpp:88) [34]  (0.980 ns)
	'sparsemux' operation 3 bit ('next_state', top_comb_lock.cpp:202) [52]  (1.837 ns)
	'sparsemux' operation 8 bit ('ref_tmp_0_0_0_s', top_comb_lock.cpp:88) [58]  (1.707 ns)


============================================================
+ Verbose Summary: Binding
============================================================
N/A
* FSMD analyzer results:
  - Output states:
 - Input state : 
  - Chain level:
	State 1


============================================================
+ Verbose Summary: Datapath Resource usage 
============================================================
N/A
