

================================================================
== Synthesis Summary Report of 'dff_reg_top'
================================================================
+ General Information: 
    * Date:           Tue Jan 27 13:59:44 2026
    * Version:        2025.1 (Build 6135595 on May 21 2025)
    * Project:        d_ff_3_reg
    * Solution:       hls (Vivado IP Flow Target)
    * Product family: artix7
    * Target device:  xc7a35t-cpg236-1
    

+ Performance & Resource Estimates: 
    
    PS: '+' for module; 'o' for loop; '*' for dataflow
    +---------------+------+------+---------+-------+----------+---------+------+----------+------+----+---------+----+-----+
    |    Modules    | Issue|      |     Latency     | Iteration|         | Trip |          |      |    |         |    |     |
    |    & Loops    | Type | Slack| (cycles)|  (ns) |  Latency | Interval| Count| Pipelined| BRAM | DSP|    FF   | LUT| URAM|
    +---------------+------+------+---------+-------+----------+---------+------+----------+------+----+---------+----+-----+
    |+ dff_reg_top  |     -|  7.30|        0|  0.000|         -|        1|     -|        no|     -|   -|  4 (~0%)|   -|    -|
    +---------------+------+------+---------+-------+----------+---------+------+----------+------+----+---------+----+-----+


================================================================
== HW Interfaces
================================================================
* Other Ports
+------+---------+-----------+----------+
| Port | Mode    | Direction | Bitwidth |
+------+---------+-----------+----------+
| d    | ap_none | in        | 1        |
| q    | ap_none | out       | 3        |
+------+---------+-----------+----------+

* TOP LEVEL CONTROL
+-----------+--------------+--------+
| Interface | Type         | Ports  |
+-----------+--------------+--------+
| ap_clk    | clock        | ap_clk |
| ap_rst    | reset        | ap_rst |
| ap_ctrl   | ap_ctrl_none |        |
+-----------+--------------+--------+


================================================================
== SW I/O Information
================================================================
* Top Function Arguments
+----------+-----------+-------------+
| Argument | Direction | Datatype    |
+----------+-----------+-------------+
| d        | in        | bool        |
| q        | out       | ap_uint<3>& |
+----------+-----------+-------------+

* SW-to-HW Mapping
+----------+--------------+---------+
| Argument | HW Interface | HW Type |
+----------+--------------+---------+
| d        | d            | port    |
| q        | q            | port    |
+----------+--------------+---------+


================================================================
== Bind Op Report
================================================================
  No bind op info in design

================================================================
== Storage Report
================================================================
  No bind storage info in design

================================================================
== Pragma Report
================================================================
* Valid Pragma Syntax
+-----------+--------------------------+--------------------------------------------+
| Type      | Options                  | Location                                   |
+-----------+--------------------------+--------------------------------------------+
| INTERFACE | ap_none port=d           | main_dff_reg.cpp:14 in dff_reg_top, d      |
| INTERFACE | ap_none port=q           | main_dff_reg.cpp:15 in dff_reg_top, q      |
| INTERFACE | ap_ctrl_none port=return | main_dff_reg.cpp:17 in dff_reg_top, return |
+-----------+--------------------------+--------------------------------------------+


