  **** HLS Build v2025.1 6135595
INFO: [HLS 200-2005] Using work_dir /home/lenovo/Simulation_Linux/HLS/d_ff_series_3/d_ff_series_3 
INFO: [HLS 200-2176] Writing Vitis IDE component file /home/lenovo/Simulation_Linux/HLS/d_ff_series_3/d_ff_series_3/vitis-comp.json
INFO: [HLS 200-10] Creating and opening component '/home/lenovo/Simulation_Linux/HLS/d_ff_series_3/d_ff_series_3'.
INFO: [HLS 200-1505] Using default flow_target 'vivado'
Resolution: For help on HLS 200-1505 see docs.xilinx.com/access/sources/dita/topic?Doc_Version=2025.1%20English&url=ug1448-hls-guidance&resourceid=200-1505.html
INFO: [HLS 200-2174] Applying component config ini file /home/lenovo/Simulation_Linux/HLS/d_ff_series_3/hls_config.cfg
INFO: [HLS 200-1465] Applying config ini 'syn.file=./dffs.hpp' from /home/lenovo/Simulation_Linux/HLS/d_ff_series_3/hls_config.cfg(9)
INFO: [HLS 200-10] Adding design file '/home/lenovo/Simulation_Linux/HLS/d_ff_series_3/dffs.hpp' to the project
INFO: [HLS 200-1465] Applying config ini 'syn.file=./main_dffs.cpp' from /home/lenovo/Simulation_Linux/HLS/d_ff_series_3/hls_config.cfg(10)
INFO: [HLS 200-10] Adding design file '/home/lenovo/Simulation_Linux/HLS/d_ff_series_3/main_dffs.cpp' to the project
INFO: [HLS 200-1465] Applying config ini 'tb.file=./dffs-tb.hpp' from /home/lenovo/Simulation_Linux/HLS/d_ff_series_3/hls_config.cfg(7)
INFO: [HLS 200-10] Adding test bench file '/home/lenovo/Simulation_Linux/HLS/d_ff_series_3/dffs-tb.hpp' to the project
INFO: [HLS 200-1465] Applying config ini 'tb.file=./dffs-tb.cpp' from /home/lenovo/Simulation_Linux/HLS/d_ff_series_3/hls_config.cfg(8)
INFO: [HLS 200-10] Adding test bench file '/home/lenovo/Simulation_Linux/HLS/d_ff_series_3/dffs-tb.cpp' to the project
INFO: [HLS 200-1465] Applying config ini 'syn.top=dffs_top' from /home/lenovo/Simulation_Linux/HLS/d_ff_series_3/hls_config.cfg(11)
INFO: [HLS 200-1465] Applying config ini 'flow_target=vivado' from /home/lenovo/Simulation_Linux/HLS/d_ff_series_3/hls_config.cfg(4)
INFO: [HLS 200-1505] Using flow_target 'vivado'
Resolution: For help on HLS 200-1505 see docs.xilinx.com/access/sources/dita/topic?Doc_Version=2025.1%20English&url=ug1448-hls-guidance&resourceid=200-1505.html
INFO: [HLS 200-1465] Applying config ini 'part=xc7a35tcpg236-1' from /home/lenovo/Simulation_Linux/HLS/d_ff_series_3/hls_config.cfg(1)
INFO: [HLS 200-1611] Setting target device to 'xc7a35t-cpg236-1'
INFO: [HLS 200-1465] Applying config ini 'package.output.format=ip_catalog' from /home/lenovo/Simulation_Linux/HLS/d_ff_series_3/hls_config.cfg(5)
INFO: [HLS 200-2176] Writing Vitis IDE component file /home/lenovo/Simulation_Linux/HLS/d_ff_series_3/d_ff_series_3/vitis-comp.json
INFO: [SIM 211-2] *************** CSIM start ***************
INFO: [SIM 211-4] CSIM will launch CLANG as the compiler.
INFO: [HLS 200-2036] Building debug C Simulation binaries
   Compiling ../../../../dffs-tb.cpp in debug mode
   Compiling ../../../../main_dffs.cpp in debug mode
   Generating csim.exe
d| q1, q2, q3 
--------------
1| 1,  0,  0
1| 1,  1,  0
0| 0,  1,  1
1| 1,  0,  1
0| 0,  1,  0
--------------
INFO: [SIM 211-1] CSim done with 0 errors.
INFO: [SIM 211-3] *************** CSIM finish ***************
INFO: [HLS 200-112] Total CPU user time: 4 seconds. Total CPU system time: 0.7 seconds. Total elapsed time: 4.82 seconds; peak allocated memory: 235.016 MB.
INFO: [vitis-run 60-791] Total elapsed time: 0h 0m 8s
