Mon Jan 26 11:14:47 2026: Running xcd server. This server was built by gradle.
Mon Jan 26 11:14:47 2026: Server was asked to start on port: '45663'
Mon Jan 26 11:14:47 2026: Server is using token UUID: 'b217633b-ad7b-4713-8546-57fd0d3c6b57'
Mon Jan 26 11:14:47 2026: SESSION_MGR: creating session with session uuid: '6d04a3e9-ade5-4ab9-8d63-1f78fcd2ec76' and name 'default'
Mon Jan 26 11:14:47 2026: Attempting to start server on port '45663'
Mon Jan 26 11:14:47 2026: XCD main fifo: created main fifo '/tmp/xcdmainb217633b-ad7b-4713-8546-57fd0d3c6b57', fd read = 12
Mon Jan 26 11:14:47 2026: Running Dispatch Server
Mon Jan 26 11:14:47 2026: Version 2.2.0
Mon Jan 26 11:14:49 2026: Dispatch Server: Accepted socket connection from client
Mon Jan 26 11:14:49 2026: Starting Socket connection
Mon Jan 26 11:14:49 2026: EXCHANGE_TOKEN received, server token: b217633b-ad7b-4713-8546-57fd0d3c6b57, passed token: b217633b-ad7b-4713-8546-57fd0d3c6b57
Mon Jan 26 11:14:49 2026: DISPATCH_HANDLER: Adding handler from function makeHandler in library libxv_system_diagram
Mon Jan 26 11:14:49 2026: SESSION_MGR: creating session with session uuid: '34a70de3-f222-4044-bcba-3df984da8793' and name 'v++_compile_d_ff_series_3'
Mon Jan 26 11:14:49 2026: KERNEL_SVC: creating session with uuid: '34a70de3-f222-4044-bcba-3df984da8793' and name 'v++_compile_d_ff_series_3'
Mon Jan 26 11:14:49 2026: GUIDANCE_SMGR: creating guidance session with uuid: '34a70de3-f222-4044-bcba-3df984da8793' and name 'v++_compile_d_ff_series_3'
Mon Jan 26 11:14:49 2026: SYSTEM_DIAGRAM: creating session with uuid: '34a70de3-f222-4044-bcba-3df984da8793' and name 'v++_compile_d_ff_series_3'
Mon Jan 26 11:14:52 2026: Dispatch Server: Accepted socket connection from client
Mon Jan 26 11:14:52 2026: Starting Socket connection
Mon Jan 26 11:15:15 2026: SESSION_MGR: closing session for UUID '34a70de3-f222-4044-bcba-3df984da8793' with name 'v++_compile_d_ff_series_3'
Mon Jan 26 11:15:15 2026: KERNEL_SVC: closing session for UUID '34a70de3-f222-4044-bcba-3df984da8793' with name 'v++_compile_d_ff_series_3'
Mon Jan 26 11:15:15 2026: GUIDANCE_SMGR: closing session for UUID '34a70de3-f222-4044-bcba-3df984da8793' with name 'v++_compile_d_ff_series_3'
Mon Jan 26 11:15:15 2026: SYSTEM_DIAGRAM: closing session for UUID '34a70de3-f222-4044-bcba-3df984da8793' with name 'v++_compile_d_ff_series_3'
Mon Jan 26 11:15:15 2026: STOP_SERVER received, server token: b217633b-ad7b-4713-8546-57fd0d3c6b57, passed token: b217633b-ad7b-4713-8546-57fd0d3c6b57
Mon Jan 26 11:15:15 2026: Socket received request to stop server.
Mon Jan 26 11:15:15 2026: Dispatch Server: do_await_stop
Mon Jan 26 11:15:15 2026: Dispatch Server: stopping mainFifo_
Mon Jan 26 11:15:15 2026: XCD main fifo: Stopping
Mon Jan 26 11:15:15 2026: XCD main fifo: do_read error code: Operation canceled
Mon Jan 26 11:15:15 2026: XCD main fifo: bytes_transferred: 0
Mon Jan 26 11:15:15 2026: SERVER: destructor for server bound to port 45663
Mon Jan 26 11:15:15 2026: XCD main fifo: Good unlink of /tmp/xcdmainb217633b-ad7b-4713-8546-57fd0d3c6b57
Mon Jan 26 11:15:15 2026: Server exiting with status 0.
Mon Jan 26 11:15:15 2026: Closing log file.
Mon Jan 26 11:25:10 2026: Running xcd server. This server was built by gradle.
Mon Jan 26 11:25:10 2026: Server was asked to start on port: '45877'
Mon Jan 26 11:25:10 2026: Server is using token UUID: 'f391e870-409e-4151-9baf-c06b697bd6ea'
Mon Jan 26 11:25:10 2026: SESSION_MGR: creating session with session uuid: '6d04a3e9-ade5-4ab9-8d63-1f78fcd2ec76' and name 'default'
Mon Jan 26 11:25:10 2026: Attempting to start server on port '45877'
Mon Jan 26 11:25:10 2026: XCD main fifo: created main fifo '/tmp/xcdmainf391e870-409e-4151-9baf-c06b697bd6ea', fd read = 12
Mon Jan 26 11:25:10 2026: Running Dispatch Server
Mon Jan 26 11:25:10 2026: Version 2.2.0
Mon Jan 26 11:25:11 2026: Dispatch Server: Accepted socket connection from client
Mon Jan 26 11:25:11 2026: Starting Socket connection
Mon Jan 26 11:25:11 2026: EXCHANGE_TOKEN received, server token: f391e870-409e-4151-9baf-c06b697bd6ea, passed token: f391e870-409e-4151-9baf-c06b697bd6ea
Mon Jan 26 11:25:12 2026: DISPATCH_HANDLER: Adding handler from function makeHandler in library libxv_system_diagram
Mon Jan 26 11:25:12 2026: SESSION_MGR: creating session with session uuid: 'ccc22501-77cc-4680-ba26-d77862bb7c14' and name 'v++_compile_d_ff_series_3'
Mon Jan 26 11:25:12 2026: KERNEL_SVC: creating session with uuid: 'ccc22501-77cc-4680-ba26-d77862bb7c14' and name 'v++_compile_d_ff_series_3'
Mon Jan 26 11:25:12 2026: GUIDANCE_SMGR: creating guidance session with uuid: 'ccc22501-77cc-4680-ba26-d77862bb7c14' and name 'v++_compile_d_ff_series_3'
Mon Jan 26 11:25:12 2026: SYSTEM_DIAGRAM: creating session with uuid: 'ccc22501-77cc-4680-ba26-d77862bb7c14' and name 'v++_compile_d_ff_series_3'
Mon Jan 26 11:25:14 2026: Dispatch Server: Accepted socket connection from client
Mon Jan 26 11:25:14 2026: Starting Socket connection
Mon Jan 26 11:25:36 2026: SESSION_MGR: closing session for UUID 'ccc22501-77cc-4680-ba26-d77862bb7c14' with name 'v++_compile_d_ff_series_3'
Mon Jan 26 11:25:36 2026: KERNEL_SVC: closing session for UUID 'ccc22501-77cc-4680-ba26-d77862bb7c14' with name 'v++_compile_d_ff_series_3'
Mon Jan 26 11:25:36 2026: GUIDANCE_SMGR: closing session for UUID 'ccc22501-77cc-4680-ba26-d77862bb7c14' with name 'v++_compile_d_ff_series_3'
Mon Jan 26 11:25:36 2026: SYSTEM_DIAGRAM: closing session for UUID 'ccc22501-77cc-4680-ba26-d77862bb7c14' with name 'v++_compile_d_ff_series_3'
Mon Jan 26 11:25:36 2026: STOP_SERVER received, server token: f391e870-409e-4151-9baf-c06b697bd6ea, passed token: f391e870-409e-4151-9baf-c06b697bd6ea
Mon Jan 26 11:25:36 2026: Socket received request to stop server.
Mon Jan 26 11:25:36 2026: Dispatch Server: do_await_stop
Mon Jan 26 11:25:36 2026: Dispatch Server: stopping mainFifo_
Mon Jan 26 11:25:36 2026: XCD main fifo: Stopping
Mon Jan 26 11:25:36 2026: XCD main fifo: do_read error code: Operation canceled
Mon Jan 26 11:25:36 2026: XCD main fifo: bytes_transferred: 0
Mon Jan 26 11:25:36 2026: SERVER: destructor for server bound to port 45877
Mon Jan 26 11:25:36 2026: XCD main fifo: Good unlink of /tmp/xcdmainf391e870-409e-4151-9baf-c06b697bd6ea
Mon Jan 26 11:25:36 2026: Server exiting with status 0.
Mon Jan 26 11:25:36 2026: Closing log file.
Mon Jan 26 11:27:12 2026: Running xcd server. This server was built by gradle.
Mon Jan 26 11:27:12 2026: Server was asked to start on port: '36197'
Mon Jan 26 11:27:12 2026: Server is using token UUID: '2f28eb23-09f7-458d-8178-2548dcb4f4a7'
Mon Jan 26 11:27:12 2026: SESSION_MGR: creating session with session uuid: '6d04a3e9-ade5-4ab9-8d63-1f78fcd2ec76' and name 'default'
Mon Jan 26 11:27:12 2026: Attempting to start server on port '36197'
Mon Jan 26 11:27:12 2026: XCD main fifo: created main fifo '/tmp/xcdmain2f28eb23-09f7-458d-8178-2548dcb4f4a7', fd read = 12
Mon Jan 26 11:27:12 2026: Running Dispatch Server
Mon Jan 26 11:27:12 2026: Version 2.2.0
Mon Jan 26 11:27:14 2026: Dispatch Server: Accepted socket connection from client
Mon Jan 26 11:27:14 2026: Starting Socket connection
Mon Jan 26 11:27:14 2026: EXCHANGE_TOKEN received, server token: 2f28eb23-09f7-458d-8178-2548dcb4f4a7, passed token: 2f28eb23-09f7-458d-8178-2548dcb4f4a7
Mon Jan 26 11:27:14 2026: DISPATCH_HANDLER: Adding handler from function makeHandler in library libxv_system_diagram
Mon Jan 26 11:27:14 2026: SESSION_MGR: creating session with session uuid: 'b06ff19f-2a30-463b-9b54-328d33755624' and name 'vitis-run_compile_d_ff_series_3'
Mon Jan 26 11:27:14 2026: KERNEL_SVC: creating session with uuid: 'b06ff19f-2a30-463b-9b54-328d33755624' and name 'vitis-run_compile_d_ff_series_3'
Mon Jan 26 11:27:14 2026: GUIDANCE_SMGR: creating guidance session with uuid: 'b06ff19f-2a30-463b-9b54-328d33755624' and name 'vitis-run_compile_d_ff_series_3'
Mon Jan 26 11:27:14 2026: SYSTEM_DIAGRAM: creating session with uuid: 'b06ff19f-2a30-463b-9b54-328d33755624' and name 'vitis-run_compile_d_ff_series_3'
Mon Jan 26 11:27:17 2026: Dispatch Server: Accepted socket connection from client
Mon Jan 26 11:27:17 2026: Starting Socket connection
Mon Jan 26 11:27:20 2026: SESSION_MGR: closing session for UUID 'b06ff19f-2a30-463b-9b54-328d33755624' with name 'vitis-run_compile_d_ff_series_3'
Mon Jan 26 11:27:20 2026: KERNEL_SVC: closing session for UUID 'b06ff19f-2a30-463b-9b54-328d33755624' with name 'vitis-run_compile_d_ff_series_3'
Mon Jan 26 11:27:20 2026: GUIDANCE_SMGR: closing session for UUID 'b06ff19f-2a30-463b-9b54-328d33755624' with name 'vitis-run_compile_d_ff_series_3'
Mon Jan 26 11:27:20 2026: SYSTEM_DIAGRAM: closing session for UUID 'b06ff19f-2a30-463b-9b54-328d33755624' with name 'vitis-run_compile_d_ff_series_3'
Mon Jan 26 11:27:20 2026: STOP_SERVER received, server token: 2f28eb23-09f7-458d-8178-2548dcb4f4a7, passed token: 2f28eb23-09f7-458d-8178-2548dcb4f4a7
Mon Jan 26 11:27:20 2026: Socket received request to stop server.
Mon Jan 26 11:27:20 2026: Dispatch Server: do_await_stop
Mon Jan 26 11:27:20 2026: Dispatch Server: stopping mainFifo_
Mon Jan 26 11:27:20 2026: XCD main fifo: Stopping
Mon Jan 26 11:27:20 2026: XCD main fifo: do_read error code: Operation canceled
Mon Jan 26 11:27:20 2026: XCD main fifo: bytes_transferred: 0
Mon Jan 26 11:27:20 2026: SERVER: destructor for server bound to port 36197
Mon Jan 26 11:27:20 2026: XCD main fifo: Good unlink of /tmp/xcdmain2f28eb23-09f7-458d-8178-2548dcb4f4a7
Mon Jan 26 11:27:20 2026: Server exiting with status 0.
Mon Jan 26 11:27:20 2026: Closing log file.
Mon Jan 26 12:59:28 2026: Running xcd server. This server was built by gradle.
Mon Jan 26 12:59:28 2026: Server was asked to start on port: '38093'
Mon Jan 26 12:59:28 2026: Server is using token UUID: '53eb956f-4b69-4ce5-b9dd-c83b6437e25d'
Mon Jan 26 12:59:28 2026: SESSION_MGR: creating session with session uuid: '6d04a3e9-ade5-4ab9-8d63-1f78fcd2ec76' and name 'default'
Mon Jan 26 12:59:28 2026: Attempting to start server on port '38093'
Mon Jan 26 12:59:28 2026: XCD main fifo: created main fifo '/tmp/xcdmain53eb956f-4b69-4ce5-b9dd-c83b6437e25d', fd read = 12
Mon Jan 26 12:59:28 2026: Running Dispatch Server
Mon Jan 26 12:59:28 2026: Version 2.2.0
Mon Jan 26 12:59:30 2026: Dispatch Server: Accepted socket connection from client
Mon Jan 26 12:59:30 2026: Starting Socket connection
Mon Jan 26 12:59:30 2026: EXCHANGE_TOKEN received, server token: 53eb956f-4b69-4ce5-b9dd-c83b6437e25d, passed token: 53eb956f-4b69-4ce5-b9dd-c83b6437e25d
Mon Jan 26 12:59:30 2026: DISPATCH_HANDLER: Adding handler from function makeHandler in library libxv_system_diagram
Mon Jan 26 12:59:30 2026: SESSION_MGR: creating session with session uuid: 'ac5ff402-52e7-44fd-9dbc-d977445c69a1' and name 'vitis-run_compile_d_ff_series_3'
Mon Jan 26 12:59:30 2026: KERNEL_SVC: creating session with uuid: 'ac5ff402-52e7-44fd-9dbc-d977445c69a1' and name 'vitis-run_compile_d_ff_series_3'
Mon Jan 26 12:59:30 2026: GUIDANCE_SMGR: creating guidance session with uuid: 'ac5ff402-52e7-44fd-9dbc-d977445c69a1' and name 'vitis-run_compile_d_ff_series_3'
Mon Jan 26 12:59:30 2026: SYSTEM_DIAGRAM: creating session with uuid: 'ac5ff402-52e7-44fd-9dbc-d977445c69a1' and name 'vitis-run_compile_d_ff_series_3'
Mon Jan 26 12:59:33 2026: Dispatch Server: Accepted socket connection from client
Mon Jan 26 12:59:33 2026: Starting Socket connection
Mon Jan 26 13:00:09 2026: SESSION_MGR: closing session for UUID 'ac5ff402-52e7-44fd-9dbc-d977445c69a1' with name 'vitis-run_compile_d_ff_series_3'
Mon Jan 26 13:00:09 2026: KERNEL_SVC: closing session for UUID 'ac5ff402-52e7-44fd-9dbc-d977445c69a1' with name 'vitis-run_compile_d_ff_series_3'
Mon Jan 26 13:00:09 2026: GUIDANCE_SMGR: closing session for UUID 'ac5ff402-52e7-44fd-9dbc-d977445c69a1' with name 'vitis-run_compile_d_ff_series_3'
Mon Jan 26 13:00:09 2026: SYSTEM_DIAGRAM: closing session for UUID 'ac5ff402-52e7-44fd-9dbc-d977445c69a1' with name 'vitis-run_compile_d_ff_series_3'
Mon Jan 26 13:00:09 2026: STOP_SERVER received, server token: 53eb956f-4b69-4ce5-b9dd-c83b6437e25d, passed token: 53eb956f-4b69-4ce5-b9dd-c83b6437e25d
Mon Jan 26 13:00:09 2026: Socket received request to stop server.
Mon Jan 26 13:00:09 2026: Dispatch Server: do_await_stop
Mon Jan 26 13:00:09 2026: Dispatch Server: stopping mainFifo_
Mon Jan 26 13:00:09 2026: XCD main fifo: Stopping
Mon Jan 26 13:00:09 2026: XCD main fifo: do_read error code: Operation canceled
Mon Jan 26 13:00:09 2026: XCD main fifo: bytes_transferred: 0
Mon Jan 26 13:00:09 2026: SERVER: destructor for server bound to port 38093
Mon Jan 26 13:00:09 2026: XCD main fifo: Good unlink of /tmp/xcdmain53eb956f-4b69-4ce5-b9dd-c83b6437e25d
Mon Jan 26 13:00:09 2026: Server exiting with status 0.
Mon Jan 26 13:00:09 2026: Closing log file.
