

================================================================
== Synthesis Summary Report of 'led_ON'
================================================================
+ General Information: 
    * Date:           Wed Oct  1 07:30:22 2025
    * Version:        2025.1 (Build 6135595 on May 21 2025)
    * Project:        LED_Controller_Vitis
    * Solution:       hls (Vivado IP Flow Target)
    * Product family: artix7
    * Target device:  xc7a35t-cpg236-1
    

+ Performance & Resource Estimates: 
    
    PS: '+' for module; 'o' for loop; '*' for dataflow
    +----------+------+------+---------+-------+----------+---------+------+----------+------+----+---+----+-----+
    |  Modules | Issue|      |     Latency     | Iteration|         | Trip |          |      |    |   |    |     |
    |  & Loops | Type | Slack| (cycles)|  (ns) |  Latency | Interval| Count| Pipelined| BRAM | DSP| FF| LUT| URAM|
    +----------+------+------+---------+-------+----------+---------+------+----------+------+----+---+----+-----+
    |+ led_ON  |     -|  7.30|        0|  0.000|         -|        1|     -|        no|     -|   -|  -|   -|    -|
    +----------+------+------+---------+-------+----------+---------+------+----------+------+----+---+----+-----+


================================================================
== HW Interfaces
================================================================
* Other Ports
+------+---------+-----------+----------+
| Port | Mode    | Direction | Bitwidth |
+------+---------+-----------+----------+
| o    | ap_none | out       | 8        |
+------+---------+-----------+----------+

* TOP LEVEL CONTROL
+-----------+--------------+--------+
| Interface | Type         | Ports  |
+-----------+--------------+--------+
| ap_rst    | reset        | ap_rst |
| ap_ctrl   | ap_ctrl_none |        |
+-----------+--------------+--------+


================================================================
== SW I/O Information
================================================================
* Top Function Arguments
+----------+-----------+----------------+
| Argument | Direction | Datatype       |
+----------+-----------+----------------+
| o        | out       | unsigned char* |
+----------+-----------+----------------+

* SW-to-HW Mapping
+----------+--------------+---------+
| Argument | HW Interface | HW Type |
+----------+--------------+---------+
| o        | o            | port    |
+----------+--------------+---------+


================================================================
== Bind Op Report
================================================================
  No bind op info in design

================================================================
== Storage Report
================================================================
  No bind storage info in design

================================================================
== Pragma Report
================================================================
* Valid Pragma Syntax
+-----------+-------------------------------+---------------------------------------------+
| Type      | Options                       | Location                                    |
+-----------+-------------------------------+---------------------------------------------+
| INTERFACE | mode=ap_none port=o           | main_LED_Controller.cpp:4 in led_on, o      |
| INTERFACE | mode=ap_ctrl_none port=return | main_LED_Controller.cpp:5 in led_on, return |
+-----------+-------------------------------+---------------------------------------------+


