

================================================================
== Synthesis Summary Report of 'serial2parallel'
================================================================
+ General Information: 
    * Date:           Sat Feb 28 08:52:53 2026
    * Version:        2025.1 (Build 6135595 on May 21 2025)
    * Project:        Serial_to_Parallel_Vitis
    * Solution:       hls (Vivado IP Flow Target)
    * Product family: artix7
    * Target device:  xc7a35t-cpg236-1
    

+ Performance & Resource Estimates: 
    
    PS: '+' for module; 'o' for loop; '*' for dataflow
    +-------------------+------+------+---------+-------+----------+---------+------+----------+------+----+----------+-----------+-----+
    |      Modules      | Issue|      |     Latency     | Iteration|         | Trip |          |      |    |          |           |     |
    |      & Loops      | Type | Slack| (cycles)|  (ns) |  Latency | Interval| Count| Pipelined| BRAM | DSP|    FF    |    LUT    | URAM|
    +-------------------+------+------+---------+-------+----------+---------+------+----------+------+----+----------+-----------+-----+
    |+ serial2parallel  |     -|  2.16|        0|  0.000|         -|        1|     -|        no|     -|   -|  49 (~0%)|  205 (~0%)|    -|
    +-------------------+------+------+---------+-------+----------+---------+------+----------+------+----+----------+-----------+-----+


================================================================
== HW Interfaces
================================================================
* Other Ports
+----------------+---------+-----------+----------+
| Port           | Mode    | Direction | Bitwidth |
+----------------+---------+-----------+----------+
| a              | ap_none | out       | 8        |
| d              | ap_none | in        | 1        |
| end_conversion | ap_none | out       | 1        |
| serial_start   | ap_none | in        | 1        |
+----------------+---------+-----------+----------+

* TOP LEVEL CONTROL
+-----------+--------------+--------+
| Interface | Type         | Ports  |
+-----------+--------------+--------+
| ap_clk    | clock        | ap_clk |
| ap_rst    | reset        | ap_rst |
| ap_ctrl   | ap_ctrl_none |        |
+-----------+--------------+--------+


================================================================
== SW I/O Information
================================================================
* Top Function Arguments
+----------------+-----------+-------------+
| Argument       | Direction | Datatype    |
+----------------+-----------+-------------+
| d              | in        | bool        |
| serial_start   | in        | bool        |
| a              | out       | ap_uint<8>& |
| end_conversion | out       | bool&       |
+----------------+-----------+-------------+

* SW-to-HW Mapping
+----------------+----------------+---------+
| Argument       | HW Interface   | HW Type |
+----------------+----------------+---------+
| d              | d              | port    |
| serial_start   | serial_start   | port    |
| a              | a              | port    |
| end_conversion | end_conversion | port    |
+----------------+----------------+---------+


================================================================
== Bind Op Report
================================================================
+----------------------------+-----+--------+----------------+--------+----------+---------+
| Name                       | DSP | Pragma | Variable       | Op     | Impl     | Latency |
+----------------------------+-----+--------+----------------+--------+----------+---------+
| + serial2parallel          | 0   |        |                |        |          |         |
|   next_counter_1_fu_135_p3 |     |        | next_counter_1 | select | auto_sel | 0       |
|   icmp_ln62_fu_144_p2      |     |        | icmp_ln62      | setlt  | auto     | 0       |
|   icmp_ln73_fu_150_p2      |     |        | icmp_ln73      | seteq  | auto     | 0       |
|   next_counter_3_fu_180_p2 |     |        | next_counter_3 | add    | fabric   | 0       |
+----------------------------+-----+--------+----------------+--------+----------+---------+


================================================================
== Storage Report
================================================================
  No bind storage info in design

================================================================
== Pragma Report
================================================================
* Valid Pragma Syntax
+-----------+-----------------------------+----------------------------------------------------------------+
| Type      | Options                     | Location                                                       |
+-----------+-----------------------------+----------------------------------------------------------------+
| INTERFACE | ap_none port=d              | main_serial2parallel.cpp:18 in serial2parallel, d              |
| INTERFACE | ap_none port=serial_start   | main_serial2parallel.cpp:21 in serial2parallel, serial_start   |
| INTERFACE | ap_none port=a              | main_serial2parallel.cpp:25 in serial2parallel, a              |
| INTERFACE | ap_none port=end_conversion | main_serial2parallel.cpp:28 in serial2parallel, end_conversion |
| INTERFACE | ap_ctrl_none port=return    | main_serial2parallel.cpp:32 in serial2parallel, return         |
+-----------+-----------------------------+----------------------------------------------------------------+


