number = 0b0 leading one at -1
number = 0b01 leading one at 0
number = 0b010 leading one at 1
number = 0b011 leading one at 1
number = 0b0100 leading one at 2
number = 0b0101 leading one at 2
number = 0b0110 leading one at 2
number = 0b0111 leading one at 2
number = 0b01000 leading one at 3
number = 0b01001 leading one at 3
number = 0b01010 leading one at 3
number = 0b01011 leading one at 3
number = 0b01100 leading one at 3
number = 0b01101 leading one at 3
number = 0b01110 leading one at 3
number = 0b01111 leading one at 3
number = 0b010000 leading one at 4
number = 0b010001 leading one at 4
number = 0b010010 leading one at 4
number = 0b010011 leading one at 4
number = 0b010100 leading one at 4
number = 0b010101 leading one at 4
number = 0b010110 leading one at 4
number = 0b010111 leading one at 4
number = 0b011000 leading one at 4
number = 0b011001 leading one at 4
number = 0b011010 leading one at 4
number = 0b011011 leading one at 4
number = 0b011100 leading one at 4
number = 0b011101 leading one at 4
number = 0b011110 leading one at 4
number = 0b011111 leading one at 4
number = 0b0100000 leading one at 5
number = 0b0100001 leading one at 5
number = 0b0100010 leading one at 5
number = 0b0100011 leading one at 5
number = 0b0100100 leading one at 5
number = 0b0100101 leading one at 5
number = 0b0100110 leading one at 5
number = 0b0100111 leading one at 5
number = 0b0101000 leading one at 5
number = 0b0101001 leading one at 5
number = 0b0101010 leading one at 5
number = 0b0101011 leading one at 5
number = 0b0101100 leading one at 5
number = 0b0101101 leading one at 5
number = 0b0101110 leading one at 5
number = 0b0101111 leading one at 5
number = 0b0110000 leading one at 5
number = 0b0110001 leading one at 5
number = 0b0110010 leading one at 5
number = 0b0110011 leading one at 5
number = 0b0110100 leading one at 5
number = 0b0110101 leading one at 5
number = 0b0110110 leading one at 5
number = 0b0110111 leading one at 5
number = 0b0111000 leading one at 5
number = 0b0111001 leading one at 5
number = 0b0111010 leading one at 5
number = 0b0111011 leading one at 5
number = 0b0111100 leading one at 5
number = 0b0111101 leading one at 5
number = 0b0111110 leading one at 5
number = 0b0111111 leading one at 5
number = 0b01000000 leading one at 6
number = 0b01000001 leading one at 6
number = 0b01000010 leading one at 6
number = 0b01000011 leading one at 6
number = 0b01000100 leading one at 6
number = 0b01000101 leading one at 6
number = 0b01000110 leading one at 6
number = 0b01000111 leading one at 6
number = 0b01001000 leading one at 6
number = 0b01001001 leading one at 6
number = 0b01001010 leading one at 6
number = 0b01001011 leading one at 6
number = 0b01001100 leading one at 6
number = 0b01001101 leading one at 6
number = 0b01001110 leading one at 6
number = 0b01001111 leading one at 6
number = 0b01010000 leading one at 6
number = 0b01010001 leading one at 6
number = 0b01010010 leading one at 6
number = 0b01010011 leading one at 6
number = 0b01010100 leading one at 6
number = 0b01010101 leading one at 6
number = 0b01010110 leading one at 6
number = 0b01010111 leading one at 6
number = 0b01011000 leading one at 6
number = 0b01011001 leading one at 6
number = 0b01011010 leading one at 6
number = 0b01011011 leading one at 6
number = 0b01011100 leading one at 6
number = 0b01011101 leading one at 6
number = 0b01011110 leading one at 6
number = 0b01011111 leading one at 6
number = 0b01100000 leading one at 6
number = 0b01100001 leading one at 6
number = 0b01100010 leading one at 6
number = 0b01100011 leading one at 6
number = 0b01100100 leading one at 6
number = 0b01100101 leading one at 6
number = 0b01100110 leading one at 6
number = 0b01100111 leading one at 6
number = 0b01101000 leading one at 6
number = 0b01101001 leading one at 6
number = 0b01101010 leading one at 6
number = 0b01101011 leading one at 6
number = 0b01101100 leading one at 6
number = 0b01101101 leading one at 6
number = 0b01101110 leading one at 6
number = 0b01101111 leading one at 6
number = 0b01110000 leading one at 6
number = 0b01110001 leading one at 6
number = 0b01110010 leading one at 6
number = 0b01110011 leading one at 6
number = 0b01110100 leading one at 6
number = 0b01110101 leading one at 6
number = 0b01110110 leading one at 6
number = 0b01110111 leading one at 6
number = 0b01111000 leading one at 6
number = 0b01111001 leading one at 6
number = 0b01111010 leading one at 6
number = 0b01111011 leading one at 6
number = 0b01111100 leading one at 6
number = 0b01111101 leading one at 6
number = 0b01111110 leading one at 6
number = 0b01111111 leading one at 6
number = 0b010000000 leading one at 7
number = 0b010000001 leading one at 7
number = 0b010000010 leading one at 7
number = 0b010000011 leading one at 7
number = 0b010000100 leading one at 7
number = 0b010000101 leading one at 7
number = 0b010000110 leading one at 7
number = 0b010000111 leading one at 7
number = 0b010001000 leading one at 7
number = 0b010001001 leading one at 7
number = 0b010001010 leading one at 7
number = 0b010001011 leading one at 7
number = 0b010001100 leading one at 7
number = 0b010001101 leading one at 7
number = 0b010001110 leading one at 7
number = 0b010001111 leading one at 7
number = 0b010010000 leading one at 7
number = 0b010010001 leading one at 7
number = 0b010010010 leading one at 7
number = 0b010010011 leading one at 7
number = 0b010010100 leading one at 7
number = 0b010010101 leading one at 7
number = 0b010010110 leading one at 7
number = 0b010010111 leading one at 7
number = 0b010011000 leading one at 7
number = 0b010011001 leading one at 7
number = 0b010011010 leading one at 7
number = 0b010011011 leading one at 7
number = 0b010011100 leading one at 7
number = 0b010011101 leading one at 7
number = 0b010011110 leading one at 7
number = 0b010011111 leading one at 7
number = 0b010100000 leading one at 7
number = 0b010100001 leading one at 7
number = 0b010100010 leading one at 7
number = 0b010100011 leading one at 7
number = 0b010100100 leading one at 7
number = 0b010100101 leading one at 7
number = 0b010100110 leading one at 7
number = 0b010100111 leading one at 7
number = 0b010101000 leading one at 7
number = 0b010101001 leading one at 7
number = 0b010101010 leading one at 7
number = 0b010101011 leading one at 7
number = 0b010101100 leading one at 7
number = 0b010101101 leading one at 7
number = 0b010101110 leading one at 7
number = 0b010101111 leading one at 7
number = 0b010110000 leading one at 7
number = 0b010110001 leading one at 7
number = 0b010110010 leading one at 7
number = 0b010110011 leading one at 7
number = 0b010110100 leading one at 7
number = 0b010110101 leading one at 7
number = 0b010110110 leading one at 7
number = 0b010110111 leading one at 7
number = 0b010111000 leading one at 7
number = 0b010111001 leading one at 7
number = 0b010111010 leading one at 7
number = 0b010111011 leading one at 7
number = 0b010111100 leading one at 7
number = 0b010111101 leading one at 7
number = 0b010111110 leading one at 7
number = 0b010111111 leading one at 7
number = 0b011000000 leading one at 7
number = 0b011000001 leading one at 7
number = 0b011000010 leading one at 7
number = 0b011000011 leading one at 7
number = 0b011000100 leading one at 7
number = 0b011000101 leading one at 7
number = 0b011000110 leading one at 7
number = 0b011000111 leading one at 7
number = 0b011001000 leading one at 7
number = 0b011001001 leading one at 7
number = 0b011001010 leading one at 7
number = 0b011001011 leading one at 7
number = 0b011001100 leading one at 7
number = 0b011001101 leading one at 7
number = 0b011001110 leading one at 7
number = 0b011001111 leading one at 7
number = 0b011010000 leading one at 7
number = 0b011010001 leading one at 7
number = 0b011010010 leading one at 7
number = 0b011010011 leading one at 7
number = 0b011010100 leading one at 7
number = 0b011010101 leading one at 7
number = 0b011010110 leading one at 7
number = 0b011010111 leading one at 7
number = 0b011011000 leading one at 7
number = 0b011011001 leading one at 7
number = 0b011011010 leading one at 7
number = 0b011011011 leading one at 7
number = 0b011011100 leading one at 7
number = 0b011011101 leading one at 7
number = 0b011011110 leading one at 7
number = 0b011011111 leading one at 7
number = 0b011100000 leading one at 7
number = 0b011100001 leading one at 7
number = 0b011100010 leading one at 7
number = 0b011100011 leading one at 7
number = 0b011100100 leading one at 7
number = 0b011100101 leading one at 7
number = 0b011100110 leading one at 7
number = 0b011100111 leading one at 7
number = 0b011101000 leading one at 7
number = 0b011101001 leading one at 7
number = 0b011101010 leading one at 7
number = 0b011101011 leading one at 7
number = 0b011101100 leading one at 7
number = 0b011101101 leading one at 7
number = 0b011101110 leading one at 7
number = 0b011101111 leading one at 7
number = 0b011110000 leading one at 7
number = 0b011110001 leading one at 7
number = 0b011110010 leading one at 7
number = 0b011110011 leading one at 7
number = 0b011110100 leading one at 7
number = 0b011110101 leading one at 7
number = 0b011110110 leading one at 7
number = 0b011110111 leading one at 7
number = 0b011111000 leading one at 7
number = 0b011111001 leading one at 7
number = 0b011111010 leading one at 7
number = 0b011111011 leading one at 7
number = 0b011111100 leading one at 7
number = 0b011111101 leading one at 7
number = 0b011111110 leading one at 7
number = 0b011111111 leading one at 7
number = 0b100000000 leading one at 8
number = 0b100000001 leading one at 8
number = 0b100000010 leading one at 8
number = 0b100000011 leading one at 8
number = 0b100000100 leading one at 8
number = 0b100000101 leading one at 8
number = 0b100000110 leading one at 8
number = 0b100000111 leading one at 8
number = 0b100001000 leading one at 8
number = 0b100001001 leading one at 8
number = 0b100001010 leading one at 8
number = 0b100001011 leading one at 8
number = 0b100001100 leading one at 8
number = 0b100001101 leading one at 8
number = 0b100001110 leading one at 8
number = 0b100001111 leading one at 8
number = 0b100010000 leading one at 8
number = 0b100010001 leading one at 8
number = 0b100010010 leading one at 8
number = 0b100010011 leading one at 8
number = 0b100010100 leading one at 8
number = 0b100010101 leading one at 8
number = 0b100010110 leading one at 8
number = 0b100010111 leading one at 8
number = 0b100011000 leading one at 8
number = 0b100011001 leading one at 8
number = 0b100011010 leading one at 8
number = 0b100011011 leading one at 8
number = 0b100011100 leading one at 8
number = 0b100011101 leading one at 8
number = 0b100011110 leading one at 8
number = 0b100011111 leading one at 8
number = 0b100100000 leading one at 8
number = 0b100100001 leading one at 8
number = 0b100100010 leading one at 8
number = 0b100100011 leading one at 8
number = 0b100100100 leading one at 8
number = 0b100100101 leading one at 8
number = 0b100100110 leading one at 8
number = 0b100100111 leading one at 8
number = 0b100101000 leading one at 8
number = 0b100101001 leading one at 8
number = 0b100101010 leading one at 8
number = 0b100101011 leading one at 8
number = 0b100101100 leading one at 8
number = 0b100101101 leading one at 8
number = 0b100101110 leading one at 8
number = 0b100101111 leading one at 8
number = 0b100110000 leading one at 8
number = 0b100110001 leading one at 8
number = 0b100110010 leading one at 8
number = 0b100110011 leading one at 8
number = 0b100110100 leading one at 8
number = 0b100110101 leading one at 8
number = 0b100110110 leading one at 8
number = 0b100110111 leading one at 8
number = 0b100111000 leading one at 8
number = 0b100111001 leading one at 8
number = 0b100111010 leading one at 8
number = 0b100111011 leading one at 8
number = 0b100111100 leading one at 8
number = 0b100111101 leading one at 8
number = 0b100111110 leading one at 8
number = 0b100111111 leading one at 8
number = 0b101000000 leading one at 8
number = 0b101000001 leading one at 8
number = 0b101000010 leading one at 8
number = 0b101000011 leading one at 8
number = 0b101000100 leading one at 8
number = 0b101000101 leading one at 8
number = 0b101000110 leading one at 8
number = 0b101000111 leading one at 8
number = 0b101001000 leading one at 8
number = 0b101001001 leading one at 8
number = 0b101001010 leading one at 8
number = 0b101001011 leading one at 8
number = 0b101001100 leading one at 8
number = 0b101001101 leading one at 8
number = 0b101001110 leading one at 8
number = 0b101001111 leading one at 8
number = 0b101010000 leading one at 8
number = 0b101010001 leading one at 8
number = 0b101010010 leading one at 8
number = 0b101010011 leading one at 8
number = 0b101010100 leading one at 8
number = 0b101010101 leading one at 8
number = 0b101010110 leading one at 8
number = 0b101010111 leading one at 8
number = 0b101011000 leading one at 8
number = 0b101011001 leading one at 8
number = 0b101011010 leading one at 8
number = 0b101011011 leading one at 8
number = 0b101011100 leading one at 8
number = 0b101011101 leading one at 8
number = 0b101011110 leading one at 8
number = 0b101011111 leading one at 8
number = 0b101100000 leading one at 8
number = 0b101100001 leading one at 8
number = 0b101100010 leading one at 8
number = 0b101100011 leading one at 8
number = 0b101100100 leading one at 8
number = 0b101100101 leading one at 8
number = 0b101100110 leading one at 8
number = 0b101100111 leading one at 8
number = 0b101101000 leading one at 8
number = 0b101101001 leading one at 8
number = 0b101101010 leading one at 8
number = 0b101101011 leading one at 8
number = 0b101101100 leading one at 8
number = 0b101101101 leading one at 8
number = 0b101101110 leading one at 8
number = 0b101101111 leading one at 8
number = 0b101110000 leading one at 8
number = 0b101110001 leading one at 8
number = 0b101110010 leading one at 8
number = 0b101110011 leading one at 8
number = 0b101110100 leading one at 8
number = 0b101110101 leading one at 8
number = 0b101110110 leading one at 8
number = 0b101110111 leading one at 8
number = 0b101111000 leading one at 8
number = 0b101111001 leading one at 8
number = 0b101111010 leading one at 8
number = 0b101111011 leading one at 8
number = 0b101111100 leading one at 8
number = 0b101111101 leading one at 8
number = 0b101111110 leading one at 8
number = 0b101111111 leading one at 8
number = 0b110000000 leading one at 8
number = 0b110000001 leading one at 8
number = 0b110000010 leading one at 8
number = 0b110000011 leading one at 8
number = 0b110000100 leading one at 8
number = 0b110000101 leading one at 8
number = 0b110000110 leading one at 8
number = 0b110000111 leading one at 8
number = 0b110001000 leading one at 8
number = 0b110001001 leading one at 8
number = 0b110001010 leading one at 8
number = 0b110001011 leading one at 8
number = 0b110001100 leading one at 8
number = 0b110001101 leading one at 8
number = 0b110001110 leading one at 8
number = 0b110001111 leading one at 8
number = 0b110010000 leading one at 8
number = 0b110010001 leading one at 8
number = 0b110010010 leading one at 8
number = 0b110010011 leading one at 8
number = 0b110010100 leading one at 8
number = 0b110010101 leading one at 8
number = 0b110010110 leading one at 8
number = 0b110010111 leading one at 8
number = 0b110011000 leading one at 8
number = 0b110011001 leading one at 8
number = 0b110011010 leading one at 8
number = 0b110011011 leading one at 8
number = 0b110011100 leading one at 8
number = 0b110011101 leading one at 8
number = 0b110011110 leading one at 8
number = 0b110011111 leading one at 8
number = 0b110100000 leading one at 8
number = 0b110100001 leading one at 8
number = 0b110100010 leading one at 8
number = 0b110100011 leading one at 8
number = 0b110100100 leading one at 8
number = 0b110100101 leading one at 8
number = 0b110100110 leading one at 8
number = 0b110100111 leading one at 8
number = 0b110101000 leading one at 8
number = 0b110101001 leading one at 8
number = 0b110101010 leading one at 8
number = 0b110101011 leading one at 8
number = 0b110101100 leading one at 8
number = 0b110101101 leading one at 8
number = 0b110101110 leading one at 8
number = 0b110101111 leading one at 8
number = 0b110110000 leading one at 8
number = 0b110110001 leading one at 8
number = 0b110110010 leading one at 8
number = 0b110110011 leading one at 8
number = 0b110110100 leading one at 8
number = 0b110110101 leading one at 8
number = 0b110110110 leading one at 8
number = 0b110110111 leading one at 8
number = 0b110111000 leading one at 8
number = 0b110111001 leading one at 8
number = 0b110111010 leading one at 8
number = 0b110111011 leading one at 8
number = 0b110111100 leading one at 8
number = 0b110111101 leading one at 8
number = 0b110111110 leading one at 8
number = 0b110111111 leading one at 8
number = 0b111000000 leading one at 8
number = 0b111000001 leading one at 8
number = 0b111000010 leading one at 8
number = 0b111000011 leading one at 8
number = 0b111000100 leading one at 8
number = 0b111000101 leading one at 8
number = 0b111000110 leading one at 8
number = 0b111000111 leading one at 8
number = 0b111001000 leading one at 8
number = 0b111001001 leading one at 8
number = 0b111001010 leading one at 8
number = 0b111001011 leading one at 8
number = 0b111001100 leading one at 8
number = 0b111001101 leading one at 8
number = 0b111001110 leading one at 8
number = 0b111001111 leading one at 8
number = 0b111010000 leading one at 8
number = 0b111010001 leading one at 8
number = 0b111010010 leading one at 8
number = 0b111010011 leading one at 8
number = 0b111010100 leading one at 8
number = 0b111010101 leading one at 8
number = 0b111010110 leading one at 8
number = 0b111010111 leading one at 8
number = 0b111011000 leading one at 8
number = 0b111011001 leading one at 8
number = 0b111011010 leading one at 8
number = 0b111011011 leading one at 8
number = 0b111011100 leading one at 8
number = 0b111011101 leading one at 8
number = 0b111011110 leading one at 8
number = 0b111011111 leading one at 8
number = 0b111100000 leading one at 8
number = 0b111100001 leading one at 8
number = 0b111100010 leading one at 8
number = 0b111100011 leading one at 8
number = 0b111100100 leading one at 8
number = 0b111100101 leading one at 8
number = 0b111100110 leading one at 8
number = 0b111100111 leading one at 8
number = 0b111101000 leading one at 8
number = 0b111101001 leading one at 8
number = 0b111101010 leading one at 8
number = 0b111101011 leading one at 8
number = 0b111101100 leading one at 8
number = 0b111101101 leading one at 8
number = 0b111101110 leading one at 8
number = 0b111101111 leading one at 8
number = 0b111110000 leading one at 8
number = 0b111110001 leading one at 8
number = 0b111110010 leading one at 8
number = 0b111110011 leading one at 8
number = 0b111110100 leading one at 8
number = 0b111110101 leading one at 8
number = 0b111110110 leading one at 8
number = 0b111110111 leading one at 8
number = 0b111111000 leading one at 8
number = 0b111111001 leading one at 8
number = 0b111111010 leading one at 8
number = 0b111111011 leading one at 8
number = 0b111111100 leading one at 8
number = 0b111111101 leading one at 8
number = 0b111111110 leading one at 8
number = 0b111111111 leading one at 8
Test passed! 
Vivado Simulator v2025.1.0
Copyright 1986-2022 Xilinx, Inc. All Rights Reserved.
Copyright 2022-2025 Advanced Micro Devices, Inc. All Rights Reserved.
Running: /opt/Xilinx/2025.1/Vivado/bin/unwrapped/lnx64.o/xelab xil_defaultlib.apatb_leading_one_top xil_defaultlib.glbl -Oenable_linking_all_libraries -prj leading_one.prj -L smartconnect_v1_0 -L axi_protocol_checker_v1_1_12 -L axi_protocol_checker_v1_1_13 -L axis_protocol_checker_v1_1_11 -L axis_protocol_checker_v1_1_12 -L xil_defaultlib -L unisims_ver -L xpm -L floating_point_v7_1_20 -L floating_point_v7_0_25 --lib ieee_proposed=./ieee_proposed -L uvm -relax -i ./svr -i ./svtb -i ./file_agent -i ./leading_one_subsystem -s leading_one 
Multi-threading is on. Using 14 slave threads.
WARNING: [XSIM 43-3431] One or more environment variables have been detected which affect the operation of the C compiler. These are typically not set in standard installations and are not tested by AMD, however they may be appropriate for your system, so the flow will attempt to continue.  If errors occur, try running xelab with the "-mt off -v 1" switches to see more information from the C compiler. The following environment variables have been detected:
    LIBRARY_PATH
INFO: [VRFC 10-2263] Analyzing SystemVerilog file "/home/lenovo/Simulation_Linux/HLS/Leading_One_Vitis/Leading_One_Vitis/hls/sim/verilog/glbl.v" into library xil_defaultlib
INFO: [VRFC 10-311] analyzing module glbl
INFO: [VRFC 10-2263] Analyzing SystemVerilog file "/home/lenovo/Simulation_Linux/HLS/Leading_One_Vitis/Leading_One_Vitis/hls/sim/verilog/leading_one_sparsemux_19_8_5_1_1.v" into library xil_defaultlib
INFO: [VRFC 10-311] analyzing module leading_one_sparsemux_19_8_5_1_1
INFO: [VRFC 10-2263] Analyzing SystemVerilog file "/home/lenovo/Simulation_Linux/HLS/Leading_One_Vitis/Leading_One_Vitis/hls/sim/verilog/leading_one.autotb.v" into library xil_defaultlib
INFO: [VRFC 10-311] analyzing module apatb_leading_one_top
INFO: [VRFC 10-2263] Analyzing SystemVerilog file "/home/lenovo/Simulation_Linux/HLS/Leading_One_Vitis/Leading_One_Vitis/hls/sim/verilog/leading_one.v" into library xil_defaultlib
INFO: [VRFC 10-311] analyzing module leading_one
INFO: [VRFC 10-2263] Analyzing SystemVerilog file "/home/lenovo/Simulation_Linux/HLS/Leading_One_Vitis/Leading_One_Vitis/hls/sim/verilog/dataflow_monitor.sv" into library xil_defaultlib
INFO: [VRFC 10-311] analyzing module dataflow_monitor
INFO: [VRFC 10-2263] Analyzing SystemVerilog file "/home/lenovo/Simulation_Linux/HLS/Leading_One_Vitis/Leading_One_Vitis/hls/sim/verilog/file_agent/file_agent_pkg.sv" into library xil_defaultlib
INFO: [VRFC 10-2263] Analyzing SystemVerilog file "/home/lenovo/Simulation_Linux/HLS/Leading_One_Vitis/Leading_One_Vitis/hls/sim/verilog/svr/svr_pkg.sv" into library xil_defaultlib
INFO: [VRFC 10-2263] Analyzing SystemVerilog file "/home/lenovo/Simulation_Linux/HLS/Leading_One_Vitis/Leading_One_Vitis/hls/sim/verilog/svr/svr_if.sv" into library xil_defaultlib
INFO: [VRFC 10-2263] Analyzing SystemVerilog file "/home/lenovo/Simulation_Linux/HLS/Leading_One_Vitis/Leading_One_Vitis/hls/sim/verilog/leading_one_subsystem/leading_one_subsystem_pkg.sv" into library xil_defaultlib
INFO: [VRFC 10-2263] Analyzing SystemVerilog file "/home/lenovo/Simulation_Linux/HLS/Leading_One_Vitis/Leading_One_Vitis/hls/sim/verilog/svtb/misc_interface.sv" into library xil_defaultlib
INFO: [VRFC 10-2263] Analyzing SystemVerilog file "/home/lenovo/Simulation_Linux/HLS/Leading_One_Vitis/Leading_One_Vitis/hls/sim/verilog/svtb/sv_module_top.sv" into library xil_defaultlib
INFO: [VRFC 10-311] analyzing module sv_module_top
Starting static elaboration
Pass Through NonSizing Optimizer
Completed static elaboration
Starting simulation data flow analysis
WARNING: [XSIM 43-4099] "/proj/primebuilds/9999.0_PRIME_0428_0031/installs/data/system_verilog/uvm_1.2/xlnx_uvm_package.sv" Line 4356. Module uvm_pkg doesn't have a timescale but at least one module in design has a timescale.
WARNING: [XSIM 43-4099] "/proj/primebuilds/9999.0_PRIME_0428_0031/installs/data/system_verilog/uvm_1.2/xlnx_uvm_package.sv" Line 4356. Module uvm_pkg doesn't have a timescale but at least one module in design has a timescale.
WARNING: [XSIM 43-4468] File : /proj/primebuilds/9999.0_PRIME_0428_0031/installs/data/system_verilog/uvm_1.2/xlnx_uvm_package.sv, Line : 25994, RANDC variable size more than 8 bits. This will be treated as a RAND variable instead.
Completed simulation data flow analysis
Time Resolution for simulation is 1ps
Compiling package xil_defaultlib.$unit_sv_module_top_sv
Compiling package uvm.uvm_pkg
Compiling package std.std
Compiling package xil_defaultlib.svr_pkg
Compiling package xil_defaultlib.file_agent_pkg
Compiling package xil_defaultlib.leading_one_subsystem_pkg
Compiling package xil_defaultlib.$unit_dataflow_monitor_sv
Compiling module xil_defaultlib.leading_one_sparsemux_19_8_5_1_1...
Compiling module xil_defaultlib.leading_one
Compiling module xil_defaultlib.misc_interface_default
Compiling module xil_defaultlib.svr_if(DATA_WIDTH=9)
Compiling module xil_defaultlib.svr_if(DATA_WIDTH=5)
Compiling module xil_defaultlib.sv_module_top
Compiling module xil_defaultlib.nodf_module_intf_default
Compiling module xil_defaultlib.dataflow_monitor
Compiling module xil_defaultlib.apatb_leading_one_top
Compiling module xil_defaultlib.glbl
Built simulation snapshot leading_one

****** xsim v2025.1 (64-bit)
  **** SW Build 6140274 on Wed May 21 22:58:25 MDT 2025
  **** IP Build 6138677 on Thu May 22 03:10:11 MDT 2025
  **** SharedData Build 6139179 on Tue May 20 17:58:58 MDT 2025
  **** Start of session at: Sun Nov 16 16:02:28 2025
    ** Copyright 1986-2022 Xilinx, Inc. All Rights Reserved.
    ** Copyright 2022-2025 Advanced Micro Devices, Inc. All Rights Reserved.

source xsim.dir/leading_one/xsim_script.tcl
# xsim {leading_one} -testplusarg UVM_VERBOSITY=UVM_NONE -testplusarg UVM_TESTNAME=leading_one_test_lib -testplusarg UVM_TIMEOUT=20000000000000 -autoloadwcfg -tclbatch {leading_one.tcl}
Time resolution is 1 ps
source leading_one.tcl
## run all
UVM_INFO /opt/Xilinx/2025.1/Vivado/data/system_verilog/uvm_1.2/xlnx_uvm_package.sv(18601) @ 0: reporter [UVM/RELNOTES] 
----------------------------------------------------------------
UVM-1.2
(C) 2007-2014 Mentor Graphics Corporation
(C) 2007-2014 Cadence Design Systems, Inc.
(C) 2006-2014 Synopsys, Inc.
(C) 2011-2013 Cypress Semiconductor Corp.
(C) 2013-2014 NVIDIA Corporation
----------------------------------------------------------------

  ***********       IMPORTANT RELEASE NOTES         ************

  You are using a version of the UVM library that has been compiled
  with `UVM_NO_DEPRECATED undefined.

  You are using a version of the UVM library that has been compiled
  with `UVM_OBJECT_DO_NOT_NEED_CONSTRUCTOR undefined.

      (Specify +UVM_NO_RELNOTES to turn off this notice)

UVM_INFO /opt/Xilinx/2025.1/Vivado/data/system_verilog/uvm_1.2/xlnx_uvm_package.sv(18648) @ 0: reporter [NO_DPI_TSTNAME] UVM_NO_DPI defined--getting UVM_TESTNAME directly, without DPI
UVM_INFO /opt/Xilinx/2025.1/Vivado/data/system_verilog/uvm_1.2/xlnx_uvm_package.sv(18752) @ 0: reporter [UVMTOP] UVM testbench topology:
---------------------------------------------------------------------------------------------------------------
Name                                               Type                                  Size  Value           
---------------------------------------------------------------------------------------------------------------
uvm_test_top                                       leading_one_test_lib                  -     @352            
  top_env                                          leading_one_env                       -     @363            
    env_master_svr_a                               uvm_env                               -     @382            
      m_agt                                        uvm_agent                             -     @585            
        drv                                        uvm_driver #(REQ,RSP)                 -     @733            
          rsp_port                                 uvm_analysis_port                     -     @752            
          seq_item_port                            uvm_seq_item_pull_port                -     @742            
        mon                                        uvm_monitor                           -     @762            
          item_collect_port                        uvm_analysis_port                     -     @773            
        sqr                                        uvm_sequencer                         -     @596            
          rsp_export                               uvm_analysis_export                   -     @605            
          seq_item_export                          uvm_seq_item_pull_imp                 -     @723            
          arbitration_queue                        array                                 0     -               
          lock_queue                               array                                 0     -               
          num_last_reqs                            integral                              32    'd1             
          num_last_rsps                            integral                              32    'd1             
    env_slave_svr_ap_return                        uvm_env                               -     @395            
      s_agt                                        uvm_agent                             -     @791            
        drv                                        uvm_driver #(REQ,RSP)                 -     @939            
          rsp_port                                 uvm_analysis_port                     -     @958            
          seq_item_port                            uvm_seq_item_pull_port                -     @948            
        mon                                        uvm_monitor                           -     @968            
          item_collect_port                        uvm_analysis_port                     -     @979            
        sqr                                        uvm_sequencer                         -     @802            
          rsp_export                               uvm_analysis_export                   -     @811            
          seq_item_export                          uvm_seq_item_pull_imp                 -     @929            
          arbitration_queue                        array                                 0     -               
          lock_queue                               array                                 0     -               
          num_last_reqs                            integral                              32    'd1             
          num_last_rsps                            integral                              32    'd1             
    leading_one_virtual_sqr                        leading_one_virtual_sequencer         -     @447            
      rsp_export                                   uvm_analysis_export                   -     @456            
      seq_item_export                              uvm_seq_item_pull_imp                 -     @574            
      arbitration_queue                            array                                 0     -               
      lock_queue                                   array                                 0     -               
      num_last_reqs                                integral                              32    'd1             
      num_last_rsps                                integral                              32    'd1             
    refm                                           leading_one_reference_model           -     @405            
      trans_num_idx                                integral                              32    'h0             
    subsys_mon                                     leading_one_subsystem_monitor         -     @418            
      scbd                                         leading_one_scoreboard                -     @1006           
        refm                                       leading_one_reference_model           -     @405            
          trans_num_idx                            integral                              32    'h0             
        TVOUT_transaction_size_queue               da(integral)                          0     -               
        file_wr_port_ap_return_ap_return           <unknown>                             -     @1016           
          TV_FILE                                  string                                0     ""              
          fp                                       integral                              32    'hxxxxxxxx      
          file_open                                integral                              32    'h0             
          write_file_done                          integral                              32    'h0             
          write_section_done                       integral                              32    'h0             
          TRANSACTION_NUM                          integral                              32    'h0             
          transaction_num_idx                      integral                              32    'h0             
          TRANSACTION_DEPTH                        integral                              32    'h0             
          TRANSACTION_DEPTH_queue                  da(integral)                          0     -               
          TRANSACTION_DEPTH_queue_for_depth_check  da(integral)                          0     -               
          transaction_depth_idx                    integral                              32    'h0             
          ap_done_num_idx                          integral                              32    'h0             
          is_binary                                integral                              32    'h0             
        write_file_done_ap_return_ap_return        integral                              32    'h0             
        write_section_done_ap_return_ap_return     integral                              32    'h0             
      svr_master_a_imp                             uvm_analysis_imp_svr_master_a         -     @427            
      svr_slave_ap_return_imp                      uvm_analysis_imp_svr_slave_ap_return  -     @437            
    env_master_svr_a                               uvm_env                               -     @382            
    env_slave_svr_ap_return                        uvm_env                               -     @395            
    refm                                           leading_one_reference_model           -     @405            
    leading_one_virtual_sqr                        leading_one_virtual_sequencer         -     @447            
    leading_one_cfg                                leading_one_config                    -     @377            
      port_a_cfg                                   svr_config                            -     @378            
        svr_type                                   svr_inst_type                         32    SVR_MASTER      
        prt_type                                   svr_protocol_type                     32    AP_NONE         
        is_active                                  svr_active_passive_enum               1     SVR_ACTIVE      
        reset_level                                svr_reset_level_enum                  1     RESET_LEVEL_HIGH
        spec_cfg                                   svr_spec_cfg_enum                     32    NORMAL          
        clatency                                   svr_latency                           -     @379            
          transfer_latency                         integral                              32    'h0             
      port_ap_return_cfg                           svr_config                            -     @380            
        svr_type                                   svr_inst_type                         32    SVR_SLAVE       
        prt_type                                   svr_protocol_type                     32    AP_NONE         
        is_active                                  svr_active_passive_enum               1     SVR_ACTIVE      
        reset_level                                svr_reset_level_enum                  1     RESET_LEVEL_HIGH
        spec_cfg                                   svr_spec_cfg_enum                     32    NORMAL          
        clatency                                   svr_latency                           -     @381            
          transfer_latency                         integral                              32    'h0             
      check_ena                                    integral                              32    'h0             
      cover_ena                                    integral                              32    'h0             
---------------------------------------------------------------------------------------------------------------

UVM_INFO /opt/Xilinx/2025.1/Vivado/data/system_verilog/uvm_1.2/xlnx_uvm_package.sv(20867) @ 0: reporter [UVM/COMP/NAMECHECK] This implementation of the component name checks requires DPI to be enabled
////////////////////////////////////////////////////////////////////////////////////
// Inter-Transaction Progress: Completed Transaction / Total Transaction
// Intra-Transaction Progress: Measured Latency / Latency Estimation * 100%
//
// RTL Simulation : "Inter-Transaction Progress" ["Intra-Transaction Progress"] @ "Simulation Time"
////////////////////////////////////////////////////////////////////////////////////
// RTL Simulation : 0 / 512 [n/a] @ "150000"
// RTL Simulation : 1 / 512 [n/a] @ "170000"
// RTL Simulation : 2 / 512 [n/a] @ "190000"
// RTL Simulation : 3 / 512 [n/a] @ "210000"
// RTL Simulation : 4 / 512 [n/a] @ "230000"
// RTL Simulation : 5 / 512 [n/a] @ "250000"
// RTL Simulation : 6 / 512 [n/a] @ "270000"
// RTL Simulation : 7 / 512 [n/a] @ "290000"
// RTL Simulation : 8 / 512 [n/a] @ "310000"
// RTL Simulation : 9 / 512 [n/a] @ "330000"
// RTL Simulation : 10 / 512 [n/a] @ "350000"
// RTL Simulation : 11 / 512 [n/a] @ "370000"
// RTL Simulation : 12 / 512 [n/a] @ "390000"
// RTL Simulation : 13 / 512 [n/a] @ "410000"
// RTL Simulation : 14 / 512 [n/a] @ "430000"
// RTL Simulation : 15 / 512 [n/a] @ "450000"
// RTL Simulation : 16 / 512 [n/a] @ "470000"
// RTL Simulation : 17 / 512 [n/a] @ "490000"
// RTL Simulation : 18 / 512 [n/a] @ "510000"
// RTL Simulation : 19 / 512 [n/a] @ "530000"
// RTL Simulation : 20 / 512 [n/a] @ "550000"
// RTL Simulation : 21 / 512 [n/a] @ "570000"
// RTL Simulation : 22 / 512 [n/a] @ "590000"
// RTL Simulation : 23 / 512 [n/a] @ "610000"
// RTL Simulation : 24 / 512 [n/a] @ "630000"
// RTL Simulation : 25 / 512 [n/a] @ "650000"
// RTL Simulation : 26 / 512 [n/a] @ "670000"
// RTL Simulation : 27 / 512 [n/a] @ "690000"
// RTL Simulation : 28 / 512 [n/a] @ "710000"
// RTL Simulation : 29 / 512 [n/a] @ "730000"
// RTL Simulation : 30 / 512 [n/a] @ "750000"
// RTL Simulation : 31 / 512 [n/a] @ "770000"
// RTL Simulation : 32 / 512 [n/a] @ "790000"
// RTL Simulation : 33 / 512 [n/a] @ "810000"
// RTL Simulation : 34 / 512 [n/a] @ "830000"
// RTL Simulation : 35 / 512 [n/a] @ "850000"
// RTL Simulation : 36 / 512 [n/a] @ "870000"
// RTL Simulation : 37 / 512 [n/a] @ "890000"
// RTL Simulation : 38 / 512 [n/a] @ "910000"
// RTL Simulation : 39 / 512 [n/a] @ "930000"
// RTL Simulation : 40 / 512 [n/a] @ "950000"
// RTL Simulation : 41 / 512 [n/a] @ "970000"
// RTL Simulation : 42 / 512 [n/a] @ "990000"
// RTL Simulation : 43 / 512 [n/a] @ "1010000"
// RTL Simulation : 44 / 512 [n/a] @ "1030000"
// RTL Simulation : 45 / 512 [n/a] @ "1050000"
// RTL Simulation : 46 / 512 [n/a] @ "1070000"
// RTL Simulation : 47 / 512 [n/a] @ "1090000"
// RTL Simulation : 48 / 512 [n/a] @ "1110000"
// RTL Simulation : 49 / 512 [n/a] @ "1130000"
// RTL Simulation : 50 / 512 [n/a] @ "1150000"
// RTL Simulation : 51 / 512 [n/a] @ "1170000"
// RTL Simulation : 52 / 512 [n/a] @ "1190000"
// RTL Simulation : 53 / 512 [n/a] @ "1210000"
// RTL Simulation : 54 / 512 [n/a] @ "1230000"
// RTL Simulation : 55 / 512 [n/a] @ "1250000"
// RTL Simulation : 56 / 512 [n/a] @ "1270000"
// RTL Simulation : 57 / 512 [n/a] @ "1290000"
// RTL Simulation : 58 / 512 [n/a] @ "1310000"
// RTL Simulation : 59 / 512 [n/a] @ "1330000"
// RTL Simulation : 60 / 512 [n/a] @ "1350000"
// RTL Simulation : 61 / 512 [n/a] @ "1370000"
// RTL Simulation : 62 / 512 [n/a] @ "1390000"
// RTL Simulation : 63 / 512 [n/a] @ "1410000"
// RTL Simulation : 64 / 512 [n/a] @ "1430000"
// RTL Simulation : 65 / 512 [n/a] @ "1450000"
// RTL Simulation : 66 / 512 [n/a] @ "1470000"
// RTL Simulation : 67 / 512 [n/a] @ "1490000"
// RTL Simulation : 68 / 512 [n/a] @ "1510000"
// RTL Simulation : 69 / 512 [n/a] @ "1530000"
// RTL Simulation : 70 / 512 [n/a] @ "1550000"
// RTL Simulation : 71 / 512 [n/a] @ "1570000"
// RTL Simulation : 72 / 512 [n/a] @ "1590000"
// RTL Simulation : 73 / 512 [n/a] @ "1610000"
// RTL Simulation : 74 / 512 [n/a] @ "1630000"
// RTL Simulation : 75 / 512 [n/a] @ "1650000"
// RTL Simulation : 76 / 512 [n/a] @ "1670000"
// RTL Simulation : 77 / 512 [n/a] @ "1690000"
// RTL Simulation : 78 / 512 [n/a] @ "1710000"
// RTL Simulation : 79 / 512 [n/a] @ "1730000"
// RTL Simulation : 80 / 512 [n/a] @ "1750000"
// RTL Simulation : 81 / 512 [n/a] @ "1770000"
// RTL Simulation : 82 / 512 [n/a] @ "1790000"
// RTL Simulation : 83 / 512 [n/a] @ "1810000"
// RTL Simulation : 84 / 512 [n/a] @ "1830000"
// RTL Simulation : 85 / 512 [n/a] @ "1850000"
// RTL Simulation : 86 / 512 [n/a] @ "1870000"
// RTL Simulation : 87 / 512 [n/a] @ "1890000"
// RTL Simulation : 88 / 512 [n/a] @ "1910000"
// RTL Simulation : 89 / 512 [n/a] @ "1930000"
// RTL Simulation : 90 / 512 [n/a] @ "1950000"
// RTL Simulation : 91 / 512 [n/a] @ "1970000"
// RTL Simulation : 92 / 512 [n/a] @ "1990000"
// RTL Simulation : 93 / 512 [n/a] @ "2010000"
// RTL Simulation : 94 / 512 [n/a] @ "2030000"
// RTL Simulation : 95 / 512 [n/a] @ "2050000"
// RTL Simulation : 96 / 512 [n/a] @ "2070000"
// RTL Simulation : 97 / 512 [n/a] @ "2090000"
// RTL Simulation : 98 / 512 [n/a] @ "2110000"
// RTL Simulation : 99 / 512 [n/a] @ "2130000"
// RTL Simulation : 100 / 512 [n/a] @ "2150000"
// RTL Simulation : 101 / 512 [n/a] @ "2170000"
// RTL Simulation : 102 / 512 [n/a] @ "2190000"
// RTL Simulation : 103 / 512 [n/a] @ "2210000"
// RTL Simulation : 104 / 512 [n/a] @ "2230000"
// RTL Simulation : 105 / 512 [n/a] @ "2250000"
// RTL Simulation : 106 / 512 [n/a] @ "2270000"
// RTL Simulation : 107 / 512 [n/a] @ "2290000"
// RTL Simulation : 108 / 512 [n/a] @ "2310000"
// RTL Simulation : 109 / 512 [n/a] @ "2330000"
// RTL Simulation : 110 / 512 [n/a] @ "2350000"
// RTL Simulation : 111 / 512 [n/a] @ "2370000"
// RTL Simulation : 112 / 512 [n/a] @ "2390000"
// RTL Simulation : 113 / 512 [n/a] @ "2410000"
// RTL Simulation : 114 / 512 [n/a] @ "2430000"
// RTL Simulation : 115 / 512 [n/a] @ "2450000"
// RTL Simulation : 116 / 512 [n/a] @ "2470000"
// RTL Simulation : 117 / 512 [n/a] @ "2490000"
// RTL Simulation : 118 / 512 [n/a] @ "2510000"
// RTL Simulation : 119 / 512 [n/a] @ "2530000"
// RTL Simulation : 120 / 512 [n/a] @ "2550000"
// RTL Simulation : 121 / 512 [n/a] @ "2570000"
// RTL Simulation : 122 / 512 [n/a] @ "2590000"
// RTL Simulation : 123 / 512 [n/a] @ "2610000"
// RTL Simulation : 124 / 512 [n/a] @ "2630000"
// RTL Simulation : 125 / 512 [n/a] @ "2650000"
// RTL Simulation : 126 / 512 [n/a] @ "2670000"
// RTL Simulation : 127 / 512 [n/a] @ "2690000"
// RTL Simulation : 128 / 512 [n/a] @ "2710000"
// RTL Simulation : 129 / 512 [n/a] @ "2730000"
// RTL Simulation : 130 / 512 [n/a] @ "2750000"
// RTL Simulation : 131 / 512 [n/a] @ "2770000"
// RTL Simulation : 132 / 512 [n/a] @ "2790000"
// RTL Simulation : 133 / 512 [n/a] @ "2810000"
// RTL Simulation : 134 / 512 [n/a] @ "2830000"
// RTL Simulation : 135 / 512 [n/a] @ "2850000"
// RTL Simulation : 136 / 512 [n/a] @ "2870000"
// RTL Simulation : 137 / 512 [n/a] @ "2890000"
// RTL Simulation : 138 / 512 [n/a] @ "2910000"
// RTL Simulation : 139 / 512 [n/a] @ "2930000"
// RTL Simulation : 140 / 512 [n/a] @ "2950000"
// RTL Simulation : 141 / 512 [n/a] @ "2970000"
// RTL Simulation : 142 / 512 [n/a] @ "2990000"
// RTL Simulation : 143 / 512 [n/a] @ "3010000"
// RTL Simulation : 144 / 512 [n/a] @ "3030000"
// RTL Simulation : 145 / 512 [n/a] @ "3050000"
// RTL Simulation : 146 / 512 [n/a] @ "3070000"
// RTL Simulation : 147 / 512 [n/a] @ "3090000"
// RTL Simulation : 148 / 512 [n/a] @ "3110000"
// RTL Simulation : 149 / 512 [n/a] @ "3130000"
// RTL Simulation : 150 / 512 [n/a] @ "3150000"
// RTL Simulation : 151 / 512 [n/a] @ "3170000"
// RTL Simulation : 152 / 512 [n/a] @ "3190000"
// RTL Simulation : 153 / 512 [n/a] @ "3210000"
// RTL Simulation : 154 / 512 [n/a] @ "3230000"
// RTL Simulation : 155 / 512 [n/a] @ "3250000"
// RTL Simulation : 156 / 512 [n/a] @ "3270000"
// RTL Simulation : 157 / 512 [n/a] @ "3290000"
// RTL Simulation : 158 / 512 [n/a] @ "3310000"
// RTL Simulation : 159 / 512 [n/a] @ "3330000"
// RTL Simulation : 160 / 512 [n/a] @ "3350000"
// RTL Simulation : 161 / 512 [n/a] @ "3370000"
// RTL Simulation : 162 / 512 [n/a] @ "3390000"
// RTL Simulation : 163 / 512 [n/a] @ "3410000"
// RTL Simulation : 164 / 512 [n/a] @ "3430000"
// RTL Simulation : 165 / 512 [n/a] @ "3450000"
// RTL Simulation : 166 / 512 [n/a] @ "3470000"
// RTL Simulation : 167 / 512 [n/a] @ "3490000"
// RTL Simulation : 168 / 512 [n/a] @ "3510000"
// RTL Simulation : 169 / 512 [n/a] @ "3530000"
// RTL Simulation : 170 / 512 [n/a] @ "3550000"
// RTL Simulation : 171 / 512 [n/a] @ "3570000"
// RTL Simulation : 172 / 512 [n/a] @ "3590000"
// RTL Simulation : 173 / 512 [n/a] @ "3610000"
// RTL Simulation : 174 / 512 [n/a] @ "3630000"
// RTL Simulation : 175 / 512 [n/a] @ "3650000"
// RTL Simulation : 176 / 512 [n/a] @ "3670000"
// RTL Simulation : 177 / 512 [n/a] @ "3690000"
// RTL Simulation : 178 / 512 [n/a] @ "3710000"
// RTL Simulation : 179 / 512 [n/a] @ "3730000"
// RTL Simulation : 180 / 512 [n/a] @ "3750000"
// RTL Simulation : 181 / 512 [n/a] @ "3770000"
// RTL Simulation : 182 / 512 [n/a] @ "3790000"
// RTL Simulation : 183 / 512 [n/a] @ "3810000"
// RTL Simulation : 184 / 512 [n/a] @ "3830000"
// RTL Simulation : 185 / 512 [n/a] @ "3850000"
// RTL Simulation : 186 / 512 [n/a] @ "3870000"
// RTL Simulation : 187 / 512 [n/a] @ "3890000"
// RTL Simulation : 188 / 512 [n/a] @ "3910000"
// RTL Simulation : 189 / 512 [n/a] @ "3930000"
// RTL Simulation : 190 / 512 [n/a] @ "3950000"
// RTL Simulation : 191 / 512 [n/a] @ "3970000"
// RTL Simulation : 192 / 512 [n/a] @ "3990000"
// RTL Simulation : 193 / 512 [n/a] @ "4010000"
// RTL Simulation : 194 / 512 [n/a] @ "4030000"
// RTL Simulation : 195 / 512 [n/a] @ "4050000"
// RTL Simulation : 196 / 512 [n/a] @ "4070000"
// RTL Simulation : 197 / 512 [n/a] @ "4090000"
// RTL Simulation : 198 / 512 [n/a] @ "4110000"
// RTL Simulation : 199 / 512 [n/a] @ "4130000"
// RTL Simulation : 200 / 512 [n/a] @ "4150000"
// RTL Simulation : 201 / 512 [n/a] @ "4170000"
// RTL Simulation : 202 / 512 [n/a] @ "4190000"
// RTL Simulation : 203 / 512 [n/a] @ "4210000"
// RTL Simulation : 204 / 512 [n/a] @ "4230000"
// RTL Simulation : 205 / 512 [n/a] @ "4250000"
// RTL Simulation : 206 / 512 [n/a] @ "4270000"
// RTL Simulation : 207 / 512 [n/a] @ "4290000"
// RTL Simulation : 208 / 512 [n/a] @ "4310000"
// RTL Simulation : 209 / 512 [n/a] @ "4330000"
// RTL Simulation : 210 / 512 [n/a] @ "4350000"
// RTL Simulation : 211 / 512 [n/a] @ "4370000"
// RTL Simulation : 212 / 512 [n/a] @ "4390000"
// RTL Simulation : 213 / 512 [n/a] @ "4410000"
// RTL Simulation : 214 / 512 [n/a] @ "4430000"
// RTL Simulation : 215 / 512 [n/a] @ "4450000"
// RTL Simulation : 216 / 512 [n/a] @ "4470000"
// RTL Simulation : 217 / 512 [n/a] @ "4490000"
// RTL Simulation : 218 / 512 [n/a] @ "4510000"
// RTL Simulation : 219 / 512 [n/a] @ "4530000"
// RTL Simulation : 220 / 512 [n/a] @ "4550000"
// RTL Simulation : 221 / 512 [n/a] @ "4570000"
// RTL Simulation : 222 / 512 [n/a] @ "4590000"
// RTL Simulation : 223 / 512 [n/a] @ "4610000"
// RTL Simulation : 224 / 512 [n/a] @ "4630000"
// RTL Simulation : 225 / 512 [n/a] @ "4650000"
// RTL Simulation : 226 / 512 [n/a] @ "4670000"
// RTL Simulation : 227 / 512 [n/a] @ "4690000"
// RTL Simulation : 228 / 512 [n/a] @ "4710000"
// RTL Simulation : 229 / 512 [n/a] @ "4730000"
// RTL Simulation : 230 / 512 [n/a] @ "4750000"
// RTL Simulation : 231 / 512 [n/a] @ "4770000"
// RTL Simulation : 232 / 512 [n/a] @ "4790000"
// RTL Simulation : 233 / 512 [n/a] @ "4810000"
// RTL Simulation : 234 / 512 [n/a] @ "4830000"
// RTL Simulation : 235 / 512 [n/a] @ "4850000"
// RTL Simulation : 236 / 512 [n/a] @ "4870000"
// RTL Simulation : 237 / 512 [n/a] @ "4890000"
// RTL Simulation : 238 / 512 [n/a] @ "4910000"
// RTL Simulation : 239 / 512 [n/a] @ "4930000"
// RTL Simulation : 240 / 512 [n/a] @ "4950000"
// RTL Simulation : 241 / 512 [n/a] @ "4970000"
// RTL Simulation : 242 / 512 [n/a] @ "4990000"
// RTL Simulation : 243 / 512 [n/a] @ "5010000"
// RTL Simulation : 244 / 512 [n/a] @ "5030000"
// RTL Simulation : 245 / 512 [n/a] @ "5050000"
// RTL Simulation : 246 / 512 [n/a] @ "5070000"
// RTL Simulation : 247 / 512 [n/a] @ "5090000"
// RTL Simulation : 248 / 512 [n/a] @ "5110000"
// RTL Simulation : 249 / 512 [n/a] @ "5130000"
// RTL Simulation : 250 / 512 [n/a] @ "5150000"
// RTL Simulation : 251 / 512 [n/a] @ "5170000"
// RTL Simulation : 252 / 512 [n/a] @ "5190000"
// RTL Simulation : 253 / 512 [n/a] @ "5210000"
// RTL Simulation : 254 / 512 [n/a] @ "5230000"
// RTL Simulation : 255 / 512 [n/a] @ "5250000"
// RTL Simulation : 256 / 512 [n/a] @ "5270000"
// RTL Simulation : 257 / 512 [n/a] @ "5290000"
// RTL Simulation : 258 / 512 [n/a] @ "5310000"
// RTL Simulation : 259 / 512 [n/a] @ "5330000"
// RTL Simulation : 260 / 512 [n/a] @ "5350000"
// RTL Simulation : 261 / 512 [n/a] @ "5370000"
// RTL Simulation : 262 / 512 [n/a] @ "5390000"
// RTL Simulation : 263 / 512 [n/a] @ "5410000"
// RTL Simulation : 264 / 512 [n/a] @ "5430000"
// RTL Simulation : 265 / 512 [n/a] @ "5450000"
// RTL Simulation : 266 / 512 [n/a] @ "5470000"
// RTL Simulation : 267 / 512 [n/a] @ "5490000"
// RTL Simulation : 268 / 512 [n/a] @ "5510000"
// RTL Simulation : 269 / 512 [n/a] @ "5530000"
// RTL Simulation : 270 / 512 [n/a] @ "5550000"
// RTL Simulation : 271 / 512 [n/a] @ "5570000"
// RTL Simulation : 272 / 512 [n/a] @ "5590000"
// RTL Simulation : 273 / 512 [n/a] @ "5610000"
// RTL Simulation : 274 / 512 [n/a] @ "5630000"
// RTL Simulation : 275 / 512 [n/a] @ "5650000"
// RTL Simulation : 276 / 512 [n/a] @ "5670000"
// RTL Simulation : 277 / 512 [n/a] @ "5690000"
// RTL Simulation : 278 / 512 [n/a] @ "5710000"
// RTL Simulation : 279 / 512 [n/a] @ "5730000"
// RTL Simulation : 280 / 512 [n/a] @ "5750000"
// RTL Simulation : 281 / 512 [n/a] @ "5770000"
// RTL Simulation : 282 / 512 [n/a] @ "5790000"
// RTL Simulation : 283 / 512 [n/a] @ "5810000"
// RTL Simulation : 284 / 512 [n/a] @ "5830000"
// RTL Simulation : 285 / 512 [n/a] @ "5850000"
// RTL Simulation : 286 / 512 [n/a] @ "5870000"
// RTL Simulation : 287 / 512 [n/a] @ "5890000"
// RTL Simulation : 288 / 512 [n/a] @ "5910000"
// RTL Simulation : 289 / 512 [n/a] @ "5930000"
// RTL Simulation : 290 / 512 [n/a] @ "5950000"
// RTL Simulation : 291 / 512 [n/a] @ "5970000"
// RTL Simulation : 292 / 512 [n/a] @ "5990000"
// RTL Simulation : 293 / 512 [n/a] @ "6010000"
// RTL Simulation : 294 / 512 [n/a] @ "6030000"
// RTL Simulation : 295 / 512 [n/a] @ "6050000"
// RTL Simulation : 296 / 512 [n/a] @ "6070000"
// RTL Simulation : 297 / 512 [n/a] @ "6090000"
// RTL Simulation : 298 / 512 [n/a] @ "6110000"
// RTL Simulation : 299 / 512 [n/a] @ "6130000"
// RTL Simulation : 300 / 512 [n/a] @ "6150000"
// RTL Simulation : 301 / 512 [n/a] @ "6170000"
// RTL Simulation : 302 / 512 [n/a] @ "6190000"
// RTL Simulation : 303 / 512 [n/a] @ "6210000"
// RTL Simulation : 304 / 512 [n/a] @ "6230000"
// RTL Simulation : 305 / 512 [n/a] @ "6250000"
// RTL Simulation : 306 / 512 [n/a] @ "6270000"
// RTL Simulation : 307 / 512 [n/a] @ "6290000"
// RTL Simulation : 308 / 512 [n/a] @ "6310000"
// RTL Simulation : 309 / 512 [n/a] @ "6330000"
// RTL Simulation : 310 / 512 [n/a] @ "6350000"
// RTL Simulation : 311 / 512 [n/a] @ "6370000"
// RTL Simulation : 312 / 512 [n/a] @ "6390000"
// RTL Simulation : 313 / 512 [n/a] @ "6410000"
// RTL Simulation : 314 / 512 [n/a] @ "6430000"
// RTL Simulation : 315 / 512 [n/a] @ "6450000"
// RTL Simulation : 316 / 512 [n/a] @ "6470000"
// RTL Simulation : 317 / 512 [n/a] @ "6490000"
// RTL Simulation : 318 / 512 [n/a] @ "6510000"
// RTL Simulation : 319 / 512 [n/a] @ "6530000"
// RTL Simulation : 320 / 512 [n/a] @ "6550000"
// RTL Simulation : 321 / 512 [n/a] @ "6570000"
// RTL Simulation : 322 / 512 [n/a] @ "6590000"
// RTL Simulation : 323 / 512 [n/a] @ "6610000"
// RTL Simulation : 324 / 512 [n/a] @ "6630000"
// RTL Simulation : 325 / 512 [n/a] @ "6650000"
// RTL Simulation : 326 / 512 [n/a] @ "6670000"
// RTL Simulation : 327 / 512 [n/a] @ "6690000"
// RTL Simulation : 328 / 512 [n/a] @ "6710000"
// RTL Simulation : 329 / 512 [n/a] @ "6730000"
// RTL Simulation : 330 / 512 [n/a] @ "6750000"
// RTL Simulation : 331 / 512 [n/a] @ "6770000"
// RTL Simulation : 332 / 512 [n/a] @ "6790000"
// RTL Simulation : 333 / 512 [n/a] @ "6810000"
// RTL Simulation : 334 / 512 [n/a] @ "6830000"
// RTL Simulation : 335 / 512 [n/a] @ "6850000"
// RTL Simulation : 336 / 512 [n/a] @ "6870000"
// RTL Simulation : 337 / 512 [n/a] @ "6890000"
// RTL Simulation : 338 / 512 [n/a] @ "6910000"
// RTL Simulation : 339 / 512 [n/a] @ "6930000"
// RTL Simulation : 340 / 512 [n/a] @ "6950000"
// RTL Simulation : 341 / 512 [n/a] @ "6970000"
// RTL Simulation : 342 / 512 [n/a] @ "6990000"
// RTL Simulation : 343 / 512 [n/a] @ "7010000"
// RTL Simulation : 344 / 512 [n/a] @ "7030000"
// RTL Simulation : 345 / 512 [n/a] @ "7050000"
// RTL Simulation : 346 / 512 [n/a] @ "7070000"
// RTL Simulation : 347 / 512 [n/a] @ "7090000"
// RTL Simulation : 348 / 512 [n/a] @ "7110000"
// RTL Simulation : 349 / 512 [n/a] @ "7130000"
// RTL Simulation : 350 / 512 [n/a] @ "7150000"
// RTL Simulation : 351 / 512 [n/a] @ "7170000"
// RTL Simulation : 352 / 512 [n/a] @ "7190000"
// RTL Simulation : 353 / 512 [n/a] @ "7210000"
// RTL Simulation : 354 / 512 [n/a] @ "7230000"
// RTL Simulation : 355 / 512 [n/a] @ "7250000"
// RTL Simulation : 356 / 512 [n/a] @ "7270000"
// RTL Simulation : 357 / 512 [n/a] @ "7290000"
// RTL Simulation : 358 / 512 [n/a] @ "7310000"
// RTL Simulation : 359 / 512 [n/a] @ "7330000"
// RTL Simulation : 360 / 512 [n/a] @ "7350000"
// RTL Simulation : 361 / 512 [n/a] @ "7370000"
// RTL Simulation : 362 / 512 [n/a] @ "7390000"
// RTL Simulation : 363 / 512 [n/a] @ "7410000"
// RTL Simulation : 364 / 512 [n/a] @ "7430000"
// RTL Simulation : 365 / 512 [n/a] @ "7450000"
// RTL Simulation : 366 / 512 [n/a] @ "7470000"
// RTL Simulation : 367 / 512 [n/a] @ "7490000"
// RTL Simulation : 368 / 512 [n/a] @ "7510000"
// RTL Simulation : 369 / 512 [n/a] @ "7530000"
// RTL Simulation : 370 / 512 [n/a] @ "7550000"
// RTL Simulation : 371 / 512 [n/a] @ "7570000"
// RTL Simulation : 372 / 512 [n/a] @ "7590000"
// RTL Simulation : 373 / 512 [n/a] @ "7610000"
// RTL Simulation : 374 / 512 [n/a] @ "7630000"
// RTL Simulation : 375 / 512 [n/a] @ "7650000"
// RTL Simulation : 376 / 512 [n/a] @ "7670000"
// RTL Simulation : 377 / 512 [n/a] @ "7690000"
// RTL Simulation : 378 / 512 [n/a] @ "7710000"
// RTL Simulation : 379 / 512 [n/a] @ "7730000"
// RTL Simulation : 380 / 512 [n/a] @ "7750000"
// RTL Simulation : 381 / 512 [n/a] @ "7770000"
// RTL Simulation : 382 / 512 [n/a] @ "7790000"
// RTL Simulation : 383 / 512 [n/a] @ "7810000"
// RTL Simulation : 384 / 512 [n/a] @ "7830000"
// RTL Simulation : 385 / 512 [n/a] @ "7850000"
// RTL Simulation : 386 / 512 [n/a] @ "7870000"
// RTL Simulation : 387 / 512 [n/a] @ "7890000"
// RTL Simulation : 388 / 512 [n/a] @ "7910000"
// RTL Simulation : 389 / 512 [n/a] @ "7930000"
// RTL Simulation : 390 / 512 [n/a] @ "7950000"
// RTL Simulation : 391 / 512 [n/a] @ "7970000"
// RTL Simulation : 392 / 512 [n/a] @ "7990000"
// RTL Simulation : 393 / 512 [n/a] @ "8010000"
// RTL Simulation : 394 / 512 [n/a] @ "8030000"
// RTL Simulation : 395 / 512 [n/a] @ "8050000"
// RTL Simulation : 396 / 512 [n/a] @ "8070000"
// RTL Simulation : 397 / 512 [n/a] @ "8090000"
// RTL Simulation : 398 / 512 [n/a] @ "8110000"
// RTL Simulation : 399 / 512 [n/a] @ "8130000"
// RTL Simulation : 400 / 512 [n/a] @ "8150000"
// RTL Simulation : 401 / 512 [n/a] @ "8170000"
// RTL Simulation : 402 / 512 [n/a] @ "8190000"
// RTL Simulation : 403 / 512 [n/a] @ "8210000"
// RTL Simulation : 404 / 512 [n/a] @ "8230000"
// RTL Simulation : 405 / 512 [n/a] @ "8250000"
// RTL Simulation : 406 / 512 [n/a] @ "8270000"
// RTL Simulation : 407 / 512 [n/a] @ "8290000"
// RTL Simulation : 408 / 512 [n/a] @ "8310000"
// RTL Simulation : 409 / 512 [n/a] @ "8330000"
// RTL Simulation : 410 / 512 [n/a] @ "8350000"
// RTL Simulation : 411 / 512 [n/a] @ "8370000"
// RTL Simulation : 412 / 512 [n/a] @ "8390000"
// RTL Simulation : 413 / 512 [n/a] @ "8410000"
// RTL Simulation : 414 / 512 [n/a] @ "8430000"
// RTL Simulation : 415 / 512 [n/a] @ "8450000"
// RTL Simulation : 416 / 512 [n/a] @ "8470000"
// RTL Simulation : 417 / 512 [n/a] @ "8490000"
// RTL Simulation : 418 / 512 [n/a] @ "8510000"
// RTL Simulation : 419 / 512 [n/a] @ "8530000"
// RTL Simulation : 420 / 512 [n/a] @ "8550000"
// RTL Simulation : 421 / 512 [n/a] @ "8570000"
// RTL Simulation : 422 / 512 [n/a] @ "8590000"
// RTL Simulation : 423 / 512 [n/a] @ "8610000"
// RTL Simulation : 424 / 512 [n/a] @ "8630000"
// RTL Simulation : 425 / 512 [n/a] @ "8650000"
// RTL Simulation : 426 / 512 [n/a] @ "8670000"
// RTL Simulation : 427 / 512 [n/a] @ "8690000"
// RTL Simulation : 428 / 512 [n/a] @ "8710000"
// RTL Simulation : 429 / 512 [n/a] @ "8730000"
// RTL Simulation : 430 / 512 [n/a] @ "8750000"
// RTL Simulation : 431 / 512 [n/a] @ "8770000"
// RTL Simulation : 432 / 512 [n/a] @ "8790000"
// RTL Simulation : 433 / 512 [n/a] @ "8810000"
// RTL Simulation : 434 / 512 [n/a] @ "8830000"
// RTL Simulation : 435 / 512 [n/a] @ "8850000"
// RTL Simulation : 436 / 512 [n/a] @ "8870000"
// RTL Simulation : 437 / 512 [n/a] @ "8890000"
// RTL Simulation : 438 / 512 [n/a] @ "8910000"
// RTL Simulation : 439 / 512 [n/a] @ "8930000"
// RTL Simulation : 440 / 512 [n/a] @ "8950000"
// RTL Simulation : 441 / 512 [n/a] @ "8970000"
// RTL Simulation : 442 / 512 [n/a] @ "8990000"
// RTL Simulation : 443 / 512 [n/a] @ "9010000"
// RTL Simulation : 444 / 512 [n/a] @ "9030000"
// RTL Simulation : 445 / 512 [n/a] @ "9050000"
// RTL Simulation : 446 / 512 [n/a] @ "9070000"
// RTL Simulation : 447 / 512 [n/a] @ "9090000"
// RTL Simulation : 448 / 512 [n/a] @ "9110000"
// RTL Simulation : 449 / 512 [n/a] @ "9130000"
// RTL Simulation : 450 / 512 [n/a] @ "9150000"
// RTL Simulation : 451 / 512 [n/a] @ "9170000"
// RTL Simulation : 452 / 512 [n/a] @ "9190000"
// RTL Simulation : 453 / 512 [n/a] @ "9210000"
// RTL Simulation : 454 / 512 [n/a] @ "9230000"
// RTL Simulation : 455 / 512 [n/a] @ "9250000"
// RTL Simulation : 456 / 512 [n/a] @ "9270000"
// RTL Simulation : 457 / 512 [n/a] @ "9290000"
// RTL Simulation : 458 / 512 [n/a] @ "9310000"
// RTL Simulation : 459 / 512 [n/a] @ "9330000"
// RTL Simulation : 460 / 512 [n/a] @ "9350000"
// RTL Simulation : 461 / 512 [n/a] @ "9370000"
// RTL Simulation : 462 / 512 [n/a] @ "9390000"
// RTL Simulation : 463 / 512 [n/a] @ "9410000"
// RTL Simulation : 464 / 512 [n/a] @ "9430000"
// RTL Simulation : 465 / 512 [n/a] @ "9450000"
// RTL Simulation : 466 / 512 [n/a] @ "9470000"
// RTL Simulation : 467 / 512 [n/a] @ "9490000"
// RTL Simulation : 468 / 512 [n/a] @ "9510000"
// RTL Simulation : 469 / 512 [n/a] @ "9530000"
// RTL Simulation : 470 / 512 [n/a] @ "9550000"
// RTL Simulation : 471 / 512 [n/a] @ "9570000"
// RTL Simulation : 472 / 512 [n/a] @ "9590000"
// RTL Simulation : 473 / 512 [n/a] @ "9610000"
// RTL Simulation : 474 / 512 [n/a] @ "9630000"
// RTL Simulation : 475 / 512 [n/a] @ "9650000"
// RTL Simulation : 476 / 512 [n/a] @ "9670000"
// RTL Simulation : 477 / 512 [n/a] @ "9690000"
// RTL Simulation : 478 / 512 [n/a] @ "9710000"
// RTL Simulation : 479 / 512 [n/a] @ "9730000"
// RTL Simulation : 480 / 512 [n/a] @ "9750000"
// RTL Simulation : 481 / 512 [n/a] @ "9770000"
// RTL Simulation : 482 / 512 [n/a] @ "9790000"
// RTL Simulation : 483 / 512 [n/a] @ "9810000"
// RTL Simulation : 484 / 512 [n/a] @ "9830000"
// RTL Simulation : 485 / 512 [n/a] @ "9850000"
// RTL Simulation : 486 / 512 [n/a] @ "9870000"
// RTL Simulation : 487 / 512 [n/a] @ "9890000"
// RTL Simulation : 488 / 512 [n/a] @ "9910000"
// RTL Simulation : 489 / 512 [n/a] @ "9930000"
// RTL Simulation : 490 / 512 [n/a] @ "9950000"
// RTL Simulation : 491 / 512 [n/a] @ "9970000"
// RTL Simulation : 492 / 512 [n/a] @ "9990000"
// RTL Simulation : 493 / 512 [n/a] @ "10010000"
// RTL Simulation : 494 / 512 [n/a] @ "10030000"
// RTL Simulation : 495 / 512 [n/a] @ "10050000"
// RTL Simulation : 496 / 512 [n/a] @ "10070000"
// RTL Simulation : 497 / 512 [n/a] @ "10090000"
// RTL Simulation : 498 / 512 [n/a] @ "10110000"
// RTL Simulation : 499 / 512 [n/a] @ "10130000"
// RTL Simulation : 500 / 512 [n/a] @ "10150000"
// RTL Simulation : 501 / 512 [n/a] @ "10170000"
// RTL Simulation : 502 / 512 [n/a] @ "10190000"
// RTL Simulation : 503 / 512 [n/a] @ "10210000"
// RTL Simulation : 504 / 512 [n/a] @ "10230000"
// RTL Simulation : 505 / 512 [n/a] @ "10250000"
// RTL Simulation : 506 / 512 [n/a] @ "10270000"
// RTL Simulation : 507 / 512 [n/a] @ "10290000"
// RTL Simulation : 508 / 512 [n/a] @ "10310000"
// RTL Simulation : 509 / 512 [n/a] @ "10330000"
// RTL Simulation : 510 / 512 [n/a] @ "10350000"
// RTL Simulation : 511 / 512 [n/a] @ "10370000"
// RTL Simulation : 512 / 512 [n/a] @ "10390000"
////////////////////////////////////////////////////////////////////////////////////
$finish called at time : 10530 ns : File "/opt/Xilinx/2025.1/Vivado/data/system_verilog/uvm_1.2/xlnx_uvm_package.sv" Line 18699
## quit
INFO: [Common 17-206] Exiting xsim at Sun Nov 16 16:02:31 2025...
number = 0b0 leading one at -1
number = 0b01 leading one at 0
number = 0b010 leading one at 1
number = 0b011 leading one at 1
number = 0b0100 leading one at 2
number = 0b0101 leading one at 2
number = 0b0110 leading one at 2
number = 0b0111 leading one at 2
number = 0b01000 leading one at 3
number = 0b01001 leading one at 3
number = 0b01010 leading one at 3
number = 0b01011 leading one at 3
number = 0b01100 leading one at 3
number = 0b01101 leading one at 3
number = 0b01110 leading one at 3
number = 0b01111 leading one at 3
number = 0b010000 leading one at 4
number = 0b010001 leading one at 4
number = 0b010010 leading one at 4
number = 0b010011 leading one at 4
number = 0b010100 leading one at 4
number = 0b010101 leading one at 4
number = 0b010110 leading one at 4
number = 0b010111 leading one at 4
number = 0b011000 leading one at 4
number = 0b011001 leading one at 4
number = 0b011010 leading one at 4
number = 0b011011 leading one at 4
number = 0b011100 leading one at 4
number = 0b011101 leading one at 4
number = 0b011110 leading one at 4
number = 0b011111 leading one at 4
number = 0b0100000 leading one at 5
number = 0b0100001 leading one at 5
number = 0b0100010 leading one at 5
number = 0b0100011 leading one at 5
number = 0b0100100 leading one at 5
number = 0b0100101 leading one at 5
number = 0b0100110 leading one at 5
number = 0b0100111 leading one at 5
number = 0b0101000 leading one at 5
number = 0b0101001 leading one at 5
number = 0b0101010 leading one at 5
number = 0b0101011 leading one at 5
number = 0b0101100 leading one at 5
number = 0b0101101 leading one at 5
number = 0b0101110 leading one at 5
number = 0b0101111 leading one at 5
number = 0b0110000 leading one at 5
number = 0b0110001 leading one at 5
number = 0b0110010 leading one at 5
number = 0b0110011 leading one at 5
number = 0b0110100 leading one at 5
number = 0b0110101 leading one at 5
number = 0b0110110 leading one at 5
number = 0b0110111 leading one at 5
number = 0b0111000 leading one at 5
number = 0b0111001 leading one at 5
number = 0b0111010 leading one at 5
number = 0b0111011 leading one at 5
number = 0b0111100 leading one at 5
number = 0b0111101 leading one at 5
number = 0b0111110 leading one at 5
number = 0b0111111 leading one at 5
number = 0b01000000 leading one at 6
number = 0b01000001 leading one at 6
number = 0b01000010 leading one at 6
number = 0b01000011 leading one at 6
number = 0b01000100 leading one at 6
number = 0b01000101 leading one at 6
number = 0b01000110 leading one at 6
number = 0b01000111 leading one at 6
number = 0b01001000 leading one at 6
number = 0b01001001 leading one at 6
number = 0b01001010 leading one at 6
number = 0b01001011 leading one at 6
number = 0b01001100 leading one at 6
number = 0b01001101 leading one at 6
number = 0b01001110 leading one at 6
number = 0b01001111 leading one at 6
number = 0b01010000 leading one at 6
number = 0b01010001 leading one at 6
number = 0b01010010 leading one at 6
number = 0b01010011 leading one at 6
number = 0b01010100 leading one at 6
number = 0b01010101 leading one at 6
number = 0b01010110 leading one at 6
number = 0b01010111 leading one at 6
number = 0b01011000 leading one at 6
number = 0b01011001 leading one at 6
number = 0b01011010 leading one at 6
number = 0b01011011 leading one at 6
number = 0b01011100 leading one at 6
number = 0b01011101 leading one at 6
number = 0b01011110 leading one at 6
number = 0b01011111 leading one at 6
number = 0b01100000 leading one at 6
number = 0b01100001 leading one at 6
number = 0b01100010 leading one at 6
number = 0b01100011 leading one at 6
number = 0b01100100 leading one at 6
number = 0b01100101 leading one at 6
number = 0b01100110 leading one at 6
number = 0b01100111 leading one at 6
number = 0b01101000 leading one at 6
number = 0b01101001 leading one at 6
number = 0b01101010 leading one at 6
number = 0b01101011 leading one at 6
number = 0b01101100 leading one at 6
number = 0b01101101 leading one at 6
number = 0b01101110 leading one at 6
number = 0b01101111 leading one at 6
number = 0b01110000 leading one at 6
number = 0b01110001 leading one at 6
number = 0b01110010 leading one at 6
number = 0b01110011 leading one at 6
number = 0b01110100 leading one at 6
number = 0b01110101 leading one at 6
number = 0b01110110 leading one at 6
number = 0b01110111 leading one at 6
number = 0b01111000 leading one at 6
number = 0b01111001 leading one at 6
number = 0b01111010 leading one at 6
number = 0b01111011 leading one at 6
number = 0b01111100 leading one at 6
number = 0b01111101 leading one at 6
number = 0b01111110 leading one at 6
number = 0b01111111 leading one at 6
number = 0b010000000 leading one at 7
number = 0b010000001 leading one at 7
number = 0b010000010 leading one at 7
number = 0b010000011 leading one at 7
number = 0b010000100 leading one at 7
number = 0b010000101 leading one at 7
number = 0b010000110 leading one at 7
number = 0b010000111 leading one at 7
number = 0b010001000 leading one at 7
number = 0b010001001 leading one at 7
number = 0b010001010 leading one at 7
number = 0b010001011 leading one at 7
number = 0b010001100 leading one at 7
number = 0b010001101 leading one at 7
number = 0b010001110 leading one at 7
number = 0b010001111 leading one at 7
number = 0b010010000 leading one at 7
number = 0b010010001 leading one at 7
number = 0b010010010 leading one at 7
number = 0b010010011 leading one at 7
number = 0b010010100 leading one at 7
number = 0b010010101 leading one at 7
number = 0b010010110 leading one at 7
number = 0b010010111 leading one at 7
number = 0b010011000 leading one at 7
number = 0b010011001 leading one at 7
number = 0b010011010 leading one at 7
number = 0b010011011 leading one at 7
number = 0b010011100 leading one at 7
number = 0b010011101 leading one at 7
number = 0b010011110 leading one at 7
number = 0b010011111 leading one at 7
number = 0b010100000 leading one at 7
number = 0b010100001 leading one at 7
number = 0b010100010 leading one at 7
number = 0b010100011 leading one at 7
number = 0b010100100 leading one at 7
number = 0b010100101 leading one at 7
number = 0b010100110 leading one at 7
number = 0b010100111 leading one at 7
number = 0b010101000 leading one at 7
number = 0b010101001 leading one at 7
number = 0b010101010 leading one at 7
number = 0b010101011 leading one at 7
number = 0b010101100 leading one at 7
number = 0b010101101 leading one at 7
number = 0b010101110 leading one at 7
number = 0b010101111 leading one at 7
number = 0b010110000 leading one at 7
number = 0b010110001 leading one at 7
number = 0b010110010 leading one at 7
number = 0b010110011 leading one at 7
number = 0b010110100 leading one at 7
number = 0b010110101 leading one at 7
number = 0b010110110 leading one at 7
number = 0b010110111 leading one at 7
number = 0b010111000 leading one at 7
number = 0b010111001 leading one at 7
number = 0b010111010 leading one at 7
number = 0b010111011 leading one at 7
number = 0b010111100 leading one at 7
number = 0b010111101 leading one at 7
number = 0b010111110 leading one at 7
number = 0b010111111 leading one at 7
number = 0b011000000 leading one at 7
number = 0b011000001 leading one at 7
number = 0b011000010 leading one at 7
number = 0b011000011 leading one at 7
number = 0b011000100 leading one at 7
number = 0b011000101 leading one at 7
number = 0b011000110 leading one at 7
number = 0b011000111 leading one at 7
number = 0b011001000 leading one at 7
number = 0b011001001 leading one at 7
number = 0b011001010 leading one at 7
number = 0b011001011 leading one at 7
number = 0b011001100 leading one at 7
number = 0b011001101 leading one at 7
number = 0b011001110 leading one at 7
number = 0b011001111 leading one at 7
number = 0b011010000 leading one at 7
number = 0b011010001 leading one at 7
number = 0b011010010 leading one at 7
number = 0b011010011 leading one at 7
number = 0b011010100 leading one at 7
number = 0b011010101 leading one at 7
number = 0b011010110 leading one at 7
number = 0b011010111 leading one at 7
number = 0b011011000 leading one at 7
number = 0b011011001 leading one at 7
number = 0b011011010 leading one at 7
number = 0b011011011 leading one at 7
number = 0b011011100 leading one at 7
number = 0b011011101 leading one at 7
number = 0b011011110 leading one at 7
number = 0b011011111 leading one at 7
number = 0b011100000 leading one at 7
number = 0b011100001 leading one at 7
number = 0b011100010 leading one at 7
number = 0b011100011 leading one at 7
number = 0b011100100 leading one at 7
number = 0b011100101 leading one at 7
number = 0b011100110 leading one at 7
number = 0b011100111 leading one at 7
number = 0b011101000 leading one at 7
number = 0b011101001 leading one at 7
number = 0b011101010 leading one at 7
number = 0b011101011 leading one at 7
number = 0b011101100 leading one at 7
number = 0b011101101 leading one at 7
number = 0b011101110 leading one at 7
number = 0b011101111 leading one at 7
number = 0b011110000 leading one at 7
number = 0b011110001 leading one at 7
number = 0b011110010 leading one at 7
number = 0b011110011 leading one at 7
number = 0b011110100 leading one at 7
number = 0b011110101 leading one at 7
number = 0b011110110 leading one at 7
number = 0b011110111 leading one at 7
number = 0b011111000 leading one at 7
number = 0b011111001 leading one at 7
number = 0b011111010 leading one at 7
number = 0b011111011 leading one at 7
number = 0b011111100 leading one at 7
number = 0b011111101 leading one at 7
number = 0b011111110 leading one at 7
number = 0b011111111 leading one at 7
number = 0b100000000 leading one at 8
number = 0b100000001 leading one at 8
number = 0b100000010 leading one at 8
number = 0b100000011 leading one at 8
number = 0b100000100 leading one at 8
number = 0b100000101 leading one at 8
number = 0b100000110 leading one at 8
number = 0b100000111 leading one at 8
number = 0b100001000 leading one at 8
number = 0b100001001 leading one at 8
number = 0b100001010 leading one at 8
number = 0b100001011 leading one at 8
number = 0b100001100 leading one at 8
number = 0b100001101 leading one at 8
number = 0b100001110 leading one at 8
number = 0b100001111 leading one at 8
number = 0b100010000 leading one at 8
number = 0b100010001 leading one at 8
number = 0b100010010 leading one at 8
number = 0b100010011 leading one at 8
number = 0b100010100 leading one at 8
number = 0b100010101 leading one at 8
number = 0b100010110 leading one at 8
number = 0b100010111 leading one at 8
number = 0b100011000 leading one at 8
number = 0b100011001 leading one at 8
number = 0b100011010 leading one at 8
number = 0b100011011 leading one at 8
number = 0b100011100 leading one at 8
number = 0b100011101 leading one at 8
number = 0b100011110 leading one at 8
number = 0b100011111 leading one at 8
number = 0b100100000 leading one at 8
number = 0b100100001 leading one at 8
number = 0b100100010 leading one at 8
number = 0b100100011 leading one at 8
number = 0b100100100 leading one at 8
number = 0b100100101 leading one at 8
number = 0b100100110 leading one at 8
number = 0b100100111 leading one at 8
number = 0b100101000 leading one at 8
number = 0b100101001 leading one at 8
number = 0b100101010 leading one at 8
number = 0b100101011 leading one at 8
number = 0b100101100 leading one at 8
number = 0b100101101 leading one at 8
number = 0b100101110 leading one at 8
number = 0b100101111 leading one at 8
number = 0b100110000 leading one at 8
number = 0b100110001 leading one at 8
number = 0b100110010 leading one at 8
number = 0b100110011 leading one at 8
number = 0b100110100 leading one at 8
number = 0b100110101 leading one at 8
number = 0b100110110 leading one at 8
number = 0b100110111 leading one at 8
number = 0b100111000 leading one at 8
number = 0b100111001 leading one at 8
number = 0b100111010 leading one at 8
number = 0b100111011 leading one at 8
number = 0b100111100 leading one at 8
number = 0b100111101 leading one at 8
number = 0b100111110 leading one at 8
number = 0b100111111 leading one at 8
number = 0b101000000 leading one at 8
number = 0b101000001 leading one at 8
number = 0b101000010 leading one at 8
number = 0b101000011 leading one at 8
number = 0b101000100 leading one at 8
number = 0b101000101 leading one at 8
number = 0b101000110 leading one at 8
number = 0b101000111 leading one at 8
number = 0b101001000 leading one at 8
number = 0b101001001 leading one at 8
number = 0b101001010 leading one at 8
number = 0b101001011 leading one at 8
number = 0b101001100 leading one at 8
number = 0b101001101 leading one at 8
number = 0b101001110 leading one at 8
number = 0b101001111 leading one at 8
number = 0b101010000 leading one at 8
number = 0b101010001 leading one at 8
number = 0b101010010 leading one at 8
number = 0b101010011 leading one at 8
number = 0b101010100 leading one at 8
number = 0b101010101 leading one at 8
number = 0b101010110 leading one at 8
number = 0b101010111 leading one at 8
number = 0b101011000 leading one at 8
number = 0b101011001 leading one at 8
number = 0b101011010 leading one at 8
number = 0b101011011 leading one at 8
number = 0b101011100 leading one at 8
number = 0b101011101 leading one at 8
number = 0b101011110 leading one at 8
number = 0b101011111 leading one at 8
number = 0b101100000 leading one at 8
number = 0b101100001 leading one at 8
number = 0b101100010 leading one at 8
number = 0b101100011 leading one at 8
number = 0b101100100 leading one at 8
number = 0b101100101 leading one at 8
number = 0b101100110 leading one at 8
number = 0b101100111 leading one at 8
number = 0b101101000 leading one at 8
number = 0b101101001 leading one at 8
number = 0b101101010 leading one at 8
number = 0b101101011 leading one at 8
number = 0b101101100 leading one at 8
number = 0b101101101 leading one at 8
number = 0b101101110 leading one at 8
number = 0b101101111 leading one at 8
number = 0b101110000 leading one at 8
number = 0b101110001 leading one at 8
number = 0b101110010 leading one at 8
number = 0b101110011 leading one at 8
number = 0b101110100 leading one at 8
number = 0b101110101 leading one at 8
number = 0b101110110 leading one at 8
number = 0b101110111 leading one at 8
number = 0b101111000 leading one at 8
number = 0b101111001 leading one at 8
number = 0b101111010 leading one at 8
number = 0b101111011 leading one at 8
number = 0b101111100 leading one at 8
number = 0b101111101 leading one at 8
number = 0b101111110 leading one at 8
number = 0b101111111 leading one at 8
number = 0b110000000 leading one at 8
number = 0b110000001 leading one at 8
number = 0b110000010 leading one at 8
number = 0b110000011 leading one at 8
number = 0b110000100 leading one at 8
number = 0b110000101 leading one at 8
number = 0b110000110 leading one at 8
number = 0b110000111 leading one at 8
number = 0b110001000 leading one at 8
number = 0b110001001 leading one at 8
number = 0b110001010 leading one at 8
number = 0b110001011 leading one at 8
number = 0b110001100 leading one at 8
number = 0b110001101 leading one at 8
number = 0b110001110 leading one at 8
number = 0b110001111 leading one at 8
number = 0b110010000 leading one at 8
number = 0b110010001 leading one at 8
number = 0b110010010 leading one at 8
number = 0b110010011 leading one at 8
number = 0b110010100 leading one at 8
number = 0b110010101 leading one at 8
number = 0b110010110 leading one at 8
number = 0b110010111 leading one at 8
number = 0b110011000 leading one at 8
number = 0b110011001 leading one at 8
number = 0b110011010 leading one at 8
number = 0b110011011 leading one at 8
number = 0b110011100 leading one at 8
number = 0b110011101 leading one at 8
number = 0b110011110 leading one at 8
number = 0b110011111 leading one at 8
number = 0b110100000 leading one at 8
number = 0b110100001 leading one at 8
number = 0b110100010 leading one at 8
number = 0b110100011 leading one at 8
number = 0b110100100 leading one at 8
number = 0b110100101 leading one at 8
number = 0b110100110 leading one at 8
number = 0b110100111 leading one at 8
number = 0b110101000 leading one at 8
number = 0b110101001 leading one at 8
number = 0b110101010 leading one at 8
number = 0b110101011 leading one at 8
number = 0b110101100 leading one at 8
number = 0b110101101 leading one at 8
number = 0b110101110 leading one at 8
number = 0b110101111 leading one at 8
number = 0b110110000 leading one at 8
number = 0b110110001 leading one at 8
number = 0b110110010 leading one at 8
number = 0b110110011 leading one at 8
number = 0b110110100 leading one at 8
number = 0b110110101 leading one at 8
number = 0b110110110 leading one at 8
number = 0b110110111 leading one at 8
number = 0b110111000 leading one at 8
number = 0b110111001 leading one at 8
number = 0b110111010 leading one at 8
number = 0b110111011 leading one at 8
number = 0b110111100 leading one at 8
number = 0b110111101 leading one at 8
number = 0b110111110 leading one at 8
number = 0b110111111 leading one at 8
number = 0b111000000 leading one at 8
number = 0b111000001 leading one at 8
number = 0b111000010 leading one at 8
number = 0b111000011 leading one at 8
number = 0b111000100 leading one at 8
number = 0b111000101 leading one at 8
number = 0b111000110 leading one at 8
number = 0b111000111 leading one at 8
number = 0b111001000 leading one at 8
number = 0b111001001 leading one at 8
number = 0b111001010 leading one at 8
number = 0b111001011 leading one at 8
number = 0b111001100 leading one at 8
number = 0b111001101 leading one at 8
number = 0b111001110 leading one at 8
number = 0b111001111 leading one at 8
number = 0b111010000 leading one at 8
number = 0b111010001 leading one at 8
number = 0b111010010 leading one at 8
number = 0b111010011 leading one at 8
number = 0b111010100 leading one at 8
number = 0b111010101 leading one at 8
number = 0b111010110 leading one at 8
number = 0b111010111 leading one at 8
number = 0b111011000 leading one at 8
number = 0b111011001 leading one at 8
number = 0b111011010 leading one at 8
number = 0b111011011 leading one at 8
number = 0b111011100 leading one at 8
number = 0b111011101 leading one at 8
number = 0b111011110 leading one at 8
number = 0b111011111 leading one at 8
number = 0b111100000 leading one at 8
number = 0b111100001 leading one at 8
number = 0b111100010 leading one at 8
number = 0b111100011 leading one at 8
number = 0b111100100 leading one at 8
number = 0b111100101 leading one at 8
number = 0b111100110 leading one at 8
number = 0b111100111 leading one at 8
number = 0b111101000 leading one at 8
number = 0b111101001 leading one at 8
number = 0b111101010 leading one at 8
number = 0b111101011 leading one at 8
number = 0b111101100 leading one at 8
number = 0b111101101 leading one at 8
number = 0b111101110 leading one at 8
number = 0b111101111 leading one at 8
number = 0b111110000 leading one at 8
number = 0b111110001 leading one at 8
number = 0b111110010 leading one at 8
number = 0b111110011 leading one at 8
number = 0b111110100 leading one at 8
number = 0b111110101 leading one at 8
number = 0b111110110 leading one at 8
number = 0b111110111 leading one at 8
number = 0b111111000 leading one at 8
number = 0b111111001 leading one at 8
number = 0b111111010 leading one at 8
number = 0b111111011 leading one at 8
number = 0b111111100 leading one at 8
number = 0b111111101 leading one at 8
number = 0b111111110 leading one at 8
number = 0b111111111 leading one at 8
Test passed! 
