
*** Running vivado
    with args -log leading_one_wrapper.vds -m64 -product Vivado -mode batch -messageDb vivado.pb -notrace -source leading_one_wrapper.tcl


****** Vivado v2025.1 (64-bit)
  **** SW Build 6140274 on Wed May 21 22:58:25 MDT 2025
  **** IP Build 6138677 on Thu May 22 03:10:11 MDT 2025
  **** SharedData Build 6139179 on Tue May 20 17:58:58 MDT 2025
  **** Start of session at: Sun Nov 16 16:36:39 2025
    ** Copyright 1986-2022 Xilinx, Inc. All Rights Reserved.
    ** Copyright 2022-2025 Advanced Micro Devices, Inc. All Rights Reserved.

source leading_one_wrapper.tcl -notrace
INFO: [IP_Flow 19-234] Refreshing IP repositories
INFO: [IP_Flow 19-1700] Loaded user IP repository '/home/lenovo/Simulation_Linux/HLS'.
WARNING: [IP_Flow 19-3656] If you move the project, the path for repository '/home/lenovo/Simulation_Linux/HLS' may become invalid. A better location for the repository would be in a path adjacent to the project. (Current project location is '/home/lenovo/Simulation_Linux/HLS/Leading_One_Vivado/Leading_One_Vivado.runs/synth_1'.)
INFO: [IP_Flow 19-2313] Loaded Vivado IP repository '/opt/Xilinx/2025.1/Vivado/data/ip'.
Command: synth_design -top leading_one_wrapper -part xc7a35tcpg236-1
Starting synth_design
Attempting to get a license for feature 'Synthesis' and/or device 'xc7a35t'
INFO: [Common 17-349] Got license for feature 'Synthesis' and/or device 'xc7a35t'
INFO: [Device 21-403] Loading part xc7a35tcpg236-1
INFO: [Synth 8-7079] Multithreading enabled for synth_design using a maximum of 7 processes.
INFO: [Synth 8-7078] Launching helper process for spawning children vivado processes
INFO: [Synth 8-7075] Helper process launched with PID 116261
---------------------------------------------------------------------------------
Starting RTL Elaboration : Time (s): cpu = 00:00:03 ; elapsed = 00:00:03 . Memory (MB): peak = 2094.434 ; gain = 440.742 ; free physical = 534 ; free virtual = 9255
---------------------------------------------------------------------------------
INFO: [Synth 8-6157] synthesizing module 'leading_one_wrapper' [/home/lenovo/Simulation_Linux/HLS/Leading_One_Vivado/Leading_One_Vivado.gen/sources_1/bd/leading_one/hdl/leading_one_wrapper.v:13]
INFO: [Synth 8-6157] synthesizing module 'leading_one' [/home/lenovo/Simulation_Linux/HLS/Leading_One_Vivado/Leading_One_Vivado.gen/sources_1/bd/leading_one/synth/leading_one.v:13]
INFO: [Synth 8-6157] synthesizing module 'leading_one_leading_one_0_0' [/home/lenovo/Simulation_Linux/HLS/Leading_One_Vivado/Leading_One_Vivado.runs/synth_1/.Xil/Vivado-116197-lenovo-Legion-5-17ACH6H/realtime/leading_one_leading_one_0_0_stub.v:6]
INFO: [Synth 8-6155] done synthesizing module 'leading_one_leading_one_0_0' (0#1) [/home/lenovo/Simulation_Linux/HLS/Leading_One_Vivado/Leading_One_Vivado.runs/synth_1/.Xil/Vivado-116197-lenovo-Legion-5-17ACH6H/realtime/leading_one_leading_one_0_0_stub.v:6]
INFO: [Synth 8-6155] done synthesizing module 'leading_one' (0#1) [/home/lenovo/Simulation_Linux/HLS/Leading_One_Vivado/Leading_One_Vivado.gen/sources_1/bd/leading_one/synth/leading_one.v:13]
INFO: [Synth 8-6155] done synthesizing module 'leading_one_wrapper' (0#1) [/home/lenovo/Simulation_Linux/HLS/Leading_One_Vivado/Leading_One_Vivado.gen/sources_1/bd/leading_one/hdl/leading_one_wrapper.v:13]
---------------------------------------------------------------------------------
Finished RTL Elaboration : Time (s): cpu = 00:00:04 ; elapsed = 00:00:04 . Memory (MB): peak = 2167.371 ; gain = 513.680 ; free physical = 437 ; free virtual = 9159
---------------------------------------------------------------------------------
---------------------------------------------------------------------------------
Start Handling Custom Attributes
---------------------------------------------------------------------------------
---------------------------------------------------------------------------------
Finished Handling Custom Attributes : Time (s): cpu = 00:00:04 ; elapsed = 00:00:04 . Memory (MB): peak = 2185.184 ; gain = 531.492 ; free physical = 437 ; free virtual = 9159
---------------------------------------------------------------------------------
---------------------------------------------------------------------------------
Finished RTL Optimization Phase 1 : Time (s): cpu = 00:00:04 ; elapsed = 00:00:04 . Memory (MB): peak = 2185.184 ; gain = 531.492 ; free physical = 437 ; free virtual = 9159
---------------------------------------------------------------------------------
Netlist sorting complete. Time (s): cpu = 00:00:00 ; elapsed = 00:00:00 . Memory (MB): peak = 2185.184 ; gain = 0.000 ; free physical = 437 ; free virtual = 9159
INFO: [Project 1-570] Preparing netlist for logic optimization

Processing XDC Constraints
Initializing timing engine
Parsing XDC File [/home/lenovo/Simulation_Linux/HLS/Leading_One_Vivado/Leading_One_Vivado.gen/sources_1/bd/leading_one/ip/leading_one_leading_one_0_0/leading_one_leading_one_0_0/leading_one_leading_one_0_0_in_context.xdc] for cell 'leading_one_i/leading_one_0'
Finished Parsing XDC File [/home/lenovo/Simulation_Linux/HLS/Leading_One_Vivado/Leading_One_Vivado.gen/sources_1/bd/leading_one/ip/leading_one_leading_one_0_0/leading_one_leading_one_0_0/leading_one_leading_one_0_0_in_context.xdc] for cell 'leading_one_i/leading_one_0'
Parsing XDC File [/home/lenovo/Simulation_Linux/HLS/Leading_One_Vivado/Leading_One_Vivado.srcs/constrs_1/new/leading_one.xdc]
Finished Parsing XDC File [/home/lenovo/Simulation_Linux/HLS/Leading_One_Vivado/Leading_One_Vivado.srcs/constrs_1/new/leading_one.xdc]
INFO: [Project 1-236] Implementation specific constraints were found while reading constraint file [/home/lenovo/Simulation_Linux/HLS/Leading_One_Vivado/Leading_One_Vivado.srcs/constrs_1/new/leading_one.xdc]. These constraints will be ignored for synthesis but will be used in implementation. Impacted constraints are listed in the file [.Xil/leading_one_wrapper_propImpl.xdc].
Resolution: To avoid this warning, move constraints listed in [.Xil/leading_one_wrapper_propImpl.xdc] to another XDC file and exclude this new file from synthesis with the used_in_synthesis property (File Properties dialog in GUI) and re-run elaboration/synthesis.
Parsing XDC File [/home/lenovo/Simulation_Linux/HLS/Leading_One_Vivado/Leading_One_Vivado.runs/synth_1/dont_touch.xdc]
Finished Parsing XDC File [/home/lenovo/Simulation_Linux/HLS/Leading_One_Vivado/Leading_One_Vivado.runs/synth_1/dont_touch.xdc]
Completed Processing XDC Constraints

Netlist sorting complete. Time (s): cpu = 00:00:00 ; elapsed = 00:00:00 . Memory (MB): peak = 2234.109 ; gain = 0.000 ; free physical = 434 ; free virtual = 9158
INFO: [Project 1-111] Unisim Transformation Summary:
No Unisim elements were transformed.

Constraint Validation Runtime : Time (s): cpu = 00:00:00 ; elapsed = 00:00:00 . Memory (MB): peak = 2234.145 ; gain = 0.000 ; free physical = 434 ; free virtual = 9158
---------------------------------------------------------------------------------
Finished Constraint Validation : Time (s): cpu = 00:00:08 ; elapsed = 00:00:09 . Memory (MB): peak = 2234.145 ; gain = 580.453 ; free physical = 465 ; free virtual = 9189
---------------------------------------------------------------------------------
---------------------------------------------------------------------------------
Start Loading Part and Timing Information
---------------------------------------------------------------------------------
Loading part: xc7a35tcpg236-1
---------------------------------------------------------------------------------
Finished Loading Part and Timing Information : Time (s): cpu = 00:00:08 ; elapsed = 00:00:09 . Memory (MB): peak = 2242.113 ; gain = 588.422 ; free physical = 465 ; free virtual = 9189
---------------------------------------------------------------------------------
---------------------------------------------------------------------------------
Start Applying 'set_property' XDC Constraints
---------------------------------------------------------------------------------
---------------------------------------------------------------------------------
Finished applying 'set_property' XDC Constraints : Time (s): cpu = 00:00:08 ; elapsed = 00:00:09 . Memory (MB): peak = 2242.113 ; gain = 588.422 ; free physical = 465 ; free virtual = 9189
---------------------------------------------------------------------------------
---------------------------------------------------------------------------------
Finished RTL Optimization Phase 2 : Time (s): cpu = 00:00:08 ; elapsed = 00:00:09 . Memory (MB): peak = 2242.113 ; gain = 588.422 ; free physical = 463 ; free virtual = 9188
---------------------------------------------------------------------------------
---------------------------------------------------------------------------------
Start RTL Component Statistics 
---------------------------------------------------------------------------------
Detailed RTL Component Info : 
---------------------------------------------------------------------------------
Finished RTL Component Statistics 
---------------------------------------------------------------------------------
---------------------------------------------------------------------------------
Start Part Resource Summary
---------------------------------------------------------------------------------
Part Resources:
DSPs: 90 (col length:60)
BRAMs: 100 (col length: RAMB18 60 RAMB36 30)
---------------------------------------------------------------------------------
Finished Part Resource Summary
---------------------------------------------------------------------------------
---------------------------------------------------------------------------------
Start Cross Boundary and Area Optimization
---------------------------------------------------------------------------------
WARNING: [Synth 8-7080] Parallel synthesis criteria is not met
---------------------------------------------------------------------------------
Finished Cross Boundary and Area Optimization : Time (s): cpu = 00:00:09 ; elapsed = 00:00:10 . Memory (MB): peak = 2242.113 ; gain = 588.422 ; free physical = 464 ; free virtual = 9193
---------------------------------------------------------------------------------
---------------------------------------------------------------------------------
Start Applying XDC Timing Constraints
---------------------------------------------------------------------------------
---------------------------------------------------------------------------------
Finished Applying XDC Timing Constraints : Time (s): cpu = 00:00:13 ; elapsed = 00:00:13 . Memory (MB): peak = 2326.113 ; gain = 672.422 ; free physical = 364 ; free virtual = 9093
---------------------------------------------------------------------------------
---------------------------------------------------------------------------------
Start Timing Optimization
---------------------------------------------------------------------------------
---------------------------------------------------------------------------------
Finished Timing Optimization : Time (s): cpu = 00:00:13 ; elapsed = 00:00:13 . Memory (MB): peak = 2326.113 ; gain = 672.422 ; free physical = 364 ; free virtual = 9093
---------------------------------------------------------------------------------
---------------------------------------------------------------------------------
Start Technology Mapping
---------------------------------------------------------------------------------
---------------------------------------------------------------------------------
Finished Technology Mapping : Time (s): cpu = 00:00:13 ; elapsed = 00:00:13 . Memory (MB): peak = 2335.129 ; gain = 681.438 ; free physical = 356 ; free virtual = 9085
---------------------------------------------------------------------------------
---------------------------------------------------------------------------------
Start IO Insertion
---------------------------------------------------------------------------------
---------------------------------------------------------------------------------
Start Flattening Before IO Insertion
---------------------------------------------------------------------------------
---------------------------------------------------------------------------------
Finished Flattening Before IO Insertion
---------------------------------------------------------------------------------
---------------------------------------------------------------------------------
Start Final Netlist Cleanup
---------------------------------------------------------------------------------
---------------------------------------------------------------------------------
Finished Final Netlist Cleanup
---------------------------------------------------------------------------------
---------------------------------------------------------------------------------
Finished IO Insertion : Time (s): cpu = 00:00:15 ; elapsed = 00:00:16 . Memory (MB): peak = 2518.941 ; gain = 865.250 ; free physical = 207 ; free virtual = 8936
---------------------------------------------------------------------------------
---------------------------------------------------------------------------------
Start Renaming Generated Instances
---------------------------------------------------------------------------------
---------------------------------------------------------------------------------
Finished Renaming Generated Instances : Time (s): cpu = 00:00:15 ; elapsed = 00:00:16 . Memory (MB): peak = 2518.941 ; gain = 865.250 ; free physical = 207 ; free virtual = 8936
---------------------------------------------------------------------------------
---------------------------------------------------------------------------------
Start Rebuilding User Hierarchy
---------------------------------------------------------------------------------
---------------------------------------------------------------------------------
Finished Rebuilding User Hierarchy : Time (s): cpu = 00:00:15 ; elapsed = 00:00:16 . Memory (MB): peak = 2518.941 ; gain = 865.250 ; free physical = 207 ; free virtual = 8936
---------------------------------------------------------------------------------
---------------------------------------------------------------------------------
Start Renaming Generated Ports
---------------------------------------------------------------------------------
---------------------------------------------------------------------------------
Finished Renaming Generated Ports : Time (s): cpu = 00:00:15 ; elapsed = 00:00:16 . Memory (MB): peak = 2518.941 ; gain = 865.250 ; free physical = 207 ; free virtual = 8936
---------------------------------------------------------------------------------
---------------------------------------------------------------------------------
Start Handling Custom Attributes
---------------------------------------------------------------------------------
---------------------------------------------------------------------------------
Finished Handling Custom Attributes : Time (s): cpu = 00:00:15 ; elapsed = 00:00:16 . Memory (MB): peak = 2518.941 ; gain = 865.250 ; free physical = 207 ; free virtual = 8936
---------------------------------------------------------------------------------
---------------------------------------------------------------------------------
Start Renaming Generated Nets
---------------------------------------------------------------------------------
---------------------------------------------------------------------------------
Finished Renaming Generated Nets : Time (s): cpu = 00:00:15 ; elapsed = 00:00:16 . Memory (MB): peak = 2518.941 ; gain = 865.250 ; free physical = 207 ; free virtual = 8936
---------------------------------------------------------------------------------
---------------------------------------------------------------------------------
Start Writing Synthesis Report
---------------------------------------------------------------------------------

Report BlackBoxes: 
+------+----------------------------+----------+
|      |BlackBox name               |Instances |
+------+----------------------------+----------+
|1     |leading_one_leading_one_0_0 |         1|
+------+----------------------------+----------+

Report Cell Usage: 
+------+--------------------------+------+
|      |Cell                      |Count |
+------+--------------------------+------+
|1     |leading_one_leading_one_0 |     1|
|2     |IBUF                      |    10|
|3     |OBUF                      |     5|
+------+--------------------------+------+
---------------------------------------------------------------------------------
Finished Writing Synthesis Report : Time (s): cpu = 00:00:15 ; elapsed = 00:00:16 . Memory (MB): peak = 2518.941 ; gain = 865.250 ; free physical = 207 ; free virtual = 8936
---------------------------------------------------------------------------------
Synthesis finished with 0 errors, 0 critical warnings and 1 warnings.
Synthesis Optimization Runtime : Time (s): cpu = 00:00:14 ; elapsed = 00:00:15 . Memory (MB): peak = 2518.941 ; gain = 816.289 ; free physical = 207 ; free virtual = 8936
Synthesis Optimization Complete : Time (s): cpu = 00:00:15 ; elapsed = 00:00:16 . Memory (MB): peak = 2518.949 ; gain = 865.250 ; free physical = 207 ; free virtual = 8936
INFO: [Project 1-571] Translating synthesized netlist
Netlist sorting complete. Time (s): cpu = 00:00:00 ; elapsed = 00:00:00 . Memory (MB): peak = 2518.949 ; gain = 0.000 ; free physical = 207 ; free virtual = 8936
INFO: [Project 1-570] Preparing netlist for logic optimization
INFO: [Opt 31-138] Pushed 0 inverter(s) to 0 load pin(s).
Netlist sorting complete. Time (s): cpu = 00:00:00 ; elapsed = 00:00:00 . Memory (MB): peak = 2518.949 ; gain = 0.000 ; free physical = 372 ; free virtual = 9100
INFO: [Project 1-111] Unisim Transformation Summary:
No Unisim elements were transformed.

Synth Design complete | Checksum: faa3fa20
INFO: [Common 17-83] Releasing license: Synthesis
22 Infos, 2 Warnings, 0 Critical Warnings and 0 Errors encountered.
synth_design completed successfully
synth_design: Time (s): cpu = 00:00:21 ; elapsed = 00:00:20 . Memory (MB): peak = 2518.977 ; gain = 956.652 ; free physical = 374 ; free virtual = 9103
INFO: [Common 17-2834] synth_design peak Physical Memory [PSS] (MB): overall = 1699.758; main = 1699.758; forked = 276.125
INFO: [Common 17-2834] synth_design peak Virtual Memory [VSS] (MB): overall = 3205.984; main = 2518.945; forked = 963.867
Write ShapeDB Complete: Time (s): cpu = 00:00:00 ; elapsed = 00:00:00 . Memory (MB): peak = 2542.953 ; gain = 0.000 ; free physical = 374 ; free virtual = 9103
INFO: [Common 17-1381] The checkpoint '/home/lenovo/Simulation_Linux/HLS/Leading_One_Vivado/Leading_One_Vivado.runs/synth_1/leading_one_wrapper.dcp' has been generated.
INFO: [Vivado 12-24828] Executing command : report_utilization -file leading_one_wrapper_utilization_synth.rpt -pb leading_one_wrapper_utilization_synth.pb
INFO: [Common 17-206] Exiting Vivado at Sun Nov 16 16:37:02 2025...
