#-----------------------------------------------------------
# Vivado v2025.1 (64-bit)
# SW Build 6140274 on Wed May 21 22:58:25 MDT 2025
# IP Build 6138677 on Thu May 22 03:10:11 MDT 2025
# SharedData Build 6139179 on Tue May 20 17:58:58 MDT 2025
# Start of session at: Thu Oct 16 10:19:21 2025
# Process ID         : 12768
# Current directory  : /home/lenovo/Simulation_Linux/HLS/Dummy_Comb_Circuit/Dummy_Comb_Circuit.runs/synth_1
# Command line       : vivado -log Comb_circuit_wrapper.vds -product Vivado -mode batch -messageDb vivado.pb -notrace -source Comb_circuit_wrapper.tcl
# Log file           : /home/lenovo/Simulation_Linux/HLS/Dummy_Comb_Circuit/Dummy_Comb_Circuit.runs/synth_1/Comb_circuit_wrapper.vds
# Journal file       : /home/lenovo/Simulation_Linux/HLS/Dummy_Comb_Circuit/Dummy_Comb_Circuit.runs/synth_1/vivado.jou
# Running On         : lenovo-Legion-5-17ACH6H
# Platform           : Ubuntu
# Operating System   : Ubuntu 24.04.2 LTS
# Processor Detail   : AMD Ryzen 5 5600H with Radeon Graphics
# CPU Frequency      : 4241.173 MHz
# CPU Physical cores : 6
# CPU Logical cores  : 12
# Host memory        : 14496 MB
# Swap memory        : 2147 MB
# Total Virtual      : 16644 MB
# Available Virtual  : 10742 MB
#-----------------------------------------------------------
source Comb_circuit_wrapper.tcl -notrace
