INFO: [SIM 2] *************** CSIM start ***************
INFO: [SIM 4] CSIM will launch CLANG as the compiler.
   Compiling ../../../../leading_one_tb.cpp in debug mode
   Compiling ../../../../main_leading_one.cpp in debug mode
   Generating csim.exe
number = 0b0 leading one at -1
number = 0b01 leading one at 0
number = 0b010 leading one at 1
number = 0b011 leading one at 1
number = 0b0100 leading one at 2
number = 0b0101 leading one at 2
number = 0b0110 leading one at 2
number = 0b0111 leading one at 2
number = 0b01000 leading one at 3
number = 0b01001 leading one at 3
number = 0b01010 leading one at 3
number = 0b01011 leading one at 3
number = 0b01100 leading one at 3
number = 0b01101 leading one at 3
number = 0b01110 leading one at 3
number = 0b01111 leading one at 3
number = 0b010000 leading one at 4
number = 0b010001 leading one at 4
number = 0b010010 leading one at 4
number = 0b010011 leading one at 4
number = 0b010100 leading one at 4
number = 0b010101 leading one at 4
number = 0b010110 leading one at 4
number = 0b010111 leading one at 4
number = 0b011000 leading one at 4
number = 0b011001 leading one at 4
number = 0b011010 leading one at 4
number = 0b011011 leading one at 4
number = 0b011100 leading one at 4
number = 0b011101 leading one at 4
number = 0b011110 leading one at 4
number = 0b011111 leading one at 4
number = 0b0100000 leading one at 5
number = 0b0100001 leading one at 5
number = 0b0100010 leading one at 5
number = 0b0100011 leading one at 5
number = 0b0100100 leading one at 5
number = 0b0100101 leading one at 5
number = 0b0100110 leading one at 5
number = 0b0100111 leading one at 5
number = 0b0101000 leading one at 5
number = 0b0101001 leading one at 5
number = 0b0101010 leading one at 5
number = 0b0101011 leading one at 5
number = 0b0101100 leading one at 5
number = 0b0101101 leading one at 5
number = 0b0101110 leading one at 5
number = 0b0101111 leading one at 5
number = 0b0110000 leading one at 5
number = 0b0110001 leading one at 5
number = 0b0110010 leading one at 5
number = 0b0110011 leading one at 5
number = 0b0110100 leading one at 5
number = 0b0110101 leading one at 5
number = 0b0110110 leading one at 5
number = 0b0110111 leading one at 5
number = 0b0111000 leading one at 5
number = 0b0111001 leading one at 5
number = 0b0111010 leading one at 5
number = 0b0111011 leading one at 5
number = 0b0111100 leading one at 5
number = 0b0111101 leading one at 5
number = 0b0111110 leading one at 5
number = 0b0111111 leading one at 5
number = 0b01000000 leading one at 6
number = 0b01000001 leading one at 6
number = 0b01000010 leading one at 6
number = 0b01000011 leading one at 6
number = 0b01000100 leading one at 6
number = 0b01000101 leading one at 6
number = 0b01000110 leading one at 6
number = 0b01000111 leading one at 6
number = 0b01001000 leading one at 6
number = 0b01001001 leading one at 6
number = 0b01001010 leading one at 6
number = 0b01001011 leading one at 6
number = 0b01001100 leading one at 6
number = 0b01001101 leading one at 6
number = 0b01001110 leading one at 6
number = 0b01001111 leading one at 6
number = 0b01010000 leading one at 6
number = 0b01010001 leading one at 6
number = 0b01010010 leading one at 6
number = 0b01010011 leading one at 6
number = 0b01010100 leading one at 6
number = 0b01010101 leading one at 6
number = 0b01010110 leading one at 6
number = 0b01010111 leading one at 6
number = 0b01011000 leading one at 6
number = 0b01011001 leading one at 6
number = 0b01011010 leading one at 6
number = 0b01011011 leading one at 6
number = 0b01011100 leading one at 6
number = 0b01011101 leading one at 6
number = 0b01011110 leading one at 6
number = 0b01011111 leading one at 6
number = 0b01100000 leading one at 6
number = 0b01100001 leading one at 6
number = 0b01100010 leading one at 6
number = 0b01100011 leading one at 6
number = 0b01100100 leading one at 6
number = 0b01100101 leading one at 6
number = 0b01100110 leading one at 6
number = 0b01100111 leading one at 6
number = 0b01101000 leading one at 6
number = 0b01101001 leading one at 6
number = 0b01101010 leading one at 6
number = 0b01101011 leading one at 6
number = 0b01101100 leading one at 6
number = 0b01101101 leading one at 6
number = 0b01101110 leading one at 6
number = 0b01101111 leading one at 6
number = 0b01110000 leading one at 6
number = 0b01110001 leading one at 6
number = 0b01110010 leading one at 6
number = 0b01110011 leading one at 6
number = 0b01110100 leading one at 6
number = 0b01110101 leading one at 6
number = 0b01110110 leading one at 6
number = 0b01110111 leading one at 6
number = 0b01111000 leading one at 6
number = 0b01111001 leading one at 6
number = 0b01111010 leading one at 6
number = 0b01111011 leading one at 6
number = 0b01111100 leading one at 6
number = 0b01111101 leading one at 6
number = 0b01111110 leading one at 6
number = 0b01111111 leading one at 6
number = 0b010000000 leading one at 7
number = 0b010000001 leading one at 7
number = 0b010000010 leading one at 7
number = 0b010000011 leading one at 7
number = 0b010000100 leading one at 7
number = 0b010000101 leading one at 7
number = 0b010000110 leading one at 7
number = 0b010000111 leading one at 7
number = 0b010001000 leading one at 7
number = 0b010001001 leading one at 7
number = 0b010001010 leading one at 7
number = 0b010001011 leading one at 7
number = 0b010001100 leading one at 7
number = 0b010001101 leading one at 7
number = 0b010001110 leading one at 7
number = 0b010001111 leading one at 7
number = 0b010010000 leading one at 7
number = 0b010010001 leading one at 7
number = 0b010010010 leading one at 7
number = 0b010010011 leading one at 7
number = 0b010010100 leading one at 7
number = 0b010010101 leading one at 7
number = 0b010010110 leading one at 7
number = 0b010010111 leading one at 7
number = 0b010011000 leading one at 7
number = 0b010011001 leading one at 7
number = 0b010011010 leading one at 7
number = 0b010011011 leading one at 7
number = 0b010011100 leading one at 7
number = 0b010011101 leading one at 7
number = 0b010011110 leading one at 7
number = 0b010011111 leading one at 7
number = 0b010100000 leading one at 7
number = 0b010100001 leading one at 7
number = 0b010100010 leading one at 7
number = 0b010100011 leading one at 7
number = 0b010100100 leading one at 7
number = 0b010100101 leading one at 7
number = 0b010100110 leading one at 7
number = 0b010100111 leading one at 7
number = 0b010101000 leading one at 7
number = 0b010101001 leading one at 7
number = 0b010101010 leading one at 7
number = 0b010101011 leading one at 7
number = 0b010101100 leading one at 7
number = 0b010101101 leading one at 7
number = 0b010101110 leading one at 7
number = 0b010101111 leading one at 7
number = 0b010110000 leading one at 7
number = 0b010110001 leading one at 7
number = 0b010110010 leading one at 7
number = 0b010110011 leading one at 7
number = 0b010110100 leading one at 7
number = 0b010110101 leading one at 7
number = 0b010110110 leading one at 7
number = 0b010110111 leading one at 7
number = 0b010111000 leading one at 7
number = 0b010111001 leading one at 7
number = 0b010111010 leading one at 7
number = 0b010111011 leading one at 7
number = 0b010111100 leading one at 7
number = 0b010111101 leading one at 7
number = 0b010111110 leading one at 7
number = 0b010111111 leading one at 7
number = 0b011000000 leading one at 7
number = 0b011000001 leading one at 7
number = 0b011000010 leading one at 7
number = 0b011000011 leading one at 7
number = 0b011000100 leading one at 7
number = 0b011000101 leading one at 7
number = 0b011000110 leading one at 7
number = 0b011000111 leading one at 7
number = 0b011001000 leading one at 7
number = 0b011001001 leading one at 7
number = 0b011001010 leading one at 7
number = 0b011001011 leading one at 7
number = 0b011001100 leading one at 7
number = 0b011001101 leading one at 7
number = 0b011001110 leading one at 7
number = 0b011001111 leading one at 7
number = 0b011010000 leading one at 7
number = 0b011010001 leading one at 7
number = 0b011010010 leading one at 7
number = 0b011010011 leading one at 7
number = 0b011010100 leading one at 7
number = 0b011010101 leading one at 7
number = 0b011010110 leading one at 7
number = 0b011010111 leading one at 7
number = 0b011011000 leading one at 7
number = 0b011011001 leading one at 7
number = 0b011011010 leading one at 7
number = 0b011011011 leading one at 7
number = 0b011011100 leading one at 7
number = 0b011011101 leading one at 7
number = 0b011011110 leading one at 7
number = 0b011011111 leading one at 7
number = 0b011100000 leading one at 7
number = 0b011100001 leading one at 7
number = 0b011100010 leading one at 7
number = 0b011100011 leading one at 7
number = 0b011100100 leading one at 7
number = 0b011100101 leading one at 7
number = 0b011100110 leading one at 7
number = 0b011100111 leading one at 7
number = 0b011101000 leading one at 7
number = 0b011101001 leading one at 7
number = 0b011101010 leading one at 7
number = 0b011101011 leading one at 7
number = 0b011101100 leading one at 7
number = 0b011101101 leading one at 7
number = 0b011101110 leading one at 7
number = 0b011101111 leading one at 7
number = 0b011110000 leading one at 7
number = 0b011110001 leading one at 7
number = 0b011110010 leading one at 7
number = 0b011110011 leading one at 7
number = 0b011110100 leading one at 7
number = 0b011110101 leading one at 7
number = 0b011110110 leading one at 7
number = 0b011110111 leading one at 7
number = 0b011111000 leading one at 7
number = 0b011111001 leading one at 7
number = 0b011111010 leading one at 7
number = 0b011111011 leading one at 7
number = 0b011111100 leading one at 7
number = 0b011111101 leading one at 7
number = 0b011111110 leading one at 7
number = 0b011111111 leading one at 7
number = 0b100000000 leading one at 8
number = 0b100000001 leading one at 8
number = 0b100000010 leading one at 8
number = 0b100000011 leading one at 8
number = 0b100000100 leading one at 8
number = 0b100000101 leading one at 8
number = 0b100000110 leading one at 8
number = 0b100000111 leading one at 8
number = 0b100001000 leading one at 8
number = 0b100001001 leading one at 8
number = 0b100001010 leading one at 8
number = 0b100001011 leading one at 8
number = 0b100001100 leading one at 8
number = 0b100001101 leading one at 8
number = 0b100001110 leading one at 8
number = 0b100001111 leading one at 8
number = 0b100010000 leading one at 8
number = 0b100010001 leading one at 8
number = 0b100010010 leading one at 8
number = 0b100010011 leading one at 8
number = 0b100010100 leading one at 8
number = 0b100010101 leading one at 8
number = 0b100010110 leading one at 8
number = 0b100010111 leading one at 8
number = 0b100011000 leading one at 8
number = 0b100011001 leading one at 8
number = 0b100011010 leading one at 8
number = 0b100011011 leading one at 8
number = 0b100011100 leading one at 8
number = 0b100011101 leading one at 8
number = 0b100011110 leading one at 8
number = 0b100011111 leading one at 8
number = 0b100100000 leading one at 8
number = 0b100100001 leading one at 8
number = 0b100100010 leading one at 8
number = 0b100100011 leading one at 8
number = 0b100100100 leading one at 8
number = 0b100100101 leading one at 8
number = 0b100100110 leading one at 8
number = 0b100100111 leading one at 8
number = 0b100101000 leading one at 8
number = 0b100101001 leading one at 8
number = 0b100101010 leading one at 8
number = 0b100101011 leading one at 8
number = 0b100101100 leading one at 8
number = 0b100101101 leading one at 8
number = 0b100101110 leading one at 8
number = 0b100101111 leading one at 8
number = 0b100110000 leading one at 8
number = 0b100110001 leading one at 8
number = 0b100110010 leading one at 8
number = 0b100110011 leading one at 8
number = 0b100110100 leading one at 8
number = 0b100110101 leading one at 8
number = 0b100110110 leading one at 8
number = 0b100110111 leading one at 8
number = 0b100111000 leading one at 8
number = 0b100111001 leading one at 8
number = 0b100111010 leading one at 8
number = 0b100111011 leading one at 8
number = 0b100111100 leading one at 8
number = 0b100111101 leading one at 8
number = 0b100111110 leading one at 8
number = 0b100111111 leading one at 8
number = 0b101000000 leading one at 8
number = 0b101000001 leading one at 8
number = 0b101000010 leading one at 8
number = 0b101000011 leading one at 8
number = 0b101000100 leading one at 8
number = 0b101000101 leading one at 8
number = 0b101000110 leading one at 8
number = 0b101000111 leading one at 8
number = 0b101001000 leading one at 8
number = 0b101001001 leading one at 8
number = 0b101001010 leading one at 8
number = 0b101001011 leading one at 8
number = 0b101001100 leading one at 8
number = 0b101001101 leading one at 8
number = 0b101001110 leading one at 8
number = 0b101001111 leading one at 8
number = 0b101010000 leading one at 8
number = 0b101010001 leading one at 8
number = 0b101010010 leading one at 8
number = 0b101010011 leading one at 8
number = 0b101010100 leading one at 8
number = 0b101010101 leading one at 8
number = 0b101010110 leading one at 8
number = 0b101010111 leading one at 8
number = 0b101011000 leading one at 8
number = 0b101011001 leading one at 8
number = 0b101011010 leading one at 8
number = 0b101011011 leading one at 8
number = 0b101011100 leading one at 8
number = 0b101011101 leading one at 8
number = 0b101011110 leading one at 8
number = 0b101011111 leading one at 8
number = 0b101100000 leading one at 8
number = 0b101100001 leading one at 8
number = 0b101100010 leading one at 8
number = 0b101100011 leading one at 8
number = 0b101100100 leading one at 8
number = 0b101100101 leading one at 8
number = 0b101100110 leading one at 8
number = 0b101100111 leading one at 8
number = 0b101101000 leading one at 8
number = 0b101101001 leading one at 8
number = 0b101101010 leading one at 8
number = 0b101101011 leading one at 8
number = 0b101101100 leading one at 8
number = 0b101101101 leading one at 8
number = 0b101101110 leading one at 8
number = 0b101101111 leading one at 8
number = 0b101110000 leading one at 8
number = 0b101110001 leading one at 8
number = 0b101110010 leading one at 8
number = 0b101110011 leading one at 8
number = 0b101110100 leading one at 8
number = 0b101110101 leading one at 8
number = 0b101110110 leading one at 8
number = 0b101110111 leading one at 8
number = 0b101111000 leading one at 8
number = 0b101111001 leading one at 8
number = 0b101111010 leading one at 8
number = 0b101111011 leading one at 8
number = 0b101111100 leading one at 8
number = 0b101111101 leading one at 8
number = 0b101111110 leading one at 8
number = 0b101111111 leading one at 8
number = 0b110000000 leading one at 8
number = 0b110000001 leading one at 8
number = 0b110000010 leading one at 8
number = 0b110000011 leading one at 8
number = 0b110000100 leading one at 8
number = 0b110000101 leading one at 8
number = 0b110000110 leading one at 8
number = 0b110000111 leading one at 8
number = 0b110001000 leading one at 8
number = 0b110001001 leading one at 8
number = 0b110001010 leading one at 8
number = 0b110001011 leading one at 8
number = 0b110001100 leading one at 8
number = 0b110001101 leading one at 8
number = 0b110001110 leading one at 8
number = 0b110001111 leading one at 8
number = 0b110010000 leading one at 8
number = 0b110010001 leading one at 8
number = 0b110010010 leading one at 8
number = 0b110010011 leading one at 8
number = 0b110010100 leading one at 8
number = 0b110010101 leading one at 8
number = 0b110010110 leading one at 8
number = 0b110010111 leading one at 8
number = 0b110011000 leading one at 8
number = 0b110011001 leading one at 8
number = 0b110011010 leading one at 8
number = 0b110011011 leading one at 8
number = 0b110011100 leading one at 8
number = 0b110011101 leading one at 8
number = 0b110011110 leading one at 8
number = 0b110011111 leading one at 8
number = 0b110100000 leading one at 8
number = 0b110100001 leading one at 8
number = 0b110100010 leading one at 8
number = 0b110100011 leading one at 8
number = 0b110100100 leading one at 8
number = 0b110100101 leading one at 8
number = 0b110100110 leading one at 8
number = 0b110100111 leading one at 8
number = 0b110101000 leading one at 8
number = 0b110101001 leading one at 8
number = 0b110101010 leading one at 8
number = 0b110101011 leading one at 8
number = 0b110101100 leading one at 8
number = 0b110101101 leading one at 8
number = 0b110101110 leading one at 8
number = 0b110101111 leading one at 8
number = 0b110110000 leading one at 8
number = 0b110110001 leading one at 8
number = 0b110110010 leading one at 8
number = 0b110110011 leading one at 8
number = 0b110110100 leading one at 8
number = 0b110110101 leading one at 8
number = 0b110110110 leading one at 8
number = 0b110110111 leading one at 8
number = 0b110111000 leading one at 8
number = 0b110111001 leading one at 8
number = 0b110111010 leading one at 8
number = 0b110111011 leading one at 8
number = 0b110111100 leading one at 8
number = 0b110111101 leading one at 8
number = 0b110111110 leading one at 8
number = 0b110111111 leading one at 8
number = 0b111000000 leading one at 8
number = 0b111000001 leading one at 8
number = 0b111000010 leading one at 8
number = 0b111000011 leading one at 8
number = 0b111000100 leading one at 8
number = 0b111000101 leading one at 8
number = 0b111000110 leading one at 8
number = 0b111000111 leading one at 8
number = 0b111001000 leading one at 8
number = 0b111001001 leading one at 8
number = 0b111001010 leading one at 8
number = 0b111001011 leading one at 8
number = 0b111001100 leading one at 8
number = 0b111001101 leading one at 8
number = 0b111001110 leading one at 8
number = 0b111001111 leading one at 8
number = 0b111010000 leading one at 8
number = 0b111010001 leading one at 8
number = 0b111010010 leading one at 8
number = 0b111010011 leading one at 8
number = 0b111010100 leading one at 8
number = 0b111010101 leading one at 8
number = 0b111010110 leading one at 8
number = 0b111010111 leading one at 8
number = 0b111011000 leading one at 8
number = 0b111011001 leading one at 8
number = 0b111011010 leading one at 8
number = 0b111011011 leading one at 8
number = 0b111011100 leading one at 8
number = 0b111011101 leading one at 8
number = 0b111011110 leading one at 8
number = 0b111011111 leading one at 8
number = 0b111100000 leading one at 8
number = 0b111100001 leading one at 8
number = 0b111100010 leading one at 8
number = 0b111100011 leading one at 8
number = 0b111100100 leading one at 8
number = 0b111100101 leading one at 8
number = 0b111100110 leading one at 8
number = 0b111100111 leading one at 8
number = 0b111101000 leading one at 8
number = 0b111101001 leading one at 8
number = 0b111101010 leading one at 8
number = 0b111101011 leading one at 8
number = 0b111101100 leading one at 8
number = 0b111101101 leading one at 8
number = 0b111101110 leading one at 8
number = 0b111101111 leading one at 8
number = 0b111110000 leading one at 8
number = 0b111110001 leading one at 8
number = 0b111110010 leading one at 8
number = 0b111110011 leading one at 8
number = 0b111110100 leading one at 8
number = 0b111110101 leading one at 8
number = 0b111110110 leading one at 8
number = 0b111110111 leading one at 8
number = 0b111111000 leading one at 8
number = 0b111111001 leading one at 8
number = 0b111111010 leading one at 8
number = 0b111111011 leading one at 8
number = 0b111111100 leading one at 8
number = 0b111111101 leading one at 8
number = 0b111111110 leading one at 8
number = 0b111111111 leading one at 8
Test passed! 
INFO: [SIM 1] CSim done with 0 errors.
INFO: [SIM 3] *************** CSIM finish ***************
