
*** Running vivado
    with args -log switche_LED_wrapper.vds -m64 -product Vivado -mode batch -messageDb vivado.pb -notrace -source switche_LED_wrapper.tcl


****** Vivado v2025.1 (64-bit)
  **** SW Build 6140274 on Wed May 21 22:58:25 MDT 2025
  **** IP Build 6138677 on Thu May 22 03:10:11 MDT 2025
  **** SharedData Build 6139179 on Tue May 20 17:58:58 MDT 2025
  **** Start of session at: Tue Oct  7 13:27:36 2025
    ** Copyright 1986-2022 Xilinx, Inc. All Rights Reserved.
    ** Copyright 2022-2025 Advanced Micro Devices, Inc. All Rights Reserved.

source switche_LED_wrapper.tcl -notrace
INFO: [IP_Flow 19-234] Refreshing IP repositories
INFO: [IP_Flow 19-1700] Loaded user IP repository '/home/lenovo/Simulation_Linux/HLS'.
WARNING: [IP_Flow 19-3656] If you move the project, the path for repository '/home/lenovo/Simulation_Linux/HLS' may become invalid. A better location for the repository would be in a path adjacent to the project. (Current project location is '/home/lenovo/Simulation_Linux/HLS/SwitcheLed_Vivado/SwitcheLed_Vivado.runs/synth_1'.)
INFO: [IP_Flow 19-2313] Loaded Vivado IP repository '/opt/Xilinx/2025.1/Vivado/data/ip'.
Command: synth_design -top switche_LED_wrapper -part xc7a35tcpg236-1
Starting synth_design
Attempting to get a license for feature 'Synthesis' and/or device 'xc7a35t'
INFO: [Common 17-349] Got license for feature 'Synthesis' and/or device 'xc7a35t'
INFO: [Device 21-403] Loading part xc7a35tcpg236-1
INFO: [Synth 8-7079] Multithreading enabled for synth_design using a maximum of 7 processes.
INFO: [Synth 8-7078] Launching helper process for spawning children vivado processes
INFO: [Synth 8-7075] Helper process launched with PID 16653
---------------------------------------------------------------------------------
Starting RTL Elaboration : Time (s): cpu = 00:00:03 ; elapsed = 00:00:03 . Memory (MB): peak = 2094.180 ; gain = 441.711 ; free physical = 663 ; free virtual = 8790
---------------------------------------------------------------------------------
INFO: [Synth 8-6157] synthesizing module 'switche_LED_wrapper' [/home/lenovo/Simulation_Linux/HLS/SwitcheLed_Vivado/SwitcheLed_Vivado.gen/sources_1/bd/switche_LED/hdl/switche_LED_wrapper.v:13]
INFO: [Synth 8-6157] synthesizing module 'switche_LED' [/home/lenovo/Simulation_Linux/HLS/SwitcheLed_Vivado/SwitcheLed_Vivado.gen/sources_1/bd/switche_LED/synth/switche_LED.v:13]
INFO: [Synth 8-6157] synthesizing module 'switche_LED_led_via_switche_0_0' [/home/lenovo/Simulation_Linux/HLS/SwitcheLed_Vivado/SwitcheLed_Vivado.runs/synth_1/.Xil/Vivado-16592-lenovo-Legion-5-17ACH6H/realtime/switche_LED_led_via_switche_0_0_stub.v:6]
INFO: [Synth 8-6155] done synthesizing module 'switche_LED_led_via_switche_0_0' (0#1) [/home/lenovo/Simulation_Linux/HLS/SwitcheLed_Vivado/SwitcheLed_Vivado.runs/synth_1/.Xil/Vivado-16592-lenovo-Legion-5-17ACH6H/realtime/switche_LED_led_via_switche_0_0_stub.v:6]
INFO: [Synth 8-6155] done synthesizing module 'switche_LED' (0#1) [/home/lenovo/Simulation_Linux/HLS/SwitcheLed_Vivado/SwitcheLed_Vivado.gen/sources_1/bd/switche_LED/synth/switche_LED.v:13]
INFO: [Synth 8-6155] done synthesizing module 'switche_LED_wrapper' (0#1) [/home/lenovo/Simulation_Linux/HLS/SwitcheLed_Vivado/SwitcheLed_Vivado.gen/sources_1/bd/switche_LED/hdl/switche_LED_wrapper.v:13]
---------------------------------------------------------------------------------
Finished RTL Elaboration : Time (s): cpu = 00:00:04 ; elapsed = 00:00:04 . Memory (MB): peak = 2167.117 ; gain = 514.648 ; free physical = 577 ; free virtual = 8704
---------------------------------------------------------------------------------
---------------------------------------------------------------------------------
Start Handling Custom Attributes
---------------------------------------------------------------------------------
---------------------------------------------------------------------------------
Finished Handling Custom Attributes : Time (s): cpu = 00:00:04 ; elapsed = 00:00:04 . Memory (MB): peak = 2184.930 ; gain = 532.461 ; free physical = 577 ; free virtual = 8704
---------------------------------------------------------------------------------
---------------------------------------------------------------------------------
Finished RTL Optimization Phase 1 : Time (s): cpu = 00:00:04 ; elapsed = 00:00:04 . Memory (MB): peak = 2184.930 ; gain = 532.461 ; free physical = 577 ; free virtual = 8704
---------------------------------------------------------------------------------
Netlist sorting complete. Time (s): cpu = 00:00:00 ; elapsed = 00:00:00 . Memory (MB): peak = 2184.930 ; gain = 0.000 ; free physical = 577 ; free virtual = 8704
INFO: [Project 1-570] Preparing netlist for logic optimization

Processing XDC Constraints
Initializing timing engine
Parsing XDC File [/home/lenovo/Simulation_Linux/HLS/SwitcheLed_Vivado/SwitcheLed_Vivado.gen/sources_1/bd/switche_LED/ip/switche_LED_led_via_switche_0_0/switche_LED_led_via_switche_0_0/switche_LED_led_via_switche_0_0_in_context.xdc] for cell 'switche_LED_i/led_via_switche_0'
Finished Parsing XDC File [/home/lenovo/Simulation_Linux/HLS/SwitcheLed_Vivado/SwitcheLed_Vivado.gen/sources_1/bd/switche_LED/ip/switche_LED_led_via_switche_0_0/switche_LED_led_via_switche_0_0/switche_LED_led_via_switche_0_0_in_context.xdc] for cell 'switche_LED_i/led_via_switche_0'
Parsing XDC File [/home/lenovo/Simulation_Linux/HLS/SwitcheLed_Vivado/SwitcheLed_Vivado.srcs/constrs_1/new/switcheLed.xdc]
Finished Parsing XDC File [/home/lenovo/Simulation_Linux/HLS/SwitcheLed_Vivado/SwitcheLed_Vivado.srcs/constrs_1/new/switcheLed.xdc]
INFO: [Project 1-236] Implementation specific constraints were found while reading constraint file [/home/lenovo/Simulation_Linux/HLS/SwitcheLed_Vivado/SwitcheLed_Vivado.srcs/constrs_1/new/switcheLed.xdc]. These constraints will be ignored for synthesis but will be used in implementation. Impacted constraints are listed in the file [.Xil/switche_LED_wrapper_propImpl.xdc].
Resolution: To avoid this warning, move constraints listed in [.Xil/switche_LED_wrapper_propImpl.xdc] to another XDC file and exclude this new file from synthesis with the used_in_synthesis property (File Properties dialog in GUI) and re-run elaboration/synthesis.
Parsing XDC File [/home/lenovo/Simulation_Linux/HLS/SwitcheLed_Vivado/SwitcheLed_Vivado.runs/synth_1/dont_touch.xdc]
Finished Parsing XDC File [/home/lenovo/Simulation_Linux/HLS/SwitcheLed_Vivado/SwitcheLed_Vivado.runs/synth_1/dont_touch.xdc]
Completed Processing XDC Constraints

Netlist sorting complete. Time (s): cpu = 00:00:00 ; elapsed = 00:00:00 . Memory (MB): peak = 2233.855 ; gain = 0.000 ; free physical = 586 ; free virtual = 8715
INFO: [Project 1-111] Unisim Transformation Summary:
No Unisim elements were transformed.

Constraint Validation Runtime : Time (s): cpu = 00:00:00 ; elapsed = 00:00:00 . Memory (MB): peak = 2233.891 ; gain = 0.000 ; free physical = 585 ; free virtual = 8714
---------------------------------------------------------------------------------
Finished Constraint Validation : Time (s): cpu = 00:00:08 ; elapsed = 00:00:09 . Memory (MB): peak = 2233.891 ; gain = 581.422 ; free physical = 588 ; free virtual = 8717
---------------------------------------------------------------------------------
---------------------------------------------------------------------------------
Start Loading Part and Timing Information
---------------------------------------------------------------------------------
Loading part: xc7a35tcpg236-1
---------------------------------------------------------------------------------
Finished Loading Part and Timing Information : Time (s): cpu = 00:00:08 ; elapsed = 00:00:09 . Memory (MB): peak = 2241.859 ; gain = 589.391 ; free physical = 588 ; free virtual = 8717
---------------------------------------------------------------------------------
---------------------------------------------------------------------------------
Start Applying 'set_property' XDC Constraints
---------------------------------------------------------------------------------
---------------------------------------------------------------------------------
Finished applying 'set_property' XDC Constraints : Time (s): cpu = 00:00:08 ; elapsed = 00:00:09 . Memory (MB): peak = 2241.859 ; gain = 589.391 ; free physical = 589 ; free virtual = 8718
---------------------------------------------------------------------------------
---------------------------------------------------------------------------------
Finished RTL Optimization Phase 2 : Time (s): cpu = 00:00:08 ; elapsed = 00:00:09 . Memory (MB): peak = 2241.859 ; gain = 589.391 ; free physical = 585 ; free virtual = 8715
---------------------------------------------------------------------------------
---------------------------------------------------------------------------------
Start RTL Component Statistics 
---------------------------------------------------------------------------------
Detailed RTL Component Info : 
---------------------------------------------------------------------------------
Finished RTL Component Statistics 
---------------------------------------------------------------------------------
---------------------------------------------------------------------------------
Start Part Resource Summary
---------------------------------------------------------------------------------
Part Resources:
DSPs: 90 (col length:60)
BRAMs: 100 (col length: RAMB18 60 RAMB36 30)
---------------------------------------------------------------------------------
Finished Part Resource Summary
---------------------------------------------------------------------------------
---------------------------------------------------------------------------------
Start Cross Boundary and Area Optimization
---------------------------------------------------------------------------------
WARNING: [Synth 8-7080] Parallel synthesis criteria is not met
---------------------------------------------------------------------------------
Finished Cross Boundary and Area Optimization : Time (s): cpu = 00:00:09 ; elapsed = 00:00:10 . Memory (MB): peak = 2241.859 ; gain = 589.391 ; free physical = 586 ; free virtual = 8720
---------------------------------------------------------------------------------
---------------------------------------------------------------------------------
Start Applying XDC Timing Constraints
---------------------------------------------------------------------------------
---------------------------------------------------------------------------------
Finished Applying XDC Timing Constraints : Time (s): cpu = 00:00:13 ; elapsed = 00:00:13 . Memory (MB): peak = 2326.859 ; gain = 674.391 ; free physical = 496 ; free virtual = 8631
---------------------------------------------------------------------------------
---------------------------------------------------------------------------------
Start Timing Optimization
---------------------------------------------------------------------------------
---------------------------------------------------------------------------------
Finished Timing Optimization : Time (s): cpu = 00:00:13 ; elapsed = 00:00:13 . Memory (MB): peak = 2326.859 ; gain = 674.391 ; free physical = 496 ; free virtual = 8631
---------------------------------------------------------------------------------
---------------------------------------------------------------------------------
Start Technology Mapping
---------------------------------------------------------------------------------
---------------------------------------------------------------------------------
Finished Technology Mapping : Time (s): cpu = 00:00:13 ; elapsed = 00:00:13 . Memory (MB): peak = 2336.875 ; gain = 684.406 ; free physical = 488 ; free virtual = 8623
---------------------------------------------------------------------------------
---------------------------------------------------------------------------------
Start IO Insertion
---------------------------------------------------------------------------------
---------------------------------------------------------------------------------
Start Flattening Before IO Insertion
---------------------------------------------------------------------------------
---------------------------------------------------------------------------------
Finished Flattening Before IO Insertion
---------------------------------------------------------------------------------
---------------------------------------------------------------------------------
Start Final Netlist Cleanup
---------------------------------------------------------------------------------
---------------------------------------------------------------------------------
Finished Final Netlist Cleanup
---------------------------------------------------------------------------------
---------------------------------------------------------------------------------
Finished IO Insertion : Time (s): cpu = 00:00:15 ; elapsed = 00:00:16 . Memory (MB): peak = 2519.688 ; gain = 867.219 ; free physical = 325 ; free virtual = 8459
---------------------------------------------------------------------------------
---------------------------------------------------------------------------------
Start Renaming Generated Instances
---------------------------------------------------------------------------------
---------------------------------------------------------------------------------
Finished Renaming Generated Instances : Time (s): cpu = 00:00:15 ; elapsed = 00:00:16 . Memory (MB): peak = 2519.688 ; gain = 867.219 ; free physical = 325 ; free virtual = 8459
---------------------------------------------------------------------------------
---------------------------------------------------------------------------------
Start Rebuilding User Hierarchy
---------------------------------------------------------------------------------
---------------------------------------------------------------------------------
Finished Rebuilding User Hierarchy : Time (s): cpu = 00:00:15 ; elapsed = 00:00:16 . Memory (MB): peak = 2519.688 ; gain = 867.219 ; free physical = 325 ; free virtual = 8459
---------------------------------------------------------------------------------
---------------------------------------------------------------------------------
Start Renaming Generated Ports
---------------------------------------------------------------------------------
---------------------------------------------------------------------------------
Finished Renaming Generated Ports : Time (s): cpu = 00:00:15 ; elapsed = 00:00:16 . Memory (MB): peak = 2519.688 ; gain = 867.219 ; free physical = 325 ; free virtual = 8459
---------------------------------------------------------------------------------
---------------------------------------------------------------------------------
Start Handling Custom Attributes
---------------------------------------------------------------------------------
---------------------------------------------------------------------------------
Finished Handling Custom Attributes : Time (s): cpu = 00:00:15 ; elapsed = 00:00:16 . Memory (MB): peak = 2519.688 ; gain = 867.219 ; free physical = 325 ; free virtual = 8459
---------------------------------------------------------------------------------
---------------------------------------------------------------------------------
Start Renaming Generated Nets
---------------------------------------------------------------------------------
---------------------------------------------------------------------------------
Finished Renaming Generated Nets : Time (s): cpu = 00:00:15 ; elapsed = 00:00:16 . Memory (MB): peak = 2519.688 ; gain = 867.219 ; free physical = 325 ; free virtual = 8459
---------------------------------------------------------------------------------
---------------------------------------------------------------------------------
Start Writing Synthesis Report
---------------------------------------------------------------------------------

Report BlackBoxes: 
+------+--------------------------------+----------+
|      |BlackBox name                   |Instances |
+------+--------------------------------+----------+
|1     |switche_LED_led_via_switche_0_0 |         1|
+------+--------------------------------+----------+

Report Cell Usage: 
+------+------------------------------+------+
|      |Cell                          |Count |
+------+------------------------------+------+
|1     |switche_LED_led_via_switche_0 |     1|
|2     |IBUF                          |     8|
|3     |OBUF                          |     8|
+------+------------------------------+------+
---------------------------------------------------------------------------------
Finished Writing Synthesis Report : Time (s): cpu = 00:00:15 ; elapsed = 00:00:16 . Memory (MB): peak = 2519.688 ; gain = 867.219 ; free physical = 325 ; free virtual = 8459
---------------------------------------------------------------------------------
Synthesis finished with 0 errors, 0 critical warnings and 1 warnings.
Synthesis Optimization Runtime : Time (s): cpu = 00:00:14 ; elapsed = 00:00:15 . Memory (MB): peak = 2519.688 ; gain = 818.258 ; free physical = 325 ; free virtual = 8459
Synthesis Optimization Complete : Time (s): cpu = 00:00:15 ; elapsed = 00:00:16 . Memory (MB): peak = 2519.695 ; gain = 867.219 ; free physical = 325 ; free virtual = 8459
INFO: [Project 1-571] Translating synthesized netlist
Netlist sorting complete. Time (s): cpu = 00:00:00 ; elapsed = 00:00:00 . Memory (MB): peak = 2519.695 ; gain = 0.000 ; free physical = 325 ; free virtual = 8459
INFO: [Project 1-570] Preparing netlist for logic optimization
INFO: [Opt 31-138] Pushed 0 inverter(s) to 0 load pin(s).
Netlist sorting complete. Time (s): cpu = 00:00:00 ; elapsed = 00:00:00 . Memory (MB): peak = 2519.695 ; gain = 0.000 ; free physical = 484 ; free virtual = 8619
INFO: [Project 1-111] Unisim Transformation Summary:
No Unisim elements were transformed.

Synth Design complete | Checksum: 6ea087aa
INFO: [Common 17-83] Releasing license: Synthesis
22 Infos, 2 Warnings, 0 Critical Warnings and 0 Errors encountered.
synth_design completed successfully
synth_design: Time (s): cpu = 00:00:21 ; elapsed = 00:00:20 . Memory (MB): peak = 2519.723 ; gain = 1004.496 ; free physical = 484 ; free virtual = 8619
INFO: [Common 17-2834] synth_design peak Physical Memory [PSS] (MB): overall = 1699.285; main = 1699.285; forked = 275.350
INFO: [Common 17-2834] synth_design peak Virtual Memory [VSS] (MB): overall = 3205.730; main = 2519.691; forked = 963.867
Write ShapeDB Complete: Time (s): cpu = 00:00:00 ; elapsed = 00:00:00 . Memory (MB): peak = 2543.699 ; gain = 0.000 ; free physical = 484 ; free virtual = 8619
INFO: [Common 17-1381] The checkpoint '/home/lenovo/Simulation_Linux/HLS/SwitcheLed_Vivado/SwitcheLed_Vivado.runs/synth_1/switche_LED_wrapper.dcp' has been generated.
INFO: [Vivado 12-24828] Executing command : report_utilization -file switche_LED_wrapper_utilization_synth.rpt -pb switche_LED_wrapper_utilization_synth.pb
INFO: [Common 17-206] Exiting Vivado at Tue Oct  7 13:28:00 2025...
