

================================================================
== Vitis HLS Report for 'home_alarm_system'
================================================================
* Date:           Sun Jan 11 11:26:19 2026

* Version:        2025.1 (Build 6135595 on May 21 2025)
* Project:        Home_Alarm_Sys_Vitis
* Solution:       hls (Vivado IP Flow Target)
* Product family: artix7
* Target device:  xc7a35t-cpg236-1


================================================================
== Performance Estimates
================================================================
+ Timing: 
    * Summary: 
    +--------+----------+----------+------------+
    |  Clock |  Target  | Estimated| Uncertainty|
    +--------+----------+----------+------------+
    |ap_clk  |  10.00 ns|  2.659 ns|     2.70 ns|
    +--------+----------+----------+------------+

+ Latency: 
    * Summary: 
    +---------+---------+-----------+-----------+-----+-----+---------+
    |  Latency (cycles) |   Latency (absolute)  |  Interval | Pipeline|
    |   min   |   max   |    min    |    max    | min | max |   Type  |
    +---------+---------+-----------+-----------+-----+-----+---------+
    |        1|        4|  10.000 ns|  40.000 ns|    2|    5|       no|
    +---------+---------+-----------+-----------+-----+-----+---------+

    + Detail: 
        * Instance: 
        N/A

        * Loop: 
        N/A



================================================================
== Utilization Estimates
================================================================
* Summary: 
+-----------------+---------+----+-------+-------+-----+
|       Name      | BRAM_18K| DSP|   FF  |  LUT  | URAM|
+-----------------+---------+----+-------+-------+-----+
|DSP              |        -|   -|      -|      -|    -|
|Expression       |        -|   -|      0|     49|    -|
|FIFO             |        -|   -|      -|      -|    -|
|Instance         |        -|   -|      -|      -|    -|
|Memory           |        -|   -|      -|      -|    -|
|Multiplexer      |        -|   -|      0|     71|    -|
|Register         |        -|   -|     41|      -|    -|
+-----------------+---------+----+-------+-------+-----+
|Total            |        0|   0|     41|    120|    0|
+-----------------+---------+----+-------+-------+-----+
|Available        |      100|  90|  41600|  20800|    0|
+-----------------+---------+----+-------+-------+-----+
|Utilization (%)  |        0|   0|     ~0|     ~0|    0|
+-----------------+---------+----+-------+-------+-----+

+ Detail: 
    * Instance: 
    N/A

    * DSP: 
    N/A

    * Memory: 
    N/A

    * FIFO: 
    N/A

    * Expression: 
    +-----------------------+----------+----+---+----+------------+------------+
    |     Variable Name     | Operation| DSP| FF| LUT| Bitwidth P0| Bitwidth P1|
    +-----------------------+----------+----+---+----+------------+------------+
    |icmp_ln108_fu_173_p2   |      icmp|   0|  0|  13|           5|           1|
    |icmp_ln53_fu_149_p2    |      icmp|   0|  0|  13|           4|           4|
    |icmp_ln57_1_fu_161_p2  |      icmp|   0|  0|  10|           2|           1|
    |icmp_ln57_fu_155_p2    |      icmp|   0|  0|  11|           3|           1|
    |or_ln57_fu_167_p2      |        or|   0|  0|   2|           1|           1|
    +-----------------------+----------+----+---+----+------------+------------+
    |Total                  |          |   0|  0|  49|          15|           8|
    +-----------------------+----------+----+---+----+------------+------------+

    * Multiplexer: 
    +-----------+----+-----------+-----+-----------+
    |    Name   | LUT| Input Size| Bits| Total Bits|
    +-----------+----+-----------+-----+-----------+
    |ap_NS_fsm  |  25|          6|    1|          6|
    |sg_data    |  29|          7|    8|         56|
    |sg_enable  |  17|          4|    4|         16|
    +-----------+----+-----------+-----+-----------+
    |Total      |  71|         17|   13|         78|
    +-----------+----+-----------+-----+-----------+

    * Register: 
    +-----------------------------+----+----+-----+-----------+
    |             Name            | FF | LUT| Bits| Const Bits|
    +-----------------------------+----+----+-----+-----------+
    |ap_CS_fsm                    |   5|   0|    5|          0|
    |icmp_ln108_reg_275           |   1|   0|    1|          0|
    |icmp_ln53_reg_259            |   1|   0|    1|          0|
    |icmp_ln57_1_reg_267          |   1|   0|    1|          0|
    |icmp_ln57_reg_263            |   1|   0|    1|          0|
    |or_ln57_reg_271              |   1|   0|    1|          0|
    |push_buttons_read_reg_241    |   5|   0|    5|          0|
    |slide_switches_read_reg_250  |  16|   0|   16|          0|
    |tmp_1_reg_291                |   1|   0|    1|          0|
    |tmp_2_reg_295                |   1|   0|    1|          0|
    |tmp_3_reg_299                |   1|   0|    1|          0|
    |tmp_4_reg_303                |   1|   0|    1|          0|
    |tmp_5_reg_307                |   1|   0|    1|          0|
    |tmp_6_reg_311                |   1|   0|    1|          0|
    |tmp_7_reg_315                |   1|   0|    1|          0|
    |tmp_reg_287                  |   1|   0|    1|          0|
    |trunc_ln47_1_reg_283         |   1|   0|    1|          0|
    |trunc_ln47_reg_279           |   1|   0|    1|          0|
    +-----------------------------+----+----+-----+-----------+
    |Total                        |  41|   0|   41|          0|
    +-----------------------------+----+----+-----+-----------+



================================================================
== Interface
================================================================
* Summary: 
+----------------+-----+-----+--------------+-------------------+--------------+
|    RTL Ports   | Dir | Bits|   Protocol   |   Source Object   |    C Type    |
+----------------+-----+-----+--------------+-------------------+--------------+
|ap_clk          |   in|    1|  ap_ctrl_none|  home_alarm_system|  return value|
|ap_rst          |   in|    1|  ap_ctrl_none|  home_alarm_system|  return value|
|slide_switches  |   in|   16|       ap_none|     slide_switches|        scalar|
|push_buttons    |   in|    5|       ap_none|       push_buttons|        scalar|
|leds            |  out|   16|       ap_none|               leds|       pointer|
|sg_data         |  out|    8|       ap_none|            sg_data|       pointer|
|sg_enable       |  out|    4|       ap_none|          sg_enable|       pointer|
+----------------+-----+-----+--------------+-------------------+--------------+

