/home/lenovo/Simulation_Linux/HLS/Parity_Bit_Vitis/Parity_Bit_Vitis/hls/.autopilot/db/main_parity_bit.pp.0.cpp:2261:5: warning: Added loop label VITIS_LOOP_676_1:   [xilinx-label-all-loops]
    for (unsigned i = low; i != high+1; ++i) {
    ^~~
    VITIS_LOOP_676_1: 
/home/lenovo/Simulation_Linux/HLS/Parity_Bit_Vitis/Parity_Bit_Vitis/hls/.autopilot/db/main_parity_bit.pp.0.cpp:2261:5: note: FIX-IT applied suggested code changes
/home/lenovo/Simulation_Linux/HLS/Parity_Bit_Vitis/Parity_Bit_Vitis/hls/.autopilot/db/main_parity_bit.pp.0.cpp:2275:5: warning: Added loop label VITIS_LOOP_690_1:   [xilinx-label-all-loops]
    for (unsigned i = low; i != high+1; ++i) {
    ^~~
    VITIS_LOOP_690_1: 
/home/lenovo/Simulation_Linux/HLS/Parity_Bit_Vitis/Parity_Bit_Vitis/hls/.autopilot/db/main_parity_bit.pp.0.cpp:2275:5: note: FIX-IT applied suggested code changes
/home/lenovo/Simulation_Linux/HLS/Parity_Bit_Vitis/Parity_Bit_Vitis/hls/.autopilot/db/main_parity_bit.pp.0.cpp:2289:5: warning: Added loop label VITIS_LOOP_704_1:   [xilinx-label-all-loops]
    for (unsigned i = low; i != high+1; ++i) {
    ^~~
    VITIS_LOOP_704_1: 
/home/lenovo/Simulation_Linux/HLS/Parity_Bit_Vitis/Parity_Bit_Vitis/hls/.autopilot/db/main_parity_bit.pp.0.cpp:2289:5: note: FIX-IT applied suggested code changes
/home/lenovo/Simulation_Linux/HLS/Parity_Bit_Vitis/Parity_Bit_Vitis/hls/.autopilot/db/main_parity_bit.pp.0.cpp:4257:7: warning: Added loop label VITIS_LOOP_1248_1:   [xilinx-label-all-loops]
      for (i = 0; i < __N - 1; ++i) {
      ^~~
      VITIS_LOOP_1248_1: 
/home/lenovo/Simulation_Linux/HLS/Parity_Bit_Vitis/Parity_Bit_Vitis/hls/.autopilot/db/main_parity_bit.pp.0.cpp:4257:7: note: FIX-IT applied suggested code changes
/home/lenovo/Simulation_Linux/HLS/Parity_Bit_Vitis/Parity_Bit_Vitis/hls/.autopilot/db/main_parity_bit.pp.0.cpp:6229:2: warning: Added loop label VITIS_LOOP_16_1:   [xilinx-label-all-loops]
 for (int i = 0; i < W; i++) {
 ^~~
 VITIS_LOOP_16_1: 
/home/lenovo/Simulation_Linux/HLS/Parity_Bit_Vitis/Parity_Bit_Vitis/hls/.autopilot/db/main_parity_bit.pp.0.cpp:6229:2: note: FIX-IT applied suggested code changes
