

================================================================
== Vitis HLS Report for 'parity_generator'
================================================================
* Date:           Mon Dec  8 14:07:06 2025

* Version:        2025.1 (Build 6135595 on May 21 2025)
* Project:        Parity_Bit_Vitis
* Solution:       hls (Vivado IP Flow Target)
* Product family: artix7
* Target device:  xc7a35t-cpg236-1


================================================================
== Performance Estimates
================================================================
+ Timing: 
    * Summary: 
    +--------+----------+----------+------------+
    |  Clock |  Target  | Estimated| Uncertainty|
    +--------+----------+----------+------------+
    |ap_clk  |  10.00 ns|  2.934 ns|     2.70 ns|
    +--------+----------+----------+------------+

+ Latency: 
    * Summary: 
    +---------+---------+----------+----------+-----+-----+---------+
    |  Latency (cycles) |  Latency (absolute) |  Interval | Pipeline|
    |   min   |   max   |    min   |    max   | min | max |   Type  |
    +---------+---------+----------+----------+-----+-----+---------+
    |        0|        0|      0 ns|      0 ns|    1|    1|       no|
    +---------+---------+----------+----------+-----+-----+---------+

    + Detail: 
        * Instance: 
        N/A

        * Loop: 
        N/A

============================================================
+ Verbose Summary: Synthesis Manager
============================================================
InlineROM: 1
ExposeGlobal: 0
============================================================
+ Verbose Summary: CDFG Model
============================================================
IsTopModel: 1
ResetActiveHigh: 1
IsCombinational: 0
IsDatapathOnly: 0
HasWiredReturn: 1
HasMFsm: 0
HasVarLatency: 0
IsPipeline: 0
IsRtlPipelined: 0
IsInstanceOverlapped: 0
IsDontTouch: 0
HasImplIP: 0
IsGatedGlobalClock: 0


============================================================
+ Verbose Summary: Schedule
============================================================
* Number of FSM states : 1
* Pipeline : 0
* Dataflow Pipeline: 0

* FSM state transitions: 
1 --> 

* FSM state operations: 

State 1 <SV = 0> <Delay = 2.93>
ST_1 : Operation 2 [1/1] (0.00ns)   --->   "%specbitsmap_ln0 = specbitsmap void @_ssdm_op_SpecBitsMap, i1 0"   --->   Operation 2 'specbitsmap' 'specbitsmap_ln0' <Predicate = true> <Delay = 0.00>
ST_1 : Operation 3 [1/1] (0.00ns)   --->   "%spectopmodule_ln6 = spectopmodule void @_ssdm_op_SpecTopModule, void @empty_1" [main_parity_bit.cpp:6]   --->   Operation 3 'spectopmodule' 'spectopmodule_ln6' <Predicate = true> <Delay = 0.00>
ST_1 : Operation 4 [1/1] (0.00ns)   --->   "%specinterface_ln6 = specinterface void @_ssdm_op_SpecInterface, i32 0, void @empty_2, i32 0, i32 0, void @empty_0, i32 0, i32 0, void @empty_0, void @empty_0, void @empty_0, i32 0, i32 0, i32 0, i32 0, void @empty_0, void @empty_0, i32 4294967295, i32 0, i32 0" [main_parity_bit.cpp:6]   --->   Operation 4 'specinterface' 'specinterface_ln6' <Predicate = true> <Delay = 0.00>
ST_1 : Operation 5 [1/1] (0.00ns)   --->   "%specbitsmap_ln0 = specbitsmap void @_ssdm_op_SpecBitsMap, i16 %a"   --->   Operation 5 'specbitsmap' 'specbitsmap_ln0' <Predicate = true> <Delay = 0.00>
ST_1 : Operation 6 [1/1] (0.00ns)   --->   "%specinterface_ln0 = specinterface void @_ssdm_op_SpecInterface, i16 %a, void @empty, i32 4294967295, i32 4294967295, void @empty_0, i32 0, i32 0, void @empty_0, void @empty_0, void @empty_0, i32 0, i32 0, i32 0, i32 0, void @empty_0, void @empty_0, i32 4294967295, i32 0, i32 0"   --->   Operation 6 'specinterface' 'specinterface_ln0' <Predicate = true> <Delay = 0.00>
ST_1 : Operation 7 [1/1] (0.00ns)   --->   "%a_read = read i16 @_ssdm_op_Read.ap_none.i16, i16 %a" [main_parity_bit.cpp:6]   --->   Operation 7 'read' 'a_read' <Predicate = true> <Delay = 0.00>
ST_1 : Operation 8 [1/1] (0.00ns) (grouped into LUT with out node xor_ln20_2)   --->   "%parity = trunc i16 %a_read" [main_parity_bit.cpp:20]   --->   Operation 8 'trunc' 'parity' <Predicate = true> <Delay = 0.00>
ST_1 : Operation 9 [1/1] (0.00ns) (grouped into LUT with out node xor_ln20_2)   --->   "%tmp = bitselect i1 @_ssdm_op_BitSelect.i1.i16.i32, i16 %a_read, i32 1" [main_parity_bit.cpp:20]   --->   Operation 9 'bitselect' 'tmp' <Predicate = true> <Delay = 0.00>
ST_1 : Operation 10 [1/1] (0.00ns) (grouped into LUT with out node xor_ln20_2)   --->   "%tmp_1 = bitselect i1 @_ssdm_op_BitSelect.i1.i16.i32, i16 %a_read, i32 2" [main_parity_bit.cpp:20]   --->   Operation 10 'bitselect' 'tmp_1' <Predicate = true> <Delay = 0.00>
ST_1 : Operation 11 [1/1] (0.00ns) (grouped into LUT with out node xor_ln20_2)   --->   "%tmp_2 = bitselect i1 @_ssdm_op_BitSelect.i1.i16.i32, i16 %a_read, i32 3" [main_parity_bit.cpp:20]   --->   Operation 11 'bitselect' 'tmp_2' <Predicate = true> <Delay = 0.00>
ST_1 : Operation 12 [1/1] (0.00ns) (grouped into LUT with out node xor_ln20_6)   --->   "%tmp_3 = bitselect i1 @_ssdm_op_BitSelect.i1.i16.i32, i16 %a_read, i32 4" [main_parity_bit.cpp:20]   --->   Operation 12 'bitselect' 'tmp_3' <Predicate = true> <Delay = 0.00>
ST_1 : Operation 13 [1/1] (0.00ns) (grouped into LUT with out node xor_ln20_6)   --->   "%tmp_4 = bitselect i1 @_ssdm_op_BitSelect.i1.i16.i32, i16 %a_read, i32 5" [main_parity_bit.cpp:20]   --->   Operation 13 'bitselect' 'tmp_4' <Predicate = true> <Delay = 0.00>
ST_1 : Operation 14 [1/1] (0.00ns) (grouped into LUT with out node xor_ln20_6)   --->   "%tmp_5 = bitselect i1 @_ssdm_op_BitSelect.i1.i16.i32, i16 %a_read, i32 6" [main_parity_bit.cpp:20]   --->   Operation 14 'bitselect' 'tmp_5' <Predicate = true> <Delay = 0.00>
ST_1 : Operation 15 [1/1] (0.00ns) (grouped into LUT with out node xor_ln20_6)   --->   "%tmp_6 = bitselect i1 @_ssdm_op_BitSelect.i1.i16.i32, i16 %a_read, i32 7" [main_parity_bit.cpp:20]   --->   Operation 15 'bitselect' 'tmp_6' <Predicate = true> <Delay = 0.00>
ST_1 : Operation 16 [1/1] (0.00ns) (grouped into LUT with out node xor_ln20_9)   --->   "%tmp_7 = bitselect i1 @_ssdm_op_BitSelect.i1.i16.i32, i16 %a_read, i32 8" [main_parity_bit.cpp:20]   --->   Operation 16 'bitselect' 'tmp_7' <Predicate = true> <Delay = 0.00>
ST_1 : Operation 17 [1/1] (0.00ns) (grouped into LUT with out node xor_ln20_9)   --->   "%tmp_8 = bitselect i1 @_ssdm_op_BitSelect.i1.i16.i32, i16 %a_read, i32 9" [main_parity_bit.cpp:20]   --->   Operation 17 'bitselect' 'tmp_8' <Predicate = true> <Delay = 0.00>
ST_1 : Operation 18 [1/1] (0.00ns) (grouped into LUT with out node xor_ln20_9)   --->   "%tmp_9 = bitselect i1 @_ssdm_op_BitSelect.i1.i16.i32, i16 %a_read, i32 10" [main_parity_bit.cpp:20]   --->   Operation 18 'bitselect' 'tmp_9' <Predicate = true> <Delay = 0.00>
ST_1 : Operation 19 [1/1] (0.00ns) (grouped into LUT with out node xor_ln20_9)   --->   "%tmp_10 = bitselect i1 @_ssdm_op_BitSelect.i1.i16.i32, i16 %a_read, i32 11" [main_parity_bit.cpp:20]   --->   Operation 19 'bitselect' 'tmp_10' <Predicate = true> <Delay = 0.00>
ST_1 : Operation 20 [1/1] (0.00ns) (grouped into LUT with out node parity_1)   --->   "%tmp_11 = bitselect i1 @_ssdm_op_BitSelect.i1.i16.i32, i16 %a_read, i32 12" [main_parity_bit.cpp:20]   --->   Operation 20 'bitselect' 'tmp_11' <Predicate = true> <Delay = 0.00>
ST_1 : Operation 21 [1/1] (0.00ns) (grouped into LUT with out node parity_1)   --->   "%tmp_12 = bitselect i1 @_ssdm_op_BitSelect.i1.i16.i32, i16 %a_read, i32 13" [main_parity_bit.cpp:20]   --->   Operation 21 'bitselect' 'tmp_12' <Predicate = true> <Delay = 0.00>
ST_1 : Operation 22 [1/1] (0.00ns) (grouped into LUT with out node parity_1)   --->   "%tmp_13 = bitselect i1 @_ssdm_op_BitSelect.i1.i16.i32, i16 %a_read, i32 14" [main_parity_bit.cpp:20]   --->   Operation 22 'bitselect' 'tmp_13' <Predicate = true> <Delay = 0.00>
ST_1 : Operation 23 [1/1] (0.00ns) (grouped into LUT with out node parity_1)   --->   "%tmp_14 = bitselect i1 @_ssdm_op_BitSelect.i1.i16.i32, i16 %a_read, i32 15" [main_parity_bit.cpp:20]   --->   Operation 23 'bitselect' 'tmp_14' <Predicate = true> <Delay = 0.00>
ST_1 : Operation 24 [1/1] (0.00ns) (grouped into LUT with out node xor_ln20_2)   --->   "%xor_ln20 = xor i1 %parity, i1 %tmp" [main_parity_bit.cpp:20]   --->   Operation 24 'xor' 'xor_ln20' <Predicate = true> <Delay = 0.00> <CoreInst = "LogicGate">   --->   Core 74 'LogicGate' <Latency = 0> <II = 1> <Delay = 0.97> <FuncUnit> <Opcode : 'and' 'or' 'xor'> <InPorts = 2> <OutPorts = 1>
ST_1 : Operation 25 [1/1] (0.00ns) (grouped into LUT with out node xor_ln20_2)   --->   "%xor_ln20_1 = xor i1 %tmp_1, i1 %tmp_2" [main_parity_bit.cpp:20]   --->   Operation 25 'xor' 'xor_ln20_1' <Predicate = true> <Delay = 0.00> <CoreInst = "LogicGate">   --->   Core 74 'LogicGate' <Latency = 0> <II = 1> <Delay = 0.97> <FuncUnit> <Opcode : 'and' 'or' 'xor'> <InPorts = 2> <OutPorts = 1>
ST_1 : Operation 26 [1/1] (0.97ns) (out node of the LUT)   --->   "%xor_ln20_2 = xor i1 %xor_ln20_1, i1 %xor_ln20" [main_parity_bit.cpp:20]   --->   Operation 26 'xor' 'xor_ln20_2' <Predicate = true> <Delay = 0.97> <CoreInst = "LogicGate">   --->   Core 74 'LogicGate' <Latency = 0> <II = 1> <Delay = 0.97> <FuncUnit> <Opcode : 'and' 'or' 'xor'> <InPorts = 2> <OutPorts = 1>
ST_1 : Operation 27 [1/1] (0.00ns) (grouped into LUT with out node xor_ln20_6)   --->   "%xor_ln20_3 = xor i1 %tmp_3, i1 %tmp_4" [main_parity_bit.cpp:20]   --->   Operation 27 'xor' 'xor_ln20_3' <Predicate = true> <Delay = 0.00> <CoreInst = "LogicGate">   --->   Core 74 'LogicGate' <Latency = 0> <II = 1> <Delay = 0.97> <FuncUnit> <Opcode : 'and' 'or' 'xor'> <InPorts = 2> <OutPorts = 1>
ST_1 : Operation 28 [1/1] (0.00ns) (grouped into LUT with out node xor_ln20_6)   --->   "%xor_ln20_4 = xor i1 %tmp_5, i1 %tmp_6" [main_parity_bit.cpp:20]   --->   Operation 28 'xor' 'xor_ln20_4' <Predicate = true> <Delay = 0.00> <CoreInst = "LogicGate">   --->   Core 74 'LogicGate' <Latency = 0> <II = 1> <Delay = 0.97> <FuncUnit> <Opcode : 'and' 'or' 'xor'> <InPorts = 2> <OutPorts = 1>
ST_1 : Operation 29 [1/1] (0.00ns) (grouped into LUT with out node xor_ln20_6)   --->   "%xor_ln20_5 = xor i1 %xor_ln20_4, i1 %xor_ln20_3" [main_parity_bit.cpp:20]   --->   Operation 29 'xor' 'xor_ln20_5' <Predicate = true> <Delay = 0.00> <CoreInst = "LogicGate">   --->   Core 74 'LogicGate' <Latency = 0> <II = 1> <Delay = 0.97> <FuncUnit> <Opcode : 'and' 'or' 'xor'> <InPorts = 2> <OutPorts = 1>
ST_1 : Operation 30 [1/1] (0.97ns) (out node of the LUT)   --->   "%xor_ln20_6 = xor i1 %xor_ln20_5, i1 %xor_ln20_2" [main_parity_bit.cpp:20]   --->   Operation 30 'xor' 'xor_ln20_6' <Predicate = true> <Delay = 0.97> <CoreInst = "LogicGate">   --->   Core 74 'LogicGate' <Latency = 0> <II = 1> <Delay = 0.97> <FuncUnit> <Opcode : 'and' 'or' 'xor'> <InPorts = 2> <OutPorts = 1>
ST_1 : Operation 31 [1/1] (0.00ns) (grouped into LUT with out node xor_ln20_9)   --->   "%xor_ln20_7 = xor i1 %tmp_7, i1 %tmp_8" [main_parity_bit.cpp:20]   --->   Operation 31 'xor' 'xor_ln20_7' <Predicate = true> <Delay = 0.00> <CoreInst = "LogicGate">   --->   Core 74 'LogicGate' <Latency = 0> <II = 1> <Delay = 0.97> <FuncUnit> <Opcode : 'and' 'or' 'xor'> <InPorts = 2> <OutPorts = 1>
ST_1 : Operation 32 [1/1] (0.00ns) (grouped into LUT with out node xor_ln20_9)   --->   "%xor_ln20_8 = xor i1 %tmp_9, i1 %tmp_10" [main_parity_bit.cpp:20]   --->   Operation 32 'xor' 'xor_ln20_8' <Predicate = true> <Delay = 0.00> <CoreInst = "LogicGate">   --->   Core 74 'LogicGate' <Latency = 0> <II = 1> <Delay = 0.97> <FuncUnit> <Opcode : 'and' 'or' 'xor'> <InPorts = 2> <OutPorts = 1>
ST_1 : Operation 33 [1/1] (0.97ns) (out node of the LUT)   --->   "%xor_ln20_9 = xor i1 %xor_ln20_8, i1 %xor_ln20_7" [main_parity_bit.cpp:20]   --->   Operation 33 'xor' 'xor_ln20_9' <Predicate = true> <Delay = 0.97> <CoreInst = "LogicGate">   --->   Core 74 'LogicGate' <Latency = 0> <II = 1> <Delay = 0.97> <FuncUnit> <Opcode : 'and' 'or' 'xor'> <InPorts = 2> <OutPorts = 1>
ST_1 : Operation 34 [1/1] (0.00ns) (grouped into LUT with out node parity_1)   --->   "%xor_ln20_10 = xor i1 %tmp_11, i1 %tmp_12" [main_parity_bit.cpp:20]   --->   Operation 34 'xor' 'xor_ln20_10' <Predicate = true> <Delay = 0.00> <CoreInst = "LogicGate">   --->   Core 74 'LogicGate' <Latency = 0> <II = 1> <Delay = 0.97> <FuncUnit> <Opcode : 'and' 'or' 'xor'> <InPorts = 2> <OutPorts = 1>
ST_1 : Operation 35 [1/1] (0.00ns) (grouped into LUT with out node parity_1)   --->   "%xor_ln20_11 = xor i1 %tmp_13, i1 %tmp_14" [main_parity_bit.cpp:20]   --->   Operation 35 'xor' 'xor_ln20_11' <Predicate = true> <Delay = 0.00> <CoreInst = "LogicGate">   --->   Core 74 'LogicGate' <Latency = 0> <II = 1> <Delay = 0.97> <FuncUnit> <Opcode : 'and' 'or' 'xor'> <InPorts = 2> <OutPorts = 1>
ST_1 : Operation 36 [1/1] (0.00ns) (grouped into LUT with out node parity_1)   --->   "%xor_ln20_12 = xor i1 %xor_ln20_11, i1 %xor_ln20_10" [main_parity_bit.cpp:20]   --->   Operation 36 'xor' 'xor_ln20_12' <Predicate = true> <Delay = 0.00> <CoreInst = "LogicGate">   --->   Core 74 'LogicGate' <Latency = 0> <II = 1> <Delay = 0.97> <FuncUnit> <Opcode : 'and' 'or' 'xor'> <InPorts = 2> <OutPorts = 1>
ST_1 : Operation 37 [1/1] (0.00ns) (grouped into LUT with out node parity_1)   --->   "%xor_ln20_13 = xor i1 %xor_ln20_12, i1 %xor_ln20_9" [main_parity_bit.cpp:20]   --->   Operation 37 'xor' 'xor_ln20_13' <Predicate = true> <Delay = 0.00> <CoreInst = "LogicGate">   --->   Core 74 'LogicGate' <Latency = 0> <II = 1> <Delay = 0.97> <FuncUnit> <Opcode : 'and' 'or' 'xor'> <InPorts = 2> <OutPorts = 1>
ST_1 : Operation 38 [1/1] (0.97ns) (out node of the LUT)   --->   "%parity_1 = xor i1 %xor_ln20_13, i1 %xor_ln20_6" [main_parity_bit.cpp:20]   --->   Operation 38 'xor' 'parity_1' <Predicate = true> <Delay = 0.97> <CoreInst = "LogicGate">   --->   Core 74 'LogicGate' <Latency = 0> <II = 1> <Delay = 0.97> <FuncUnit> <Opcode : 'and' 'or' 'xor'> <InPorts = 2> <OutPorts = 1>
ST_1 : Operation 39 [1/1] (0.00ns)   --->   "%ret_ln25 = ret i1 %parity_1" [main_parity_bit.cpp:25]   --->   Operation 39 'ret' 'ret_ln25' <Predicate = true> <Delay = 0.00>


============================================================
+ Verbose Summary: Timing violations
============================================================
Target clock period: 10.000ns, clock uncertainty: 2.700ns.

 <State 1>: 2.934ns
The critical path consists of the following:
	wire read operation ('a_read', main_parity_bit.cpp:6) on port 'a' (main_parity_bit.cpp:6) [7]  (0.000 ns)
	'xor' operation 1 bit ('xor_ln20', main_parity_bit.cpp:20) [24]  (0.000 ns)
	'xor' operation 1 bit ('xor_ln20_2', main_parity_bit.cpp:20) [26]  (0.978 ns)
	'xor' operation 1 bit ('xor_ln20_6', main_parity_bit.cpp:20) [30]  (0.978 ns)
	'xor' operation 1 bit ('parity', main_parity_bit.cpp:20) [38]  (0.978 ns)


============================================================
+ Verbose Summary: Binding
============================================================
N/A
* FSMD analyzer results:
  - Output states:
 - Input state : 
  - Chain level:
	State 1


============================================================
+ Verbose Summary: Datapath Resource usage 
============================================================
N/A
