

================================================================
== Vitis HLS Report for 'parity_generator'
================================================================
* Date:           Mon Dec  8 14:07:06 2025

* Version:        2025.1 (Build 6135595 on May 21 2025)
* Project:        Parity_Bit_Vitis
* Solution:       hls (Vivado IP Flow Target)
* Product family: artix7
* Target device:  xc7a35t-cpg236-1


================================================================
== Performance Estimates
================================================================
+ Timing: 
    * Summary: 
    +--------+----------+----------+------------+
    |  Clock |  Target  | Estimated| Uncertainty|
    +--------+----------+----------+------------+
    |ap_clk  |  10.00 ns|  2.934 ns|     2.70 ns|
    +--------+----------+----------+------------+

+ Latency: 
    * Summary: 
    +---------+---------+----------+----------+-----+-----+---------+
    |  Latency (cycles) |  Latency (absolute) |  Interval | Pipeline|
    |   min   |   max   |    min   |    max   | min | max |   Type  |
    +---------+---------+----------+----------+-----+-----+---------+
    |        0|        0|      0 ns|      0 ns|    1|    1|       no|
    +---------+---------+----------+----------+-----+-----+---------+

    + Detail: 
        * Instance: 
        N/A

        * Loop: 
        N/A



================================================================
== Utilization Estimates
================================================================
* Summary: 
+-----------------+---------+----+-------+-------+-----+
|       Name      | BRAM_18K| DSP|   FF  |  LUT  | URAM|
+-----------------+---------+----+-------+-------+-----+
|DSP              |        -|   -|      -|      -|    -|
|Expression       |        -|   -|      0|     30|    -|
|FIFO             |        -|   -|      -|      -|    -|
|Instance         |        -|   -|      -|      -|    -|
|Memory           |        -|   -|      -|      -|    -|
|Multiplexer      |        -|   -|      -|      -|    -|
|Register         |        -|   -|      -|      -|    -|
+-----------------+---------+----+-------+-------+-----+
|Total            |        0|   0|      0|     30|    0|
+-----------------+---------+----+-------+-------+-----+
|Available        |      100|  90|  41600|  20800|    0|
+-----------------+---------+----+-------+-------+-----+
|Utilization (%)  |        0|   0|      0|     ~0|    0|
+-----------------+---------+----+-------+-------+-----+

+ Detail: 
    * Instance: 
    N/A

    * DSP: 
    N/A

    * Memory: 
    N/A

    * FIFO: 
    N/A

    * Expression: 
    +-----------------------+----------+----+---+----+------------+------------+
    |     Variable Name     | Operation| DSP| FF| LUT| Bitwidth P0| Bitwidth P1|
    +-----------------------+----------+----+---+----+------------+------------+
    |ap_return              |       xor|   0|  0|   2|           1|           1|
    |xor_ln20_10_fu_246_p2  |       xor|   0|  0|   2|           1|           1|
    |xor_ln20_11_fu_252_p2  |       xor|   0|  0|   2|           1|           1|
    |xor_ln20_12_fu_258_p2  |       xor|   0|  0|   2|           1|           1|
    |xor_ln20_13_fu_264_p2  |       xor|   0|  0|   2|           1|           1|
    |xor_ln20_1_fu_192_p2   |       xor|   0|  0|   2|           1|           1|
    |xor_ln20_2_fu_198_p2   |       xor|   0|  0|   2|           1|           1|
    |xor_ln20_3_fu_204_p2   |       xor|   0|  0|   2|           1|           1|
    |xor_ln20_4_fu_210_p2   |       xor|   0|  0|   2|           1|           1|
    |xor_ln20_5_fu_216_p2   |       xor|   0|  0|   2|           1|           1|
    |xor_ln20_6_fu_222_p2   |       xor|   0|  0|   2|           1|           1|
    |xor_ln20_7_fu_228_p2   |       xor|   0|  0|   2|           1|           1|
    |xor_ln20_8_fu_234_p2   |       xor|   0|  0|   2|           1|           1|
    |xor_ln20_9_fu_240_p2   |       xor|   0|  0|   2|           1|           1|
    |xor_ln20_fu_186_p2     |       xor|   0|  0|   2|           1|           1|
    +-----------------------+----------+----+---+----+------------+------------+
    |Total                  |          |   0|  0|  30|          15|          15|
    +-----------------------+----------+----+---+----+------------+------------+

    * Multiplexer: 
    N/A

    * Register: 
    N/A



================================================================
== Interface
================================================================
* Summary: 
+-----------+-----+-----+--------------+------------------+--------------+
| RTL Ports | Dir | Bits|   Protocol   |   Source Object  |    C Type    |
+-----------+-----+-----+--------------+------------------+--------------+
|a          |   in|   16|       ap_none|                 a|        scalar|
|ap_return  |  out|    1|  ap_ctrl_none|  parity_generator|  return value|
|ap_rst     |   in|    1|  ap_ctrl_none|  parity_generator|  return value|
+-----------+-----+-----+--------------+------------------+--------------+

============================================================
+ Verbose Summary: Synthesis Manager
============================================================
InlineROM: 1
ExposeGlobal: 0
============================================================
+ Verbose Summary: CDFG Model
============================================================
IsTopModel: 1
ResetActiveHigh: 1
IsCombinational: 1
IsDatapathOnly: 2
HasWiredReturn: 1
HasMFsm: 0
HasVarLatency: 0
IsPipeline: 0
IsRtlPipelined: 0
IsInstanceOverlapped: 0
IsDontTouch: 0
HasImplIP: 0
IsGatedGlobalClock: 0


============================================================
+ Verbose Summary: Schedule
============================================================
* Number of FSM states : 1
* Pipeline : 0
* Dataflow Pipeline: 0

* FSM state transitions: 
1 --> 

* FSM state operations: 

State 1 <SV = 0> <Delay = 2.93>
ST_1 : Operation 2 [1/1] (0.00ns)   --->   "%specbitsmap_ln0 = specbitsmap void @_ssdm_op_SpecBitsMap, i1 0"   --->   Operation 2 'specbitsmap' 'specbitsmap_ln0' <Predicate = true> <Delay = 0.00>
ST_1 : Operation 3 [1/1] (0.00ns)   --->   "%spectopmodule_ln6 = spectopmodule void @_ssdm_op_SpecTopModule, void @empty_1" [main_parity_bit.cpp:6]   --->   Operation 3 'spectopmodule' 'spectopmodule_ln6' <Predicate = true> <Delay = 0.00>
ST_1 : Operation 4 [1/1] (0.00ns)   --->   "%specinterface_ln6 = specinterface void @_ssdm_op_SpecInterface, i32 0, void @empty_2, i32 0, i32 0, void @empty_0, i32 0, i32 0, void @empty_0, void @empty_0, void @empty_0, i32 0, i32 0, i32 0, i32 0, void @empty_0, void @empty_0, i32 4294967295, i32 0, i32 0" [main_parity_bit.cpp:6]   --->   Operation 4 'specinterface' 'specinterface_ln6' <Predicate = true> <Delay = 0.00>
ST_1 : Operation 5 [1/1] (0.00ns)   --->   "%specbitsmap_ln0 = specbitsmap void @_ssdm_op_SpecBitsMap, i16 %a"   --->   Operation 5 'specbitsmap' 'specbitsmap_ln0' <Predicate = true> <Delay = 0.00>
ST_1 : Operation 6 [1/1] (0.00ns)   --->   "%specinterface_ln0 = specinterface void @_ssdm_op_SpecInterface, i16 %a, void @empty, i32 4294967295, i32 4294967295, void @empty_0, i32 0, i32 0, void @empty_0, void @empty_0, void @empty_0, i32 0, i32 0, i32 0, i32 0, void @empty_0, void @empty_0, i32 4294967295, i32 0, i32 0"   --->   Operation 6 'specinterface' 'specinterface_ln0' <Predicate = true> <Delay = 0.00>
ST_1 : Operation 7 [1/1] (0.00ns)   --->   "%a_read = read i16 @_ssdm_op_Read.ap_none.i16, i16 %a" [main_parity_bit.cpp:6]   --->   Operation 7 'read' 'a_read' <Predicate = true> <Delay = 0.00>
ST_1 : Operation 8 [1/1] (0.00ns) (grouped into LUT with out node xor_ln20_2)   --->   "%parity = trunc i16 %a_read" [main_parity_bit.cpp:20]   --->   Operation 8 'trunc' 'parity' <Predicate = true> <Delay = 0.00>
ST_1 : Operation 9 [1/1] (0.00ns) (grouped into LUT with out node xor_ln20_2)   --->   "%tmp = bitselect i1 @_ssdm_op_BitSelect.i1.i16.i32, i16 %a_read, i32 1" [main_parity_bit.cpp:20]   --->   Operation 9 'bitselect' 'tmp' <Predicate = true> <Delay = 0.00>
ST_1 : Operation 10 [1/1] (0.00ns) (grouped into LUT with out node xor_ln20_2)   --->   "%tmp_1 = bitselect i1 @_ssdm_op_BitSelect.i1.i16.i32, i16 %a_read, i32 2" [main_parity_bit.cpp:20]   --->   Operation 10 'bitselect' 'tmp_1' <Predicate = true> <Delay = 0.00>
ST_1 : Operation 11 [1/1] (0.00ns) (grouped into LUT with out node xor_ln20_2)   --->   "%tmp_2 = bitselect i1 @_ssdm_op_BitSelect.i1.i16.i32, i16 %a_read, i32 3" [main_parity_bit.cpp:20]   --->   Operation 11 'bitselect' 'tmp_2' <Predicate = true> <Delay = 0.00>
ST_1 : Operation 12 [1/1] (0.00ns) (grouped into LUT with out node xor_ln20_6)   --->   "%tmp_3 = bitselect i1 @_ssdm_op_BitSelect.i1.i16.i32, i16 %a_read, i32 4" [main_parity_bit.cpp:20]   --->   Operation 12 'bitselect' 'tmp_3' <Predicate = true> <Delay = 0.00>
ST_1 : Operation 13 [1/1] (0.00ns) (grouped into LUT with out node xor_ln20_6)   --->   "%tmp_4 = bitselect i1 @_ssdm_op_BitSelect.i1.i16.i32, i16 %a_read, i32 5" [main_parity_bit.cpp:20]   --->   Operation 13 'bitselect' 'tmp_4' <Predicate = true> <Delay = 0.00>
ST_1 : Operation 14 [1/1] (0.00ns) (grouped into LUT with out node xor_ln20_6)   --->   "%tmp_5 = bitselect i1 @_ssdm_op_BitSelect.i1.i16.i32, i16 %a_read, i32 6" [main_parity_bit.cpp:20]   --->   Operation 14 'bitselect' 'tmp_5' <Predicate = true> <Delay = 0.00>
ST_1 : Operation 15 [1/1] (0.00ns) (grouped into LUT with out node xor_ln20_6)   --->   "%tmp_6 = bitselect i1 @_ssdm_op_BitSelect.i1.i16.i32, i16 %a_read, i32 7" [main_parity_bit.cpp:20]   --->   Operation 15 'bitselect' 'tmp_6' <Predicate = true> <Delay = 0.00>
ST_1 : Operation 16 [1/1] (0.00ns) (grouped into LUT with out node xor_ln20_9)   --->   "%tmp_7 = bitselect i1 @_ssdm_op_BitSelect.i1.i16.i32, i16 %a_read, i32 8" [main_parity_bit.cpp:20]   --->   Operation 16 'bitselect' 'tmp_7' <Predicate = true> <Delay = 0.00>
ST_1 : Operation 17 [1/1] (0.00ns) (grouped into LUT with out node xor_ln20_9)   --->   "%tmp_8 = bitselect i1 @_ssdm_op_BitSelect.i1.i16.i32, i16 %a_read, i32 9" [main_parity_bit.cpp:20]   --->   Operation 17 'bitselect' 'tmp_8' <Predicate = true> <Delay = 0.00>
ST_1 : Operation 18 [1/1] (0.00ns) (grouped into LUT with out node xor_ln20_9)   --->   "%tmp_9 = bitselect i1 @_ssdm_op_BitSelect.i1.i16.i32, i16 %a_read, i32 10" [main_parity_bit.cpp:20]   --->   Operation 18 'bitselect' 'tmp_9' <Predicate = true> <Delay = 0.00>
ST_1 : Operation 19 [1/1] (0.00ns) (grouped into LUT with out node xor_ln20_9)   --->   "%tmp_10 = bitselect i1 @_ssdm_op_BitSelect.i1.i16.i32, i16 %a_read, i32 11" [main_parity_bit.cpp:20]   --->   Operation 19 'bitselect' 'tmp_10' <Predicate = true> <Delay = 0.00>
ST_1 : Operation 20 [1/1] (0.00ns) (grouped into LUT with out node parity_1)   --->   "%tmp_11 = bitselect i1 @_ssdm_op_BitSelect.i1.i16.i32, i16 %a_read, i32 12" [main_parity_bit.cpp:20]   --->   Operation 20 'bitselect' 'tmp_11' <Predicate = true> <Delay = 0.00>
ST_1 : Operation 21 [1/1] (0.00ns) (grouped into LUT with out node parity_1)   --->   "%tmp_12 = bitselect i1 @_ssdm_op_BitSelect.i1.i16.i32, i16 %a_read, i32 13" [main_parity_bit.cpp:20]   --->   Operation 21 'bitselect' 'tmp_12' <Predicate = true> <Delay = 0.00>
ST_1 : Operation 22 [1/1] (0.00ns) (grouped into LUT with out node parity_1)   --->   "%tmp_13 = bitselect i1 @_ssdm_op_BitSelect.i1.i16.i32, i16 %a_read, i32 14" [main_parity_bit.cpp:20]   --->   Operation 22 'bitselect' 'tmp_13' <Predicate = true> <Delay = 0.00>
ST_1 : Operation 23 [1/1] (0.00ns) (grouped into LUT with out node parity_1)   --->   "%tmp_14 = bitselect i1 @_ssdm_op_BitSelect.i1.i16.i32, i16 %a_read, i32 15" [main_parity_bit.cpp:20]   --->   Operation 23 'bitselect' 'tmp_14' <Predicate = true> <Delay = 0.00>
ST_1 : Operation 24 [1/1] (0.00ns) (grouped into LUT with out node xor_ln20_2)   --->   "%xor_ln20 = xor i1 %parity, i1 %tmp" [main_parity_bit.cpp:20]   --->   Operation 24 'xor' 'xor_ln20' <Predicate = true> <Delay = 0.00> <CoreInst = "LogicGate">   --->   Core 74 'LogicGate' <Latency = 0> <II = 1> <Delay = 0.97> <FuncUnit> <Opcode : 'and' 'or' 'xor'> <InPorts = 2> <OutPorts = 1>
ST_1 : Operation 25 [1/1] (0.00ns) (grouped into LUT with out node xor_ln20_2)   --->   "%xor_ln20_1 = xor i1 %tmp_1, i1 %tmp_2" [main_parity_bit.cpp:20]   --->   Operation 25 'xor' 'xor_ln20_1' <Predicate = true> <Delay = 0.00> <CoreInst = "LogicGate">   --->   Core 74 'LogicGate' <Latency = 0> <II = 1> <Delay = 0.97> <FuncUnit> <Opcode : 'and' 'or' 'xor'> <InPorts = 2> <OutPorts = 1>
ST_1 : Operation 26 [1/1] (0.97ns) (out node of the LUT)   --->   "%xor_ln20_2 = xor i1 %xor_ln20_1, i1 %xor_ln20" [main_parity_bit.cpp:20]   --->   Operation 26 'xor' 'xor_ln20_2' <Predicate = true> <Delay = 0.97> <CoreInst = "LogicGate">   --->   Core 74 'LogicGate' <Latency = 0> <II = 1> <Delay = 0.97> <FuncUnit> <Opcode : 'and' 'or' 'xor'> <InPorts = 2> <OutPorts = 1>
ST_1 : Operation 27 [1/1] (0.00ns) (grouped into LUT with out node xor_ln20_6)   --->   "%xor_ln20_3 = xor i1 %tmp_3, i1 %tmp_4" [main_parity_bit.cpp:20]   --->   Operation 27 'xor' 'xor_ln20_3' <Predicate = true> <Delay = 0.00> <CoreInst = "LogicGate">   --->   Core 74 'LogicGate' <Latency = 0> <II = 1> <Delay = 0.97> <FuncUnit> <Opcode : 'and' 'or' 'xor'> <InPorts = 2> <OutPorts = 1>
ST_1 : Operation 28 [1/1] (0.00ns) (grouped into LUT with out node xor_ln20_6)   --->   "%xor_ln20_4 = xor i1 %tmp_5, i1 %tmp_6" [main_parity_bit.cpp:20]   --->   Operation 28 'xor' 'xor_ln20_4' <Predicate = true> <Delay = 0.00> <CoreInst = "LogicGate">   --->   Core 74 'LogicGate' <Latency = 0> <II = 1> <Delay = 0.97> <FuncUnit> <Opcode : 'and' 'or' 'xor'> <InPorts = 2> <OutPorts = 1>
ST_1 : Operation 29 [1/1] (0.00ns) (grouped into LUT with out node xor_ln20_6)   --->   "%xor_ln20_5 = xor i1 %xor_ln20_4, i1 %xor_ln20_3" [main_parity_bit.cpp:20]   --->   Operation 29 'xor' 'xor_ln20_5' <Predicate = true> <Delay = 0.00> <CoreInst = "LogicGate">   --->   Core 74 'LogicGate' <Latency = 0> <II = 1> <Delay = 0.97> <FuncUnit> <Opcode : 'and' 'or' 'xor'> <InPorts = 2> <OutPorts = 1>
ST_1 : Operation 30 [1/1] (0.97ns) (out node of the LUT)   --->   "%xor_ln20_6 = xor i1 %xor_ln20_5, i1 %xor_ln20_2" [main_parity_bit.cpp:20]   --->   Operation 30 'xor' 'xor_ln20_6' <Predicate = true> <Delay = 0.97> <CoreInst = "LogicGate">   --->   Core 74 'LogicGate' <Latency = 0> <II = 1> <Delay = 0.97> <FuncUnit> <Opcode : 'and' 'or' 'xor'> <InPorts = 2> <OutPorts = 1>
ST_1 : Operation 31 [1/1] (0.00ns) (grouped into LUT with out node xor_ln20_9)   --->   "%xor_ln20_7 = xor i1 %tmp_7, i1 %tmp_8" [main_parity_bit.cpp:20]   --->   Operation 31 'xor' 'xor_ln20_7' <Predicate = true> <Delay = 0.00> <CoreInst = "LogicGate">   --->   Core 74 'LogicGate' <Latency = 0> <II = 1> <Delay = 0.97> <FuncUnit> <Opcode : 'and' 'or' 'xor'> <InPorts = 2> <OutPorts = 1>
ST_1 : Operation 32 [1/1] (0.00ns) (grouped into LUT with out node xor_ln20_9)   --->   "%xor_ln20_8 = xor i1 %tmp_9, i1 %tmp_10" [main_parity_bit.cpp:20]   --->   Operation 32 'xor' 'xor_ln20_8' <Predicate = true> <Delay = 0.00> <CoreInst = "LogicGate">   --->   Core 74 'LogicGate' <Latency = 0> <II = 1> <Delay = 0.97> <FuncUnit> <Opcode : 'and' 'or' 'xor'> <InPorts = 2> <OutPorts = 1>
ST_1 : Operation 33 [1/1] (0.97ns) (out node of the LUT)   --->   "%xor_ln20_9 = xor i1 %xor_ln20_8, i1 %xor_ln20_7" [main_parity_bit.cpp:20]   --->   Operation 33 'xor' 'xor_ln20_9' <Predicate = true> <Delay = 0.97> <CoreInst = "LogicGate">   --->   Core 74 'LogicGate' <Latency = 0> <II = 1> <Delay = 0.97> <FuncUnit> <Opcode : 'and' 'or' 'xor'> <InPorts = 2> <OutPorts = 1>
ST_1 : Operation 34 [1/1] (0.00ns) (grouped into LUT with out node parity_1)   --->   "%xor_ln20_10 = xor i1 %tmp_11, i1 %tmp_12" [main_parity_bit.cpp:20]   --->   Operation 34 'xor' 'xor_ln20_10' <Predicate = true> <Delay = 0.00> <CoreInst = "LogicGate">   --->   Core 74 'LogicGate' <Latency = 0> <II = 1> <Delay = 0.97> <FuncUnit> <Opcode : 'and' 'or' 'xor'> <InPorts = 2> <OutPorts = 1>
ST_1 : Operation 35 [1/1] (0.00ns) (grouped into LUT with out node parity_1)   --->   "%xor_ln20_11 = xor i1 %tmp_13, i1 %tmp_14" [main_parity_bit.cpp:20]   --->   Operation 35 'xor' 'xor_ln20_11' <Predicate = true> <Delay = 0.00> <CoreInst = "LogicGate">   --->   Core 74 'LogicGate' <Latency = 0> <II = 1> <Delay = 0.97> <FuncUnit> <Opcode : 'and' 'or' 'xor'> <InPorts = 2> <OutPorts = 1>
ST_1 : Operation 36 [1/1] (0.00ns) (grouped into LUT with out node parity_1)   --->   "%xor_ln20_12 = xor i1 %xor_ln20_11, i1 %xor_ln20_10" [main_parity_bit.cpp:20]   --->   Operation 36 'xor' 'xor_ln20_12' <Predicate = true> <Delay = 0.00> <CoreInst = "LogicGate">   --->   Core 74 'LogicGate' <Latency = 0> <II = 1> <Delay = 0.97> <FuncUnit> <Opcode : 'and' 'or' 'xor'> <InPorts = 2> <OutPorts = 1>
ST_1 : Operation 37 [1/1] (0.00ns) (grouped into LUT with out node parity_1)   --->   "%xor_ln20_13 = xor i1 %xor_ln20_12, i1 %xor_ln20_9" [main_parity_bit.cpp:20]   --->   Operation 37 'xor' 'xor_ln20_13' <Predicate = true> <Delay = 0.00> <CoreInst = "LogicGate">   --->   Core 74 'LogicGate' <Latency = 0> <II = 1> <Delay = 0.97> <FuncUnit> <Opcode : 'and' 'or' 'xor'> <InPorts = 2> <OutPorts = 1>
ST_1 : Operation 38 [1/1] (0.97ns) (out node of the LUT)   --->   "%parity_1 = xor i1 %xor_ln20_13, i1 %xor_ln20_6" [main_parity_bit.cpp:20]   --->   Operation 38 'xor' 'parity_1' <Predicate = true> <Delay = 0.97> <CoreInst = "LogicGate">   --->   Core 74 'LogicGate' <Latency = 0> <II = 1> <Delay = 0.97> <FuncUnit> <Opcode : 'and' 'or' 'xor'> <InPorts = 2> <OutPorts = 1>
ST_1 : Operation 39 [1/1] (0.00ns)   --->   "%ret_ln25 = ret i1 %parity_1" [main_parity_bit.cpp:25]   --->   Operation 39 'ret' 'ret_ln25' <Predicate = true> <Delay = 0.00>


============================================================
+ Verbose Summary: Binding
============================================================
STG Binding: 
---------------- STG Properties BEGIN ----------------
- Is combinational: 1
- Is one-state seq: 0
- Is datapath-only: 0
- Is pipelined: 0
- Is top level: 1
Port [ Return ] is wired: 1; IO mode=ap_ctrl_none:ce=0
Port [ a]:  wired=1; compound=0; hidden=0; nouse=0; global=0; static=0; extern=0; dir=0; type=0; pingpong=0; private_global=0; IO mode=ap_none:ce=0
---------------- STG Properties END ------------------

---------------- Datapath Model BEGIN ----------------

<LifeTime>
<method=bitvector/>
specbitsmap_ln0   (specbitsmap  ) [ 00]
spectopmodule_ln6 (spectopmodule) [ 00]
specinterface_ln6 (specinterface) [ 00]
specbitsmap_ln0   (specbitsmap  ) [ 00]
specinterface_ln0 (specinterface) [ 00]
a_read            (read         ) [ 00]
parity            (trunc        ) [ 00]
tmp               (bitselect    ) [ 00]
tmp_1             (bitselect    ) [ 00]
tmp_2             (bitselect    ) [ 00]
tmp_3             (bitselect    ) [ 00]
tmp_4             (bitselect    ) [ 00]
tmp_5             (bitselect    ) [ 00]
tmp_6             (bitselect    ) [ 00]
tmp_7             (bitselect    ) [ 00]
tmp_8             (bitselect    ) [ 00]
tmp_9             (bitselect    ) [ 00]
tmp_10            (bitselect    ) [ 00]
tmp_11            (bitselect    ) [ 00]
tmp_12            (bitselect    ) [ 00]
tmp_13            (bitselect    ) [ 00]
tmp_14            (bitselect    ) [ 00]
xor_ln20          (xor          ) [ 00]
xor_ln20_1        (xor          ) [ 00]
xor_ln20_2        (xor          ) [ 00]
xor_ln20_3        (xor          ) [ 00]
xor_ln20_4        (xor          ) [ 00]
xor_ln20_5        (xor          ) [ 00]
xor_ln20_6        (xor          ) [ 00]
xor_ln20_7        (xor          ) [ 00]
xor_ln20_8        (xor          ) [ 00]
xor_ln20_9        (xor          ) [ 00]
xor_ln20_10       (xor          ) [ 00]
xor_ln20_11       (xor          ) [ 00]
xor_ln20_12       (xor          ) [ 00]
xor_ln20_13       (xor          ) [ 00]
parity_1          (xor          ) [ 00]
ret_ln25          (ret          ) [ 00]
</LifeTime>

<model>

<comp_list>
<comp id="0" class="1000" name="a">
<pin_list>
<pin id="1" dir="1" index="0" bw="1" slack="0"/>
</pin_list>
<bind>
<StgValue><ssdm name="a"/></StgValue>
</bind>
</comp>

<comp id="2" class="1001" name="const_2">
<pin_list>
<pin id="3" dir="1" index="0" bw="1" slack="2147483647"/>
</pin_list>
<bind>
<StgValue><ssdm name="_ssdm_op_SpecBitsMap"/></StgValue>
</bind>
</comp>

<comp id="4" class="1001" name="const_4">
<pin_list>
<pin id="5" dir="1" index="0" bw="1" slack="2147483647"/>
</pin_list>
<bind>
<StgValue><ssdm name=""/></StgValue>
</bind>
</comp>

<comp id="6" class="1001" name="const_6">
<pin_list>
<pin id="7" dir="1" index="0" bw="1" slack="2147483647"/>
</pin_list>
<bind>
<StgValue><ssdm name="_ssdm_op_SpecTopModule"/></StgValue>
</bind>
</comp>

<comp id="8" class="1001" name="const_8">
<pin_list>
<pin id="9" dir="1" index="0" bw="1" slack="2147483647"/>
</pin_list>
<bind>
<StgValue><ssdm name="empty_1"/></StgValue>
</bind>
</comp>

<comp id="10" class="1001" name="const_10">
<pin_list>
<pin id="11" dir="1" index="0" bw="1" slack="2147483647"/>
</pin_list>
<bind>
<StgValue><ssdm name="_ssdm_op_SpecInterface"/></StgValue>
</bind>
</comp>

<comp id="12" class="1001" name="const_12">
<pin_list>
<pin id="13" dir="1" index="0" bw="1" slack="2147483647"/>
</pin_list>
<bind>
<StgValue><ssdm name=""/></StgValue>
</bind>
</comp>

<comp id="14" class="1001" name="const_14">
<pin_list>
<pin id="15" dir="1" index="0" bw="1" slack="2147483647"/>
</pin_list>
<bind>
<StgValue><ssdm name="empty_2"/></StgValue>
</bind>
</comp>

<comp id="16" class="1001" name="const_16">
<pin_list>
<pin id="17" dir="1" index="0" bw="1" slack="2147483647"/>
</pin_list>
<bind>
<StgValue><ssdm name="empty_0"/></StgValue>
</bind>
</comp>

<comp id="18" class="1001" name="const_18">
<pin_list>
<pin id="19" dir="1" index="0" bw="1" slack="2147483647"/>
</pin_list>
<bind>
<StgValue><ssdm name=""/></StgValue>
</bind>
</comp>

<comp id="20" class="1001" name="const_20">
<pin_list>
<pin id="21" dir="1" index="0" bw="1" slack="2147483647"/>
</pin_list>
<bind>
<StgValue><ssdm name="empty"/></StgValue>
</bind>
</comp>

<comp id="22" class="1001" name="const_22">
<pin_list>
<pin id="23" dir="1" index="0" bw="1" slack="0"/>
</pin_list>
<bind>
<StgValue><ssdm name="_ssdm_op_Read.ap_none.i16"/></StgValue>
</bind>
</comp>

<comp id="24" class="1001" name="const_24">
<pin_list>
<pin id="25" dir="1" index="0" bw="1" slack="0"/>
</pin_list>
<bind>
<StgValue><ssdm name="_ssdm_op_BitSelect.i1.i16.i32"/></StgValue>
</bind>
</comp>

<comp id="26" class="1001" name="const_26">
<pin_list>
<pin id="27" dir="1" index="0" bw="1" slack="0"/>
</pin_list>
<bind>
<StgValue><ssdm name=""/></StgValue>
</bind>
</comp>

<comp id="28" class="1001" name="const_28">
<pin_list>
<pin id="29" dir="1" index="0" bw="1" slack="0"/>
</pin_list>
<bind>
<StgValue><ssdm name=""/></StgValue>
</bind>
</comp>

<comp id="30" class="1001" name="const_30">
<pin_list>
<pin id="31" dir="1" index="0" bw="1" slack="0"/>
</pin_list>
<bind>
<StgValue><ssdm name=""/></StgValue>
</bind>
</comp>

<comp id="32" class="1001" name="const_32">
<pin_list>
<pin id="33" dir="1" index="0" bw="1" slack="0"/>
</pin_list>
<bind>
<StgValue><ssdm name=""/></StgValue>
</bind>
</comp>

<comp id="34" class="1001" name="const_34">
<pin_list>
<pin id="35" dir="1" index="0" bw="1" slack="0"/>
</pin_list>
<bind>
<StgValue><ssdm name=""/></StgValue>
</bind>
</comp>

<comp id="36" class="1001" name="const_36">
<pin_list>
<pin id="37" dir="1" index="0" bw="1" slack="0"/>
</pin_list>
<bind>
<StgValue><ssdm name=""/></StgValue>
</bind>
</comp>

<comp id="38" class="1001" name="const_38">
<pin_list>
<pin id="39" dir="1" index="0" bw="1" slack="0"/>
</pin_list>
<bind>
<StgValue><ssdm name=""/></StgValue>
</bind>
</comp>

<comp id="40" class="1001" name="const_40">
<pin_list>
<pin id="41" dir="1" index="0" bw="1" slack="0"/>
</pin_list>
<bind>
<StgValue><ssdm name=""/></StgValue>
</bind>
</comp>

<comp id="42" class="1001" name="const_42">
<pin_list>
<pin id="43" dir="1" index="0" bw="1" slack="0"/>
</pin_list>
<bind>
<StgValue><ssdm name=""/></StgValue>
</bind>
</comp>

<comp id="44" class="1001" name="const_44">
<pin_list>
<pin id="45" dir="1" index="0" bw="1" slack="0"/>
</pin_list>
<bind>
<StgValue><ssdm name=""/></StgValue>
</bind>
</comp>

<comp id="46" class="1001" name="const_46">
<pin_list>
<pin id="47" dir="1" index="0" bw="1" slack="0"/>
</pin_list>
<bind>
<StgValue><ssdm name=""/></StgValue>
</bind>
</comp>

<comp id="48" class="1001" name="const_48">
<pin_list>
<pin id="49" dir="1" index="0" bw="1" slack="0"/>
</pin_list>
<bind>
<StgValue><ssdm name=""/></StgValue>
</bind>
</comp>

<comp id="50" class="1001" name="const_50">
<pin_list>
<pin id="51" dir="1" index="0" bw="1" slack="0"/>
</pin_list>
<bind>
<StgValue><ssdm name=""/></StgValue>
</bind>
</comp>

<comp id="52" class="1001" name="const_52">
<pin_list>
<pin id="53" dir="1" index="0" bw="1" slack="0"/>
</pin_list>
<bind>
<StgValue><ssdm name=""/></StgValue>
</bind>
</comp>

<comp id="54" class="1001" name="const_54">
<pin_list>
<pin id="55" dir="1" index="0" bw="1" slack="0"/>
</pin_list>
<bind>
<StgValue><ssdm name=""/></StgValue>
</bind>
</comp>

<comp id="56" class="1004" name="a_read_read_fu_56">
<pin_list>
<pin id="57" dir="0" index="0" bw="16" slack="0"/>
<pin id="58" dir="0" index="1" bw="16" slack="0"/>
<pin id="59" dir="1" index="2" bw="16" slack="0"/>
</pin_list>
<bind>
<opcode="read(1150) " fcode="read"/>
<opset="a_read/1 "/>
</bind>
</comp>

<comp id="62" class="1004" name="parity_fu_62">
<pin_list>
<pin id="63" dir="0" index="0" bw="16" slack="0"/>
<pin id="64" dir="1" index="1" bw="1" slack="0"/>
</pin_list>
<bind>
<opcode="trunc(33) " fcode="trunc"/>
<opset="parity/1 "/>
</bind>
</comp>

<comp id="66" class="1004" name="tmp_fu_66">
<pin_list>
<pin id="67" dir="0" index="0" bw="1" slack="0"/>
<pin id="68" dir="0" index="1" bw="16" slack="0"/>
<pin id="69" dir="0" index="2" bw="1" slack="0"/>
<pin id="70" dir="1" index="3" bw="1" slack="0"/>
</pin_list>
<bind>
<opcode="bitselect(1000) " fcode="bitselect"/>
<opset="tmp/1 "/>
</bind>
</comp>

<comp id="74" class="1004" name="tmp_1_fu_74">
<pin_list>
<pin id="75" dir="0" index="0" bw="1" slack="0"/>
<pin id="76" dir="0" index="1" bw="16" slack="0"/>
<pin id="77" dir="0" index="2" bw="3" slack="0"/>
<pin id="78" dir="1" index="3" bw="1" slack="0"/>
</pin_list>
<bind>
<opcode="bitselect(1000) " fcode="bitselect"/>
<opset="tmp_1/1 "/>
</bind>
</comp>

<comp id="82" class="1004" name="tmp_2_fu_82">
<pin_list>
<pin id="83" dir="0" index="0" bw="1" slack="0"/>
<pin id="84" dir="0" index="1" bw="16" slack="0"/>
<pin id="85" dir="0" index="2" bw="3" slack="0"/>
<pin id="86" dir="1" index="3" bw="1" slack="0"/>
</pin_list>
<bind>
<opcode="bitselect(1000) " fcode="bitselect"/>
<opset="tmp_2/1 "/>
</bind>
</comp>

<comp id="90" class="1004" name="tmp_3_fu_90">
<pin_list>
<pin id="91" dir="0" index="0" bw="1" slack="0"/>
<pin id="92" dir="0" index="1" bw="16" slack="0"/>
<pin id="93" dir="0" index="2" bw="4" slack="0"/>
<pin id="94" dir="1" index="3" bw="1" slack="0"/>
</pin_list>
<bind>
<opcode="bitselect(1000) " fcode="bitselect"/>
<opset="tmp_3/1 "/>
</bind>
</comp>

<comp id="98" class="1004" name="tmp_4_fu_98">
<pin_list>
<pin id="99" dir="0" index="0" bw="1" slack="0"/>
<pin id="100" dir="0" index="1" bw="16" slack="0"/>
<pin id="101" dir="0" index="2" bw="4" slack="0"/>
<pin id="102" dir="1" index="3" bw="1" slack="0"/>
</pin_list>
<bind>
<opcode="bitselect(1000) " fcode="bitselect"/>
<opset="tmp_4/1 "/>
</bind>
</comp>

<comp id="106" class="1004" name="tmp_5_fu_106">
<pin_list>
<pin id="107" dir="0" index="0" bw="1" slack="0"/>
<pin id="108" dir="0" index="1" bw="16" slack="0"/>
<pin id="109" dir="0" index="2" bw="4" slack="0"/>
<pin id="110" dir="1" index="3" bw="1" slack="0"/>
</pin_list>
<bind>
<opcode="bitselect(1000) " fcode="bitselect"/>
<opset="tmp_5/1 "/>
</bind>
</comp>

<comp id="114" class="1004" name="tmp_6_fu_114">
<pin_list>
<pin id="115" dir="0" index="0" bw="1" slack="0"/>
<pin id="116" dir="0" index="1" bw="16" slack="0"/>
<pin id="117" dir="0" index="2" bw="4" slack="0"/>
<pin id="118" dir="1" index="3" bw="1" slack="0"/>
</pin_list>
<bind>
<opcode="bitselect(1000) " fcode="bitselect"/>
<opset="tmp_6/1 "/>
</bind>
</comp>

<comp id="122" class="1004" name="tmp_7_fu_122">
<pin_list>
<pin id="123" dir="0" index="0" bw="1" slack="0"/>
<pin id="124" dir="0" index="1" bw="16" slack="0"/>
<pin id="125" dir="0" index="2" bw="5" slack="0"/>
<pin id="126" dir="1" index="3" bw="1" slack="0"/>
</pin_list>
<bind>
<opcode="bitselect(1000) " fcode="bitselect"/>
<opset="tmp_7/1 "/>
</bind>
</comp>

<comp id="130" class="1004" name="tmp_8_fu_130">
<pin_list>
<pin id="131" dir="0" index="0" bw="1" slack="0"/>
<pin id="132" dir="0" index="1" bw="16" slack="0"/>
<pin id="133" dir="0" index="2" bw="5" slack="0"/>
<pin id="134" dir="1" index="3" bw="1" slack="0"/>
</pin_list>
<bind>
<opcode="bitselect(1000) " fcode="bitselect"/>
<opset="tmp_8/1 "/>
</bind>
</comp>

<comp id="138" class="1004" name="tmp_9_fu_138">
<pin_list>
<pin id="139" dir="0" index="0" bw="1" slack="0"/>
<pin id="140" dir="0" index="1" bw="16" slack="0"/>
<pin id="141" dir="0" index="2" bw="5" slack="0"/>
<pin id="142" dir="1" index="3" bw="1" slack="0"/>
</pin_list>
<bind>
<opcode="bitselect(1000) " fcode="bitselect"/>
<opset="tmp_9/1 "/>
</bind>
</comp>

<comp id="146" class="1004" name="tmp_10_fu_146">
<pin_list>
<pin id="147" dir="0" index="0" bw="1" slack="0"/>
<pin id="148" dir="0" index="1" bw="16" slack="0"/>
<pin id="149" dir="0" index="2" bw="5" slack="0"/>
<pin id="150" dir="1" index="3" bw="1" slack="0"/>
</pin_list>
<bind>
<opcode="bitselect(1000) " fcode="bitselect"/>
<opset="tmp_10/1 "/>
</bind>
</comp>

<comp id="154" class="1004" name="tmp_11_fu_154">
<pin_list>
<pin id="155" dir="0" index="0" bw="1" slack="0"/>
<pin id="156" dir="0" index="1" bw="16" slack="0"/>
<pin id="157" dir="0" index="2" bw="5" slack="0"/>
<pin id="158" dir="1" index="3" bw="1" slack="0"/>
</pin_list>
<bind>
<opcode="bitselect(1000) " fcode="bitselect"/>
<opset="tmp_11/1 "/>
</bind>
</comp>

<comp id="162" class="1004" name="tmp_12_fu_162">
<pin_list>
<pin id="163" dir="0" index="0" bw="1" slack="0"/>
<pin id="164" dir="0" index="1" bw="16" slack="0"/>
<pin id="165" dir="0" index="2" bw="5" slack="0"/>
<pin id="166" dir="1" index="3" bw="1" slack="0"/>
</pin_list>
<bind>
<opcode="bitselect(1000) " fcode="bitselect"/>
<opset="tmp_12/1 "/>
</bind>
</comp>

<comp id="170" class="1004" name="tmp_13_fu_170">
<pin_list>
<pin id="171" dir="0" index="0" bw="1" slack="0"/>
<pin id="172" dir="0" index="1" bw="16" slack="0"/>
<pin id="173" dir="0" index="2" bw="5" slack="0"/>
<pin id="174" dir="1" index="3" bw="1" slack="0"/>
</pin_list>
<bind>
<opcode="bitselect(1000) " fcode="bitselect"/>
<opset="tmp_13/1 "/>
</bind>
</comp>

<comp id="178" class="1004" name="tmp_14_fu_178">
<pin_list>
<pin id="179" dir="0" index="0" bw="1" slack="0"/>
<pin id="180" dir="0" index="1" bw="16" slack="0"/>
<pin id="181" dir="0" index="2" bw="5" slack="0"/>
<pin id="182" dir="1" index="3" bw="1" slack="0"/>
</pin_list>
<bind>
<opcode="bitselect(1000) " fcode="bitselect"/>
<opset="tmp_14/1 "/>
</bind>
</comp>

<comp id="186" class="1004" name="xor_ln20_fu_186">
<pin_list>
<pin id="187" dir="0" index="0" bw="1" slack="0"/>
<pin id="188" dir="0" index="1" bw="1" slack="0"/>
<pin id="189" dir="1" index="2" bw="1" slack="0"/>
</pin_list>
<bind>
<opcode="xor(25) " fcode="xor"/>
<opset="xor_ln20/1 "/>
</bind>
</comp>

<comp id="192" class="1004" name="xor_ln20_1_fu_192">
<pin_list>
<pin id="193" dir="0" index="0" bw="1" slack="0"/>
<pin id="194" dir="0" index="1" bw="1" slack="0"/>
<pin id="195" dir="1" index="2" bw="1" slack="0"/>
</pin_list>
<bind>
<opcode="xor(25) " fcode="xor"/>
<opset="xor_ln20_1/1 "/>
</bind>
</comp>

<comp id="198" class="1004" name="xor_ln20_2_fu_198">
<pin_list>
<pin id="199" dir="0" index="0" bw="1" slack="0"/>
<pin id="200" dir="0" index="1" bw="1" slack="0"/>
<pin id="201" dir="1" index="2" bw="1" slack="0"/>
</pin_list>
<bind>
<opcode="xor(25) " fcode="xor"/>
<opset="xor_ln20_2/1 "/>
</bind>
</comp>

<comp id="204" class="1004" name="xor_ln20_3_fu_204">
<pin_list>
<pin id="205" dir="0" index="0" bw="1" slack="0"/>
<pin id="206" dir="0" index="1" bw="1" slack="0"/>
<pin id="207" dir="1" index="2" bw="1" slack="0"/>
</pin_list>
<bind>
<opcode="xor(25) " fcode="xor"/>
<opset="xor_ln20_3/1 "/>
</bind>
</comp>

<comp id="210" class="1004" name="xor_ln20_4_fu_210">
<pin_list>
<pin id="211" dir="0" index="0" bw="1" slack="0"/>
<pin id="212" dir="0" index="1" bw="1" slack="0"/>
<pin id="213" dir="1" index="2" bw="1" slack="0"/>
</pin_list>
<bind>
<opcode="xor(25) " fcode="xor"/>
<opset="xor_ln20_4/1 "/>
</bind>
</comp>

<comp id="216" class="1004" name="xor_ln20_5_fu_216">
<pin_list>
<pin id="217" dir="0" index="0" bw="1" slack="0"/>
<pin id="218" dir="0" index="1" bw="1" slack="0"/>
<pin id="219" dir="1" index="2" bw="1" slack="0"/>
</pin_list>
<bind>
<opcode="xor(25) " fcode="xor"/>
<opset="xor_ln20_5/1 "/>
</bind>
</comp>

<comp id="222" class="1004" name="xor_ln20_6_fu_222">
<pin_list>
<pin id="223" dir="0" index="0" bw="1" slack="0"/>
<pin id="224" dir="0" index="1" bw="1" slack="0"/>
<pin id="225" dir="1" index="2" bw="1" slack="0"/>
</pin_list>
<bind>
<opcode="xor(25) " fcode="xor"/>
<opset="xor_ln20_6/1 "/>
</bind>
</comp>

<comp id="228" class="1004" name="xor_ln20_7_fu_228">
<pin_list>
<pin id="229" dir="0" index="0" bw="1" slack="0"/>
<pin id="230" dir="0" index="1" bw="1" slack="0"/>
<pin id="231" dir="1" index="2" bw="1" slack="0"/>
</pin_list>
<bind>
<opcode="xor(25) " fcode="xor"/>
<opset="xor_ln20_7/1 "/>
</bind>
</comp>

<comp id="234" class="1004" name="xor_ln20_8_fu_234">
<pin_list>
<pin id="235" dir="0" index="0" bw="1" slack="0"/>
<pin id="236" dir="0" index="1" bw="1" slack="0"/>
<pin id="237" dir="1" index="2" bw="1" slack="0"/>
</pin_list>
<bind>
<opcode="xor(25) " fcode="xor"/>
<opset="xor_ln20_8/1 "/>
</bind>
</comp>

<comp id="240" class="1004" name="xor_ln20_9_fu_240">
<pin_list>
<pin id="241" dir="0" index="0" bw="1" slack="0"/>
<pin id="242" dir="0" index="1" bw="1" slack="0"/>
<pin id="243" dir="1" index="2" bw="1" slack="0"/>
</pin_list>
<bind>
<opcode="xor(25) " fcode="xor"/>
<opset="xor_ln20_9/1 "/>
</bind>
</comp>

<comp id="246" class="1004" name="xor_ln20_10_fu_246">
<pin_list>
<pin id="247" dir="0" index="0" bw="1" slack="0"/>
<pin id="248" dir="0" index="1" bw="1" slack="0"/>
<pin id="249" dir="1" index="2" bw="1" slack="0"/>
</pin_list>
<bind>
<opcode="xor(25) " fcode="xor"/>
<opset="xor_ln20_10/1 "/>
</bind>
</comp>

<comp id="252" class="1004" name="xor_ln20_11_fu_252">
<pin_list>
<pin id="253" dir="0" index="0" bw="1" slack="0"/>
<pin id="254" dir="0" index="1" bw="1" slack="0"/>
<pin id="255" dir="1" index="2" bw="1" slack="0"/>
</pin_list>
<bind>
<opcode="xor(25) " fcode="xor"/>
<opset="xor_ln20_11/1 "/>
</bind>
</comp>

<comp id="258" class="1004" name="xor_ln20_12_fu_258">
<pin_list>
<pin id="259" dir="0" index="0" bw="1" slack="0"/>
<pin id="260" dir="0" index="1" bw="1" slack="0"/>
<pin id="261" dir="1" index="2" bw="1" slack="0"/>
</pin_list>
<bind>
<opcode="xor(25) " fcode="xor"/>
<opset="xor_ln20_12/1 "/>
</bind>
</comp>

<comp id="264" class="1004" name="xor_ln20_13_fu_264">
<pin_list>
<pin id="265" dir="0" index="0" bw="1" slack="0"/>
<pin id="266" dir="0" index="1" bw="1" slack="0"/>
<pin id="267" dir="1" index="2" bw="1" slack="0"/>
</pin_list>
<bind>
<opcode="xor(25) " fcode="xor"/>
<opset="xor_ln20_13/1 "/>
</bind>
</comp>

<comp id="270" class="1004" name="parity_1_fu_270">
<pin_list>
<pin id="271" dir="0" index="0" bw="1" slack="0"/>
<pin id="272" dir="0" index="1" bw="1" slack="0"/>
<pin id="273" dir="1" index="2" bw="1" slack="2147483647"/>
</pin_list>
<bind>
<opcode="xor(25) " fcode="xor"/>
<opset="parity_1/1 "/>
</bind>
</comp>

</comp_list>

<net_list>
<net id="60"><net_src comp="22" pin="0"/><net_sink comp="56" pin=0"/></net>

<net id="61"><net_src comp="0" pin="0"/><net_sink comp="56" pin=1"/></net>

<net id="65"><net_src comp="56" pin="2"/><net_sink comp="62" pin=0"/></net>

<net id="71"><net_src comp="24" pin="0"/><net_sink comp="66" pin=0"/></net>

<net id="72"><net_src comp="56" pin="2"/><net_sink comp="66" pin=1"/></net>

<net id="73"><net_src comp="26" pin="0"/><net_sink comp="66" pin=2"/></net>

<net id="79"><net_src comp="24" pin="0"/><net_sink comp="74" pin=0"/></net>

<net id="80"><net_src comp="56" pin="2"/><net_sink comp="74" pin=1"/></net>

<net id="81"><net_src comp="28" pin="0"/><net_sink comp="74" pin=2"/></net>

<net id="87"><net_src comp="24" pin="0"/><net_sink comp="82" pin=0"/></net>

<net id="88"><net_src comp="56" pin="2"/><net_sink comp="82" pin=1"/></net>

<net id="89"><net_src comp="30" pin="0"/><net_sink comp="82" pin=2"/></net>

<net id="95"><net_src comp="24" pin="0"/><net_sink comp="90" pin=0"/></net>

<net id="96"><net_src comp="56" pin="2"/><net_sink comp="90" pin=1"/></net>

<net id="97"><net_src comp="32" pin="0"/><net_sink comp="90" pin=2"/></net>

<net id="103"><net_src comp="24" pin="0"/><net_sink comp="98" pin=0"/></net>

<net id="104"><net_src comp="56" pin="2"/><net_sink comp="98" pin=1"/></net>

<net id="105"><net_src comp="34" pin="0"/><net_sink comp="98" pin=2"/></net>

<net id="111"><net_src comp="24" pin="0"/><net_sink comp="106" pin=0"/></net>

<net id="112"><net_src comp="56" pin="2"/><net_sink comp="106" pin=1"/></net>

<net id="113"><net_src comp="36" pin="0"/><net_sink comp="106" pin=2"/></net>

<net id="119"><net_src comp="24" pin="0"/><net_sink comp="114" pin=0"/></net>

<net id="120"><net_src comp="56" pin="2"/><net_sink comp="114" pin=1"/></net>

<net id="121"><net_src comp="38" pin="0"/><net_sink comp="114" pin=2"/></net>

<net id="127"><net_src comp="24" pin="0"/><net_sink comp="122" pin=0"/></net>

<net id="128"><net_src comp="56" pin="2"/><net_sink comp="122" pin=1"/></net>

<net id="129"><net_src comp="40" pin="0"/><net_sink comp="122" pin=2"/></net>

<net id="135"><net_src comp="24" pin="0"/><net_sink comp="130" pin=0"/></net>

<net id="136"><net_src comp="56" pin="2"/><net_sink comp="130" pin=1"/></net>

<net id="137"><net_src comp="42" pin="0"/><net_sink comp="130" pin=2"/></net>

<net id="143"><net_src comp="24" pin="0"/><net_sink comp="138" pin=0"/></net>

<net id="144"><net_src comp="56" pin="2"/><net_sink comp="138" pin=1"/></net>

<net id="145"><net_src comp="44" pin="0"/><net_sink comp="138" pin=2"/></net>

<net id="151"><net_src comp="24" pin="0"/><net_sink comp="146" pin=0"/></net>

<net id="152"><net_src comp="56" pin="2"/><net_sink comp="146" pin=1"/></net>

<net id="153"><net_src comp="46" pin="0"/><net_sink comp="146" pin=2"/></net>

<net id="159"><net_src comp="24" pin="0"/><net_sink comp="154" pin=0"/></net>

<net id="160"><net_src comp="56" pin="2"/><net_sink comp="154" pin=1"/></net>

<net id="161"><net_src comp="48" pin="0"/><net_sink comp="154" pin=2"/></net>

<net id="167"><net_src comp="24" pin="0"/><net_sink comp="162" pin=0"/></net>

<net id="168"><net_src comp="56" pin="2"/><net_sink comp="162" pin=1"/></net>

<net id="169"><net_src comp="50" pin="0"/><net_sink comp="162" pin=2"/></net>

<net id="175"><net_src comp="24" pin="0"/><net_sink comp="170" pin=0"/></net>

<net id="176"><net_src comp="56" pin="2"/><net_sink comp="170" pin=1"/></net>

<net id="177"><net_src comp="52" pin="0"/><net_sink comp="170" pin=2"/></net>

<net id="183"><net_src comp="24" pin="0"/><net_sink comp="178" pin=0"/></net>

<net id="184"><net_src comp="56" pin="2"/><net_sink comp="178" pin=1"/></net>

<net id="185"><net_src comp="54" pin="0"/><net_sink comp="178" pin=2"/></net>

<net id="190"><net_src comp="62" pin="1"/><net_sink comp="186" pin=0"/></net>

<net id="191"><net_src comp="66" pin="3"/><net_sink comp="186" pin=1"/></net>

<net id="196"><net_src comp="74" pin="3"/><net_sink comp="192" pin=0"/></net>

<net id="197"><net_src comp="82" pin="3"/><net_sink comp="192" pin=1"/></net>

<net id="202"><net_src comp="192" pin="2"/><net_sink comp="198" pin=0"/></net>

<net id="203"><net_src comp="186" pin="2"/><net_sink comp="198" pin=1"/></net>

<net id="208"><net_src comp="90" pin="3"/><net_sink comp="204" pin=0"/></net>

<net id="209"><net_src comp="98" pin="3"/><net_sink comp="204" pin=1"/></net>

<net id="214"><net_src comp="106" pin="3"/><net_sink comp="210" pin=0"/></net>

<net id="215"><net_src comp="114" pin="3"/><net_sink comp="210" pin=1"/></net>

<net id="220"><net_src comp="210" pin="2"/><net_sink comp="216" pin=0"/></net>

<net id="221"><net_src comp="204" pin="2"/><net_sink comp="216" pin=1"/></net>

<net id="226"><net_src comp="216" pin="2"/><net_sink comp="222" pin=0"/></net>

<net id="227"><net_src comp="198" pin="2"/><net_sink comp="222" pin=1"/></net>

<net id="232"><net_src comp="122" pin="3"/><net_sink comp="228" pin=0"/></net>

<net id="233"><net_src comp="130" pin="3"/><net_sink comp="228" pin=1"/></net>

<net id="238"><net_src comp="138" pin="3"/><net_sink comp="234" pin=0"/></net>

<net id="239"><net_src comp="146" pin="3"/><net_sink comp="234" pin=1"/></net>

<net id="244"><net_src comp="234" pin="2"/><net_sink comp="240" pin=0"/></net>

<net id="245"><net_src comp="228" pin="2"/><net_sink comp="240" pin=1"/></net>

<net id="250"><net_src comp="154" pin="3"/><net_sink comp="246" pin=0"/></net>

<net id="251"><net_src comp="162" pin="3"/><net_sink comp="246" pin=1"/></net>

<net id="256"><net_src comp="170" pin="3"/><net_sink comp="252" pin=0"/></net>

<net id="257"><net_src comp="178" pin="3"/><net_sink comp="252" pin=1"/></net>

<net id="262"><net_src comp="252" pin="2"/><net_sink comp="258" pin=0"/></net>

<net id="263"><net_src comp="246" pin="2"/><net_sink comp="258" pin=1"/></net>

<net id="268"><net_src comp="258" pin="2"/><net_sink comp="264" pin=0"/></net>

<net id="269"><net_src comp="240" pin="2"/><net_sink comp="264" pin=1"/></net>

<net id="274"><net_src comp="264" pin="2"/><net_sink comp="270" pin=0"/></net>

<net id="275"><net_src comp="222" pin="2"/><net_sink comp="270" pin=1"/></net>

</net_list>

</model> 
---------------- Datapath Model END ------------------

* FSMD analyzer results:
  - Output states:
 - Input state : 
	Port: parity_generator : a | {1 }
  - Chain level:
	State 1
		xor_ln20 : 1
		xor_ln20_1 : 1
		xor_ln20_2 : 1
		xor_ln20_3 : 1
		xor_ln20_4 : 1
		xor_ln20_5 : 1
		xor_ln20_6 : 1
		xor_ln20_7 : 1
		xor_ln20_8 : 1
		xor_ln20_9 : 1
		xor_ln20_10 : 1
		xor_ln20_11 : 1
		xor_ln20_12 : 1
		xor_ln20_13 : 1
		parity_1 : 1
		ret_ln25 : 1


============================================================
+ Verbose Summary: Datapath Resource usage 
============================================================

* Functional unit list:
|----------|--------------------|---------|---------|
| Operation|   Functional Unit  |    FF   |   LUT   |
|----------|--------------------|---------|---------|
|          |   xor_ln20_fu_186  |    0    |    2    |
|          |  xor_ln20_1_fu_192 |    0    |    2    |
|          |  xor_ln20_2_fu_198 |    0    |    2    |
|          |  xor_ln20_3_fu_204 |    0    |    2    |
|          |  xor_ln20_4_fu_210 |    0    |    2    |
|          |  xor_ln20_5_fu_216 |    0    |    2    |
|          |  xor_ln20_6_fu_222 |    0    |    2    |
|    xor   |  xor_ln20_7_fu_228 |    0    |    2    |
|          |  xor_ln20_8_fu_234 |    0    |    2    |
|          |  xor_ln20_9_fu_240 |    0    |    2    |
|          | xor_ln20_10_fu_246 |    0    |    2    |
|          | xor_ln20_11_fu_252 |    0    |    2    |
|          | xor_ln20_12_fu_258 |    0    |    2    |
|          | xor_ln20_13_fu_264 |    0    |    2    |
|          |   parity_1_fu_270  |    0    |    2    |
|----------|--------------------|---------|---------|
|   read   |  a_read_read_fu_56 |    0    |    0    |
|----------|--------------------|---------|---------|
|   trunc  |    parity_fu_62    |    0    |    0    |
|----------|--------------------|---------|---------|
|          |      tmp_fu_66     |    0    |    0    |
|          |     tmp_1_fu_74    |    0    |    0    |
|          |     tmp_2_fu_82    |    0    |    0    |
|          |     tmp_3_fu_90    |    0    |    0    |
|          |     tmp_4_fu_98    |    0    |    0    |
|          |    tmp_5_fu_106    |    0    |    0    |
|          |    tmp_6_fu_114    |    0    |    0    |
| bitselect|    tmp_7_fu_122    |    0    |    0    |
|          |    tmp_8_fu_130    |    0    |    0    |
|          |    tmp_9_fu_138    |    0    |    0    |
|          |    tmp_10_fu_146   |    0    |    0    |
|          |    tmp_11_fu_154   |    0    |    0    |
|          |    tmp_12_fu_162   |    0    |    0    |
|          |    tmp_13_fu_170   |    0    |    0    |
|          |    tmp_14_fu_178   |    0    |    0    |
|----------|--------------------|---------|---------|
|   Total  |                    |    0    |    30   |
|----------|--------------------|---------|---------|

Memories:
N/A

* Register list:
N/A

* Multiplexer (MUX) list: 
|--------|------|------|------|--------|
|  Comp  |  Pin | Size |  BW  | S x BW |
|--------|------|------|------|--------|
|  Total |      |      |      |    0   |
|--------|------|------|------|--------|



* Summary:
+-----------+--------+--------+
|           |   FF   |   LUT  |
+-----------+--------+--------+
|  Function |    0   |   30   |
|   Memory  |    -   |    -   |
|Multiplexer|    -   |    -   |
|  Register |    -   |    -   |
+-----------+--------+--------+
|   Total   |    0   |   30   |
+-----------+--------+--------+
