d| q1, q2, q3 
--------------
1| 1,  0,  0
1| 1,  1,  0
0| 0,  1,  1
1| 1,  0,  1
0| 0,  1,  0
--------------
Vivado Simulator v2025.1.0
Copyright 1986-2022 Xilinx, Inc. All Rights Reserved.
Copyright 2022-2025 Advanced Micro Devices, Inc. All Rights Reserved.
Running: /opt/Xilinx/2025.1/Vivado/bin/unwrapped/lnx64.o/xelab xil_defaultlib.apatb_dffs_top_top xil_defaultlib.glbl -Oenable_linking_all_libraries -prj dffs_top.prj -L smartconnect_v1_0 -L axi_protocol_checker_v1_1_12 -L axi_protocol_checker_v1_1_13 -L axis_protocol_checker_v1_1_11 -L axis_protocol_checker_v1_1_12 -L xil_defaultlib -L unisims_ver -L xpm -L floating_point_v7_1_20 -L floating_point_v7_0_25 --lib ieee_proposed=./ieee_proposed -L uvm -relax -i ./svr -i ./svtb -i ./file_agent -i ./dffs_top_subsystem -s dffs_top -debug all 
Multi-threading is on. Using 14 slave threads.
WARNING: [XSIM 43-3431] One or more environment variables have been detected which affect the operation of the C compiler. These are typically not set in standard installations and are not tested by AMD, however they may be appropriate for your system, so the flow will attempt to continue.  If errors occur, try running xelab with the "-mt off -v 1" switches to see more information from the C compiler. The following environment variables have been detected:
    LIBRARY_PATH
INFO: [VRFC 10-2263] Analyzing SystemVerilog file "/home/lenovo/Simulation_Linux/HLS/d_ff_series_3/d_ff_series_3/hls/sim/verilog/glbl.v" into library xil_defaultlib
INFO: [VRFC 10-311] analyzing module glbl
INFO: [VRFC 10-2263] Analyzing SystemVerilog file "/home/lenovo/Simulation_Linux/HLS/d_ff_series_3/d_ff_series_3/hls/sim/verilog/dffs_top.autotb.v" into library xil_defaultlib
INFO: [VRFC 10-311] analyzing module apatb_dffs_top_top
INFO: [VRFC 10-2263] Analyzing SystemVerilog file "/home/lenovo/Simulation_Linux/HLS/d_ff_series_3/d_ff_series_3/hls/sim/verilog/dffs_top.v" into library xil_defaultlib
INFO: [VRFC 10-311] analyzing module dffs_top
INFO: [VRFC 10-2263] Analyzing SystemVerilog file "/home/lenovo/Simulation_Linux/HLS/d_ff_series_3/d_ff_series_3/hls/sim/verilog/dataflow_monitor.sv" into library xil_defaultlib
INFO: [VRFC 10-311] analyzing module dataflow_monitor
INFO: [VRFC 10-2263] Analyzing SystemVerilog file "/home/lenovo/Simulation_Linux/HLS/d_ff_series_3/d_ff_series_3/hls/sim/verilog/file_agent/file_agent_pkg.sv" into library xil_defaultlib
INFO: [VRFC 10-2263] Analyzing SystemVerilog file "/home/lenovo/Simulation_Linux/HLS/d_ff_series_3/d_ff_series_3/hls/sim/verilog/svr/svr_pkg.sv" into library xil_defaultlib
INFO: [VRFC 10-2263] Analyzing SystemVerilog file "/home/lenovo/Simulation_Linux/HLS/d_ff_series_3/d_ff_series_3/hls/sim/verilog/svr/svr_if.sv" into library xil_defaultlib
INFO: [VRFC 10-2263] Analyzing SystemVerilog file "/home/lenovo/Simulation_Linux/HLS/d_ff_series_3/d_ff_series_3/hls/sim/verilog/dffs_top_subsystem/dffs_top_subsystem_pkg.sv" into library xil_defaultlib
INFO: [VRFC 10-2263] Analyzing SystemVerilog file "/home/lenovo/Simulation_Linux/HLS/d_ff_series_3/d_ff_series_3/hls/sim/verilog/svtb/misc_interface.sv" into library xil_defaultlib
INFO: [VRFC 10-2263] Analyzing SystemVerilog file "/home/lenovo/Simulation_Linux/HLS/d_ff_series_3/d_ff_series_3/hls/sim/verilog/svtb/sv_module_top.sv" into library xil_defaultlib
INFO: [VRFC 10-311] analyzing module sv_module_top
Starting static elaboration
Pass Through NonSizing Optimizer
Completed static elaboration
Starting simulation data flow analysis
WARNING: [XSIM 43-4099] "/proj/primebuilds/9999.0_PRIME_0428_0031/installs/data/system_verilog/uvm_1.2/xlnx_uvm_package.sv" Line 4356. Module uvm_pkg doesn't have a timescale but at least one module in design has a timescale.
WARNING: [XSIM 43-4099] "/proj/primebuilds/9999.0_PRIME_0428_0031/installs/data/system_verilog/uvm_1.2/xlnx_uvm_package.sv" Line 4356. Module uvm_pkg doesn't have a timescale but at least one module in design has a timescale.
WARNING: [XSIM 43-4468] File : /proj/primebuilds/9999.0_PRIME_0428_0031/installs/data/system_verilog/uvm_1.2/xlnx_uvm_package.sv, Line : 25994, RANDC variable size more than 8 bits. This will be treated as a RAND variable instead.
Completed simulation data flow analysis
Time Resolution for simulation is 1ps
Compiling package xil_defaultlib.$unit_sv_module_top_sv
Compiling package uvm.uvm_pkg
Compiling package std.std
Compiling package xil_defaultlib.svr_pkg
Compiling package xil_defaultlib.file_agent_pkg
Compiling package xil_defaultlib.dffs_top_subsystem_pkg
Compiling package xil_defaultlib.$unit_dataflow_monitor_sv
Compiling module xil_defaultlib.dffs_top
Compiling module xil_defaultlib.misc_interface_default
Compiling module xil_defaultlib.svr_if(DATA_WIDTH=1)
Compiling module xil_defaultlib.sv_module_top
Compiling module xil_defaultlib.nodf_module_intf_default
Compiling module xil_defaultlib.dataflow_monitor
Compiling module xil_defaultlib.apatb_dffs_top_top
Compiling module xil_defaultlib.glbl
Built simulation snapshot dffs_top

****** xsim v2025.1 (64-bit)
  **** SW Build 6140274 on Wed May 21 22:58:25 MDT 2025
  **** IP Build 6138677 on Thu May 22 03:10:11 MDT 2025
  **** SharedData Build 6139179 on Tue May 20 17:58:58 MDT 2025
  **** Start of session at: Mon Jan 26 13:00:06 2026
    ** Copyright 1986-2022 Xilinx, Inc. All Rights Reserved.
    ** Copyright 2022-2025 Advanced Micro Devices, Inc. All Rights Reserved.

source xsim.dir/dffs_top/xsim_script.tcl
# xsim {dffs_top} -testplusarg UVM_VERBOSITY=UVM_NONE -testplusarg UVM_TESTNAME=dffs_top_test_lib -testplusarg UVM_TIMEOUT=20000000000000 -view {{dffs_top_dataflow_ana.wcfg}} -tclbatch {dffs_top.tcl} -protoinst {dffs_top.protoinst}
INFO: [Wavedata 42-565] Reading protoinst file dffs_top.protoinst
Time resolution is 1 ps
open_wave_config dffs_top_dataflow_ana.wcfg
source dffs_top.tcl
## log_wave -r /
WARNING: [Simtcl 6-197] One or more HDL objects could not be logged because of object type or size limitations.  To see details please rerun the command with -verbose (-v).
## set designtopgroup [add_wave_group "Design Top Signals"]
## set coutputgroup [add_wave_group "C Outputs" -into $designtopgroup]
## set return_group [add_wave_group return(wire) -into $coutputgroup]
## add_wave /apatb_dffs_top_top/AESL_inst_dffs_top/q3 -into $return_group -radix hex
## add_wave /apatb_dffs_top_top/AESL_inst_dffs_top/q2 -into $return_group -radix hex
## add_wave /apatb_dffs_top_top/AESL_inst_dffs_top/q1 -into $return_group -radix hex
## set cinputgroup [add_wave_group "C Inputs" -into $designtopgroup]
## set return_group [add_wave_group return(wire) -into $cinputgroup]
## add_wave /apatb_dffs_top_top/AESL_inst_dffs_top/d -into $return_group -radix hex
## set resetgroup [add_wave_group "Reset" -into $designtopgroup]
## add_wave /apatb_dffs_top_top/AESL_inst_dffs_top/ap_rst -into $resetgroup
## set clockgroup [add_wave_group "Clock" -into $designtopgroup]
## add_wave /apatb_dffs_top_top/AESL_inst_dffs_top/ap_clk -into $clockgroup
## set testbenchgroup [add_wave_group "Test Bench Signals"]
## set tbinternalsiggroup [add_wave_group "Internal Signals" -into $testbenchgroup]
## set tb_simstatus_group [add_wave_group "Simulation Status" -into $tbinternalsiggroup]
## set tb_portdepth_group [add_wave_group "Port Depth" -into $tbinternalsiggroup]
## add_wave /apatb_dffs_top_top/AUTOTB_TRANSACTION_NUM -into $tb_simstatus_group -radix hex
## add_wave /apatb_dffs_top_top/ready_cnt -into $tb_simstatus_group -radix hex
## add_wave /apatb_dffs_top_top/done_cnt -into $tb_simstatus_group -radix hex
## add_wave /apatb_dffs_top_top/LENGTH_d -into $tb_portdepth_group -radix hex
## add_wave /apatb_dffs_top_top/LENGTH_q1 -into $tb_portdepth_group -radix hex
## add_wave /apatb_dffs_top_top/LENGTH_q2 -into $tb_portdepth_group -radix hex
## add_wave /apatb_dffs_top_top/LENGTH_q3 -into $tb_portdepth_group -radix hex
## set tbcoutputgroup [add_wave_group "C Outputs" -into $testbenchgroup]
## set tb_return_group [add_wave_group return(wire) -into $tbcoutputgroup]
## add_wave /apatb_dffs_top_top/q3 -into $tb_return_group -radix hex
## add_wave /apatb_dffs_top_top/q2 -into $tb_return_group -radix hex
## add_wave /apatb_dffs_top_top/q1 -into $tb_return_group -radix hex
## set tbcinputgroup [add_wave_group "C Inputs" -into $testbenchgroup]
## set tb_return_group [add_wave_group return(wire) -into $tbcinputgroup]
## add_wave /apatb_dffs_top_top/d -into $tb_return_group -radix hex
## save_wave_config dffs_top.wcfg
## run all
UVM_INFO /opt/Xilinx/2025.1/Vivado/data/system_verilog/uvm_1.2/xlnx_uvm_package.sv(18601) @ 0: reporter [UVM/RELNOTES] 
----------------------------------------------------------------
UVM-1.2
(C) 2007-2014 Mentor Graphics Corporation
(C) 2007-2014 Cadence Design Systems, Inc.
(C) 2006-2014 Synopsys, Inc.
(C) 2011-2013 Cypress Semiconductor Corp.
(C) 2013-2014 NVIDIA Corporation
----------------------------------------------------------------

  ***********       IMPORTANT RELEASE NOTES         ************

  You are using a version of the UVM library that has been compiled
  with `UVM_NO_DEPRECATED undefined.

  You are using a version of the UVM library that has been compiled
  with `UVM_OBJECT_DO_NOT_NEED_CONSTRUCTOR undefined.

      (Specify +UVM_NO_RELNOTES to turn off this notice)

UVM_INFO /opt/Xilinx/2025.1/Vivado/data/system_verilog/uvm_1.2/xlnx_uvm_package.sv(18648) @ 0: reporter [NO_DPI_TSTNAME] UVM_NO_DPI defined--getting UVM_TESTNAME directly, without DPI
UVM_INFO /opt/Xilinx/2025.1/Vivado/data/system_verilog/uvm_1.2/xlnx_uvm_package.sv(18752) @ 0: reporter [UVMTOP] UVM testbench topology:
--------------------------------------------------------------------------------------------------------
Name                                               Type                           Size  Value           
--------------------------------------------------------------------------------------------------------
uvm_test_top                                       dffs_top_test_lib              -     @351            
  top_env                                          dffs_top_env                   -     @362            
    dffs_top_virtual_sqr                           dffs_top_virtual_sequencer     -     @490            
      rsp_export                                   uvm_analysis_export            -     @499            
      seq_item_export                              uvm_seq_item_pull_imp          -     @617            
      arbitration_queue                            array                          0     -               
      lock_queue                                   array                          0     -               
      num_last_reqs                                integral                       32    'd1             
      num_last_rsps                                integral                       32    'd1             
    env_master_svr_d                               uvm_env                        -     @385            
      m_agt                                        uvm_agent                      -     @633            
        drv                                        uvm_driver #(REQ,RSP)          -     @781            
          rsp_port                                 uvm_analysis_port              -     @800            
          seq_item_port                            uvm_seq_item_pull_port         -     @790            
        mon                                        uvm_monitor                    -     @810            
          item_collect_port                        uvm_analysis_port              -     @821            
        sqr                                        uvm_sequencer                  -     @644            
          rsp_export                               uvm_analysis_export            -     @653            
          seq_item_export                          uvm_seq_item_pull_imp          -     @771            
          arbitration_queue                        array                          0     -               
          lock_queue                               array                          0     -               
          num_last_reqs                            integral                       32    'd1             
          num_last_rsps                            integral                       32    'd1             
    env_slave_svr_q1                               uvm_env                        -     @398            
      s_agt                                        uvm_agent                      -     @839            
        drv                                        uvm_driver #(REQ,RSP)          -     @987            
          rsp_port                                 uvm_analysis_port              -     @1006           
          seq_item_port                            uvm_seq_item_pull_port         -     @996            
        mon                                        uvm_monitor                    -     @1016           
          item_collect_port                        uvm_analysis_port              -     @1027           
        sqr                                        uvm_sequencer                  -     @850            
          rsp_export                               uvm_analysis_export            -     @859            
          seq_item_export                          uvm_seq_item_pull_imp          -     @977            
          arbitration_queue                        array                          0     -               
          lock_queue                               array                          0     -               
          num_last_reqs                            integral                       32    'd1             
          num_last_rsps                            integral                       32    'd1             
    env_slave_svr_q2                               uvm_env                        -     @408            
      s_agt                                        uvm_agent                      -     @1045           
        drv                                        uvm_driver #(REQ,RSP)          -     @1193           
          rsp_port                                 uvm_analysis_port              -     @1212           
          seq_item_port                            uvm_seq_item_pull_port         -     @1202           
        mon                                        uvm_monitor                    -     @1222           
          item_collect_port                        uvm_analysis_port              -     @1233           
        sqr                                        uvm_sequencer                  -     @1056           
          rsp_export                               uvm_analysis_export            -     @1065           
          seq_item_export                          uvm_seq_item_pull_imp          -     @1183           
          arbitration_queue                        array                          0     -               
          lock_queue                               array                          0     -               
          num_last_reqs                            integral                       32    'd1             
          num_last_rsps                            integral                       32    'd1             
    env_slave_svr_q3                               uvm_env                        -     @418            
      s_agt                                        uvm_agent                      -     @1251           
        drv                                        uvm_driver #(REQ,RSP)          -     @1399           
          rsp_port                                 uvm_analysis_port              -     @1418           
          seq_item_port                            uvm_seq_item_pull_port         -     @1408           
        mon                                        uvm_monitor                    -     @1428           
          item_collect_port                        uvm_analysis_port              -     @1439           
        sqr                                        uvm_sequencer                  -     @1262           
          rsp_export                               uvm_analysis_export            -     @1271           
          seq_item_export                          uvm_seq_item_pull_imp          -     @1389           
          arbitration_queue                        array                          0     -               
          lock_queue                               array                          0     -               
          num_last_reqs                            integral                       32    'd1             
          num_last_rsps                            integral                       32    'd1             
    refm                                           dffs_top_reference_model       -     @428            
      trans_num_idx                                integral                       32    'h0             
    subsys_mon                                     dffs_top_subsystem_monitor     -     @441            
      scbd                                         dffs_top_scoreboard            -     @1461           
        refm                                       dffs_top_reference_model       -     @428            
          trans_num_idx                            integral                       32    'h0             
        TVOUT_transaction_size_queue               da(integral)                   0     -               
        file_wr_port_q1_q1                         <unknown>                      -     @1471           
          TV_FILE                                  string                         0     ""              
          fp                                       integral                       32    'hxxxxxxxx      
          file_open                                integral                       32    'h0             
          write_file_done                          integral                       32    'h0             
          write_section_done                       integral                       32    'h0             
          TRANSACTION_NUM                          integral                       32    'h0             
          transaction_num_idx                      integral                       32    'h0             
          TRANSACTION_DEPTH                        integral                       32    'h0             
          TRANSACTION_DEPTH_queue                  da(integral)                   0     -               
          TRANSACTION_DEPTH_queue_for_depth_check  da(integral)                   0     -               
          transaction_depth_idx                    integral                       32    'h0             
          ap_done_num_idx                          integral                       32    'h0             
          is_binary                                integral                       32    'h0             
        write_file_done_q1_q1                      integral                       32    'h0             
        write_section_done_q1_q1                   integral                       32    'h0             
        file_wr_port_q2_q2                         <unknown>                      -     @1472           
          TV_FILE                                  string                         0     ""              
          fp                                       integral                       32    'hxxxxxxxx      
          file_open                                integral                       32    'h0             
          write_file_done                          integral                       32    'h0             
          write_section_done                       integral                       32    'h0             
          TRANSACTION_NUM                          integral                       32    'h0             
          transaction_num_idx                      integral                       32    'h0             
          TRANSACTION_DEPTH                        integral                       32    'h0             
          TRANSACTION_DEPTH_queue                  da(integral)                   0     -               
          TRANSACTION_DEPTH_queue_for_depth_check  da(integral)                   0     -               
          transaction_depth_idx                    integral                       32    'h0             
          ap_done_num_idx                          integral                       32    'h0             
          is_binary                                integral                       32    'h0             
        write_file_done_q2_q2                      integral                       32    'h0             
        write_section_done_q2_q2                   integral                       32    'h0             
        file_wr_port_q3_q3                         <unknown>                      -     @1473           
          TV_FILE                                  string                         0     ""              
          fp                                       integral                       32    'hxxxxxxxx      
          file_open                                integral                       32    'h0             
          write_file_done                          integral                       32    'h0             
          write_section_done                       integral                       32    'h0             
          TRANSACTION_NUM                          integral                       32    'h0             
          transaction_num_idx                      integral                       32    'h0             
          TRANSACTION_DEPTH                        integral                       32    'h0             
          TRANSACTION_DEPTH_queue                  da(integral)                   0     -               
          TRANSACTION_DEPTH_queue_for_depth_check  da(integral)                   0     -               
          transaction_depth_idx                    integral                       32    'h0             
          ap_done_num_idx                          integral                       32    'h0             
          is_binary                                integral                       32    'h0             
        write_file_done_q3_q3                      integral                       32    'h0             
        write_section_done_q3_q3                   integral                       32    'h0             
      svr_master_d_imp                             uvm_analysis_imp_svr_master_d  -     @450            
      svr_slave_q1_imp                             uvm_analysis_imp_svr_slave_q1  -     @460            
      svr_slave_q2_imp                             uvm_analysis_imp_svr_slave_q2  -     @470            
      svr_slave_q3_imp                             uvm_analysis_imp_svr_slave_q3  -     @480            
    env_master_svr_d                               uvm_env                        -     @385            
    env_slave_svr_q1                               uvm_env                        -     @398            
    env_slave_svr_q2                               uvm_env                        -     @408            
    env_slave_svr_q3                               uvm_env                        -     @418            
    refm                                           dffs_top_reference_model       -     @428            
    dffs_top_virtual_sqr                           dffs_top_virtual_sequencer     -     @490            
    dffs_top_cfg                                   dffs_top_config                -     @376            
      port_d_cfg                                   svr_config                     -     @377            
        svr_type                                   svr_inst_type                  32    SVR_MASTER      
        prt_type                                   svr_protocol_type              32    AP_NONE         
        is_active                                  svr_active_passive_enum        1     SVR_ACTIVE      
        reset_level                                svr_reset_level_enum           1     RESET_LEVEL_HIGH
        spec_cfg                                   svr_spec_cfg_enum              32    NORMAL          
        clatency                                   svr_latency                    -     @378            
          transfer_latency                         integral                       32    'h0             
      port_q1_cfg                                  svr_config                     -     @379            
        svr_type                                   svr_inst_type                  32    SVR_SLAVE       
        prt_type                                   svr_protocol_type              32    AP_NONE         
        is_active                                  svr_active_passive_enum        1     SVR_ACTIVE      
        reset_level                                svr_reset_level_enum           1     RESET_LEVEL_HIGH
        spec_cfg                                   svr_spec_cfg_enum              32    NORMAL          
        clatency                                   svr_latency                    -     @380            
          transfer_latency                         integral                       32    'h0             
      port_q2_cfg                                  svr_config                     -     @381            
        svr_type                                   svr_inst_type                  32    SVR_SLAVE       
        prt_type                                   svr_protocol_type              32    AP_NONE         
        is_active                                  svr_active_passive_enum        1     SVR_ACTIVE      
        reset_level                                svr_reset_level_enum           1     RESET_LEVEL_HIGH
        spec_cfg                                   svr_spec_cfg_enum              32    NORMAL          
        clatency                                   svr_latency                    -     @382            
          transfer_latency                         integral                       32    'h0             
      port_q3_cfg                                  svr_config                     -     @383            
        svr_type                                   svr_inst_type                  32    SVR_SLAVE       
        prt_type                                   svr_protocol_type              32    AP_NONE         
        is_active                                  svr_active_passive_enum        1     SVR_ACTIVE      
        reset_level                                svr_reset_level_enum           1     RESET_LEVEL_HIGH
        spec_cfg                                   svr_spec_cfg_enum              32    NORMAL          
        clatency                                   svr_latency                    -     @384            
          transfer_latency                         integral                       32    'h0             
      check_ena                                    integral                       32    'h0             
      cover_ena                                    integral                       32    'h0             
--------------------------------------------------------------------------------------------------------

UVM_INFO /opt/Xilinx/2025.1/Vivado/data/system_verilog/uvm_1.2/xlnx_uvm_package.sv(20867) @ 0: reporter [UVM/COMP/NAMECHECK] This implementation of the component name checks requires DPI to be enabled
////////////////////////////////////////////////////////////////////////////////////
// Inter-Transaction Progress: Completed Transaction / Total Transaction
// Intra-Transaction Progress: Measured Latency / Latency Estimation * 100%
//
// RTL Simulation : "Inter-Transaction Progress" ["Intra-Transaction Progress"] @ "Simulation Time"
////////////////////////////////////////////////////////////////////////////////////
// RTL Simulation : 0 / 5 [n/a] @ "125000"
// RTL Simulation : 1 / 5 [n/a] @ "135000"
// RTL Simulation : 2 / 5 [n/a] @ "145000"
// RTL Simulation : 3 / 5 [n/a] @ "155000"
// RTL Simulation : 4 / 5 [n/a] @ "165000"
// RTL Simulation : 5 / 5 [n/a] @ "175000"
////////////////////////////////////////////////////////////////////////////////////
$finish called at time : 245 ns : File "/opt/Xilinx/2025.1/Vivado/data/system_verilog/uvm_1.2/xlnx_uvm_package.sv" Line 18699
## quit
INFO: [Common 17-206] Exiting xsim at Mon Jan 26 13:00:08 2026...
d| q1, q2, q3 
--------------
1| 1,  0,  0
1| 1,  1,  0
0| 0,  1,  1
1| 1,  0,  1
0| 0,  1,  0
--------------
