/home/lenovo/Simulation_Linux/HLS/Parallel_to_Serial_Vitis/Parallel_to_Serial_Vitis/hls/.autopilot/db/main_parallel2serial.pp.0.cpp:2259:5: warning: Added loop label VITIS_LOOP_676_1:   [xilinx-label-all-loops]
    for (unsigned i = low; i != high+1; ++i) {
    ^~~
    VITIS_LOOP_676_1: 
/home/lenovo/Simulation_Linux/HLS/Parallel_to_Serial_Vitis/Parallel_to_Serial_Vitis/hls/.autopilot/db/main_parallel2serial.pp.0.cpp:2259:5: note: FIX-IT applied suggested code changes
/home/lenovo/Simulation_Linux/HLS/Parallel_to_Serial_Vitis/Parallel_to_Serial_Vitis/hls/.autopilot/db/main_parallel2serial.pp.0.cpp:2273:5: warning: Added loop label VITIS_LOOP_690_1:   [xilinx-label-all-loops]
    for (unsigned i = low; i != high+1; ++i) {
    ^~~
    VITIS_LOOP_690_1: 
/home/lenovo/Simulation_Linux/HLS/Parallel_to_Serial_Vitis/Parallel_to_Serial_Vitis/hls/.autopilot/db/main_parallel2serial.pp.0.cpp:2273:5: note: FIX-IT applied suggested code changes
/home/lenovo/Simulation_Linux/HLS/Parallel_to_Serial_Vitis/Parallel_to_Serial_Vitis/hls/.autopilot/db/main_parallel2serial.pp.0.cpp:2287:5: warning: Added loop label VITIS_LOOP_704_1:   [xilinx-label-all-loops]
    for (unsigned i = low; i != high+1; ++i) {
    ^~~
    VITIS_LOOP_704_1: 
/home/lenovo/Simulation_Linux/HLS/Parallel_to_Serial_Vitis/Parallel_to_Serial_Vitis/hls/.autopilot/db/main_parallel2serial.pp.0.cpp:2287:5: note: FIX-IT applied suggested code changes
/home/lenovo/Simulation_Linux/HLS/Parallel_to_Serial_Vitis/Parallel_to_Serial_Vitis/hls/.autopilot/db/main_parallel2serial.pp.0.cpp:4255:7: warning: Added loop label VITIS_LOOP_1248_1:   [xilinx-label-all-loops]
      for (i = 0; i < __N - 1; ++i) {
      ^~~
      VITIS_LOOP_1248_1: 
/home/lenovo/Simulation_Linux/HLS/Parallel_to_Serial_Vitis/Parallel_to_Serial_Vitis/hls/.autopilot/db/main_parallel2serial.pp.0.cpp:4255:7: note: FIX-IT applied suggested code changes
