

================================================================
== Vitis HLS Report for 'parallel2serial'
================================================================
* Date:           Mon Feb 16 10:27:05 2026

* Version:        2025.1 (Build 6135595 on May 21 2025)
* Project:        Parallel_to_Serial_Vitis
* Solution:       hls (Vivado IP Flow Target)
* Product family: artix7
* Target device:  xc7a35t-cpg236-1


================================================================
== Performance Estimates
================================================================
+ Timing: 
    * Summary: 
    +--------+----------+----------+------------+
    |  Clock |  Target  | Estimated| Uncertainty|
    +--------+----------+----------+------------+
    |ap_clk  |  10.00 ns|  5.140 ns|     2.70 ns|
    +--------+----------+----------+------------+

+ Latency: 
    * Summary: 
    +---------+---------+----------+----------+-----+-----+---------+
    |  Latency (cycles) |  Latency (absolute) |  Interval | Pipeline|
    |   min   |   max   |    min   |    max   | min | max |   Type  |
    +---------+---------+----------+----------+-----+-----+---------+
    |        0|        0|      0 ns|      0 ns|    1|    1|       no|
    +---------+---------+----------+----------+-----+-----+---------+

    + Detail: 
        * Instance: 
        N/A

        * Loop: 
        N/A

============================================================
+ Verbose Summary: Synthesis Manager
============================================================
InlineROM: 1
ExposeGlobal: 0
============================================================
+ Verbose Summary: CDFG Model
============================================================
IsTopModel: 1
ResetActiveHigh: 1
IsCombinational: 0
IsDatapathOnly: 0
HasWiredReturn: 1
HasMFsm: 0
HasVarLatency: 0
IsPipeline: 0
IsRtlPipelined: 0
IsInstanceOverlapped: 0
IsDontTouch: 0
HasImplIP: 0
IsGatedGlobalClock: 0


============================================================
+ Verbose Summary: Schedule
============================================================
* Number of FSM states : 1
* Pipeline : 0
* Dataflow Pipeline: 0

* FSM state transitions: 
1 --> 

* FSM state operations: 

State 1 <SV = 0> <Delay = 5.14>
ST_1 : Operation 2 [1/1] (0.00ns)   --->   "%spectopmodule_ln5 = spectopmodule void @_ssdm_op_SpecTopModule, void @empty_1" [main_parallel2serial.cpp:5]   --->   Operation 2 'spectopmodule' 'spectopmodule_ln5' <Predicate = true> <Delay = 0.00>
ST_1 : Operation 3 [1/1] (0.00ns)   --->   "%specinterface_ln5 = specinterface void @_ssdm_op_SpecInterface, i32 0, void @empty_2, i32 0, i32 0, void @empty_0, i32 0, i32 0, void @empty_0, void @empty_0, void @empty_0, i32 0, i32 0, i32 0, i32 0, void @empty_0, void @empty_0, i32 4294967295, i32 0, i32 0" [main_parallel2serial.cpp:5]   --->   Operation 3 'specinterface' 'specinterface_ln5' <Predicate = true> <Delay = 0.00>
ST_1 : Operation 4 [1/1] (0.00ns)   --->   "%specbitsmap_ln0 = specbitsmap void @_ssdm_op_SpecBitsMap, i8 %a"   --->   Operation 4 'specbitsmap' 'specbitsmap_ln0' <Predicate = true> <Delay = 0.00>
ST_1 : Operation 5 [1/1] (0.00ns)   --->   "%specinterface_ln0 = specinterface void @_ssdm_op_SpecInterface, i8 %a, void @empty, i32 4294967295, i32 4294967295, void @empty_0, i32 0, i32 0, void @empty_0, void @empty_0, void @empty_0, i32 0, i32 0, i32 0, i32 0, void @empty_0, void @empty_0, i32 4294967295, i32 0, i32 0"   --->   Operation 5 'specinterface' 'specinterface_ln0' <Predicate = true> <Delay = 0.00>
ST_1 : Operation 6 [1/1] (0.00ns)   --->   "%specbitsmap_ln0 = specbitsmap void @_ssdm_op_SpecBitsMap, i1 %begin_r"   --->   Operation 6 'specbitsmap' 'specbitsmap_ln0' <Predicate = true> <Delay = 0.00>
ST_1 : Operation 7 [1/1] (0.00ns)   --->   "%specinterface_ln0 = specinterface void @_ssdm_op_SpecInterface, i1 %begin_r, void @empty, i32 4294967295, i32 4294967295, void @empty_0, i32 0, i32 0, void @empty_0, void @empty_0, void @empty_0, i32 0, i32 0, i32 0, i32 0, void @empty_0, void @empty_0, i32 4294967295, i32 0, i32 0"   --->   Operation 7 'specinterface' 'specinterface_ln0' <Predicate = true> <Delay = 0.00>
ST_1 : Operation 8 [1/1] (0.00ns)   --->   "%specbitsmap_ln0 = specbitsmap void @_ssdm_op_SpecBitsMap, i1 %d"   --->   Operation 8 'specbitsmap' 'specbitsmap_ln0' <Predicate = true> <Delay = 0.00>
ST_1 : Operation 9 [1/1] (0.00ns)   --->   "%specinterface_ln0 = specinterface void @_ssdm_op_SpecInterface, i1 %d, void @empty, i32 4294967295, i32 4294967295, void @empty_0, i32 0, i32 0, void @empty_0, void @empty_0, void @empty_0, i32 0, i32 0, i32 0, i32 0, void @empty_0, void @empty_0, i32 4294967295, i32 0, i32 0"   --->   Operation 9 'specinterface' 'specinterface_ln0' <Predicate = true> <Delay = 0.00>
ST_1 : Operation 10 [1/1] (0.00ns)   --->   "%specbitsmap_ln0 = specbitsmap void @_ssdm_op_SpecBitsMap, i1 %serial_start"   --->   Operation 10 'specbitsmap' 'specbitsmap_ln0' <Predicate = true> <Delay = 0.00>
ST_1 : Operation 11 [1/1] (0.00ns)   --->   "%specinterface_ln0 = specinterface void @_ssdm_op_SpecInterface, i1 %serial_start, void @empty, i32 4294967295, i32 4294967295, void @empty_0, i32 0, i32 0, void @empty_0, void @empty_0, void @empty_0, i32 0, i32 0, i32 0, i32 0, void @empty_0, void @empty_0, i32 4294967295, i32 0, i32 0"   --->   Operation 11 'specinterface' 'specinterface_ln0' <Predicate = true> <Delay = 0.00>
ST_1 : Operation 12 [1/1] (0.00ns)   --->   "%specbitsmap_ln0 = specbitsmap void @_ssdm_op_SpecBitsMap, i1 %serial_end"   --->   Operation 12 'specbitsmap' 'specbitsmap_ln0' <Predicate = true> <Delay = 0.00>
ST_1 : Operation 13 [1/1] (0.00ns)   --->   "%specinterface_ln0 = specinterface void @_ssdm_op_SpecInterface, i1 %serial_end, void @empty, i32 4294967295, i32 4294967295, void @empty_0, i32 0, i32 0, void @empty_0, void @empty_0, void @empty_0, i32 0, i32 0, i32 0, i32 0, void @empty_0, void @empty_0, i32 4294967295, i32 0, i32 0"   --->   Operation 13 'specinterface' 'specinterface_ln0' <Predicate = true> <Delay = 0.00>
ST_1 : Operation 14 [1/1] (0.00ns)   --->   "%begin_r_read = read i1 @_ssdm_op_Read.ap_none.i1, i1 %begin_r" [main_parallel2serial.cpp:6]   --->   Operation 14 'read' 'begin_r_read' <Predicate = true> <Delay = 0.00>
ST_1 : Operation 15 [1/1] (0.00ns)   --->   "%a_read = read i8 @_ssdm_op_Read.ap_none.i8, i8 %a" [main_parallel2serial.cpp:6]   --->   Operation 15 'read' 'a_read' <Predicate = true> <Delay = 0.00>
ST_1 : Operation 16 [1/1] (0.00ns)   --->   "%count_load = load i32 %count" [main_parallel2serial.cpp:36]   --->   Operation 16 'load' 'count_load' <Predicate = (!begin_r_read)> <Delay = 0.00>
ST_1 : Operation 17 [1/1] (0.79ns)   --->   "%select_ln25 = select i1 %begin_r_read, i32 0, i32 %count_load" [main_parallel2serial.cpp:25]   --->   Operation 17 'select' 'select_ln25' <Predicate = true> <Delay = 0.79> <CoreInst = "Sel">   --->   Core 73 'Sel' <Latency = 0> <II = 1> <Delay = 0.79> <FuncUnit> <Opcode : 'select'> <InPorts = 3> <OutPorts = 1>
ST_1 : Operation 18 [1/1] (0.00ns)   --->   "%trunc_ln36 = trunc i32 %select_ln25" [main_parallel2serial.cpp:36]   --->   Operation 18 'trunc' 'trunc_ln36' <Predicate = true> <Delay = 0.00>
ST_1 : Operation 19 [1/1] (2.70ns)   --->   "%switch_ln36 = switch i32 %select_ln25, void %if.else8, i32 0, void %if.then3, i32 7, void %if.then5" [main_parallel2serial.cpp:36]   --->   Operation 19 'switch' 'switch_ln36' <Predicate = true> <Delay = 2.70>
ST_1 : Operation 20 [1/1] (0.00ns)   --->   "%write_ln46 = write void @_ssdm_op_Write.ap_none.i1P0A, i1 %serial_start, i1 0" [main_parallel2serial.cpp:46]   --->   Operation 20 'write' 'write_ln46' <Predicate = (select_ln25 == 7)> <Delay = 0.00>
ST_1 : Operation 21 [1/1] (0.00ns)   --->   "%write_ln47 = write void @_ssdm_op_Write.ap_none.i1P0A, i1 %serial_end, i1 1" [main_parallel2serial.cpp:47]   --->   Operation 21 'write' 'write_ln47' <Predicate = (select_ln25 == 7)> <Delay = 0.00>
ST_1 : Operation 22 [1/1] (0.00ns)   --->   "%tmp = bitselect i1 @_ssdm_op_BitSelect.i1.i8.i32, i8 %a_read, i32 7" [main_parallel2serial.cpp:48]   --->   Operation 22 'bitselect' 'tmp' <Predicate = (select_ln25 == 7)> <Delay = 0.00>
ST_1 : Operation 23 [1/1] (0.00ns)   --->   "%write_ln48 = write void @_ssdm_op_Write.ap_none.i1P0A, i1 %d, i1 %tmp" [main_parallel2serial.cpp:48]   --->   Operation 23 'write' 'write_ln48' <Predicate = (select_ln25 == 7)> <Delay = 0.00>
ST_1 : Operation 24 [1/1] (1.64ns)   --->   "%br_ln51 = br void %mergeST" [main_parallel2serial.cpp:51]   --->   Operation 24 'br' 'br_ln51' <Predicate = (select_ln25 == 7)> <Delay = 1.64>
ST_1 : Operation 25 [1/1] (0.00ns)   --->   "%write_ln39 = write void @_ssdm_op_Write.ap_none.i1P0A, i1 %serial_start, i1 1" [main_parallel2serial.cpp:39]   --->   Operation 25 'write' 'write_ln39' <Predicate = (select_ln25 == 0)> <Delay = 0.00>
ST_1 : Operation 26 [1/1] (0.00ns)   --->   "%write_ln40 = write void @_ssdm_op_Write.ap_none.i1P0A, i1 %serial_end, i1 0" [main_parallel2serial.cpp:40]   --->   Operation 26 'write' 'write_ln40' <Predicate = (select_ln25 == 0)> <Delay = 0.00>
ST_1 : Operation 27 [1/1] (0.00ns)   --->   "%trunc_ln41 = trunc i8 %a_read" [main_parallel2serial.cpp:41]   --->   Operation 27 'trunc' 'trunc_ln41' <Predicate = (select_ln25 == 0)> <Delay = 0.00>
ST_1 : Operation 28 [1/1] (0.00ns)   --->   "%write_ln41 = write void @_ssdm_op_Write.ap_none.i1P0A, i1 %d, i1 %trunc_ln41" [main_parallel2serial.cpp:41]   --->   Operation 28 'write' 'write_ln41' <Predicate = (select_ln25 == 0)> <Delay = 0.00>
ST_1 : Operation 29 [1/1] (1.64ns)   --->   "%br_ln43 = br void %mergeST" [main_parallel2serial.cpp:43]   --->   Operation 29 'br' 'br_ln43' <Predicate = (select_ln25 == 0)> <Delay = 1.64>
ST_1 : Operation 30 [1/1] (2.70ns)   --->   "%icmp_ln51 = icmp_slt  i32 %select_ln25, i32 7" [main_parallel2serial.cpp:51]   --->   Operation 30 'icmp' 'icmp_ln51' <Predicate = (select_ln25 != 0 & select_ln25 != 7)> <Delay = 2.70> <CoreInst = "Cmp">   --->   Core 9 'Cmp' <Latency = 0> <II = 1> <Delay = 2.70> <FuncUnit> <Opcode : 'seteq' 'setne' 'setle' 'setge' 'setlt' 'setgt'> <InPorts = 2> <OutPorts = 1>
ST_1 : Operation 31 [1/1] (0.00ns)   --->   "%write_ln54 = write void @_ssdm_op_Write.ap_none.i1P0A, i1 %serial_start, i1 0" [main_parallel2serial.cpp:54]   --->   Operation 31 'write' 'write_ln54' <Predicate = (select_ln25 != 0 & select_ln25 != 7)> <Delay = 0.00>
ST_1 : Operation 32 [1/1] (0.00ns)   --->   "%write_ln55 = write void @_ssdm_op_Write.ap_none.i1P0A, i1 %serial_end, i1 0" [main_parallel2serial.cpp:55]   --->   Operation 32 'write' 'write_ln55' <Predicate = (select_ln25 != 0 & select_ln25 != 7)> <Delay = 0.00>
ST_1 : Operation 33 [1/1] (1.64ns)   --->   "%br_ln51 = br i1 %icmp_ln51, void %mergeST, void %if.then10" [main_parallel2serial.cpp:51]   --->   Operation 33 'br' 'br_ln51' <Predicate = (select_ln25 != 0 & select_ln25 != 7)> <Delay = 1.64>
ST_1 : Operation 34 [1/1] (2.70ns)   --->   "%add_ln56 = add i32 %select_ln25, i32 1" [main_parallel2serial.cpp:56]   --->   Operation 34 'add' 'add_ln56' <Predicate = (select_ln25 != 0 & select_ln25 != 7 & icmp_ln51)> <Delay = 2.70> <CoreInst = "Adder">   --->   Core 1 'Adder' <Latency = 0> <II = 1> <Delay = 2.70> <FuncUnit> <Opcode : 'add' 'sub'> <InPorts = 2> <OutPorts = 1>
ST_1 : Operation 35 [1/1] (1.17ns)   --->   "%tmp_1 = bitselect i1 @_ssdm_op_BitSelect.i1.i8.i3, i8 %a_read, i3 %trunc_ln36" [main_parallel2serial.cpp:56]   --->   Operation 35 'bitselect' 'tmp_1' <Predicate = (select_ln25 != 0 & select_ln25 != 7 & icmp_ln51)> <Delay = 1.17> <CoreInst = "BitSelector">   --->   Core 141 'BitSelector' <Latency = 0> <II = 1> <Delay = 1.17> <FuncUnit> <Opcode : 'bitselect'> <InPorts = 2> <OutPorts = 1>
ST_1 : Operation 36 [1/1] (0.00ns)   --->   "%write_ln56 = write void @_ssdm_op_Write.ap_none.i1P0A, i1 %d, i1 %tmp_1" [main_parallel2serial.cpp:56]   --->   Operation 36 'write' 'write_ln56' <Predicate = (select_ln25 != 0 & select_ln25 != 7 & icmp_ln51)> <Delay = 0.00>
ST_1 : Operation 37 [1/1] (1.64ns)   --->   "%br_ln58 = br void %mergeST" [main_parallel2serial.cpp:58]   --->   Operation 37 'br' 'br_ln58' <Predicate = (select_ln25 != 0 & select_ln25 != 7 & icmp_ln51)> <Delay = 1.64>
ST_1 : Operation 38 [1/1] (0.00ns)   --->   "%count_new_2 = phi i32 1, void %if.then3, i32 8, void %if.then5, i32 %add_ln56, void %if.then10, i32 8, void %if.else8" [main_parallel2serial.cpp:56]   --->   Operation 38 'phi' 'count_new_2' <Predicate = true> <Delay = 0.00>
ST_1 : Operation 39 [1/1] (0.00ns)   --->   "%store_ln33 = store i32 %count_new_2, i32 %count" [main_parallel2serial.cpp:33]   --->   Operation 39 'store' 'store_ln33' <Predicate = true> <Delay = 0.00>
ST_1 : Operation 40 [1/1] (0.00ns)   --->   "%ret_ln69 = ret" [main_parallel2serial.cpp:69]   --->   Operation 40 'ret' 'ret_ln69' <Predicate = true> <Delay = 0.00>


============================================================
+ Verbose Summary: Timing violations
============================================================
Target clock period: 10.000ns, clock uncertainty: 2.700ns.

 <State 1>: 5.140ns
The critical path consists of the following:
	wire read operation ('begin', main_parallel2serial.cpp:6) on port 'begin_r' (main_parallel2serial.cpp:6) [19]  (0.000 ns)
	'select' operation 32 bit ('select_ln25', main_parallel2serial.cpp:25) [22]  (0.796 ns)
	'icmp' operation 1 bit ('icmp_ln51', main_parallel2serial.cpp:51) [38]  (2.702 ns)
	multiplexor before 'phi' operation 32 bit ('count_new_2', main_parallel2serial.cpp:56) with incoming values : ('add_ln56', main_parallel2serial.cpp:56) [48]  (1.642 ns)
	'phi' operation 32 bit ('count_new_2', main_parallel2serial.cpp:56) with incoming values : ('add_ln56', main_parallel2serial.cpp:56) [48]  (0.000 ns)


============================================================
+ Verbose Summary: Binding
============================================================
N/A
* FSMD analyzer results:
  - Output states:
 - Input state : 
  - Chain level:
	State 1


============================================================
+ Verbose Summary: Datapath Resource usage 
============================================================
N/A
