#-----------------------------------------------------------
# Vivado v2025.1 (64-bit)
# SW Build 6140274 on Wed May 21 22:58:25 MDT 2025
# IP Build 6138677 on Thu May 22 03:10:11 MDT 2025
# SharedData Build 6139179 on Tue May 20 17:58:58 MDT 2025
# Start of session at: Sat Feb 28 09:22:12 2026
# Process ID         : 23218
# Current directory  : /home/lenovo/Simulation_Linux/HLS/Serial_to_Parallel_Vitis/Serial_to_Parallel_Vitis/hls/impl/ip
# Command line       : vivado -notrace -mode batch -source run_ippack.tcl
# Log file           : /home/lenovo/Simulation_Linux/HLS/Serial_to_Parallel_Vitis/Serial_to_Parallel_Vitis/hls/impl/ip/vivado.log
# Journal file       : /home/lenovo/Simulation_Linux/HLS/Serial_to_Parallel_Vitis/Serial_to_Parallel_Vitis/hls/impl/ip/vivado.jou
# Running On         : lenovo-Legion-5-17ACH6H
# Platform           : Ubuntu
# Operating System   : Ubuntu 24.04.2 LTS
# Processor Detail   : AMD Ryzen 5 5600H with Radeon Graphics
# CPU Frequency      : 4241.517 MHz
# CPU Physical cores : 6
# CPU Logical cores  : 12
# Host memory        : 14496 MB
# Swap memory        : 2147 MB
# Total Virtual      : 16644 MB
# Available Virtual  : 9809 MB
#-----------------------------------------------------------
source run_ippack.tcl -notrace
INFO: calling package_hls_ip ip_types=vitis sysgen json_file=/home/lenovo/Simulation_Linux/HLS/Serial_to_Parallel_Vitis/Serial_to_Parallel_Vitis/hls/hls_data.json outdir=/home/lenovo/Simulation_Linux/HLS/Serial_to_Parallel_Vitis/Serial_to_Parallel_Vitis/hls/impl/ip srcdir=/home/lenovo/Simulation_Linux/HLS/Serial_to_Parallel_Vitis/Serial_to_Parallel_Vitis/hls ippack_options_dict= ippack_options_dict=
INFO: Copied 1 ipmisc file(s) to /home/lenovo/Simulation_Linux/HLS/Serial_to_Parallel_Vitis/Serial_to_Parallel_Vitis/hls/impl/ip/misc
INFO: Copied 1 verilog file(s) to /home/lenovo/Simulation_Linux/HLS/Serial_to_Parallel_Vitis/Serial_to_Parallel_Vitis/hls/impl/ip/hdl/verilog
INFO: Copied 1 vhdl file(s) to /home/lenovo/Simulation_Linux/HLS/Serial_to_Parallel_Vitis/Serial_to_Parallel_Vitis/hls/impl/ip/hdl/vhdl
INFO: Import ports from HDL: /home/lenovo/Simulation_Linux/HLS/Serial_to_Parallel_Vitis/Serial_to_Parallel_Vitis/hls/impl/ip/hdl/vhdl/serial2parallel.vhd (serial2parallel)
INFO: Add clock interface ap_clk
INFO: Add reset interface ap_rst
INFO: Add data interface d
INFO: Add data interface serial_start
INFO: Add data interface a
INFO: [IP_Flow 19-234] Refreshing IP repositories
INFO: [IP_Flow 19-1704] No user IP repositories specified
INFO: [IP_Flow 19-2313] Loaded Vivado IP repository '/opt/Xilinx/2025.1/Vivado/data/ip'.
INFO: Add data interface end_conversion
INFO: Calling post_process_vitis to specialize IP
INFO: Calling post_process_sysgen to specialize IP
Generating sysgen info xml from json file
INFO: Created IP /home/lenovo/Simulation_Linux/HLS/Serial_to_Parallel_Vitis/Serial_to_Parallel_Vitis/hls/impl/ip/component.xml
INFO: Created IP archive /home/lenovo/Simulation_Linux/HLS/Serial_to_Parallel_Vitis/Serial_to_Parallel_Vitis/hls/impl/ip/xilinx_com_hls_serial2parallel_1_0.zip
INFO: [Common 17-206] Exiting Vivado at Sat Feb 28 09:22:16 2026...
