/home/lenovo/Simulation_Linux/HLS/Serial_to_Parallel_Vitis/Serial_to_Parallel_Vitis/hls/.autopilot/db/main_serial2parallel.pp.0.cpp:2260:5: warning: Added loop label VITIS_LOOP_676_1:   [xilinx-label-all-loops]
    for (unsigned i = low; i != high+1; ++i) {
    ^~~
    VITIS_LOOP_676_1: 
/home/lenovo/Simulation_Linux/HLS/Serial_to_Parallel_Vitis/Serial_to_Parallel_Vitis/hls/.autopilot/db/main_serial2parallel.pp.0.cpp:2260:5: note: FIX-IT applied suggested code changes
/home/lenovo/Simulation_Linux/HLS/Serial_to_Parallel_Vitis/Serial_to_Parallel_Vitis/hls/.autopilot/db/main_serial2parallel.pp.0.cpp:2274:5: warning: Added loop label VITIS_LOOP_690_1:   [xilinx-label-all-loops]
    for (unsigned i = low; i != high+1; ++i) {
    ^~~
    VITIS_LOOP_690_1: 
/home/lenovo/Simulation_Linux/HLS/Serial_to_Parallel_Vitis/Serial_to_Parallel_Vitis/hls/.autopilot/db/main_serial2parallel.pp.0.cpp:2274:5: note: FIX-IT applied suggested code changes
/home/lenovo/Simulation_Linux/HLS/Serial_to_Parallel_Vitis/Serial_to_Parallel_Vitis/hls/.autopilot/db/main_serial2parallel.pp.0.cpp:2288:5: warning: Added loop label VITIS_LOOP_704_1:   [xilinx-label-all-loops]
    for (unsigned i = low; i != high+1; ++i) {
    ^~~
    VITIS_LOOP_704_1: 
/home/lenovo/Simulation_Linux/HLS/Serial_to_Parallel_Vitis/Serial_to_Parallel_Vitis/hls/.autopilot/db/main_serial2parallel.pp.0.cpp:2288:5: note: FIX-IT applied suggested code changes
/home/lenovo/Simulation_Linux/HLS/Serial_to_Parallel_Vitis/Serial_to_Parallel_Vitis/hls/.autopilot/db/main_serial2parallel.pp.0.cpp:4256:7: warning: Added loop label VITIS_LOOP_1248_1:   [xilinx-label-all-loops]
      for (i = 0; i < __N - 1; ++i) {
      ^~~
      VITIS_LOOP_1248_1: 
/home/lenovo/Simulation_Linux/HLS/Serial_to_Parallel_Vitis/Serial_to_Parallel_Vitis/hls/.autopilot/db/main_serial2parallel.pp.0.cpp:4256:7: note: FIX-IT applied suggested code changes
