

================================================================
== Vitis HLS Report for 'serial2parallel'
================================================================
* Date:           Sat Feb 28 08:52:53 2026

* Version:        2025.1 (Build 6135595 on May 21 2025)
* Project:        Serial_to_Parallel_Vitis
* Solution:       hls (Vivado IP Flow Target)
* Product family: artix7
* Target device:  xc7a35t-cpg236-1


================================================================
== Performance Estimates
================================================================
+ Timing: 
    * Summary: 
    +--------+----------+----------+------------+
    |  Clock |  Target  | Estimated| Uncertainty|
    +--------+----------+----------+------------+
    |ap_clk  |  10.00 ns|  5.140 ns|     2.70 ns|
    +--------+----------+----------+------------+

+ Latency: 
    * Summary: 
    +---------+---------+----------+----------+-----+-----+---------+
    |  Latency (cycles) |  Latency (absolute) |  Interval | Pipeline|
    |   min   |   max   |    min   |    max   | min | max |   Type  |
    +---------+---------+----------+----------+-----+-----+---------+
    |        0|        0|      0 ns|      0 ns|    1|    1|       no|
    +---------+---------+----------+----------+-----+-----+---------+

    + Detail: 
        * Instance: 
        N/A

        * Loop: 
        N/A

============================================================
+ Verbose Summary: Synthesis Manager
============================================================
InlineROM: 1
ExposeGlobal: 0
============================================================
+ Verbose Summary: CDFG Model
============================================================
IsTopModel: 1
ResetActiveHigh: 1
IsCombinational: 0
IsDatapathOnly: 0
HasWiredReturn: 1
HasMFsm: 0
HasVarLatency: 0
IsPipeline: 0
IsRtlPipelined: 0
IsInstanceOverlapped: 0
IsDontTouch: 0
HasImplIP: 0
IsGatedGlobalClock: 0


============================================================
+ Verbose Summary: Schedule
============================================================
* Number of FSM states : 1
* Pipeline : 0
* Dataflow Pipeline: 0

* FSM state transitions: 
1 --> 

* FSM state operations: 

State 1 <SV = 0> <Delay = 5.14>
ST_1 : Operation 2 [1/1] (0.00ns)   --->   "%spectopmodule_ln4 = spectopmodule void @_ssdm_op_SpecTopModule, void @empty_1" [main_serial2parallel.cpp:4]   --->   Operation 2 'spectopmodule' 'spectopmodule_ln4' <Predicate = true> <Delay = 0.00>
ST_1 : Operation 3 [1/1] (0.00ns)   --->   "%specinterface_ln4 = specinterface void @_ssdm_op_SpecInterface, i32 0, void @empty_2, i32 0, i32 0, void @empty_0, i32 0, i32 0, void @empty_0, void @empty_0, void @empty_0, i32 0, i32 0, i32 0, i32 0, void @empty_0, void @empty_0, i32 4294967295, i32 0, i32 0" [main_serial2parallel.cpp:4]   --->   Operation 3 'specinterface' 'specinterface_ln4' <Predicate = true> <Delay = 0.00>
ST_1 : Operation 4 [1/1] (0.00ns)   --->   "%specbitsmap_ln0 = specbitsmap void @_ssdm_op_SpecBitsMap, i1 %d"   --->   Operation 4 'specbitsmap' 'specbitsmap_ln0' <Predicate = true> <Delay = 0.00>
ST_1 : Operation 5 [1/1] (0.00ns)   --->   "%specinterface_ln0 = specinterface void @_ssdm_op_SpecInterface, i1 %d, void @empty, i32 4294967295, i32 4294967295, void @empty_0, i32 0, i32 0, void @empty_0, void @empty_0, void @empty_0, i32 0, i32 0, i32 0, i32 0, void @empty_0, void @empty_0, i32 4294967295, i32 0, i32 0"   --->   Operation 5 'specinterface' 'specinterface_ln0' <Predicate = true> <Delay = 0.00>
ST_1 : Operation 6 [1/1] (0.00ns)   --->   "%specbitsmap_ln0 = specbitsmap void @_ssdm_op_SpecBitsMap, i1 %serial_start"   --->   Operation 6 'specbitsmap' 'specbitsmap_ln0' <Predicate = true> <Delay = 0.00>
ST_1 : Operation 7 [1/1] (0.00ns)   --->   "%specinterface_ln0 = specinterface void @_ssdm_op_SpecInterface, i1 %serial_start, void @empty, i32 4294967295, i32 4294967295, void @empty_0, i32 0, i32 0, void @empty_0, void @empty_0, void @empty_0, i32 0, i32 0, i32 0, i32 0, void @empty_0, void @empty_0, i32 4294967295, i32 0, i32 0"   --->   Operation 7 'specinterface' 'specinterface_ln0' <Predicate = true> <Delay = 0.00>
ST_1 : Operation 8 [1/1] (0.00ns)   --->   "%specbitsmap_ln0 = specbitsmap void @_ssdm_op_SpecBitsMap, i8 %a"   --->   Operation 8 'specbitsmap' 'specbitsmap_ln0' <Predicate = true> <Delay = 0.00>
ST_1 : Operation 9 [1/1] (0.00ns)   --->   "%specinterface_ln0 = specinterface void @_ssdm_op_SpecInterface, i8 %a, void @empty, i32 4294967295, i32 4294967295, void @empty_0, i32 0, i32 0, void @empty_0, void @empty_0, void @empty_0, i32 0, i32 0, i32 0, i32 0, void @empty_0, void @empty_0, i32 4294967295, i32 0, i32 0"   --->   Operation 9 'specinterface' 'specinterface_ln0' <Predicate = true> <Delay = 0.00>
ST_1 : Operation 10 [1/1] (0.00ns)   --->   "%specbitsmap_ln0 = specbitsmap void @_ssdm_op_SpecBitsMap, i1 %end_conversion"   --->   Operation 10 'specbitsmap' 'specbitsmap_ln0' <Predicate = true> <Delay = 0.00>
ST_1 : Operation 11 [1/1] (0.00ns)   --->   "%specinterface_ln0 = specinterface void @_ssdm_op_SpecInterface, i1 %end_conversion, void @empty, i32 4294967295, i32 4294967295, void @empty_0, i32 0, i32 0, void @empty_0, void @empty_0, void @empty_0, i32 0, i32 0, i32 0, i32 0, void @empty_0, void @empty_0, i32 4294967295, i32 0, i32 0"   --->   Operation 11 'specinterface' 'specinterface_ln0' <Predicate = true> <Delay = 0.00>
ST_1 : Operation 12 [1/1] (0.00ns)   --->   "%serial_start_read = read i1 @_ssdm_op_Read.ap_none.i1, i1 %serial_start" [main_serial2parallel.cpp:4]   --->   Operation 12 'read' 'serial_start_read' <Predicate = true> <Delay = 0.00>
ST_1 : Operation 13 [1/1] (0.00ns)   --->   "%d_read = read i1 @_ssdm_op_Read.ap_none.i1, i1 %d" [main_serial2parallel.cpp:4]   --->   Operation 13 'read' 'd_read' <Predicate = true> <Delay = 0.00>
ST_1 : Operation 14 [1/1] (0.00ns)   --->   "%next_state = load i8 %state_reg" [main_serial2parallel.cpp:45]   --->   Operation 14 'load' 'next_state' <Predicate = true> <Delay = 0.00>
ST_1 : Operation 15 [1/1] (0.00ns)   --->   "%next_counter = load i32 %counter" [main_serial2parallel.cpp:47]   --->   Operation 15 'load' 'next_counter' <Predicate = (!serial_start_read)> <Delay = 0.00>
ST_1 : Operation 16 [1/1] (0.79ns)   --->   "%next_counter_1 = select i1 %serial_start_read, i32 0, i32 %next_counter" [main_serial2parallel.cpp:49]   --->   Operation 16 'select' 'next_counter_1' <Predicate = true> <Delay = 0.79> <CoreInst = "Sel">   --->   Core 73 'Sel' <Latency = 0> <II = 1> <Delay = 0.79> <FuncUnit> <Opcode : 'select'> <InPorts = 3> <OutPorts = 1>
ST_1 : Operation 17 [1/1] (2.70ns)   --->   "%icmp_ln62 = icmp_ult  i32 %next_counter_1, i32 7" [main_serial2parallel.cpp:62]   --->   Operation 17 'icmp' 'icmp_ln62' <Predicate = true> <Delay = 2.70> <CoreInst = "Cmp">   --->   Core 9 'Cmp' <Latency = 0> <II = 1> <Delay = 2.70> <FuncUnit> <Opcode : 'seteq' 'setne' 'setle' 'setge' 'setlt' 'setgt'> <InPorts = 2> <OutPorts = 1>
ST_1 : Operation 18 [1/1] (0.00ns)   --->   "%br_ln62 = br i1 %icmp_ln62, void %if.else, void %if.then5" [main_serial2parallel.cpp:62]   --->   Operation 18 'br' 'br_ln62' <Predicate = true> <Delay = 0.00>
ST_1 : Operation 19 [1/1] (2.70ns)   --->   "%icmp_ln73 = icmp_eq  i32 %next_counter_1, i32 7" [main_serial2parallel.cpp:73]   --->   Operation 19 'icmp' 'icmp_ln73' <Predicate = (!icmp_ln62)> <Delay = 2.70> <CoreInst = "Cmp">   --->   Core 9 'Cmp' <Latency = 0> <II = 1> <Delay = 2.70> <FuncUnit> <Opcode : 'seteq' 'setne' 'setle' 'setge' 'setlt' 'setgt'> <InPorts = 2> <OutPorts = 1>
ST_1 : Operation 20 [1/1] (1.64ns)   --->   "%br_ln73 = br i1 %icmp_ln73, void %if.end18, void %if.then10" [main_serial2parallel.cpp:73]   --->   Operation 20 'br' 'br_ln73' <Predicate = (!icmp_ln62)> <Delay = 1.64>
ST_1 : Operation 21 [1/1] (0.00ns)   --->   "%lshr_ln1 = partselect i7 @_ssdm_op_PartSelect.i7.i8.i32.i32, i8 %next_state, i32 1, i32 7" [main_serial2parallel.cpp:78]   --->   Operation 21 'partselect' 'lshr_ln1' <Predicate = (!icmp_ln62 & icmp_ln73)> <Delay = 0.00>
ST_1 : Operation 22 [1/1] (0.00ns)   --->   "%next_state_3 = bitconcatenate i8 @_ssdm_op_BitConcatenate.i8.i1.i7, i1 %d_read, i7 %lshr_ln1" [main_serial2parallel.cpp:78]   --->   Operation 22 'bitconcatenate' 'next_state_3' <Predicate = (!icmp_ln62 & icmp_ln73)> <Delay = 0.00>
ST_1 : Operation 23 [1/1] (0.00ns)   --->   "%store_ln82 = store i8 %next_state_3, i8 %a_reg_out" [main_serial2parallel.cpp:82]   --->   Operation 23 'store' 'store_ln82' <Predicate = (!icmp_ln62 & icmp_ln73)> <Delay = 0.00>
ST_1 : Operation 24 [1/1] (1.64ns)   --->   "%br_ln87 = br void %if.end18" [main_serial2parallel.cpp:87]   --->   Operation 24 'br' 'br_ln87' <Predicate = (!icmp_ln62 & icmp_ln73)> <Delay = 1.64>
ST_1 : Operation 25 [1/1] (0.00ns)   --->   "%lshr_ln = partselect i7 @_ssdm_op_PartSelect.i7.i8.i32.i32, i8 %next_state, i32 1, i32 7" [main_serial2parallel.cpp:67]   --->   Operation 25 'partselect' 'lshr_ln' <Predicate = (icmp_ln62)> <Delay = 0.00>
ST_1 : Operation 26 [1/1] (0.00ns)   --->   "%next_state_2 = bitconcatenate i8 @_ssdm_op_BitConcatenate.i8.i1.i7, i1 %d_read, i7 %lshr_ln" [main_serial2parallel.cpp:67]   --->   Operation 26 'bitconcatenate' 'next_state_2' <Predicate = (icmp_ln62)> <Delay = 0.00>
ST_1 : Operation 27 [1/1] (2.70ns)   --->   "%next_counter_3 = add i32 %next_counter_1, i32 1" [main_serial2parallel.cpp:69]   --->   Operation 27 'add' 'next_counter_3' <Predicate = (icmp_ln62)> <Delay = 2.70> <CoreInst = "Adder">   --->   Core 1 'Adder' <Latency = 0> <II = 1> <Delay = 2.70> <FuncUnit> <Opcode : 'add' 'sub'> <InPorts = 2> <OutPorts = 1>
ST_1 : Operation 28 [1/1] (1.64ns)   --->   "%br_ln73 = br void %if.end18" [main_serial2parallel.cpp:73]   --->   Operation 28 'br' 'br_ln73' <Predicate = (icmp_ln62)> <Delay = 1.64>
ST_1 : Operation 29 [1/1] (0.00ns)   --->   "%next_state_1 = phi i8 %next_state_2, void %if.then5, i8 %next_state_3, void %if.then10, i8 %next_state, void %if.else"   --->   Operation 29 'phi' 'next_state_1' <Predicate = true> <Delay = 0.00>
ST_1 : Operation 30 [1/1] (0.00ns)   --->   "%storemerge1 = phi i1 0, void %if.then5, i1 1, void %if.then10, i1 0, void %if.else"   --->   Operation 30 'phi' 'storemerge1' <Predicate = true> <Delay = 0.00>
ST_1 : Operation 31 [1/1] (0.00ns)   --->   "%next_counter_2 = phi i32 %next_counter_3, void %if.then5, i32 8, void %if.then10, i32 %next_counter_1, void %if.else"   --->   Operation 31 'phi' 'next_counter_2' <Predicate = true> <Delay = 0.00>
ST_1 : Operation 32 [1/1] (0.00ns)   --->   "%write_ln0 = write void @_ssdm_op_Write.ap_none.i1P0A, i1 %end_conversion, i1 %storemerge1"   --->   Operation 32 'write' 'write_ln0' <Predicate = true> <Delay = 0.00>
ST_1 : Operation 33 [1/1] (0.00ns)   --->   "%store_ln92 = store i32 %next_counter_2, i32 %counter" [main_serial2parallel.cpp:92]   --->   Operation 33 'store' 'store_ln92' <Predicate = true> <Delay = 0.00>
ST_1 : Operation 34 [1/1] (0.00ns)   --->   "%store_ln94 = store i8 %next_state_1, i8 %state_reg" [main_serial2parallel.cpp:94]   --->   Operation 34 'store' 'store_ln94' <Predicate = true> <Delay = 0.00>
ST_1 : Operation 35 [1/1] (0.00ns)   --->   "%a_reg_out_load = load i8 %a_reg_out" [main_serial2parallel.cpp:96]   --->   Operation 35 'load' 'a_reg_out_load' <Predicate = true> <Delay = 0.00>
ST_1 : Operation 36 [1/1] (0.00ns)   --->   "%write_ln96 = write void @_ssdm_op_Write.ap_none.i8P0A, i8 %a, i8 %a_reg_out_load" [main_serial2parallel.cpp:96]   --->   Operation 36 'write' 'write_ln96' <Predicate = true> <Delay = 0.00>
ST_1 : Operation 37 [1/1] (0.00ns)   --->   "%ret_ln98 = ret" [main_serial2parallel.cpp:98]   --->   Operation 37 'ret' 'ret_ln98' <Predicate = true> <Delay = 0.00>


============================================================
+ Verbose Summary: Timing violations
============================================================
Target clock period: 10.000ns, clock uncertainty: 2.700ns.

 <State 1>: 5.140ns
The critical path consists of the following:
	wire read operation ('serial_start_read', main_serial2parallel.cpp:4) on port 'serial_start' (main_serial2parallel.cpp:4) [18]  (0.000 ns)
	'select' operation 32 bit ('next_counter', main_serial2parallel.cpp:49) [22]  (0.796 ns)
	'icmp' operation 1 bit ('icmp_ln62', main_serial2parallel.cpp:62) [23]  (2.702 ns)
	multiplexor before 'phi' operation 8 bit ('next_state') with incoming values : ('next_state', main_serial2parallel.cpp:45) ('next_state', main_serial2parallel.cpp:78) ('next_state', main_serial2parallel.cpp:67) [39]  (1.642 ns)
	'phi' operation 8 bit ('next_state') with incoming values : ('next_state', main_serial2parallel.cpp:45) ('next_state', main_serial2parallel.cpp:78) ('next_state', main_serial2parallel.cpp:67) [39]  (0.000 ns)


============================================================
+ Verbose Summary: Binding
============================================================
N/A
* FSMD analyzer results:
  - Output states:
 - Input state : 
  - Chain level:
	State 1


============================================================
+ Verbose Summary: Datapath Resource usage 
============================================================
N/A
