  **** HLS Build v2025.1 6135595
INFO: [HLS 200-2005] Using work_dir /home/lenovo/Simulation_Linux/HLS/Parity_Bit_Vitis/Parity_Bit_Vitis 
INFO: [HLS 200-2176] Writing Vitis IDE component file /home/lenovo/Simulation_Linux/HLS/Parity_Bit_Vitis/Parity_Bit_Vitis/vitis-comp.json
INFO: [HLS 200-10] Creating and opening component '/home/lenovo/Simulation_Linux/HLS/Parity_Bit_Vitis/Parity_Bit_Vitis'.
INFO: [HLS 200-1505] Using default flow_target 'vivado'
Resolution: For help on HLS 200-1505 see docs.xilinx.com/access/sources/dita/topic?Doc_Version=2025.1%20English&url=ug1448-hls-guidance&resourceid=200-1505.html
INFO: [HLS 200-2174] Applying component config ini file /home/lenovo/Simulation_Linux/HLS/Parity_Bit_Vitis/hls_config.cfg
INFO: [HLS 200-1465] Applying config ini 'syn.file=main_parity_bit.cpp' from /home/lenovo/Simulation_Linux/HLS/Parity_Bit_Vitis/hls_config.cfg(8)
INFO: [HLS 200-10] Adding design file '/home/lenovo/Simulation_Linux/HLS/Parity_Bit_Vitis/main_parity_bit.cpp' to the project
INFO: [HLS 200-1465] Applying config ini 'syn.file=parity_bit.hpp' from /home/lenovo/Simulation_Linux/HLS/Parity_Bit_Vitis/hls_config.cfg(9)
INFO: [HLS 200-10] Adding design file '/home/lenovo/Simulation_Linux/HLS/Parity_Bit_Vitis/parity_bit.hpp' to the project
INFO: [HLS 200-1465] Applying config ini 'tb.file=parity_bit_tb.cpp' from /home/lenovo/Simulation_Linux/HLS/Parity_Bit_Vitis/hls_config.cfg(10)
INFO: [HLS 200-10] Adding test bench file '/home/lenovo/Simulation_Linux/HLS/Parity_Bit_Vitis/parity_bit_tb.cpp' to the project
INFO: [HLS 200-1465] Applying config ini 'tb.file=parity_bit_tb.hpp' from /home/lenovo/Simulation_Linux/HLS/Parity_Bit_Vitis/hls_config.cfg(11)
INFO: [HLS 200-10] Adding test bench file '/home/lenovo/Simulation_Linux/HLS/Parity_Bit_Vitis/parity_bit_tb.hpp' to the project
INFO: [HLS 200-1465] Applying config ini 'syn.top=parity_generator' from /home/lenovo/Simulation_Linux/HLS/Parity_Bit_Vitis/hls_config.cfg(7)
INFO: [HLS 200-1465] Applying config ini 'flow_target=vivado' from /home/lenovo/Simulation_Linux/HLS/Parity_Bit_Vitis/hls_config.cfg(4)
INFO: [HLS 200-1505] Using flow_target 'vivado'
Resolution: For help on HLS 200-1505 see docs.xilinx.com/access/sources/dita/topic?Doc_Version=2025.1%20English&url=ug1448-hls-guidance&resourceid=200-1505.html
INFO: [HLS 200-1465] Applying config ini 'part=xc7a35tcpg236-1' from /home/lenovo/Simulation_Linux/HLS/Parity_Bit_Vitis/hls_config.cfg(1)
INFO: [HLS 200-1611] Setting target device to 'xc7a35t-cpg236-1'
INFO: [HLS 200-1465] Applying config ini 'package.output.format=ip_catalog' from /home/lenovo/Simulation_Linux/HLS/Parity_Bit_Vitis/hls_config.cfg(5)
INFO: [HLS 200-2176] Writing Vitis IDE component file /home/lenovo/Simulation_Linux/HLS/Parity_Bit_Vitis/Parity_Bit_Vitis/vitis-comp.json
INFO: [HLS 200-111] Finished File checks and directory preparation: CPU user time: 1.63 seconds. CPU system time: 0.39 seconds. Elapsed time: 2.03 seconds; current allocated memory: 234.973 MB.
INFO: [HLS 200-10] Analyzing design file 'main_parity_bit.cpp' ... 
INFO: [HLS 200-111] Finished Source Code Analysis and Preprocessing: CPU user time: 2.23 seconds. CPU system time: 0.47 seconds. Elapsed time: 2.69 seconds; current allocated memory: 236.922 MB.
INFO: [HLS 200-777] Using interface defaults for 'Vivado' flow target.
INFO: [HLS 200-1995] There were 41 instructions in the design after the 'Compile/Link' phase of compilation. See the Design Size Report for more details (/home/lenovo/Simulation_Linux/HLS/Parity_Bit_Vitis/Parity_Bit_Vitis/hls/syn/report/csynth_design_size.rpt:2)
INFO: [HLS 200-1995] There were 84 instructions in the design after the 'Unroll/Inline (step 1)' phase of compilation. See the Design Size Report for more details (/home/lenovo/Simulation_Linux/HLS/Parity_Bit_Vitis/Parity_Bit_Vitis/hls/syn/report/csynth_design_size.rpt:2)
INFO: [HLS 200-1995] There were 80 instructions in the design after the 'Unroll/Inline (step 2)' phase of compilation. See the Design Size Report for more details (/home/lenovo/Simulation_Linux/HLS/Parity_Bit_Vitis/Parity_Bit_Vitis/hls/syn/report/csynth_design_size.rpt:2)
INFO: [HLS 200-1995] There were 80 instructions in the design after the 'Unroll/Inline (step 3)' phase of compilation. See the Design Size Report for more details (/home/lenovo/Simulation_Linux/HLS/Parity_Bit_Vitis/Parity_Bit_Vitis/hls/syn/report/csynth_design_size.rpt:2)
INFO: [HLS 200-1995] There were 80 instructions in the design after the 'Unroll/Inline (step 4)' phase of compilation. See the Design Size Report for more details (/home/lenovo/Simulation_Linux/HLS/Parity_Bit_Vitis/Parity_Bit_Vitis/hls/syn/report/csynth_design_size.rpt:2)
INFO: [HLS 200-1995] There were 80 instructions in the design after the 'Array/Struct (step 1)' phase of compilation. See the Design Size Report for more details (/home/lenovo/Simulation_Linux/HLS/Parity_Bit_Vitis/Parity_Bit_Vitis/hls/syn/report/csynth_design_size.rpt:2)
INFO: [HLS 200-1995] There were 80 instructions in the design after the 'Array/Struct (step 2)' phase of compilation. See the Design Size Report for more details (/home/lenovo/Simulation_Linux/HLS/Parity_Bit_Vitis/Parity_Bit_Vitis/hls/syn/report/csynth_design_size.rpt:2)
INFO: [HLS 200-1995] There were 80 instructions in the design after the 'Array/Struct (step 3)' phase of compilation. See the Design Size Report for more details (/home/lenovo/Simulation_Linux/HLS/Parity_Bit_Vitis/Parity_Bit_Vitis/hls/syn/report/csynth_design_size.rpt:2)
INFO: [HLS 200-1995] There were 80 instructions in the design after the 'Array/Struct (step 4)' phase of compilation. See the Design Size Report for more details (/home/lenovo/Simulation_Linux/HLS/Parity_Bit_Vitis/Parity_Bit_Vitis/hls/syn/report/csynth_design_size.rpt:2)
INFO: [HLS 200-1995] There were 80 instructions in the design after the 'Array/Struct (step 5)' phase of compilation. See the Design Size Report for more details (/home/lenovo/Simulation_Linux/HLS/Parity_Bit_Vitis/Parity_Bit_Vitis/hls/syn/report/csynth_design_size.rpt:2)
INFO: [HLS 200-1995] There were 80 instructions in the design after the 'Performance (step 1)' phase of compilation. See the Design Size Report for more details (/home/lenovo/Simulation_Linux/HLS/Parity_Bit_Vitis/Parity_Bit_Vitis/hls/syn/report/csynth_design_size.rpt:2)
INFO: [HLS 200-1995] There were 80 instructions in the design after the 'Performance (step 2)' phase of compilation. See the Design Size Report for more details (/home/lenovo/Simulation_Linux/HLS/Parity_Bit_Vitis/Parity_Bit_Vitis/hls/syn/report/csynth_design_size.rpt:2)
INFO: [HLS 200-1995] There were 80 instructions in the design after the 'Performance (step 3)' phase of compilation. See the Design Size Report for more details (/home/lenovo/Simulation_Linux/HLS/Parity_Bit_Vitis/Parity_Bit_Vitis/hls/syn/report/csynth_design_size.rpt:2)
INFO: [HLS 200-1995] There were 80 instructions in the design after the 'Performance (step 4)' phase of compilation. See the Design Size Report for more details (/home/lenovo/Simulation_Linux/HLS/Parity_Bit_Vitis/Parity_Bit_Vitis/hls/syn/report/csynth_design_size.rpt:2)
INFO: [HLS 200-1995] There were 80 instructions in the design after the 'HW Transforms (step 1)' phase of compilation. See the Design Size Report for more details (/home/lenovo/Simulation_Linux/HLS/Parity_Bit_Vitis/Parity_Bit_Vitis/hls/syn/report/csynth_design_size.rpt:2)
INFO: [HLS 200-1995] There were 81 instructions in the design after the 'HW Transforms (step 2)' phase of compilation. See the Design Size Report for more details (/home/lenovo/Simulation_Linux/HLS/Parity_Bit_Vitis/Parity_Bit_Vitis/hls/syn/report/csynth_design_size.rpt:2)
INFO: [HLS 214-186] Unrolling loop 'VITIS_LOOP_16_1' (main_parity_bit.cpp:16:19) in function 'parity_generator' completely with a factor of 16 (main_parity_bit.cpp:6:0)
INFO: [HLS 200-111] Finished Compiling Optimization and Transform: CPU user time: 1.84 seconds. CPU system time: 0.42 seconds. Elapsed time: 7 seconds; current allocated memory: 238.547 MB.
INFO: [HLS 200-111] Finished Checking Pragmas: CPU user time: 0 seconds. CPU system time: 0 seconds. Elapsed time: 0 seconds; current allocated memory: 238.547 MB.
INFO: [HLS 200-10] Starting code transformations ...
INFO: [HLS 200-111] Finished Standard Transforms: CPU user time: 0 seconds. CPU system time: 0.01 seconds. Elapsed time: 0.01 seconds; current allocated memory: 238.547 MB.
INFO: [HLS 200-10] Checking synthesizability ...
INFO: [HLS 200-111] Finished Checking Synthesizability: CPU user time: 0.01 seconds. CPU system time: 0 seconds. Elapsed time: 0.01 seconds; current allocated memory: 238.598 MB.
INFO: [XFORM 203-11] Balancing expressions in function 'parity_generator' (main_parity_bit.cpp:6:2)...15 expression(s) balanced.
INFO: [HLS 200-111] Finished Loop, function and other optimizations: CPU user time: 0.01 seconds. CPU system time: 0.01 seconds. Elapsed time: 0.03 seconds; current allocated memory: 259.008 MB.
INFO: [HLS 200-111] Finished Architecture Synthesis: CPU user time: 0.02 seconds. CPU system time: 0 seconds. Elapsed time: 0.01 seconds; current allocated memory: 251.004 MB.
INFO: [HLS 200-10] Starting hardware synthesis ...
INFO: [HLS 200-10] Synthesizing 'parity_generator' ...
INFO: [SYN 201-201] Setting up clock 'default' with a period of 10ns.
INFO: [HLS 200-10] ----------------------------------------------------------------
INFO: [HLS 200-42] -- Implementing module 'parity_generator' 
INFO: [HLS 200-10] ----------------------------------------------------------------
INFO: [SCHED 204-11] Starting scheduling ...
INFO: [SCHED 204-11] Finished scheduling.
INFO: [HLS 200-111] Finished Scheduling: CPU user time: 0.01 seconds. CPU system time: 0.01 seconds. Elapsed time: 0.03 seconds; current allocated memory: 251.004 MB.
INFO: [BIND 205-100] Starting micro-architecture generation ...
INFO: [BIND 205-101] Performing variable lifetime analysis.
INFO: [BIND 205-101] Exploring resource sharing.
INFO: [BIND 205-101] Binding ...
INFO: [BIND 205-100] Finished micro-architecture generation.
INFO: [HLS 200-111] Finished Binding: CPU user time: 0.01 seconds. CPU system time: 0 seconds. Elapsed time: 0.01 seconds; current allocated memory: 251.004 MB.
INFO: [HLS 200-10] ----------------------------------------------------------------
INFO: [HLS 200-10] -- Generating RTL for module 'parity_generator' 
INFO: [HLS 200-10] ----------------------------------------------------------------
INFO: [RTGEN 206-500] Setting interface mode on port 'parity_generator/a' to 'ap_none'.
INFO: [RTGEN 206-500] Setting interface mode on function 'parity_generator' to 'ap_ctrl_none'.
INFO: [RTGEN 206-100] Finished creating RTL model for 'parity_generator'.
INFO: [HLS 200-111] Finished Creating RTL model: CPU user time: 0.02 seconds. CPU system time: 0 seconds. Elapsed time: 0.02 seconds; current allocated memory: 251.004 MB.
INFO: [HLS 200-111] Finished Generating all RTL models: CPU user time: 0.13 seconds. CPU system time: 0.02 seconds. Elapsed time: 0.15 seconds; current allocated memory: 251.898 MB.
INFO: [HLS 200-111] Finished Updating report files: CPU user time: 0.25 seconds. CPU system time: 0.06 seconds. Elapsed time: 0.31 seconds; current allocated memory: 252.863 MB.
INFO: [VHDL 208-304] Generating VHDL RTL for parity_generator.
INFO: [VLOG 209-307] Generating Verilog RTL for parity_generator.
INFO: [HLS 200-789] **** Estimated Fmax: 340.83 MHz
INFO: [HLS 200-112] Total CPU user time: 6.17 seconds. Total CPU system time: 1.39 seconds. Total elapsed time: 12.31 seconds; peak allocated memory: 259.008 MB.
INFO: [v++ 60-791] Total elapsed time: 0h 0m 16s
