Mon Dec  8 14:06:51 2025: Running xcd server. This server was built by gradle.
Mon Dec  8 14:06:51 2025: Server was asked to start on port: '37419'
Mon Dec  8 14:06:51 2025: Server is using token UUID: '3d68c303-3a73-4ce5-bd53-c4d5c255c1ae'
Mon Dec  8 14:06:51 2025: SESSION_MGR: creating session with session uuid: '6d04a3e9-ade5-4ab9-8d63-1f78fcd2ec76' and name 'default'
Mon Dec  8 14:06:51 2025: Attempting to start server on port '37419'
Mon Dec  8 14:06:51 2025: XCD main fifo: created main fifo '/tmp/xcdmain3d68c303-3a73-4ce5-bd53-c4d5c255c1ae', fd read = 12
Mon Dec  8 14:06:51 2025: Running Dispatch Server
Mon Dec  8 14:06:51 2025: Version 2.2.0
Mon Dec  8 14:06:52 2025: Dispatch Server: Accepted socket connection from client
Mon Dec  8 14:06:52 2025: Starting Socket connection
Mon Dec  8 14:06:52 2025: EXCHANGE_TOKEN received, server token: 3d68c303-3a73-4ce5-bd53-c4d5c255c1ae, passed token: 3d68c303-3a73-4ce5-bd53-c4d5c255c1ae
Mon Dec  8 14:06:53 2025: DISPATCH_HANDLER: Adding handler from function makeHandler in library libxv_system_diagram
Mon Dec  8 14:06:53 2025: SESSION_MGR: creating session with session uuid: 'dba197e3-b6fe-4479-b317-9495a162cf0f' and name 'v++_compile_Parity_Bit_Vitis'
Mon Dec  8 14:06:53 2025: KERNEL_SVC: creating session with uuid: 'dba197e3-b6fe-4479-b317-9495a162cf0f' and name 'v++_compile_Parity_Bit_Vitis'
Mon Dec  8 14:06:53 2025: GUIDANCE_SMGR: creating guidance session with uuid: 'dba197e3-b6fe-4479-b317-9495a162cf0f' and name 'v++_compile_Parity_Bit_Vitis'
Mon Dec  8 14:06:53 2025: SYSTEM_DIAGRAM: creating session with uuid: 'dba197e3-b6fe-4479-b317-9495a162cf0f' and name 'v++_compile_Parity_Bit_Vitis'
Mon Dec  8 14:06:55 2025: Dispatch Server: Accepted socket connection from client
Mon Dec  8 14:06:55 2025: Starting Socket connection
Mon Dec  8 14:07:06 2025: SESSION_MGR: closing session for UUID 'dba197e3-b6fe-4479-b317-9495a162cf0f' with name 'v++_compile_Parity_Bit_Vitis'
Mon Dec  8 14:07:06 2025: KERNEL_SVC: closing session for UUID 'dba197e3-b6fe-4479-b317-9495a162cf0f' with name 'v++_compile_Parity_Bit_Vitis'
Mon Dec  8 14:07:06 2025: GUIDANCE_SMGR: closing session for UUID 'dba197e3-b6fe-4479-b317-9495a162cf0f' with name 'v++_compile_Parity_Bit_Vitis'
Mon Dec  8 14:07:06 2025: SYSTEM_DIAGRAM: closing session for UUID 'dba197e3-b6fe-4479-b317-9495a162cf0f' with name 'v++_compile_Parity_Bit_Vitis'
Mon Dec  8 14:07:06 2025: STOP_SERVER received, server token: 3d68c303-3a73-4ce5-bd53-c4d5c255c1ae, passed token: 3d68c303-3a73-4ce5-bd53-c4d5c255c1ae
Mon Dec  8 14:07:06 2025: Socket received request to stop server.
Mon Dec  8 14:07:06 2025: Dispatch Server: do_await_stop
Mon Dec  8 14:07:06 2025: Dispatch Server: stopping mainFifo_
Mon Dec  8 14:07:06 2025: XCD main fifo: Stopping
Mon Dec  8 14:07:06 2025: XCD main fifo: do_read error code: Operation canceled
Mon Dec  8 14:07:06 2025: XCD main fifo: bytes_transferred: 0
Mon Dec  8 14:07:06 2025: SERVER: destructor for server bound to port 37419
Mon Dec  8 14:07:06 2025: XCD main fifo: Good unlink of /tmp/xcdmain3d68c303-3a73-4ce5-bd53-c4d5c255c1ae
Mon Dec  8 14:07:06 2025: Server exiting with status 0.
Mon Dec  8 14:07:06 2025: Closing log file.
Mon Dec  8 14:07:18 2025: Running xcd server. This server was built by gradle.
Mon Dec  8 14:07:18 2025: Server was asked to start on port: '34589'
Mon Dec  8 14:07:18 2025: Server is using token UUID: 'e9b636c1-722c-437b-beee-116c9b9b1347'
Mon Dec  8 14:07:18 2025: SESSION_MGR: creating session with session uuid: '6d04a3e9-ade5-4ab9-8d63-1f78fcd2ec76' and name 'default'
Mon Dec  8 14:07:18 2025: Attempting to start server on port '34589'
Mon Dec  8 14:07:18 2025: XCD main fifo: created main fifo '/tmp/xcdmaine9b636c1-722c-437b-beee-116c9b9b1347', fd read = 12
Mon Dec  8 14:07:18 2025: Running Dispatch Server
Mon Dec  8 14:07:18 2025: Version 2.2.0
Mon Dec  8 14:07:19 2025: Dispatch Server: Accepted socket connection from client
Mon Dec  8 14:07:19 2025: Starting Socket connection
Mon Dec  8 14:07:19 2025: EXCHANGE_TOKEN received, server token: e9b636c1-722c-437b-beee-116c9b9b1347, passed token: e9b636c1-722c-437b-beee-116c9b9b1347
Mon Dec  8 14:07:20 2025: DISPATCH_HANDLER: Adding handler from function makeHandler in library libxv_system_diagram
Mon Dec  8 14:07:20 2025: SESSION_MGR: creating session with session uuid: 'e1471416-ce2e-4f0f-86a8-96b834a10df6' and name 'vitis-run_compile_Parity_Bit_Vitis'
Mon Dec  8 14:07:20 2025: KERNEL_SVC: creating session with uuid: 'e1471416-ce2e-4f0f-86a8-96b834a10df6' and name 'vitis-run_compile_Parity_Bit_Vitis'
Mon Dec  8 14:07:20 2025: GUIDANCE_SMGR: creating guidance session with uuid: 'e1471416-ce2e-4f0f-86a8-96b834a10df6' and name 'vitis-run_compile_Parity_Bit_Vitis'
Mon Dec  8 14:07:20 2025: SYSTEM_DIAGRAM: creating session with uuid: 'e1471416-ce2e-4f0f-86a8-96b834a10df6' and name 'vitis-run_compile_Parity_Bit_Vitis'
Mon Dec  8 14:07:23 2025: Dispatch Server: Accepted socket connection from client
Mon Dec  8 14:07:23 2025: Starting Socket connection
Mon Dec  8 14:07:26 2025: SESSION_MGR: closing session for UUID 'e1471416-ce2e-4f0f-86a8-96b834a10df6' with name 'vitis-run_compile_Parity_Bit_Vitis'
Mon Dec  8 14:07:26 2025: KERNEL_SVC: closing session for UUID 'e1471416-ce2e-4f0f-86a8-96b834a10df6' with name 'vitis-run_compile_Parity_Bit_Vitis'
Mon Dec  8 14:07:26 2025: GUIDANCE_SMGR: closing session for UUID 'e1471416-ce2e-4f0f-86a8-96b834a10df6' with name 'vitis-run_compile_Parity_Bit_Vitis'
Mon Dec  8 14:07:26 2025: SYSTEM_DIAGRAM: closing session for UUID 'e1471416-ce2e-4f0f-86a8-96b834a10df6' with name 'vitis-run_compile_Parity_Bit_Vitis'
Mon Dec  8 14:07:26 2025: STOP_SERVER received, server token: e9b636c1-722c-437b-beee-116c9b9b1347, passed token: e9b636c1-722c-437b-beee-116c9b9b1347
Mon Dec  8 14:07:26 2025: Socket received request to stop server.
Mon Dec  8 14:07:26 2025: Dispatch Server: do_await_stop
Mon Dec  8 14:07:26 2025: Dispatch Server: stopping mainFifo_
Mon Dec  8 14:07:26 2025: XCD main fifo: Stopping
Mon Dec  8 14:07:26 2025: XCD main fifo: do_read error code: Operation canceled
Mon Dec  8 14:07:26 2025: XCD main fifo: bytes_transferred: 0
Mon Dec  8 14:07:26 2025: SERVER: destructor for server bound to port 34589
Mon Dec  8 14:07:26 2025: XCD main fifo: Good unlink of /tmp/xcdmaine9b636c1-722c-437b-beee-116c9b9b1347
Mon Dec  8 14:07:26 2025: Server exiting with status 0.
Mon Dec  8 14:07:26 2025: Closing log file.
Mon Dec  8 14:07:46 2025: Running xcd server. This server was built by gradle.
Mon Dec  8 14:07:46 2025: Server was asked to start on port: '37313'
Mon Dec  8 14:07:46 2025: Server is using token UUID: 'eb58082e-88ea-4a1f-93dd-ad72875cc81b'
Mon Dec  8 14:07:46 2025: SESSION_MGR: creating session with session uuid: '6d04a3e9-ade5-4ab9-8d63-1f78fcd2ec76' and name 'default'
Mon Dec  8 14:07:46 2025: Attempting to start server on port '37313'
Mon Dec  8 14:07:46 2025: XCD main fifo: created main fifo '/tmp/xcdmaineb58082e-88ea-4a1f-93dd-ad72875cc81b', fd read = 12
Mon Dec  8 14:07:46 2025: Running Dispatch Server
Mon Dec  8 14:07:46 2025: Version 2.2.0
Mon Dec  8 14:07:47 2025: Dispatch Server: Accepted socket connection from client
Mon Dec  8 14:07:47 2025: Starting Socket connection
Mon Dec  8 14:07:47 2025: EXCHANGE_TOKEN received, server token: eb58082e-88ea-4a1f-93dd-ad72875cc81b, passed token: eb58082e-88ea-4a1f-93dd-ad72875cc81b
Mon Dec  8 14:07:48 2025: DISPATCH_HANDLER: Adding handler from function makeHandler in library libxv_system_diagram
Mon Dec  8 14:07:48 2025: SESSION_MGR: creating session with session uuid: '041ca755-125a-4f81-b658-bdcd04f97bbe' and name 'vitis-run_compile_Parity_Bit_Vitis'
Mon Dec  8 14:07:48 2025: KERNEL_SVC: creating session with uuid: '041ca755-125a-4f81-b658-bdcd04f97bbe' and name 'vitis-run_compile_Parity_Bit_Vitis'
Mon Dec  8 14:07:48 2025: GUIDANCE_SMGR: creating guidance session with uuid: '041ca755-125a-4f81-b658-bdcd04f97bbe' and name 'vitis-run_compile_Parity_Bit_Vitis'
Mon Dec  8 14:07:48 2025: SYSTEM_DIAGRAM: creating session with uuid: '041ca755-125a-4f81-b658-bdcd04f97bbe' and name 'vitis-run_compile_Parity_Bit_Vitis'
Mon Dec  8 14:07:50 2025: Dispatch Server: Accepted socket connection from client
Mon Dec  8 14:07:50 2025: Starting Socket connection
Mon Dec  8 14:08:03 2025: SESSION_MGR: closing session for UUID '041ca755-125a-4f81-b658-bdcd04f97bbe' with name 'vitis-run_compile_Parity_Bit_Vitis'
Mon Dec  8 14:08:03 2025: KERNEL_SVC: closing session for UUID '041ca755-125a-4f81-b658-bdcd04f97bbe' with name 'vitis-run_compile_Parity_Bit_Vitis'
Mon Dec  8 14:08:03 2025: GUIDANCE_SMGR: closing session for UUID '041ca755-125a-4f81-b658-bdcd04f97bbe' with name 'vitis-run_compile_Parity_Bit_Vitis'
Mon Dec  8 14:08:03 2025: SYSTEM_DIAGRAM: closing session for UUID '041ca755-125a-4f81-b658-bdcd04f97bbe' with name 'vitis-run_compile_Parity_Bit_Vitis'
Mon Dec  8 14:08:03 2025: STOP_SERVER received, server token: eb58082e-88ea-4a1f-93dd-ad72875cc81b, passed token: eb58082e-88ea-4a1f-93dd-ad72875cc81b
Mon Dec  8 14:08:03 2025: Socket received request to stop server.
Mon Dec  8 14:08:03 2025: Dispatch Server: do_await_stop
Mon Dec  8 14:08:03 2025: Dispatch Server: stopping mainFifo_
Mon Dec  8 14:08:03 2025: XCD main fifo: Stopping
Mon Dec  8 14:08:03 2025: XCD main fifo: do_read error code: Operation canceled
Mon Dec  8 14:08:03 2025: XCD main fifo: bytes_transferred: 0
Mon Dec  8 14:08:03 2025: SERVER: destructor for server bound to port 37313
Mon Dec  8 14:08:03 2025: XCD main fifo: Good unlink of /tmp/xcdmaineb58082e-88ea-4a1f-93dd-ad72875cc81b
Mon Dec  8 14:08:03 2025: Server exiting with status 0.
Mon Dec  8 14:08:03 2025: Closing log file.
